Archive member included to satisfy reference by file (symbol)

d:/softwares/intelfpga_lite/18.1/nios2eds/bin/gnu/h-x86_64-mingw32/bin/../lib/gcc/nios2-elf/5.3.0/mno-hw-mul\libgcc.a(lib2-divmod.o)
                              obj/default/gamelogic.o (__divsi3)
d:/softwares/intelfpga_lite/18.1/nios2eds/bin/gnu/h-x86_64-mingw32/bin/../lib/gcc/nios2-elf/5.3.0/mno-hw-mul\libgcc.a(lib2-mul.o)
                              obj/default/gamelogic.o (__mulsi3)
d:/softwares/intelfpga_lite/18.1/nios2eds/bin/gnu/h-x86_64-mingw32/bin/../lib/gcc/nios2-elf/5.3.0/../../../../../H-x86_64-mingw32/nios2-elf/lib/mno-hw-mul\libsmallc.a(lib_a-abort.o)
                              obj/default/lwip/apps/http/http_client.o (abort)
d:/softwares/intelfpga_lite/18.1/nios2eds/bin/gnu/h-x86_64-mingw32/bin/../lib/gcc/nios2-elf/5.3.0/../../../../../H-x86_64-mingw32/nios2-elf/lib/mno-hw-mul\libsmallc.a(lib_a-atoi.o)
                              obj/default/lwip/apps/http/http_client.o (atoi)
d:/softwares/intelfpga_lite/18.1/nios2eds/bin/gnu/h-x86_64-mingw32/bin/../lib/gcc/nios2-elf/5.3.0/../../../../../H-x86_64-mingw32/nios2-elf/lib/mno-hw-mul\libsmallc.a(lib_a-clock.o)
                              obj/default/httpc.o (clock)
d:/softwares/intelfpga_lite/18.1/nios2eds/bin/gnu/h-x86_64-mingw32/bin/../lib/gcc/nios2-elf/5.3.0/../../../../../H-x86_64-mingw32/nios2-elf/lib/mno-hw-mul\libsmallc.a(lib_a-ctype_.o)
                              obj/default/lwip/core/dns.o (__ctype_ptr__)
d:/softwares/intelfpga_lite/18.1/nios2eds/bin/gnu/h-x86_64-mingw32/bin/../lib/gcc/nios2-elf/5.3.0/../../../../../H-x86_64-mingw32/nios2-elf/lib/mno-hw-mul\libsmallc.a(lib_a-impure.o)
                              d:/softwares/intelfpga_lite/18.1/nios2eds/bin/gnu/h-x86_64-mingw32/bin/../lib/gcc/nios2-elf/5.3.0/../../../../../H-x86_64-mingw32/nios2-elf/lib/mno-hw-mul\libsmallc.a(lib_a-clock.o) (_impure_ptr)
d:/softwares/intelfpga_lite/18.1/nios2eds/bin/gnu/h-x86_64-mingw32/bin/../lib/gcc/nios2-elf/5.3.0/../../../../../H-x86_64-mingw32/nios2-elf/lib/mno-hw-mul\libsmallc.a(lib_a-memcmp.o)
                              obj/default/lwip/core/ipv4/autoip.o (memcmp)
d:/softwares/intelfpga_lite/18.1/nios2eds/bin/gnu/h-x86_64-mingw32/bin/../lib/gcc/nios2-elf/5.3.0/../../../../../H-x86_64-mingw32/nios2-elf/lib/mno-hw-mul\libsmallc.a(lib_a-memcpy.o)
                              obj/default/httpc.o (memcpy)
d:/softwares/intelfpga_lite/18.1/nios2eds/bin/gnu/h-x86_64-mingw32/bin/../lib/gcc/nios2-elf/5.3.0/../../../../../H-x86_64-mingw32/nios2-elf/lib/mno-hw-mul\libsmallc.a(lib_a-memmove.o)
                              obj/default/lwip/core/def.o (memmove)
d:/softwares/intelfpga_lite/18.1/nios2eds/bin/gnu/h-x86_64-mingw32/bin/../lib/gcc/nios2-elf/5.3.0/../../../../../H-x86_64-mingw32/nios2-elf/lib/mno-hw-mul\libsmallc.a(lib_a-memset.o)
                              obj/default/lwip/apps/http/http_client.o (memset)
d:/softwares/intelfpga_lite/18.1/nios2eds/bin/gnu/h-x86_64-mingw32/bin/../lib/gcc/nios2-elf/5.3.0/../../../../../H-x86_64-mingw32/nios2-elf/lib/mno-hw-mul\libsmallc.a(lib_a-printf.o)
                              obj/default/httpc.o (printf)
d:/softwares/intelfpga_lite/18.1/nios2eds/bin/gnu/h-x86_64-mingw32/bin/../lib/gcc/nios2-elf/5.3.0/../../../../../H-x86_64-mingw32/nios2-elf/lib/mno-hw-mul\libsmallc.a(lib_a-puts.o)
                              obj/default/ethernet.o (puts)
d:/softwares/intelfpga_lite/18.1/nios2eds/bin/gnu/h-x86_64-mingw32/bin/../lib/gcc/nios2-elf/5.3.0/../../../../../H-x86_64-mingw32/nios2-elf/lib/mno-hw-mul\libsmallc.a(lib_a-signal.o)
                              d:/softwares/intelfpga_lite/18.1/nios2eds/bin/gnu/h-x86_64-mingw32/bin/../lib/gcc/nios2-elf/5.3.0/../../../../../H-x86_64-mingw32/nios2-elf/lib/mno-hw-mul\libsmallc.a(lib_a-abort.o) (raise)
d:/softwares/intelfpga_lite/18.1/nios2eds/bin/gnu/h-x86_64-mingw32/bin/../lib/gcc/nios2-elf/5.3.0/../../../../../H-x86_64-mingw32/nios2-elf/lib/mno-hw-mul\libsmallc.a(lib_a-signalr.o)
                              d:/softwares/intelfpga_lite/18.1/nios2eds/bin/gnu/h-x86_64-mingw32/bin/../lib/gcc/nios2-elf/5.3.0/../../../../../H-x86_64-mingw32/nios2-elf/lib/mno-hw-mul\libsmallc.a(lib_a-signal.o) (_kill_r)
d:/softwares/intelfpga_lite/18.1/nios2eds/bin/gnu/h-x86_64-mingw32/bin/../lib/gcc/nios2-elf/5.3.0/../../../../../H-x86_64-mingw32/nios2-elf/lib/mno-hw-mul\libsmallc.a(lib_a-snprintf.o)
                              obj/default/gamelogic.o (snprintf)
d:/softwares/intelfpga_lite/18.1/nios2eds/bin/gnu/h-x86_64-mingw32/bin/../lib/gcc/nios2-elf/5.3.0/../../../../../H-x86_64-mingw32/nios2-elf/lib/mno-hw-mul\libsmallc.a(lib_a-strcmp.o)
                              obj/default/lwip/core/dns.o (strcmp)
d:/softwares/intelfpga_lite/18.1/nios2eds/bin/gnu/h-x86_64-mingw32/bin/../lib/gcc/nios2-elf/5.3.0/../../../../../H-x86_64-mingw32/nios2-elf/lib/mno-hw-mul\libsmallc.a(lib_a-strlen.o)
                              obj/default/lwip/core/def.o (strlen)
[...]
Memory Configuration

Name             Origin             Length             Attributes
vga_sprite_7     0x0000000000000000 0x0000000000001000
vga_sprite_6     0x0000000000001000 0x0000000000001000
vga_sprite_5     0x0000000000002000 0x0000000000001000
vga_sprite_4     0x0000000000003000 0x0000000000001000
vga_sprite_3     0x0000000000004000 0x0000000000001000
vga_sprite_2     0x0000000000005000 0x0000000000001000
vga_sprite_1     0x0000000000006000 0x0000000000001000
vga_sprite_0     0x0000000000007000 0x0000000000001000
usb_keycode      0x0000000000009000 0x0000000000000400
reset            0x0000000000040000 0x0000000000000020
nios2_onchip_mem 0x0000000000040020 0x000000000003ffe0
sdram            0x0000000008000000 0x0000000008000000
*default*        0x0000000000000000 0xffffffffffffffff

Linker script and memory map

LOAD ../ECE385_bsp//obj/HAL/src/crt0.o
LOAD obj/default/audio.o
LOAD obj/default/comm.o
LOAD obj/default/ethernet.o
LOAD obj/default/gamelogic.o
LOAD obj/default/httpc.o
LOAD obj/default/lwip/apps/http/http_client.o
LOAD obj/default/lwip/core/altcp.o
LOAD obj/default/lwip/core/altcp_alloc.o
LOAD obj/default/lwip/core/altcp_tcp.o
LOAD obj/default/lwip/core/def.o
LOAD obj/default/lwip/core/dns.o
LOAD obj/default/lwip/core/inet_chksum.o
LOAD obj/default/lwip/core/init.o
LOAD obj/default/lwip/core/ip.o
LOAD obj/default/lwip/core/ipv4/autoip.o
LOAD obj/default/lwip/core/ipv4/dhcp.o
LOAD obj/default/lwip/core/ipv4/etharp.o
LOAD obj/default/lwip/core/ipv4/icmp.o
LOAD obj/default/lwip/core/ipv4/igmp.o
LOAD obj/default/lwip/core/ipv4/ip4.o
LOAD obj/default/lwip/core/ipv4/ip4_addr.o
LOAD obj/default/lwip/core/ipv4/ip4_frag.o
LOAD obj/default/lwip/core/ipv6/dhcp6.o
LOAD obj/default/lwip/core/ipv6/ethip6.o
LOAD obj/default/lwip/core/ipv6/icmp6.o
LOAD obj/default/lwip/core/ipv6/inet6.o
LOAD obj/default/lwip/core/ipv6/ip6.o
LOAD obj/default/lwip/core/ipv6/ip6_addr.o
LOAD obj/default/lwip/core/ipv6/ip6_frag.o
LOAD obj/default/lwip/core/ipv6/mld6.o
LOAD obj/default/lwip/core/ipv6/nd6.o
LOAD obj/default/lwip/core/mem.o
LOAD obj/default/lwip/core/memp.o
LOAD obj/default/lwip/core/netif.o
LOAD obj/default/lwip/core/pbuf.o
LOAD obj/default/lwip/core/raw.o
LOAD obj/default/lwip/core/stats.o
LOAD obj/default/lwip/core/sys.o
LOAD obj/default/lwip/core/tcp.o
LOAD obj/default/lwip/core/tcp_in.o
LOAD obj/default/lwip/core/tcp_out.o
LOAD obj/default/lwip/core/timeouts.o
LOAD obj/default/lwip/core/udp.o
LOAD obj/default/lwip/netif/ethernet.o
LOAD obj/default/lwip_port/compat.o
LOAD obj/default/main.o
LOAD obj/default/main_menu.o
LOAD obj/default/memcpy_dma.o
LOAD obj/default/resources/chinese.o
LOAD obj/default/resources/main_menu_bg.o
LOAD obj/default/resources/music.o
LOAD obj/default/resources/plane_player.o
LOAD obj/default/resources/resource.o
LOAD obj/default/resources/scoreboard_bg.o
LOAD obj/default/resources/sound_explosion.o
LOAD obj/default/resources/vga_fonts.o
LOAD obj/default/rng.o
LOAD obj/default/scoreboard.o
LOAD obj/default/sprites.o
LOAD obj/default/vga.o
LOAD d:/softwares/intelfpga_lite/18.1/nios2eds/bin/gnu/h-x86_64-mingw32/bin/../lib/gcc/nios2-elf/5.3.0/../../../../../H-x86_64-mingw32/nios2-elf/lib/mno-hw-mul\libstdc++.a
LOAD d:/softwares/intelfpga_lite/18.1/nios2eds/bin/gnu/h-x86_64-mingw32/bin/../lib/gcc/nios2-elf/5.3.0/../../../../../H-x86_64-mingw32/nios2-elf/lib/mno-hw-mul\libm.a
LOAD d:/softwares/intelfpga_lite/18.1/nios2eds/bin/gnu/h-x86_64-mingw32/bin/../lib/gcc/nios2-elf/5.3.0/mno-hw-mul\libgcc.a
START GROUP
LOAD d:/softwares/intelfpga_lite/18.1/nios2eds/bin/gnu/h-x86_64-mingw32/bin/../lib/gcc/nios2-elf/5.3.0/../../../../../H-x86_64-mingw32/nios2-elf/lib/mno-hw-mul\libsmallc.a
LOAD d:/softwares/intelfpga_lite/18.1/nios2eds/bin/gnu/h-x86_64-mingw32/bin/../lib/gcc/nios2-elf/5.3.0/mno-hw-mul\libgcc.a
LOAD ../ECE385_bsp/\libhal_bsp.a
LOAD d:/softwares/intelfpga_lite/18.1/nios2eds/bin/gnu/h-x86_64-mingw32/bin/../lib/gcc/nios2-elf/5.3.0/../../../../../H-x86_64-mingw32/nios2-elf/lib/mno-hw-mul\libm.a
END GROUP
LOAD d:/softwares/intelfpga_lite/18.1/nios2eds/bin/gnu/h-x86_64-mingw32/bin/../lib/gcc/nios2-elf/5.3.0/mno-hw-mul\libgcc.a
                0x0000000000000000                __alt_mem_vga_sprite_7 = 0x0
                0x0000000000001000                __alt_mem_vga_sprite_6 = 0x1000
                0x0000000000002000                __alt_mem_vga_sprite_5 = 0x2000
                0x0000000000003000                __alt_mem_vga_sprite_4 = 0x3000
                0x0000000000004000                __alt_mem_vga_sprite_3 = 0x4000
                0x0000000000005000                __alt_mem_vga_sprite_2 = 0x5000
                0x0000000000006000                __alt_mem_vga_sprite_1 = 0x6000
                0x0000000000007000                __alt_mem_vga_sprite_0 = 0x7000
                0x0000000000009000                __alt_mem_usb_keycode = 0x9000
                0x0000000000040000                __alt_mem_nios2_onchip_mem = 0x40000
                0x0000000008000000                __alt_mem_sdram = 0x8000000

.entry          0x0000000000040000       0x20
 *(.entry)
 .entry         0x0000000000040000       0x20 ../ECE385_bsp//obj/HAL/src/crt0.o
                0x0000000000040000                __reset

.exceptions     0x0000000000040020      0x164
                0x0000000000040020                PROVIDE (__ram_exceptions_start, ABSOLUTE (.))
                0x0000000000040020                . = ALIGN (0x20)
 *(.irq)
 *(.exceptions.entry.label)
 .exceptions.entry.label
                0x0000000000040020        0x0 ../ECE385_bsp/\libhal_bsp.a(alt_irq_entry.o)
                0x0000000000040020                alt_irq_entry
 .exceptions.entry.label
                0x0000000000040020        0x0 ../ECE385_bsp/\libhal_bsp.a(alt_exception_entry.o)
                0x0000000000040020                alt_exception
 *(.exceptions.entry.user)
 *(.exceptions.entry.ecc_fatal)
 *(.exceptions.entry)
 .exceptions.entry
                0x0000000000040020       0x54 ../ECE385_bsp/\libhal_bsp.a(alt_exception_entry.o)
 *(.exceptions.irqtest.user)
 *(.exceptions.irqtest)
 .exceptions.irqtest
                0x0000000000040074       0x10 ../ECE385_bsp/\libhal_bsp.a(alt_irq_entry.o)
 *(.exceptions.irqhandler.user)
 *(.exceptions.irqhandler)
 .exceptions.irqhandler
                0x0000000000040084        0x4 ../ECE385_bsp/\libhal_bsp.a(alt_irq_entry.o)
 *(.exceptions.irqreturn.user)
 *(.exceptions.irqreturn)
 .exceptions.irqreturn
                0x0000000000040088        0x4 ../ECE385_bsp/\libhal_bsp.a(alt_irq_entry.o)
 *(.exceptions.notirq.label)
 .exceptions.notirq.label
                0x000000000004008c        0x0 ../ECE385_bsp/\libhal_bsp.a(alt_irq_entry.o)
 *(.exceptions.notirq.user)
 *(.exceptions.notirq)
 .exceptions.notirq
                0x000000000004008c        0x8 ../ECE385_bsp/\libhal_bsp.a(alt_exception_entry.o)
 *(.exceptions.soft.user)
 *(.exceptions.soft)
 *(.exceptions.unknown.user)
 *(.exceptions.unknown)
 .exceptions.unknown
                0x0000000000040094       0x14 ../ECE385_bsp/\libhal_bsp.a(alt_exception_entry.o)
 *(.exceptions.exit.label)
 .exceptions.exit.label
                0x00000000000400a8        0x0 ../ECE385_bsp/\libhal_bsp.a(alt_irq_entry.o)
 .exceptions.exit.label
                0x00000000000400a8        0x0 ../ECE385_bsp/\libhal_bsp.a(alt_exception_entry.o)
 *(.exceptions.exit.user)
 *(.exceptions.exit)
 .exceptions.exit
                0x00000000000400a8       0x54 ../ECE385_bsp/\libhal_bsp.a(alt_exception_entry.o)
 *(.exceptions)
 .exceptions    0x00000000000400fc       0x64 ../ECE385_bsp/\libhal_bsp.a(alt_irq_handler.o)
                0x00000000000400fc                alt_irq_handler
 .exceptions    0x0000000000040160       0x24 ../ECE385_bsp/\libhal_bsp.a(alt_instruction_exception_entry.o)
                0x0000000000040160                alt_instruction_exception_entry
                0x0000000000040184                PROVIDE (__ram_exceptions_end, ABSOLUTE (.))
                0x0000000000040020                PROVIDE (__flash_exceptions_start, LOADADDR (.exceptions))

.resources      0x0000000008000000   0x813bd4
                [!provide]                        PROVIDE (_alt_partition_resources_start, ABSOLUTE (.))
 *(.resources .resources.*)
 .resources     0x0000000008000000     0x1010 obj/default/main.o
                0x0000000008000000                http_score_upload
 .resources     0x0000000008001010    0xa34a0 obj/default/resources/chinese.o
                0x0000000008001010                chinese_font
 .resources     0x00000000080a44b0    0x96000 obj/default/resources/main_menu_bg.o
                0x00000000080a44b0                main_menu_bg
 .resources     0x000000000813a4b0   0x4ce792 obj/default/resources/music.o
                0x000000000813a4b0                music_data
 .resources     0x0000000008608c42     0x2400 obj/default/resources/plane_player.o
                0x0000000008608c42                plane_player2
                0x0000000008609842                plane_player1
                0x000000000860a442                plane_player0
 .resources     0x000000000860b042   0x16cd00 obj/default/resources/resource.o
                0x000000000860b042                background
                0x000000000876a942                explosion21
                0x000000000876b142                explosion20
                0x000000000876b942                explosion19
                0x000000000876c142                explosion18
                0x000000000876c942                explosion17
                0x000000000876d142                explosion16
                0x000000000876d942                explosion15
                0x000000000876e142                explosion14
                0x000000000876e942                explosion13
                0x000000000876f142                explosion12
                0x000000000876f942                explosion11
                0x0000000008770142                explosion10
                0x0000000008770942                explosion9
                0x0000000008771142                explosion8
                0x0000000008771942                explosion7
                0x0000000008772142                explosion6
                0x0000000008772942                explosion5
                0x0000000008773142                explosion4
                0x0000000008773942                explosion3
                0x0000000008774142                explosion2
                0x0000000008774942                explosion1
                0x0000000008775142                explosion0
                0x0000000008775942                enemy2
                0x0000000008776542                enemy1
                0x0000000008777142                enemy0
 .resources     0x0000000008777d42    0x96000 obj/default/resources/scoreboard_bg.o
                0x0000000008777d42                scoreboard_bg
 .resources     0x000000000880dd42     0x3e80 obj/default/resources/sound_explosion.o
                0x000000000880dd42                explosion_data
 .resources     0x0000000008811bc2     0x1000 obj/default/resources/vga_fonts.o
                0x0000000008811bc2                font_data
 *fill*         0x0000000008812bc2        0x2 
 .resources     0x0000000008812bc4     0x1010 obj/default/scoreboard.o
                0x0000000008812bc4                scoreboard_request
                0x0000000008813bd4                . = ALIGN (0x4)
                [!provide]                        PROVIDE (_alt_partition_resources_end, ABSOLUTE (.))

.onchip         0x0000000000040184     0x10c0
                [!provide]                        PROVIDE (_alt_partition_onchip_start, ABSOLUTE (.))
 *(.onchip .onchip.*)
 .onchip        0x0000000000040184     0x1080 obj/default/ethernet.o
                0x0000000000040184                eth0_rx_frame
                0x0000000000040984                tx_frame
                0x0000000000041184                eth0_rx_descriptor_end
                0x00000000000411a4                eth0_rx_descriptor
                0x00000000000411c4                eth0_tx_descriptor_end
                0x00000000000411e4                eth0_tx_descriptor
 .onchip        0x0000000000041204       0x40 obj/default/memcpy_dma.o
                0x0000000000041204                dma_descriptor_end
                0x0000000000041224                dma_descriptor
                0x0000000000041244                . = ALIGN (0x4)
                [!provide]                        PROVIDE (_alt_partition_onchip_end, ABSOLUTE (.))

.text           0x0000000000041244    0x25f14
                [!provide]                        PROVIDE (stext, ABSOLUTE (.))
 *(.interp)
 *(.hash)
 *(.dynsym)
 *(.dynstr)
 *(.gnu.version)
 *(.gnu.version_d)
 *(.gnu.version_r)
 *(.rel.init)
 *(.rela.init)
 *(.rel.text .rel.text.* .rel.gnu.linkonce.t.*)
 *(.rela.text .rela.text.* .rela.gnu.linkonce.t.*)
 *(.rel.fini)
 *(.rela.fini)
 *(.rel.rodata .rel.rodata.* .rel.gnu.linkonce.r.*)
 *(.rela.rodata .rela.rodata.* .rela.gnu.linkonce.r.*)
 *(.rel.data .rel.data.* .rel.gnu.linkonce.d.*)
 *(.rela.data .rela.data.* .rela.gnu.linkonce.d.*)
 *(.rel.tdata .rel.tdata.* .rel.gnu.linkonce.td.*)
 *(.rela.tdata .rela.tdata.* .rela.gnu.linkonce.td.*)
 *(.rel.tbss .rel.tbss.* .rel.gnu.linkonce.tb.*)
 *(.rela.tbss .rela.tbss.* .rela.gnu.linkonce.tb.*)
 *(.rel.ctors)
 *(.rela.ctors)
 *(.rel.dtors)
 *(.rela.dtors)
 *(.rel.got)
 *(.rela.got)
 *(.rel.sdata .rel.sdata.* .rel.gnu.linkonce.s.*)
 *(.rela.sdata .rela.sdata.* .rela.gnu.linkonce.s.*)
 *(.rel.sbss .rel.sbss.* .rel.gnu.linkonce.sb.*)
 *(.rela.sbss .rela.sbss.* .rela.gnu.linkonce.sb.*)
 *(.rel.sdata2 .rel.sdata2.* .rel.gnu.linkonce.s2.*)
 *(.rela.sdata2 .rela.sdata2.* .rela.gnu.linkonce.s2.*)
 *(.rel.sbss2 .rel.sbss2.* .rel.gnu.linkonce.sb2.*)
 *(.rela.sbss2 .rela.sbss2.* .rela.gnu.linkonce.sb2.*)
 *(.rel.bss .rel.bss.* .rel.gnu.linkonce.b.*)
 *(.rela.bss .rela.bss.* .rela.gnu.linkonce.b.*)
 *(.rel.plt)
 *(.rela.plt)
 *(.rel.dyn)
 *(.init)
 *(.plt)
 *(.text .stub .text.* .gnu.linkonce.t.*)
 .text          0x0000000000041244       0x3c ../ECE385_bsp//obj/HAL/src/crt0.o
                0x0000000000041244                _start
 .text          0x0000000000041280       0xd8 obj/default/audio.o
                0x0000000000041280                audio_interrupt
                0x0000000000041314                audio_init
 .text          0x0000000000041358        0x0 obj/default/comm.o
 .text          0x0000000000041358      0x3cc obj/default/ethernet.o
                0x0000000000041358                eth0_tx
                0x00000000000413e8                eth_init
                0x0000000000041484                eth_ip_reverse
                0x00000000000414ac                eth0_rx_start
                0x00000000000414f8                eth_loop
                0x00000000000415fc                eth0_init
                0x00000000000416f0                eth0_ip
 .text          0x0000000000041724      0xd70 obj/default/gamelogic.o
                0x0000000000041a40                game_init
                0x0000000000041c04                handle_player_plane_keyboard
                0x0000000000042038                handle_enemy_planes_spawn
                0x000000000004204c                handle_enemy_planes_firing
                0x0000000000042210                game_loop
                0x00000000000423fc                game_over
 .text          0x0000000000042494      0x228 obj/default/httpc.o
                0x0000000000042494                httpc_callback
                0x0000000000042514                httpc_request_finish
                0x0000000000042580                httpc_send_request
                0x0000000000042658                httpc_processing
                0x00000000000426b0                httpc_success
 .text          0x00000000000426bc      0xc90 obj/default/lwip/apps/http/http_client.o
                0x00000000000430a4                httpc_get_file
                0x00000000000431d8                httpc_get_file_dns
 .text          0x000000000004334c        0x0 obj/default/lwip/core/altcp.o
 .text          0x000000000004334c        0x0 obj/default/lwip/core/altcp_alloc.o
 .text          0x000000000004334c        0x0 obj/default/lwip/core/altcp_tcp.o
 .text          0x000000000004334c      0x2e8 obj/default/lwip/core/def.o
                0x000000000004334c                lwip_htons
                0x0000000000043360                lwip_htonl
                0x0000000000043388                lwip_strnstr
                0x0000000000043430                lwip_stricmp
                0x00000000000434a0                lwip_strnicmp
                0x0000000000043524                lwip_itoa
 .text          0x0000000000043634     0x16ac obj/default/lwip/core/dns.o
                0x0000000000044634                dns_init
                0x0000000000044638                dns_setserver
                0x00000000000446ec                dns_getserver
                0x000000000004472c                dns_tmr
                0x000000000004475c                dns_gethostbyname_addrtype
                0x0000000000044cc0                dns_gethostbyname
 .text.unlikely
                0x0000000000044ce0       0xcc obj/default/lwip/core/dns.o
 .text          0x0000000000044dac      0x608 obj/default/lwip/core/inet_chksum.o
                0x0000000000044dac                lwip_standard_chksum
                0x00000000000450e4                inet_chksum_pseudo
                0x0000000000045130                ip6_chksum_pseudo
                0x0000000000045194                ip_chksum_pseudo
                0x00000000000451d4                inet_chksum_pseudo_partial
                0x000000000004522c                ip6_chksum_pseudo_partial
                0x000000000004529c                ip_chksum_pseudo_partial
                0x00000000000452e4                inet_chksum
                0x0000000000045304                inet_chksum_pbuf
 .text          0x00000000000453b4       0x30 obj/default/lwip/core/init.o
                0x00000000000453b4                lwip_init
 .text          0x00000000000453e4       0xc4 obj/default/lwip/core/ip.o
                0x00000000000453e4                ipaddr_ntoa
                0x0000000000045404                ipaddr_ntoa_r
                0x0000000000045424                ipaddr_aton
                0x0000000000045480                ip_input
 .text          0x00000000000454a8      0x644 obj/default/lwip/core/ipv4/autoip.o
                0x0000000000045534                autoip_set_struct
                0x0000000000045610                autoip_start
                0x0000000000045750                autoip_network_changed
                0x0000000000045768                autoip_stop
                0x00000000000457b4                autoip_tmr
                0x0000000000045950                autoip_arp_reply
                0x0000000000045aa4                autoip_supplied_address
                0x0000000000045acc                autoip_accept_packet
 .text          0x0000000000045aec     0x2a30 obj/default/lwip/core/ipv4/dhcp.o
                0x00000000000476b0                dhcp_set_struct
                0x0000000000047784                dhcp_cleanup
                0x00000000000477e4                dhcp_inform
                0x0000000000047948                dhcp_network_changed
                0x0000000000047a18                dhcp_arp_reply
                0x0000000000047b98                dhcp_renew
                0x0000000000047d84                dhcp_release_and_stop
                0x0000000000047f98                dhcp_start
                0x00000000000480ec                dhcp_coarse_tmr
                0x00000000000483b4                dhcp_fine_tmr
                0x00000000000484c0                dhcp_release
                0x00000000000484dc                dhcp_stop
                0x00000000000484e0                dhcp_supplied_address
 .text.unlikely
                0x000000000004851c      0x1f0 obj/default/lwip/core/ipv4/dhcp.o
 .text          0x000000000004870c     0x142c obj/default/lwip/core/ipv4/etharp.o
                0x0000000000048e90                etharp_tmr
                0x0000000000048fb0                etharp_cleanup_netif
                0x0000000000049040                etharp_find_addr
                0x0000000000049120                etharp_get_entry
                0x0000000000049264                etharp_input
                0x000000000004957c                etharp_query
                0x00000000000498b8                etharp_output
                0x0000000000049afc                etharp_request
 .text          0x0000000000049b38      0x45c obj/default/lwip/core/ipv4/icmp.o
                0x0000000000049c98                icmp_input
                0x0000000000049f7c                icmp_dest_unreach
                0x0000000000049f88                icmp_time_exceeded
 .text          0x0000000000049f94      0xba4 obj/default/lwip/core/ipv4/igmp.o
                0x000000000004a2ec                igmp_init
                0x000000000004a308                igmp_start
                0x000000000004a384                igmp_stop
                0x000000000004a3f4                igmp_report_groups
                0x000000000004a434                igmp_lookfor_group
                0x000000000004a46c                igmp_input
                0x000000000004a60c                igmp_joingroup_netif
                0x000000000004a770                igmp_joingroup
                0x000000000004a830                igmp_leavegroup_netif
                0x000000000004a9d4                igmp_leavegroup
                0x000000000004aa94                igmp_tmr
 .text          0x000000000004ab38      0x964 obj/default/lwip/core/ipv4/ip4.o
                0x000000000004ab38                ip4_set_default_multicast_netif
                0x000000000004ab3c                ip4_route
                0x000000000004ab74                ip4_input
                0x000000000004af58                ip4_output_if_opt_src
                0x000000000004b30c                ip4_output_if_opt
                0x000000000004b35c                ip4_output_if
                0x000000000004b3b4                ip4_output_if_src
                0x000000000004b3f0                ip4_output
 .text          0x000000000004b49c      0x534 obj/default/lwip/core/ipv4/ip4_addr.o
                0x000000000004b49c                ip4_addr_isbroadcast_u32
                0x000000000004b4ec                ip4_addr_netmask_valid
                0x000000000004b54c                ip4addr_aton
                0x000000000004b838                ipaddr_addr
                0x000000000004b86c                ip4addr_ntoa_r
                0x000000000004b9c0                ip4addr_ntoa
 .text          0x000000000004b9d0     0x1084 obj/default/lwip/core/ipv4/ip4_frag.o
                0x000000000004be04                ip_reass_tmr
                0x000000000004be6c                ip4_reass
                0x000000000004c6a0                ip4_frag
 .text.unlikely
                0x000000000004ca54       0x34 obj/default/lwip/core/ipv4/ip4_frag.o
 .text          0x000000000004ca88        0x0 obj/default/lwip/core/ipv6/dhcp6.o
 .text          0x000000000004ca88       0xf0 obj/default/lwip/core/ipv6/ethip6.o
                0x000000000004ca88                ethip6_output
 .text          0x000000000004cb78      0x564 obj/default/lwip/core/ipv6/icmp6.o
                0x000000000004cdd0                icmp6_input
                0x000000000004cfbc                icmp6_dest_unreach
                0x000000000004cfcc                icmp6_packet_too_big
                0x000000000004cfdc                icmp6_time_exceeded
                0x000000000004cfec                icmp6_time_exceeded_with_addrs
                0x000000000004d0c0                icmp6_param_problem
 .text          0x000000000004d0dc        0x0 obj/default/lwip/core/ipv6/inet6.o
 .text          0x000000000004d0dc     0x1060 obj/default/lwip/core/ipv6/ip6.o
                0x000000000004d0dc                ip6_route
                0x000000000004d100                ip6_select_source_address
                0x000000000004d368                ip6_input
                0x000000000004db28                ip6_output_if_src
                0x000000000004df34                ip6_output_if
                0x000000000004e020                ip6_output
                0x000000000004e0b8                ip6_options_add_hbh_ra
 .text          0x000000000004e13c      0x608 obj/default/lwip/core/ipv6/ip6_addr.o
                0x000000000004e13c                ip6addr_aton
                0x000000000004e44c                ip6addr_ntoa_r
                0x000000000004e734                ip6addr_ntoa
 .text          0x000000000004e744      0xfe0 obj/default/lwip/core/ipv6/ip6_frag.o
                0x000000000004eac4                ip6_reass_tmr
                0x000000000004eb18                ip6_reass
                0x000000000004f3ec                ip6_frag
 .text.unlikely
                0x000000000004f724       0x34 obj/default/lwip/core/ipv6/ip6_frag.o
 .text          0x000000000004f758      0xa50 obj/default/lwip/core/ipv6/mld6.o
                0x000000000004fa14                mld6_stop
                0x000000000004fa84                mld6_report_groups
                0x000000000004fabc                mld6_lookfor_group
                0x000000000004fb10                mld6_input
                0x000000000004fd88                mld6_joingroup_netif
                0x000000000004feb8                mld6_joingroup
                0x000000000004ff4c                mld6_leavegroup_netif
                0x0000000000050084                mld6_leavegroup
                0x0000000000050118                mld6_tmr
 .text          0x00000000000501a8     0x3808 obj/default/lwip/core/ipv6/nd6.o
                0x0000000000050fec                nd6_input
                0x000000000005265c                nd6_tmr
                0x0000000000052af8                nd6_clear_destination_cache
                0x0000000000052b38                nd6_find_route
                0x0000000000052c10                nd6_get_next_hop_addr_or_queue
                0x000000000005341c                nd6_get_destination_mtu
                0x00000000000534dc                nd6_reachability_hint
                0x0000000000053768                nd6_cleanup_netif
                0x0000000000053888                nd6_adjust_mld_membership
                0x00000000000539a4                nd6_restart_netif
 .text.unlikely
                0x00000000000539b0       0xa0 obj/default/lwip/core/ipv6/nd6.o
 .text          0x0000000000053a50      0x66c obj/default/lwip/core/mem.o
                0x0000000000053a50                mem_init
                0x0000000000053a94                mem_free
                0x0000000000053c8c                mem_trim
                0x0000000000053e6c                mem_malloc
                0x0000000000054054                mem_calloc
 .text          0x00000000000540bc      0x2a0 obj/default/lwip/core/memp.o
                0x00000000000540bc                memp_init_pool
                0x0000000000054104                memp_init
                0x000000000005417c                memp_malloc_pool
                0x00000000000541f0                memp_malloc
                0x0000000000054278                memp_free_pool
                0x00000000000542dc                memp_free
 .text.unlikely
                0x000000000005435c       0x68 obj/default/lwip/core/memp.o
 .text          0x00000000000543c4     0x17b4 obj/default/lwip/core/netif.o
                0x0000000000054658                netif_input
                0x00000000000546e4                netif_set_ipaddr
                0x0000000000054740                netif_set_netmask
                0x00000000000547ac                netif_set_gw
                0x0000000000054818                netif_set_addr
                0x0000000000054910                netif_add
                0x0000000000054b8c                netif_add_noaddr
                0x0000000000054bbc                netif_set_default
                0x0000000000054bc4                netif_set_up
                0x0000000000054c44                netif_set_down
                0x0000000000054ccc                netif_remove
                0x0000000000054da4                netif_set_link_up
                0x0000000000054e34                netif_init
                0x0000000000054ed4                netif_set_link_down
                0x0000000000054f24                netif_loop_output
                0x00000000000550b8                netif_poll
                0x000000000005525c                netif_poll_all
                0x000000000005526c                netif_ip6_addr_set_parts
                0x0000000000055474                netif_ip6_addr_set
                0x0000000000055510                netif_ip6_addr_set_state
                0x0000000000055664                netif_get_ip6_addr_match
                0x0000000000055754                netif_create_ip6_linklocal_address
                0x00000000000558b4                netif_add_ip6_address
                0x0000000000055a34                netif_index_to_name
                0x0000000000055aa0                netif_get_by_index
                0x0000000000055acc                netif_find
                0x0000000000055b44                netif_name_to_index
 .text          0x0000000000055b78     0x1688 obj/default/lwip/core/pbuf.o
                0x0000000000055d1c                pbuf_free_ooseq
                0x0000000000055d44                pbuf_alloc_reference
                0x0000000000055dec                pbuf_alloced_custom
                0x0000000000055e58                pbuf_add_header
                0x0000000000055e60                pbuf_add_header_force
                0x0000000000055e68                pbuf_remove_header
                0x0000000000055f38                pbuf_header
                0x0000000000055f58                pbuf_header_force
                0x0000000000055f78                pbuf_free
                0x00000000000560f8                pbuf_alloc
                0x0000000000056364                pbuf_realloc
                0x00000000000564ac                pbuf_free_header
                0x0000000000056544                pbuf_clen
                0x0000000000056560                pbuf_ref
                0x0000000000056588                pbuf_cat
                0x0000000000056650                pbuf_chain
                0x0000000000056690                pbuf_dechain
                0x0000000000056778                pbuf_copy
                0x000000000005699c                pbuf_copy_partial
                0x0000000000056ad4                pbuf_get_contiguous
                0x0000000000056be4                pbuf_skip
                0x0000000000056c2c                pbuf_take
                0x0000000000056db0                pbuf_take_at
                0x0000000000056ec4                pbuf_clone
                0x0000000000056f54                pbuf_coalesce
                0x0000000000056fb0                pbuf_get_at
                0x0000000000057004                pbuf_try_get_at
                0x0000000000057054                pbuf_put_at
                0x00000000000570a0                pbuf_memcmp
                0x00000000000570c0                pbuf_memfind
                0x0000000000057178                pbuf_strstr
 .text.unlikely
                0x0000000000057200       0x34 obj/default/lwip/core/pbuf.o
 .text          0x0000000000057234      0xb64 obj/default/lwip/core/raw.o
                0x0000000000057234                raw_input
                0x00000000000574e0                raw_bind
                0x0000000000057548                raw_bind_netif
                0x0000000000057564                raw_connect
                0x00000000000575d4                raw_disconnect
                0x0000000000057690                raw_recv
                0x000000000005769c                raw_sendto_if_src
                0x00000000000579dc                raw_sendto
                0x0000000000057b58                raw_send
                0x0000000000057b60                raw_remove
                0x0000000000057bb4                raw_new
                0x0000000000057c1c                raw_new_ip_type
                0x0000000000057c50                raw_netif_ip_addr_changed
 .text          0x0000000000057d98        0x0 obj/default/lwip/core/stats.o
 .text          0x0000000000057d98        0x0 obj/default/lwip/core/sys.o
 .text          0x0000000000057d98     0x2b04 obj/default/lwip/core/tcp.o
                0x0000000000057e1c                tcp_init
                0x0000000000057e40                tcp_free
                0x0000000000057e8c                tcp_backlog_delayed
                0x0000000000057f34                tcp_backlog_accepted
                0x00000000000580e0                tcp_bind
                0x000000000005838c                tcp_bind_netif
                0x00000000000583a8                tcp_listen_with_backlog_and_err
                0x00000000000585c0                tcp_listen_with_backlog
                0x00000000000585cc                tcp_update_rcv_ann_wnd
                0x00000000000586bc                tcp_recved
                0x00000000000587ac                tcp_txnow
                0x00000000000587f8                tcp_seg_free
                0x0000000000058834                tcp_segs_free
                0x0000000000058864                tcp_setprio
                0x00000000000588a4                tcp_seg_copy
                0x0000000000058928                tcp_arg
                0x0000000000058934                tcp_recv
                0x0000000000058980                tcp_sent
                0x00000000000589cc                tcp_err
                0x0000000000058a18                tcp_accept
                0x0000000000058a30                tcp_poll
                0x0000000000058ab4                tcp_pcb_purge
                0x0000000000058b94                tcp_slowtmr
                0x0000000000059304                tcp_pcb_remove
                0x000000000005974c                tcp_close
                0x00000000000597a4                tcp_recv_null
                0x0000000000059830                tcp_process_refused_data
                0x0000000000059950                tcp_fasttmr
                0x0000000000059a30                tcp_tmr
                0x0000000000059a68                tcp_shutdown
                0x0000000000059b3c                tcp_abandon
                0x0000000000059db8                tcp_abort
                0x0000000000059f9c                tcp_alloc
                0x000000000005a1b8                tcp_new
                0x000000000005a1c0                tcp_new_ip_type
                0x000000000005a1f4                tcp_next_iss
                0x000000000005a218                tcp_eff_send_mss_netif
                0x000000000005a2f0                tcp_connect
                0x000000000005a62c                tcp_netif_ip_addr_changed
                0x000000000005a7a4                tcp_debug_state_str
                0x000000000005a7c0                tcp_tcp_get_tcp_addrinfo
                0x000000000005a858                tcp_free_ooseq
 .text.unlikely
                0x000000000005a89c       0x34 obj/default/lwip/core/tcp.o
 .text          0x000000000005a8d0     0x2c6c obj/default/lwip/core/tcp_in.o
                0x000000000005bfa0                tcp_input
                0x000000000005d52c                tcp_trigger_input_pcb_close
 .text          0x000000000005d53c     0x2928 obj/default/lwip/core/tcp_out.o
                0x000000000005dcec                tcp_write
                0x000000000005e6e4                tcp_split_unsent_seg
                0x000000000005e9f0                tcp_enqueue_flags
                0x000000000005ec34                tcp_send_fin
                0x000000000005ed2c                tcp_rexmit_rto_prepare
                0x000000000005ee54                tcp_rexmit
                0x000000000005efa8                tcp_rexmit_fast
                0x000000000005f090                tcp_rst
                0x000000000005f1cc                tcp_send_empty_ack
                0x000000000005f2a4                tcp_output
                0x000000000005facc                tcp_rexmit_rto_commit
                0x000000000005fb20                tcp_rexmit_rto
                0x000000000005fb98                tcp_keepalive
                0x000000000005fc44                tcp_zero_window_probe
 .text          0x000000000005fe64      0x418 obj/default/lwip/core/timeouts.o
                0x000000000005ffe4                tcp_timer_needed
                0x0000000000060038                sys_timeout
                0x00000000000600a8                sys_timeouts_init
                0x00000000000600fc                sys_untimeout
                0x0000000000060150                sys_check_timeouts
                0x00000000000601ec                sys_restart_timeouts
                0x0000000000060234                sys_timeouts_sleeptime
 .text          0x000000000006027c     0x15e4 obj/default/lwip/core/udp.o
                0x000000000006027c                udp_init
                0x00000000000602a0                udp_input
                0x000000000006082c                udp_bind
                0x0000000000060a98                udp_sendto_if_src
                0x0000000000060f18                udp_sendto_if
                0x0000000000061114                udp_sendto
                0x00000000000612e0                udp_send
                0x0000000000061378                udp_bind_netif
                0x0000000000061394                udp_connect
                0x00000000000614e4                udp_disconnect
                0x00000000000615cc                udp_recv
                0x0000000000061610                udp_remove
                0x000000000006169c                udp_new
                0x00000000000616e8                udp_new_ip_type
                0x0000000000061718                udp_netif_ip_addr_changed
 .text          0x0000000000061860      0x2cc obj/default/lwip/netif/ethernet.o
                0x0000000000061860                ethernet_input
                0x00000000000619e0                ethernet_output
 .text          0x0000000000061b2c        0xc obj/default/lwip_port/compat.o
                0x0000000000061b2c                sys_now
                0x0000000000061b30                fflush
 .text          0x0000000000061b38       0xf0 obj/default/main.o
                0x0000000000061b38                enter_pressed
                0x0000000000061b74                r_pressed
                0x0000000000061bb0                esc_pressed
                0x0000000000061bec                p_pressed
 .text.startup  0x0000000000061c28      0x2cc obj/default/main.o
                0x0000000000061c28                main
 .text          0x0000000000061ef4      0x294 obj/default/main_menu.o
                0x0000000000061ef4                main_menu_init
                0x0000000000062030                main_menu_select_option
                0x0000000000062084                main_menu_loop
 .text          0x0000000000062188      0x17c obj/default/memcpy_dma.o
                0x0000000000062188                memcpy_dma
                0x0000000000062228                memset_dma
                0x00000000000622c4                memset32_dma
                0x00000000000622cc                memset16_dma
                0x00000000000622e0                memset8_dma
 .text          0x0000000000062304        0x0 obj/default/resources/chinese.o
 .text          0x0000000000062304        0x0 obj/default/resources/main_menu_bg.o
 .text          0x0000000000062304        0x0 obj/default/resources/music.o
 .text          0x0000000000062304        0x0 obj/default/resources/plane_player.o
 .text          0x0000000000062304        0x0 obj/default/resources/resource.o
 .text          0x0000000000062304        0x0 obj/default/resources/scoreboard_bg.o
 .text          0x0000000000062304        0x0 obj/default/resources/sound_explosion.o
 .text          0x0000000000062304        0x0 obj/default/resources/vga_fonts.o
 .text          0x0000000000062304       0x38 obj/default/rng.o
                0x0000000000062304                rng_generate
 .text          0x000000000006233c      0x1e8 obj/default/scoreboard.o
                0x000000000006233c                scoreboard_sendrequest
                0x000000000006238c                scoreboard_init
                0x0000000000062404                scoreboard_loop
 .text          0x0000000000062524      0xf84 obj/default/sprites.o
                0x0000000000062768                sprites_init
                0x0000000000062854                sprites_allocate
                0x000000000006298c                sprites_get
                0x00000000000629e4                sprites_deallocate
                0x00000000000629fc                sprites_visible
                0x0000000000062a14                sprites_load_data
                0x0000000000062a2c                sprites_limit_speed
                0x0000000000062c28                sprites_tick
                0x0000000000062f34                sprites_collision_detect
 .text          0x00000000000634a8      0xa84 obj/default/vga.o
                0x00000000000634a8                vga_erase
                0x000000000006352c                vga_fill
                0x00000000000635c0                vga_set
                0x000000000006365c                vga_scroll_init
                0x0000000000063668                vga_scroll
                0x0000000000063758                utf8_to_code
                0x00000000000637cc                utf8_len
                0x0000000000063814                vga_english
                0x00000000000638d4                vga_english_transparent
                0x0000000000063980                vga_chinese
                0x0000000000063a78                vga_chinese_transparent
                0x0000000000063b5c                vga_string
                0x0000000000063cbc                vga_string_transparent
                0x0000000000063e1c                vga_statusbar_english
                0x0000000000063e2c                vga_statusbar_chinese
                0x0000000000063e3c                vga_statusbar_string
 .text          0x0000000000063f2c      0x1b4 d:/softwares/intelfpga_lite/18.1/nios2eds/bin/gnu/h-x86_64-mingw32/bin/../lib/gcc/nios2-elf/5.3.0/mno-hw-mul\libgcc.a(lib2-divmod.o)
                0x0000000000063f2c                __divsi3
                0x0000000000063fb0                __modsi3
                0x0000000000064024                __udivsi3
                0x0000000000064088                __umodsi3
 .text          0x00000000000640e0       0x28 d:/softwares/intelfpga_lite/18.1/nios2eds/bin/gnu/h-x86_64-mingw32/bin/../lib/gcc/nios2-elf/5.3.0/mno-hw-mul\libgcc.a(lib2-mul.o)
                0x00000000000640e0                __mulsi3
 .text          0x0000000000064108        0x0 d:/softwares/intelfpga_lite/18.1/nios2eds/bin/gnu/h-x86_64-mingw32/bin/../lib/gcc/nios2-elf/5.3.0/../../../../../H-x86_64-mingw32/nios2-elf/lib/mno-hw-mul\libsmallc.a(lib_a-abort.o)
 .text.abort    0x0000000000064108       0x18 d:/softwares/intelfpga_lite/18.1/nios2eds/bin/gnu/h-x86_64-mingw32/bin/../lib/gcc/nios2-elf/5.3.0/../../../../../H-x86_64-mingw32/nios2-elf/lib/mno-hw-mul\libsmallc.a(lib_a-abort.o)
                0x0000000000064108                abort
 .text          0x0000000000064120        0x0 d:/softwares/intelfpga_lite/18.1/nios2eds/bin/gnu/h-x86_64-mingw32/bin/../lib/gcc/nios2-elf/5.3.0/../../../../../H-x86_64-mingw32/nios2-elf/lib/mno-hw-mul\libsmallc.a(lib_a-atoi.o)
 .text.atoi     0x0000000000064120        0xc d:/softwares/intelfpga_lite/18.1/nios2eds/bin/gnu/h-x86_64-mingw32/bin/../lib/gcc/nios2-elf/5.3.0/../../../../../H-x86_64-mingw32/nios2-elf/lib/mno-hw-mul\libsmallc.a(lib_a-atoi.o)
                0x0000000000064120                atoi
 .text._atoi_r  0x000000000006412c        0xc d:/softwares/intelfpga_lite/18.1/nios2eds/bin/gnu/h-x86_64-mingw32/bin/../lib/gcc/nios2-elf/5.3.0/../../../../../H-x86_64-mingw32/nios2-elf/lib/mno-hw-mul\libsmallc.a(lib_a-atoi.o)
                0x000000000006412c                _atoi_r
 .text          0x0000000000064138        0x0 d:/softwares/intelfpga_lite/18.1/nios2eds/bin/gnu/h-x86_64-mingw32/bin/../lib/gcc/nios2-elf/5.3.0/../../../../../H-x86_64-mingw32/nios2-elf/lib/mno-hw-mul\libsmallc.a(lib_a-clock.o)
 .text.clock    0x0000000000064138       0x4c d:/softwares/intelfpga_lite/18.1/nios2eds/bin/gnu/h-x86_64-mingw32/bin/../lib/gcc/nios2-elf/5.3.0/../../../../../H-x86_64-mingw32/nios2-elf/lib/mno-hw-mul\libsmallc.a(lib_a-clock.o)
                0x0000000000064138                clock
 .text          0x0000000000064184        0x0 d:/softwares/intelfpga_lite/18.1/nios2eds/bin/gnu/h-x86_64-mingw32/bin/../lib/gcc/nios2-elf/5.3.0/../../../../../H-x86_64-mingw32/nios2-elf/lib/mno-hw-mul\libsmallc.a(lib_a-ctype_.o)
 .text          0x0000000000064184        0x0 d:/softwares/intelfpga_lite/18.1/nios2eds/bin/gnu/h-x86_64-mingw32/bin/../lib/gcc/nios2-elf/5.3.0/../../../../../H-x86_64-mingw32/nios2-elf/lib/mno-hw-mul\libsmallc.a(lib_a-impure.o)
 .text          0x0000000000064184        0x0 d:/softwares/intelfpga_lite/18.1/nios2eds/bin/gnu/h-x86_64-mingw32/bin/../lib/gcc/nios2-elf/5.3.0/../../../../../H-x86_64-mingw32/nios2-elf/lib/mno-hw-mul\libsmallc.a(lib_a-memcmp.o)
 .text.memcmp   0x0000000000064184       0x30 d:/softwares/intelfpga_lite/18.1/nios2eds/bin/gnu/h-x86_64-mingw32/bin/../lib/gcc/nios2-elf/5.3.0/../../../../../H-x86_64-mingw32/nios2-elf/lib/mno-hw-mul\libsmallc.a(lib_a-memcmp.o)
                0x0000000000064184                memcmp
 .text          0x00000000000641b4        0x0 d:/softwares/intelfpga_lite/18.1/nios2eds/bin/gnu/h-x86_64-mingw32/bin/../lib/gcc/nios2-elf/5.3.0/../../../../../H-x86_64-mingw32/nios2-elf/lib/mno-hw-mul\libsmallc.a(lib_a-memcpy.o)
 .text.memcpy   0x00000000000641b4       0x28 d:/softwares/intelfpga_lite/18.1/nios2eds/bin/gnu/h-x86_64-mingw32/bin/../lib/gcc/nios2-elf/5.3.0/../../../../../H-x86_64-mingw32/nios2-elf/lib/mno-hw-mul\libsmallc.a(lib_a-memcpy.o)
                0x00000000000641b4                memcpy
 .text          0x00000000000641dc        0x0 d:/softwares/intelfpga_lite/18.1/nios2eds/bin/gnu/h-x86_64-mingw32/bin/../lib/gcc/nios2-elf/5.3.0/../../../../../H-x86_64-mingw32/nios2-elf/lib/mno-hw-mul\libsmallc.a(lib_a-memmove.o)
 .text.memmove  0x00000000000641dc       0x60 d:/softwares/intelfpga_lite/18.1/nios2eds/bin/gnu/h-x86_64-mingw32/bin/../lib/gcc/nios2-elf/5.3.0/../../../../../H-x86_64-mingw32/nios2-elf/lib/mno-hw-mul\libsmallc.a(lib_a-memmove.o)
                0x00000000000641dc                memmove
 .text          0x000000000006423c        0x0 d:/softwares/intelfpga_lite/18.1/nios2eds/bin/gnu/h-x86_64-mingw32/bin/../lib/gcc/nios2-elf/5.3.0/../../../../../H-x86_64-mingw32/nios2-elf/lib/mno-hw-mul\libsmallc.a(lib_a-memset.o)
 .text.memset   0x000000000006423c       0x20 d:/softwares/intelfpga_lite/18.1/nios2eds/bin/gnu/h-x86_64-mingw32/bin/../lib/gcc/nios2-elf/5.3.0/../../../../../H-x86_64-mingw32/nios2-elf/lib/mno-hw-mul\libsmallc.a(lib_a-memset.o)
                0x000000000006423c                memset
 .text          0x000000000006425c        0x0 d:/softwares/intelfpga_lite/18.1/nios2eds/bin/gnu/h-x86_64-mingw32/bin/../lib/gcc/nios2-elf/5.3.0/../../../../../H-x86_64-mingw32/nios2-elf/lib/mno-hw-mul\libsmallc.a(lib_a-printf.o)
 .text._printf_r
                0x000000000006425c       0x3c d:/softwares/intelfpga_lite/18.1/nios2eds/bin/gnu/h-x86_64-mingw32/bin/../lib/gcc/nios2-elf/5.3.0/../../../../../H-x86_64-mingw32/nios2-elf/lib/mno-hw-mul\libsmallc.a(lib_a-printf.o)
                0x000000000006425c                _printf_r
 .text.printf   0x0000000000064298       0x4c d:/softwares/intelfpga_lite/18.1/nios2eds/bin/gnu/h-x86_64-mingw32/bin/../lib/gcc/nios2-elf/5.3.0/../../../../../H-x86_64-mingw32/nios2-elf/lib/mno-hw-mul\libsmallc.a(lib_a-printf.o)
                0x0000000000064298                printf
 .text          0x00000000000642e4        0x0 d:/softwares/intelfpga_lite/18.1/nios2eds/bin/gnu/h-x86_64-mingw32/bin/../lib/gcc/nios2-elf/5.3.0/../../../../../H-x86_64-mingw32/nios2-elf/lib/mno-hw-mul\libsmallc.a(lib_a-puts.o)
 .text._puts_r  0x00000000000642e4       0x80 d:/softwares/intelfpga_lite/18.1/nios2eds/bin/gnu/h-x86_64-mingw32/bin/../lib/gcc/nios2-elf/5.3.0/../../../../../H-x86_64-mingw32/nios2-elf/lib/mno-hw-mul\libsmallc.a(lib_a-puts.o)
                0x00000000000642e4                _puts_r
 .text.puts     0x0000000000064364       0x14 d:/softwares/intelfpga_lite/18.1/nios2eds/bin/gnu/h-x86_64-mingw32/bin/../lib/gcc/nios2-elf/5.3.0/../../../../../H-x86_64-mingw32/nios2-elf/lib/mno-hw-mul\libsmallc.a(lib_a-puts.o)
                0x0000000000064364                puts
 .text          0x0000000000064378        0x0 d:/softwares/intelfpga_lite/18.1/nios2eds/bin/gnu/h-x86_64-mingw32/bin/../lib/gcc/nios2-elf/5.3.0/../../../../../H-x86_64-mingw32/nios2-elf/lib/mno-hw-mul\libsmallc.a(lib_a-signal.o)
 .text._init_signal_r
                0x0000000000064378       0x68 d:/softwares/intelfpga_lite/18.1/nios2eds/bin/gnu/h-x86_64-mingw32/bin/../lib/gcc/nios2-elf/5.3.0/../../../../../H-x86_64-mingw32/nios2-elf/lib/mno-hw-mul\libsmallc.a(lib_a-signal.o)
                0x0000000000064378                _init_signal_r
 .text._signal_r
                0x00000000000643e0       0x7c d:/softwares/intelfpga_lite/18.1/nios2eds/bin/gnu/h-x86_64-mingw32/bin/../lib/gcc/nios2-elf/5.3.0/../../../../../H-x86_64-mingw32/nios2-elf/lib/mno-hw-mul\libsmallc.a(lib_a-signal.o)
                0x00000000000643e0                _signal_r
 .text._raise_r
                0x000000000006445c       0xb4 d:/softwares/intelfpga_lite/18.1/nios2eds/bin/gnu/h-x86_64-mingw32/bin/../lib/gcc/nios2-elf/5.3.0/../../../../../H-x86_64-mingw32/nios2-elf/lib/mno-hw-mul\libsmallc.a(lib_a-signal.o)
                0x000000000006445c                _raise_r
 .text.__sigtramp_r
                0x0000000000064510       0xa8 d:/softwares/intelfpga_lite/18.1/nios2eds/bin/gnu/h-x86_64-mingw32/bin/../lib/gcc/nios2-elf/5.3.0/../../../../../H-x86_64-mingw32/nios2-elf/lib/mno-hw-mul\libsmallc.a(lib_a-signal.o)
                0x0000000000064510                __sigtramp_r
 .text.raise    0x00000000000645b8       0x14 d:/softwares/intelfpga_lite/18.1/nios2eds/bin/gnu/h-x86_64-mingw32/bin/../lib/gcc/nios2-elf/5.3.0/../../../../../H-x86_64-mingw32/nios2-elf/lib/mno-hw-mul\libsmallc.a(lib_a-signal.o)
                0x00000000000645b8                raise
 .text.signal   0x00000000000645cc       0x18 d:/softwares/intelfpga_lite/18.1/nios2eds/bin/gnu/h-x86_64-mingw32/bin/../lib/gcc/nios2-elf/5.3.0/../../../../../H-x86_64-mingw32/nios2-elf/lib/mno-hw-mul\libsmallc.a(lib_a-signal.o)
                0x00000000000645cc                signal
 .text._init_signal
                0x00000000000645e4       0x10 d:/softwares/intelfpga_lite/18.1/nios2eds/bin/gnu/h-x86_64-mingw32/bin/../lib/gcc/nios2-elf/5.3.0/../../../../../H-x86_64-mingw32/nios2-elf/lib/mno-hw-mul\libsmallc.a(lib_a-signal.o)
                0x00000000000645e4                _init_signal
 .text.__sigtramp
                0x00000000000645f4       0x14 d:/softwares/intelfpga_lite/18.1/nios2eds/bin/gnu/h-x86_64-mingw32/bin/../lib/gcc/nios2-elf/5.3.0/../../../../../H-x86_64-mingw32/nios2-elf/lib/mno-hw-mul\libsmallc.a(lib_a-signal.o)
                0x00000000000645f4                __sigtramp
 .text          0x0000000000064608        0x0 d:/softwares/intelfpga_lite/18.1/nios2eds/bin/gnu/h-x86_64-mingw32/bin/../lib/gcc/nios2-elf/5.3.0/../../../../../H-x86_64-mingw32/nios2-elf/lib/mno-hw-mul\libsmallc.a(lib_a-signalr.o)
 .text._kill_r  0x0000000000064608       0x54 d:/softwares/intelfpga_lite/18.1/nios2eds/bin/gnu/h-x86_64-mingw32/bin/../lib/gcc/nios2-elf/5.3.0/../../../../../H-x86_64-mingw32/nios2-elf/lib/mno-hw-mul\libsmallc.a(lib_a-signalr.o)
                0x0000000000064608                _kill_r
 .text._getpid_r
                0x000000000006465c        0x4 d:/softwares/intelfpga_lite/18.1/nios2eds/bin/gnu/h-x86_64-mingw32/bin/../lib/gcc/nios2-elf/5.3.0/../../../../../H-x86_64-mingw32/nios2-elf/lib/mno-hw-mul\libsmallc.a(lib_a-signalr.o)
                0x000000000006465c                _getpid_r
 .text          0x0000000000064660        0x0 d:/softwares/intelfpga_lite/18.1/nios2eds/bin/gnu/h-x86_64-mingw32/bin/../lib/gcc/nios2-elf/5.3.0/../../../../../H-x86_64-mingw32/nios2-elf/lib/mno-hw-mul\libsmallc.a(lib_a-snprintf.o)
 .text._snprintf_r
                0x0000000000064660       0xb0 d:/softwares/intelfpga_lite/18.1/nios2eds/bin/gnu/h-x86_64-mingw32/bin/../lib/gcc/nios2-elf/5.3.0/../../../../../H-x86_64-mingw32/nios2-elf/lib/mno-hw-mul\libsmallc.a(lib_a-snprintf.o)
                0x0000000000064660                _snprintf_r
 .text.snprintf
                0x0000000000064710       0xb8 d:/softwares/intelfpga_lite/18.1/nios2eds/bin/gnu/h-x86_64-mingw32/bin/../lib/gcc/nios2-elf/5.3.0/../../../../../H-x86_64-mingw32/nios2-elf/lib/mno-hw-mul\libsmallc.a(lib_a-snprintf.o)
                0x0000000000064710                snprintf
 .text          0x00000000000647c8        0x0 d:/softwares/intelfpga_lite/18.1/nios2eds/bin/gnu/h-x86_64-mingw32/bin/../lib/gcc/nios2-elf/5.3.0/../../../../../H-x86_64-mingw32/nios2-elf/lib/mno-hw-mul\libsmallc.a(lib_a-strcmp.o)
 .text.strcmp   0x00000000000647c8       0x38 d:/softwares/intelfpga_lite/18.1/nios2eds/bin/gnu/h-x86_64-mingw32/bin/../lib/gcc/nios2-elf/5.3.0/../../../../../H-x86_64-mingw32/nios2-elf/lib/mno-hw-mul\libsmallc.a(lib_a-strcmp.o)
                0x00000000000647c8                strcmp
 .text          0x0000000000064800        0x0 d:/softwares/intelfpga_lite/18.1/nios2eds/bin/gnu/h-x86_64-mingw32/bin/../lib/gcc/nios2-elf/5.3.0/../../../../../H-x86_64-mingw32/nios2-elf/lib/mno-hw-mul\libsmallc.a(lib_a-strlen.o)
 .text.strlen   0x0000000000064800       0x1c d:/softwares/intelfpga_lite/18.1/nios2eds/bin/gnu/h-x86_64-mingw32/bin/../lib/gcc/nios2-elf/5.3.0/../../../../../H-x86_64-mingw32/nios2-elf/lib/mno-hw-mul\libsmallc.a(lib_a-strlen.o)
                0x0000000000064800                strlen
 .text          0x000000000006481c        0x0 d:/softwares/intelfpga_lite/18.1/nios2eds/bin/gnu/h-x86_64-mingw32/bin/../lib/gcc/nios2-elf/5.3.0/../../../../../H-x86_64-mingw32/nios2-elf/lib/mno-hw-mul\libsmallc.a(lib_a-strncmp.o)
 .text.strncmp  0x000000000006481c       0x60 d:/softwares/intelfpga_lite/18.1/nios2eds/bin/gnu/h-x86_64-mingw32/bin/../lib/gcc/nios2-elf/5.3.0/../../../../../H-x86_64-mingw32/nios2-elf/lib/mno-hw-mul\libsmallc.a(lib_a-strncmp.o)
                0x000000000006481c                strncmp
 .text          0x000000000006487c        0x0 d:/softwares/intelfpga_lite/18.1/nios2eds/bin/gnu/h-x86_64-mingw32/bin/../lib/gcc/nios2-elf/5.3.0/../../../../../H-x86_64-mingw32/nios2-elf/lib/mno-hw-mul\libsmallc.a(lib_a-strtol.o)
 .text._strtol_r
                0x000000000006487c      0x234 d:/softwares/intelfpga_lite/18.1/nios2eds/bin/gnu/h-x86_64-mingw32/bin/../lib/gcc/nios2-elf/5.3.0/../../../../../H-x86_64-mingw32/nios2-elf/lib/mno-hw-mul\libsmallc.a(lib_a-strtol.o)
                0x000000000006487c                _strtol_r
 .text.strtol   0x0000000000064ab0       0x1c d:/softwares/intelfpga_lite/18.1/nios2eds/bin/gnu/h-x86_64-mingw32/bin/../lib/gcc/nios2-elf/5.3.0/../../../../../H-x86_64-mingw32/nios2-elf/lib/mno-hw-mul\libsmallc.a(lib_a-strtol.o)
                0x0000000000064ab0                strtol
 .text          0x0000000000064acc        0x0 d:/softwares/intelfpga_lite/18.1/nios2eds/bin/gnu/h-x86_64-mingw32/bin/../lib/gcc/nios2-elf/5.3.0/../../../../../H-x86_64-mingw32/nios2-elf/lib/mno-hw-mul\libsmallc.a(lib_a-svfprintf.o)
 .text.print_repeat
                0x0000000000064acc       0x6c d:/softwares/intelfpga_lite/18.1/nios2eds/bin/gnu/h-x86_64-mingw32/bin/../lib/gcc/nios2-elf/5.3.0/../../../../../H-x86_64-mingw32/nios2-elf/lib/mno-hw-mul\libsmallc.a(lib_a-svfprintf.o)
 .text.___svfprintf_internal_r
                0x0000000000064b38      0x52c d:/softwares/intelfpga_lite/18.1/nios2eds/bin/gnu/h-x86_64-mingw32/bin/../lib/gcc/nios2-elf/5.3.0/../../../../../H-x86_64-mingw32/nios2-elf/lib/mno-hw-mul\libsmallc.a(lib_a-svfprintf.o)
                0x0000000000064b38                ___svfprintf_internal_r
 .text.__vfprintf_internal_unused
                0x0000000000065064       0x1c d:/softwares/intelfpga_lite/18.1/nios2eds/bin/gnu/h-x86_64-mingw32/bin/../lib/gcc/nios2-elf/5.3.0/../../../../../H-x86_64-mingw32/nios2-elf/lib/mno-hw-mul\libsmallc.a(lib_a-svfprintf.o)
                0x0000000000065064                __vfprintf_internal_unused
 .text          0x0000000000065080        0x0 d:/softwares/intelfpga_lite/18.1/nios2eds/bin/gnu/h-x86_64-mingw32/bin/../lib/gcc/nios2-elf/5.3.0/../../../../../H-x86_64-mingw32/nios2-elf/lib/mno-hw-mul\libsmallc.a(lib_a-timesr.o)
 .text._times_r
                0x0000000000065080        0x8 d:/softwares/intelfpga_lite/18.1/nios2eds/bin/gnu/h-x86_64-mingw32/bin/../lib/gcc/nios2-elf/5.3.0/../../../../../H-x86_64-mingw32/nios2-elf/lib/mno-hw-mul\libsmallc.a(lib_a-timesr.o)
                0x0000000000065080                _times_r
 .text          0x0000000000065088        0x0 d:/softwares/intelfpga_lite/18.1/nios2eds/bin/gnu/h-x86_64-mingw32/bin/../lib/gcc/nios2-elf/5.3.0/../../../../../H-x86_64-mingw32/nios2-elf/lib/mno-hw-mul\libsmallc.a(lib_a-vfprintf.o)
 .text.print_repeat
                0x0000000000065088       0x6c d:/softwares/intelfpga_lite/18.1/nios2eds/bin/gnu/h-x86_64-mingw32/bin/../lib/gcc/nios2-elf/5.3.0/../../../../../H-x86_64-mingw32/nios2-elf/lib/mno-hw-mul\libsmallc.a(lib_a-vfprintf.o)
 .text.___vfprintf_internal_r
                0x00000000000650f4      0x52c d:/softwares/intelfpga_lite/18.1/nios2eds/bin/gnu/h-x86_64-mingw32/bin/../lib/gcc/nios2-elf/5.3.0/../../../../../H-x86_64-mingw32/nios2-elf/lib/mno-hw-mul\libsmallc.a(lib_a-vfprintf.o)
                0x00000000000650f4                ___vfprintf_internal_r
 .text.__vfprintf_internal
                0x0000000000065620       0x1c d:/softwares/intelfpga_lite/18.1/nios2eds/bin/gnu/h-x86_64-mingw32/bin/../lib/gcc/nios2-elf/5.3.0/../../../../../H-x86_64-mingw32/nios2-elf/lib/mno-hw-mul\libsmallc.a(lib_a-vfprintf.o)
                0x0000000000065620                __vfprintf_internal
 .text          0x000000000006563c        0x0 d:/softwares/intelfpga_lite/18.1/nios2eds/bin/gnu/h-x86_64-mingw32/bin/../lib/gcc/nios2-elf/5.3.0/../../../../../H-x86_64-mingw32/nios2-elf/lib/mno-hw-mul\libsmallc.a(lib_a-fvwrite_small_dev.o)
 .text.__sfvwrite_small_dev
                0x000000000006563c       0xb8 d:/softwares/intelfpga_lite/18.1/nios2eds/bin/gnu/h-x86_64-mingw32/bin/../lib/gcc/nios2-elf/5.3.0/../../../../../H-x86_64-mingw32/nios2-elf/lib/mno-hw-mul\libsmallc.a(lib_a-fvwrite_small_dev.o)
                0x000000000006563c                __sfvwrite_small_dev
 .text          0x00000000000656f4        0x0 d:/softwares/intelfpga_lite/18.1/nios2eds/bin/gnu/h-x86_64-mingw32/bin/../lib/gcc/nios2-elf/5.3.0/../../../../../H-x86_64-mingw32/nios2-elf/lib/mno-hw-mul\libsmallc.a(lib_a-fvwrite_small_str.o)
 .text.__sfvwrite_small_str
                0x00000000000656f4       0xa8 d:/softwares/intelfpga_lite/18.1/nios2eds/bin/gnu/h-x86_64-mingw32/bin/../lib/gcc/nios2-elf/5.3.0/../../../../../H-x86_64-mingw32/nios2-elf/lib/mno-hw-mul\libsmallc.a(lib_a-fvwrite_small_str.o)
                0x00000000000656f4                __sfvwrite_small_str
 .text          0x000000000006579c        0x0 d:/softwares/intelfpga_lite/18.1/nios2eds/bin/gnu/h-x86_64-mingw32/bin/../lib/gcc/nios2-elf/5.3.0/../../../../../H-x86_64-mingw32/nios2-elf/lib/mno-hw-mul\libsmallc.a(lib_a-int_errno.o)
 .text          0x000000000006579c        0x0 d:/softwares/intelfpga_lite/18.1/nios2eds/bin/gnu/h-x86_64-mingw32/bin/../lib/gcc/nios2-elf/5.3.0/../../../../../H-x86_64-mingw32/nios2-elf/lib/mno-hw-mul\libsmallc.a(lib_a-nano-mallocr.o)
 .text._malloc_r
                0x000000000006579c      0x158 d:/softwares/intelfpga_lite/18.1/nios2eds/bin/gnu/h-x86_64-mingw32/bin/../lib/gcc/nios2-elf/5.3.0/../../../../../H-x86_64-mingw32/nios2-elf/lib/mno-hw-mul\libsmallc.a(lib_a-nano-mallocr.o)
                0x000000000006579c                _malloc_r
 .text          0x00000000000658f4        0x0 d:/softwares/intelfpga_lite/18.1/nios2eds/bin/gnu/h-x86_64-mingw32/bin/../lib/gcc/nios2-elf/5.3.0/../../../../../H-x86_64-mingw32/nios2-elf/lib/mno-hw-mul\libsmallc.a(lib_a-sbrkr.o)
 .text._sbrk_r  0x00000000000658f4       0x50 d:/softwares/intelfpga_lite/18.1/nios2eds/bin/gnu/h-x86_64-mingw32/bin/../lib/gcc/nios2-elf/5.3.0/../../../../../H-x86_64-mingw32/nios2-elf/lib/mno-hw-mul\libsmallc.a(lib_a-sbrkr.o)
                0x00000000000658f4                _sbrk_r
 .text          0x0000000000065944        0x0 d:/softwares/intelfpga_lite/18.1/nios2eds/bin/gnu/h-x86_64-mingw32/bin/../lib/gcc/nios2-elf/5.3.0/../../../../../H-x86_64-mingw32/nios2-elf/lib/mno-hw-mul\libsmallc.a(lib_a-writer.o)
 .text._write_r
                0x0000000000065944       0x58 d:/softwares/intelfpga_lite/18.1/nios2eds/bin/gnu/h-x86_64-mingw32/bin/../lib/gcc/nios2-elf/5.3.0/../../../../../H-x86_64-mingw32/nios2-elf/lib/mno-hw-mul\libsmallc.a(lib_a-writer.o)
                0x0000000000065944                _write_r
 .text          0x000000000006599c       0x14 ../ECE385_bsp/\libhal_bsp.a(alt_exit.o)
                0x000000000006599c                _exit
 .text          0x00000000000659b0        0x8 ../ECE385_bsp/\libhal_bsp.a(alt_getpid.o)
                0x00000000000659b0                getpid
 .text          0x00000000000659b8       0x8c ../ECE385_bsp/\libhal_bsp.a(alt_iic.o)
                0x00000000000659b8                alt_ic_isr_register
                0x00000000000659bc                alt_ic_irq_enable
                0x00000000000659f4                alt_ic_irq_disable
                0x0000000000065a2c                alt_ic_irq_enabled
 .text          0x0000000000065a44       0x68 ../ECE385_bsp/\libhal_bsp.a(alt_iic_isr_register.o)
                0x0000000000065a44                alt_iic_isr_register
 .text          0x0000000000065aac        0x0 ../ECE385_bsp/\libhal_bsp.a(alt_irq_entry.o)
 .text          0x0000000000065aac        0x0 ../ECE385_bsp/\libhal_bsp.a(alt_irq_handler.o)
 .text          0x0000000000065aac        0x0 ../ECE385_bsp/\libhal_bsp.a(alt_irq_vars.o)
 .text          0x0000000000065aac       0xfc ../ECE385_bsp/\libhal_bsp.a(alt_kill.o)
                0x0000000000065aac                kill
 .text          0x0000000000065ba8       0xe0 ../ECE385_bsp/\libhal_bsp.a(alt_load.o)
                0x0000000000065ba8                alt_load
 .text          0x0000000000065c88       0x50 ../ECE385_bsp/\libhal_bsp.a(alt_main.o)
                0x0000000000065c88                alt_main
 .text          0x0000000000065cd8       0x4c ../ECE385_bsp/\libhal_bsp.a(alt_sbrk.o)
                0x0000000000065cd8                sbrk
 .text          0x0000000000065d24       0x60 ../ECE385_bsp/\libhal_bsp.a(alt_times.o)
                0x0000000000065d24                times
 .text          0x0000000000065d84      0x110 ../ECE385_bsp/\libhal_bsp.a(alt_write.o)
                0x0000000000065d84                write
 .text          0x0000000000065e94       0xb8 ../ECE385_bsp/\libhal_bsp.a(alt_sys_init.o)
                0x0000000000065e94                alt_irq_init
                0x0000000000065eb4                alt_sys_init
 .text          0x0000000000065f4c       0x20 ../ECE385_bsp/\libhal_bsp.a(altera_avalon_jtag_uart_fd.o)
                0x0000000000065f4c                altera_avalon_jtag_uart_read_fd
                0x0000000000065f5c                altera_avalon_jtag_uart_write_fd
 .text          0x0000000000065f6c       0x74 ../ECE385_bsp/\libhal_bsp.a(altera_avalon_jtag_uart_read.o)
                0x0000000000065f6c                altera_avalon_jtag_uart_read
 .text          0x0000000000065fe0       0x34 ../ECE385_bsp/\libhal_bsp.a(altera_avalon_jtag_uart_write.o)
                0x0000000000065fe0                altera_avalon_jtag_uart_write
 .text          0x0000000000066014      0x79c ../ECE385_bsp/\libhal_bsp.a(altera_avalon_sgdma.o)
                0x0000000000066070                alt_avalon_sgdma_do_async_transfer
                0x00000000000660f8                alt_avalon_sgdma_do_sync_transfer
                0x000000000006617c                alt_avalon_sgdma_construct_mem_to_mem_desc_burst
                0x00000000000662a4                alt_avalon_sgdma_construct_mem_to_mem_desc
                0x00000000000662dc                alt_avalon_sgdma_construct_stream_to_mem_desc_burst
                0x00000000000663b0                alt_avalon_sgdma_construct_stream_to_mem_desc
                0x00000000000663d8                alt_avalon_sgdma_register_callback
                0x00000000000663e8                alt_avalon_sgdma_start
                0x0000000000066400                alt_avalon_sgdma_stop
                0x000000000006641c                alt_avalon_sgdma_check_descriptor_status
                0x0000000000066448                alt_avalon_sgdma_open
                0x0000000000066498                alt_avalon_sgdma_enable_desc_poll
                0x00000000000664c8                alt_avalon_sgdma_disable_desc_poll
                0x00000000000664e8                alt_avalon_sgdma_construct_descriptor_burst
                0x0000000000066648                alt_avalon_sgdma_construct_mem_to_stream_desc_burst
                0x0000000000066698                alt_avalon_sgdma_construct_mem_to_stream_desc
                0x00000000000666e4                alt_avalon_sgdma_construct_descriptor
                0x000000000006672c                alt_avalon_sgdma_init
 .text          0x00000000000667b0       0x84 ../ECE385_bsp/\libhal_bsp.a(altera_avalon_timer_sc.o)
                0x00000000000667ec                alt_avalon_timer_sc_init
 .text          0x0000000000066834       0xc0 ../ECE385_bsp/\libhal_bsp.a(alt_close.o)
                0x0000000000066834                close
 .text          0x00000000000668f4        0x4 ../ECE385_bsp/\libhal_bsp.a(alt_dcache_flush.o)
                0x00000000000668f4                alt_dcache_flush
 .text          0x00000000000668f8        0x4 ../ECE385_bsp/\libhal_bsp.a(alt_dcache_flush_all.o)
                0x00000000000668f8                alt_dcache_flush_all
 .text          0x00000000000668fc        0x8 ../ECE385_bsp/\libhal_bsp.a(alt_dev.o)
 .text          0x0000000000066904       0x6c ../ECE385_bsp/\libhal_bsp.a(alt_dev_llist_insert.o)
                0x0000000000066904                alt_dev_llist_insert
 .text          0x0000000000066970        0x0 ../ECE385_bsp/\libhal_bsp.a(alt_errno.o)
 .text          0x0000000000066970        0x0 ../ECE385_bsp/\libhal_bsp.a(alt_exception_entry.o)
 .text          0x0000000000066970       0x78 ../ECE385_bsp/\libhal_bsp.a(alt_find_dev.o)
                0x0000000000066970                alt_find_dev
 .text          0x00000000000669e8        0x4 ../ECE385_bsp/\libhal_bsp.a(alt_icache_flush_all.o)
                0x00000000000669e8                alt_icache_flush_all
 .text          0x00000000000669ec       0x74 ../ECE385_bsp/\libhal_bsp.a(alt_instruction_exception_entry.o)
                0x00000000000669ec                alt_exception_cause_generated_bad_addr
 .text          0x0000000000066a60      0x100 ../ECE385_bsp/\libhal_bsp.a(alt_io_redirect.o)
                0x0000000000066aec                alt_io_redirect
 .text          0x0000000000066b60      0x188 ../ECE385_bsp/\libhal_bsp.a(alt_open.o)
                0x0000000000066b60                open
 .text          0x0000000000066ce8       0x5c ../ECE385_bsp/\libhal_bsp.a(alt_release_fd.o)
                0x0000000000066ce8                alt_release_fd
 .text          0x0000000000066d44      0x128 ../ECE385_bsp/\libhal_bsp.a(alt_tick.o)
                0x0000000000066d44                alt_alarm_stop
                0x0000000000066d78                alt_tick
 .text          0x0000000000066e6c        0x8 ../ECE385_bsp/\libhal_bsp.a(altera_nios2_gen2_irq.o)
                0x0000000000066e6c                altera_nios2_gen2_irq_init
 .text          0x0000000000066e74       0xac ../ECE385_bsp/\libhal_bsp.a(alt_find_file.o)
                0x0000000000066e74                alt_find_file
 .text          0x0000000000066f20       0x88 ../ECE385_bsp/\libhal_bsp.a(alt_get_fd.o)
                0x0000000000066f20                alt_get_fd
 .text          0x0000000000066fa8        0x0 d:/softwares/intelfpga_lite/18.1/nios2eds/bin/gnu/h-x86_64-mingw32/bin/../lib/gcc/nios2-elf/5.3.0/../../../../../H-x86_64-mingw32/nios2-elf/lib/mno-hw-mul\libsmallc.a(lib_a-exit.o)
 .text.exit     0x0000000000066fa8       0x20 d:/softwares/intelfpga_lite/18.1/nios2eds/bin/gnu/h-x86_64-mingw32/bin/../lib/gcc/nios2-elf/5.3.0/../../../../../H-x86_64-mingw32/nios2-elf/lib/mno-hw-mul\libsmallc.a(lib_a-exit.o)
                0x0000000000066fa8                exit
 .text          0x0000000000066fc8        0x0 d:/softwares/intelfpga_lite/18.1/nios2eds/bin/gnu/h-x86_64-mingw32/bin/../lib/gcc/nios2-elf/5.3.0/../../../../../H-x86_64-mingw32/nios2-elf/lib/mno-hw-mul\libsmallc.a(lib_a-__call_atexit.o)
 .text.__call_exitprocs
                0x0000000000066fc8      0x190 d:/softwares/intelfpga_lite/18.1/nios2eds/bin/gnu/h-x86_64-mingw32/bin/../lib/gcc/nios2-elf/5.3.0/../../../../../H-x86_64-mingw32/nios2-elf/lib/mno-hw-mul\libsmallc.a(lib_a-__call_atexit.o)
                0x0000000000066fc8                __call_exitprocs
 *(.gnu.warning.*)
 *(.fini)
                [!provide]                        PROVIDE (__etext, ABSOLUTE (.))
                [!provide]                        PROVIDE (_etext, ABSOLUTE (.))
                [!provide]                        PROVIDE (etext, ABSOLUTE (.))
 *(.eh_frame_hdr)
                0x0000000000067158                . = ALIGN (0x4)
                [!provide]                        PROVIDE (__preinit_array_start, ABSOLUTE (.))
 *(.preinit_array)
                [!provide]                        PROVIDE (__preinit_array_end, ABSOLUTE (.))
                [!provide]                        PROVIDE (__init_array_start, ABSOLUTE (.))
 *(.init_array)
                [!provide]                        PROVIDE (__init_array_end, ABSOLUTE (.))
                [!provide]                        PROVIDE (__fini_array_start, ABSOLUTE (.))
 *(.fini_array)
                [!provide]                        PROVIDE (__fini_array_end, ABSOLUTE (.))
 *(.eh_frame)
 *(.gcc_except_table .gcc_except_table.*)
 *(.dynamic)
                [!provide]                        PROVIDE (__CTOR_LIST__, ABSOLUTE (.))
 *(.ctors)
 *(SORT(.ctors.*))
                [!provide]                        PROVIDE (__CTOR_END__, ABSOLUTE (.))
                [!provide]                        PROVIDE (__DTOR_LIST__, ABSOLUTE (.))
 *(.dtors)
 *(SORT(.dtors.*))
                [!provide]                        PROVIDE (__DTOR_END__, ABSOLUTE (.))
 *(.jcr)
                0x0000000000067158                . = ALIGN (0x4)

.rodata         0x0000000000067158     0x391c
                0x0000000000067158                PROVIDE (__ram_rodata_start, ABSOLUTE (.))
                0x0000000000067158                . = ALIGN (0x4)
 *(.rodata .rodata.* .gnu.linkonce.r.*)
 .rodata.str1.4
                0x0000000000067158       0x4e obj/default/ethernet.o
 *fill*         0x00000000000671a6        0x2 
 .rodata.str1.4
                0x00000000000671a8       0x85 obj/default/gamelogic.o
                                         0x89 (size before relaxing)
 *fill*         0x000000000006722d        0x3 
 .rodata.str1.4
                0x0000000000067230       0x34 obj/default/httpc.o
 .rodata.str1.4
                0x0000000000067264      0x1eb obj/default/lwip/apps/http/http_client.o
                                        0x1ef (size before relaxing)
 *fill*         0x000000000006744f        0x1 
 .rodata.str1.4
                0x0000000000067450       0x82 obj/default/lwip/core/dns.o
                                         0xaa (size before relaxing)
 *fill*         0x00000000000674d2        0x2 
 .rodata        0x00000000000674d4       0x28 obj/default/lwip/core/dns.o
                0x00000000000674d4                dns_mquery_v6group
                0x00000000000674e8                dns_mquery_v4group
 .rodata.str1.4
                0x00000000000674fc       0x22 obj/default/lwip/core/inet_chksum.o
                                         0x4c (size before relaxing)
 *fill*         0x000000000006751e        0x2 
 .rodata        0x0000000000067520       0x14 obj/default/lwip/core/ip.o
                0x0000000000067520                ip_addr_any_type
 .rodata.str1.4
                0x0000000000067534       0x81 obj/default/lwip/core/ipv4/autoip.o
                                         0xa9 (size before relaxing)
 *fill*         0x00000000000675b5        0x3 
 .rodata.str1.4
                0x00000000000675b8      0x350 obj/default/lwip/core/ipv4/dhcp.o
                                        0x3a9 (size before relaxing)
 .rodata.str1.4
                0x0000000000067908      0x1b2 obj/default/lwip/core/ipv4/etharp.o
                                        0x1ea (size before relaxing)
 *fill*         0x0000000000067aba        0x2 
 .rodata.str1.4
                0x0000000000067abc       0xae obj/default/lwip/core/ipv4/icmp.o
                                         0xd6 (size before relaxing)
 *fill*         0x0000000000067b6a        0x2 
 .rodata.str1.4
                0x0000000000067b6c      0x30d obj/default/lwip/core/ipv4/igmp.o
                                        0x335 (size before relaxing)
 *fill*         0x0000000000067e79        0x3 
 .rodata.str1.4
                0x0000000000067e7c       0x51 obj/default/lwip/core/ipv4/ip4.o
                                         0x79 (size before relaxing)
 *fill*         0x0000000000067ecd        0x3 
 .rodata.str1.4
                0x0000000000067ed0       0x26 obj/default/lwip/core/ipv4/ip4_addr.o
                                         0x50 (size before relaxing)
 *fill*         0x0000000000067ef6        0x2 
 .rodata        0x0000000000067ef8       0x28 obj/default/lwip/core/ipv4/ip4_addr.o
                0x0000000000067ef8                ip_addr_broadcast
                0x0000000000067f0c                ip_addr_any
 .rodata.str1.4
                0x0000000000067f20      0x197 obj/default/lwip/core/ipv4/ip4_frag.o
                                        0x1cb (size before relaxing)
 *fill*         0x00000000000680b7        0x1 
 .rodata.str1.4
                0x00000000000680b8       0x95 obj/default/lwip/core/ipv6/icmp6.o
                                         0xbd (size before relaxing)
 *fill*         0x000000000006814d        0x3 
 .rodata.str1.4
                0x0000000000068150       0x46 obj/default/lwip/core/ipv6/ip6.o
                                         0x7a (size before relaxing)
 *fill*         0x0000000000068196        0x2 
 .rodata        0x0000000000068198       0x14 obj/default/lwip/core/ipv6/ip6_addr.o
                0x0000000000068198                ip6_addr_any
 .rodata.str1.4
                0x00000000000681ac      0x117 obj/default/lwip/core/ipv6/ip6_frag.o
                                        0x228 (size before relaxing)
 *fill*         0x00000000000682c3        0x1 
 .rodata.str1.4
                0x00000000000682c4       0x83 obj/default/lwip/core/ipv6/nd6.o
                                         0xc7 (size before relaxing)
 *fill*         0x0000000000068347        0x1 
 .rodata.str1.4
                0x0000000000068348      0x173 obj/default/lwip/core/mem.o
                                        0x19b (size before relaxing)
 *fill*         0x00000000000684bb        0x1 
 .rodata.str1.4
                0x00000000000684bc       0xa7 obj/default/lwip/core/memp.o
                                         0xcf (size before relaxing)
 *fill*         0x0000000000068563        0x1 
 .rodata        0x0000000000068564       0xf0 obj/default/lwip/core/memp.o
                0x0000000000068564                memp_pools
                0x00000000000685a0                memp_PBUF_POOL
                0x00000000000685ac                memp_PBUF
                0x00000000000685b8                memp_MLD6_GROUP
                0x00000000000685c4                memp_IP6_REASSDATA
                0x00000000000685d0                memp_ND6_QUEUE
                0x00000000000685dc                memp_SYS_TIMEOUT
                0x00000000000685e8                memp_IGMP_GROUP
                0x00000000000685f4                memp_ARP_QUEUE
                0x0000000000068600                memp_FRAG_PBUF
                0x000000000006860c                memp_REASSDATA
                0x0000000000068618                memp_TCP_SEG
                0x0000000000068624                memp_TCP_PCB_LISTEN
                0x0000000000068630                memp_TCP_PCB
                0x000000000006863c                memp_UDP_PCB
                0x0000000000068648                memp_RAW_PCB
 .rodata.str1.4
                0x0000000000068654      0x41b obj/default/lwip/core/netif.o
                                        0x453 (size before relaxing)
 *fill*         0x0000000000068a6f        0x1 
 .rodata.str1.4
                0x0000000000068a70      0x3b1 obj/default/lwip/core/pbuf.o
                                        0x3e5 (size before relaxing)
 *fill*         0x0000000000068e21        0x3 
 .rodata.str1.4
                0x0000000000068e24       0xa6 obj/default/lwip/core/raw.o
                                         0xce (size before relaxing)
 *fill*         0x0000000000068eca        0x2 
 .rodata.str1.4
                0x0000000000068ecc      0x78e obj/default/lwip/core/tcp.o
                                        0x7c6 (size before relaxing)
 *fill*         0x000000000006965a        0x2 
 .rodata        0x000000000006965c       0x4c obj/default/lwip/core/tcp.o
                0x000000000006965c                tcp_pcb_lists
 .rodata.str1.4
                0x00000000000696a8      0x3ca obj/default/lwip/core/tcp_in.o
                                        0x3f2 (size before relaxing)
 *fill*         0x0000000000069a72        0x2 
 .rodata.str1.4
                0x0000000000069a74      0x743 obj/default/lwip/core/tcp_out.o
                                        0x76b (size before relaxing)
 *fill*         0x000000000006a1b7        0x1 
 .rodata.str1.4
                0x000000000006a1b8       0x8e obj/default/lwip/core/timeouts.o
                                         0xb6 (size before relaxing)
 *fill*         0x000000000006a246        0x2 
 .rodata        0x000000000006a248       0x58 obj/default/lwip/core/timeouts.o
                0x000000000006a248                lwip_cyclic_timers
 .rodata.str1.4
                0x000000000006a2a0      0x2d0 obj/default/lwip/core/udp.o
                                        0x2f8 (size before relaxing)
 .rodata.str1.4
                0x000000000006a570       0x49 obj/default/lwip/netif/ethernet.o
                                         0x74 (size before relaxing)
 *fill*         0x000000000006a5b9        0x3 
 .rodata.str1.4
                0x000000000006a5bc       0xb6 obj/default/main.o
 *fill*         0x000000000006a672        0x2 
 .rodata.str1.4
                0x000000000006a674       0x52 obj/default/main_menu.o
                                         0x7a (size before relaxing)
 *fill*         0x000000000006a6c6        0x2 
 .rodata.str1.4
                0x000000000006a6c8        0xf obj/default/memcpy_dma.o
 *fill*         0x000000000006a6d7        0x1 
 .rodata        0x000000000006a6d8       0x20 obj/default/resources/plane_player.o
                0x000000000006a6d8                plane_player_seq
 .rodata        0x000000000006a6f8       0x18 obj/default/resources/resource.o
                0x000000000006a6f8                enemies
 .rodata.str1.4
                0x000000000006a710       0x95 obj/default/scoreboard.o
                                         0xb5 (size before relaxing)
 .rodata._ctype_
                0x000000000006a7a5      0x101 d:/softwares/intelfpga_lite/18.1/nios2eds/bin/gnu/h-x86_64-mingw32/bin/../lib/gcc/nios2-elf/5.3.0/../../../../../H-x86_64-mingw32/nios2-elf/lib/mno-hw-mul\libsmallc.a(lib_a-ctype_.o)
                0x000000000006a7a5                _ctype_
 .rodata._ctype_b
                0x000000000006a8a6      0x180 d:/softwares/intelfpga_lite/18.1/nios2eds/bin/gnu/h-x86_64-mingw32/bin/../lib/gcc/nios2-elf/5.3.0/../../../../../H-x86_64-mingw32/nios2-elf/lib/mno-hw-mul\libsmallc.a(lib_a-ctype_.o)
 .rodata.str1.4
                0x000000000006aa26       0x95 d:/softwares/intelfpga_lite/18.1/nios2eds/bin/gnu/h-x86_64-mingw32/bin/../lib/gcc/nios2-elf/5.3.0/../../../../../H-x86_64-mingw32/nios2-elf/lib/mno-hw-mul\libsmallc.a(lib_a-puts.o)
                                          0x2 (size before relaxing)
 *fill*         0x000000000006aa26        0x2 
 .rodata.str1.4
                0x000000000006aa28       0x15 ../ECE385_bsp/\libhal_bsp.a(alt_main.o)
 *fill*         0x000000000006aa3d        0x3 
 .rodata.str1.4
                0x000000000006aa40       0x25 ../ECE385_bsp/\libhal_bsp.a(alt_sys_init.o)
                                         0x75 (size before relaxing)
 *fill*         0x000000000006aa65        0x3 
 .rodata.str1.4
                0x000000000006aa68        0xc ../ECE385_bsp/\libhal_bsp.a(alt_dev.o)
                                          0xa (size before relaxing)
 *(.rodata1)
                0x000000000006aa74                . = ALIGN (0x4)
                0x000000000006aa74                PROVIDE (__ram_rodata_end, ABSOLUTE (.))
                0x0000000000067158                PROVIDE (__flash_rodata_start, LOADADDR (.rodata))

.rwdata         0x000000000006aa74      0x4dc load address 0x000000000006af50
                0x000000000006aa74                PROVIDE (__ram_rwdata_start, ABSOLUTE (.))
                0x000000000006aa74                . = ALIGN (0x4)
 *(.got.plt)
 *(.got)
 *(.data1)
 *(.data .data.* .gnu.linkonce.d.*)
 .data          0x000000000006aa74        0x0 ../ECE385_bsp//obj/HAL/src/crt0.o
 .data          0x000000000006aa74        0x0 obj/default/audio.o
 .data          0x000000000006aa74        0x0 obj/default/comm.o
 .data          0x000000000006aa74        0x0 obj/default/ethernet.o
 .data          0x000000000006aa74        0x0 obj/default/gamelogic.o
 .data          0x000000000006aa74        0x0 obj/default/httpc.o
 .data          0x000000000006aa74        0x0 obj/default/lwip/apps/http/http_client.o
 .data          0x000000000006aa74        0x0 obj/default/lwip/core/altcp.o
 .data          0x000000000006aa74        0x0 obj/default/lwip/core/altcp_alloc.o
 .data          0x000000000006aa74        0x0 obj/default/lwip/core/altcp_tcp.o
 .data          0x000000000006aa74        0x0 obj/default/lwip/core/def.o
 .data          0x000000000006aa74        0x0 obj/default/lwip/core/dns.o
 .data          0x000000000006aa74        0x0 obj/default/lwip/core/inet_chksum.o
 .data          0x000000000006aa74        0x0 obj/default/lwip/core/init.o
 .data          0x000000000006aa74        0x0 obj/default/lwip/core/ip.o
 .data          0x000000000006aa74        0x0 obj/default/lwip/core/ipv4/autoip.o
 .data          0x000000000006aa74        0x0 obj/default/lwip/core/ipv4/dhcp.o
 .data          0x000000000006aa74        0x0 obj/default/lwip/core/ipv4/etharp.o
 .data          0x000000000006aa74        0x0 obj/default/lwip/core/ipv4/icmp.o
 .data          0x000000000006aa74        0x0 obj/default/lwip/core/ipv4/igmp.o
 .data          0x000000000006aa74        0x0 obj/default/lwip/core/ipv4/ip4.o
 .data          0x000000000006aa74        0x0 obj/default/lwip/core/ipv4/ip4_addr.o
 .data          0x000000000006aa74        0x0 obj/default/lwip/core/ipv4/ip4_frag.o
 .data          0x000000000006aa74        0x0 obj/default/lwip/core/ipv6/dhcp6.o
 .data          0x000000000006aa74        0x0 obj/default/lwip/core/ipv6/ethip6.o
 .data          0x000000000006aa74        0x0 obj/default/lwip/core/ipv6/icmp6.o
 .data          0x000000000006aa74        0x0 obj/default/lwip/core/ipv6/inet6.o
 .data          0x000000000006aa74        0x0 obj/default/lwip/core/ipv6/ip6.o
 .data          0x000000000006aa74        0x0 obj/default/lwip/core/ipv6/ip6_addr.o
 .data          0x000000000006aa74        0x0 obj/default/lwip/core/ipv6/ip6_frag.o
 .data          0x000000000006aa74        0x0 obj/default/lwip/core/ipv6/mld6.o
 .data          0x000000000006aa74        0x0 obj/default/lwip/core/ipv6/nd6.o
 .data          0x000000000006aa74        0x0 obj/default/lwip/core/mem.o
 .data          0x000000000006aa74        0x0 obj/default/lwip/core/memp.o
 .data          0x000000000006aa74        0x0 obj/default/lwip/core/netif.o
 .data          0x000000000006aa74        0x0 obj/default/lwip/core/pbuf.o
 .data          0x000000000006aa74        0x0 obj/default/lwip/core/raw.o
 .data          0x000000000006aa74        0x0 obj/default/lwip/core/stats.o
 .data          0x000000000006aa74        0x0 obj/default/lwip/core/sys.o
 .data          0x000000000006aa74        0x0 obj/default/lwip/core/tcp.o
 .data          0x000000000006aa74        0x0 obj/default/lwip/core/tcp_in.o
 .data          0x000000000006aa74        0x0 obj/default/lwip/core/tcp_out.o
 .data          0x000000000006aa74        0x0 obj/default/lwip/core/timeouts.o
 .data          0x000000000006aa74        0x0 obj/default/lwip/core/udp.o
 .data          0x000000000006aa74        0x0 obj/default/lwip/netif/ethernet.o
 .data          0x000000000006aa74        0x0 obj/default/lwip_port/compat.o
 .data          0x000000000006aa74        0x0 obj/default/main.o
 .data          0x000000000006aa74        0x0 obj/default/main_menu.o
 .data          0x000000000006aa74        0x0 obj/default/memcpy_dma.o
 .data          0x000000000006aa74        0x0 obj/default/resources/chinese.o
 .data          0x000000000006aa74        0x0 obj/default/resources/main_menu_bg.o
 .data          0x000000000006aa74        0x0 obj/default/resources/music.o
 .data          0x000000000006aa74        0x0 obj/default/resources/plane_player.o
 .data          0x000000000006aa74       0x5c obj/default/resources/resource.o
                0x000000000006aa74                explosion_sequence
 .data          0x000000000006aad0        0x0 obj/default/resources/scoreboard_bg.o
 .data          0x000000000006aad0        0x0 obj/default/resources/sound_explosion.o
 .data          0x000000000006aad0        0x0 obj/default/resources/vga_fonts.o
 .data          0x000000000006aad0        0x0 obj/default/rng.o
 .data          0x000000000006aad0        0x0 obj/default/scoreboard.o
 .data          0x000000000006aad0       0x40 obj/default/sprites.o
                0x000000000006aad0                vga_bullets
                0x000000000006aae0                vga_planes
                0x000000000006aaf0                vga_planes_sprite_data
 .data          0x000000000006ab10        0x0 obj/default/vga.o
 .data          0x000000000006ab10        0x0 d:/softwares/intelfpga_lite/18.1/nios2eds/bin/gnu/h-x86_64-mingw32/bin/../lib/gcc/nios2-elf/5.3.0/mno-hw-mul\libgcc.a(lib2-divmod.o)
 .data          0x000000000006ab10        0x0 d:/softwares/intelfpga_lite/18.1/nios2eds/bin/gnu/h-x86_64-mingw32/bin/../lib/gcc/nios2-elf/5.3.0/mno-hw-mul\libgcc.a(lib2-mul.o)
 .data          0x000000000006ab10        0x0 d:/softwares/intelfpga_lite/18.1/nios2eds/bin/gnu/h-x86_64-mingw32/bin/../lib/gcc/nios2-elf/5.3.0/../../../../../H-x86_64-mingw32/nios2-elf/lib/mno-hw-mul\libsmallc.a(lib_a-abort.o)
 .data          0x000000000006ab10        0x0 d:/softwares/intelfpga_lite/18.1/nios2eds/bin/gnu/h-x86_64-mingw32/bin/../lib/gcc/nios2-elf/5.3.0/../../../../../H-x86_64-mingw32/nios2-elf/lib/mno-hw-mul\libsmallc.a(lib_a-atoi.o)
 .data          0x000000000006ab10        0x0 d:/softwares/intelfpga_lite/18.1/nios2eds/bin/gnu/h-x86_64-mingw32/bin/../lib/gcc/nios2-elf/5.3.0/../../../../../H-x86_64-mingw32/nios2-elf/lib/mno-hw-mul\libsmallc.a(lib_a-clock.o)
 .data          0x000000000006ab10        0x0 d:/softwares/intelfpga_lite/18.1/nios2eds/bin/gnu/h-x86_64-mingw32/bin/../lib/gcc/nios2-elf/5.3.0/../../../../../H-x86_64-mingw32/nios2-elf/lib/mno-hw-mul\libsmallc.a(lib_a-ctype_.o)
 .data          0x000000000006ab10        0x0 d:/softwares/intelfpga_lite/18.1/nios2eds/bin/gnu/h-x86_64-mingw32/bin/../lib/gcc/nios2-elf/5.3.0/../../../../../H-x86_64-mingw32/nios2-elf/lib/mno-hw-mul\libsmallc.a(lib_a-impure.o)
 .data.impure_data
                0x000000000006ab10       0xe0 d:/softwares/intelfpga_lite/18.1/nios2eds/bin/gnu/h-x86_64-mingw32/bin/../lib/gcc/nios2-elf/5.3.0/../../../../../H-x86_64-mingw32/nios2-elf/lib/mno-hw-mul\libsmallc.a(lib_a-impure.o)
 .data          0x000000000006abf0        0x0 d:/softwares/intelfpga_lite/18.1/nios2eds/bin/gnu/h-x86_64-mingw32/bin/../lib/gcc/nios2-elf/5.3.0/../../../../../H-x86_64-mingw32/nios2-elf/lib/mno-hw-mul\libsmallc.a(lib_a-memcmp.o)
 .data          0x000000000006abf0        0x0 d:/softwares/intelfpga_lite/18.1/nios2eds/bin/gnu/h-x86_64-mingw32/bin/../lib/gcc/nios2-elf/5.3.0/../../../../../H-x86_64-mingw32/nios2-elf/lib/mno-hw-mul\libsmallc.a(lib_a-memcpy.o)
 .data          0x000000000006abf0        0x0 d:/softwares/intelfpga_lite/18.1/nios2eds/bin/gnu/h-x86_64-mingw32/bin/../lib/gcc/nios2-elf/5.3.0/../../../../../H-x86_64-mingw32/nios2-elf/lib/mno-hw-mul\libsmallc.a(lib_a-memmove.o)
 .data          0x000000000006abf0        0x0 d:/softwares/intelfpga_lite/18.1/nios2eds/bin/gnu/h-x86_64-mingw32/bin/../lib/gcc/nios2-elf/5.3.0/../../../../../H-x86_64-mingw32/nios2-elf/lib/mno-hw-mul\libsmallc.a(lib_a-memset.o)
 .data          0x000000000006abf0        0x0 d:/softwares/intelfpga_lite/18.1/nios2eds/bin/gnu/h-x86_64-mingw32/bin/../lib/gcc/nios2-elf/5.3.0/../../../../../H-x86_64-mingw32/nios2-elf/lib/mno-hw-mul\libsmallc.a(lib_a-printf.o)
 .data          0x000000000006abf0        0x0 d:/softwares/intelfpga_lite/18.1/nios2eds/bin/gnu/h-x86_64-mingw32/bin/../lib/gcc/nios2-elf/5.3.0/../../../../../H-x86_64-mingw32/nios2-elf/lib/mno-hw-mul\libsmallc.a(lib_a-puts.o)
 .data          0x000000000006abf0        0x0 d:/softwares/intelfpga_lite/18.1/nios2eds/bin/gnu/h-x86_64-mingw32/bin/../lib/gcc/nios2-elf/5.3.0/../../../../../H-x86_64-mingw32/nios2-elf/lib/mno-hw-mul\libsmallc.a(lib_a-signal.o)
 .data          0x000000000006abf0        0x0 d:/softwares/intelfpga_lite/18.1/nios2eds/bin/gnu/h-x86_64-mingw32/bin/../lib/gcc/nios2-elf/5.3.0/../../../../../H-x86_64-mingw32/nios2-elf/lib/mno-hw-mul\libsmallc.a(lib_a-signalr.o)
 .data          0x000000000006abf0        0x0 d:/softwares/intelfpga_lite/18.1/nios2eds/bin/gnu/h-x86_64-mingw32/bin/../lib/gcc/nios2-elf/5.3.0/../../../../../H-x86_64-mingw32/nios2-elf/lib/mno-hw-mul\libsmallc.a(lib_a-snprintf.o)
 .data          0x000000000006abf0        0x0 d:/softwares/intelfpga_lite/18.1/nios2eds/bin/gnu/h-x86_64-mingw32/bin/../lib/gcc/nios2-elf/5.3.0/../../../../../H-x86_64-mingw32/nios2-elf/lib/mno-hw-mul\libsmallc.a(lib_a-strcmp.o)
 .data          0x000000000006abf0        0x0 d:/softwares/intelfpga_lite/18.1/nios2eds/bin/gnu/h-x86_64-mingw32/bin/../lib/gcc/nios2-elf/5.3.0/../../../../../H-x86_64-mingw32/nios2-elf/lib/mno-hw-mul\libsmallc.a(lib_a-strlen.o)
 .data          0x000000000006abf0        0x0 d:/softwares/intelfpga_lite/18.1/nios2eds/bin/gnu/h-x86_64-mingw32/bin/../lib/gcc/nios2-elf/5.3.0/../../../../../H-x86_64-mingw32/nios2-elf/lib/mno-hw-mul\libsmallc.a(lib_a-strncmp.o)
 .data          0x000000000006abf0        0x0 d:/softwares/intelfpga_lite/18.1/nios2eds/bin/gnu/h-x86_64-mingw32/bin/../lib/gcc/nios2-elf/5.3.0/../../../../../H-x86_64-mingw32/nios2-elf/lib/mno-hw-mul\libsmallc.a(lib_a-strtol.o)
 .data          0x000000000006abf0        0x0 d:/softwares/intelfpga_lite/18.1/nios2eds/bin/gnu/h-x86_64-mingw32/bin/../lib/gcc/nios2-elf/5.3.0/../../../../../H-x86_64-mingw32/nios2-elf/lib/mno-hw-mul\libsmallc.a(lib_a-svfprintf.o)
 .data          0x000000000006abf0        0x0 d:/softwares/intelfpga_lite/18.1/nios2eds/bin/gnu/h-x86_64-mingw32/bin/../lib/gcc/nios2-elf/5.3.0/../../../../../H-x86_64-mingw32/nios2-elf/lib/mno-hw-mul\libsmallc.a(lib_a-timesr.o)
 .data          0x000000000006abf0        0x0 d:/softwares/intelfpga_lite/18.1/nios2eds/bin/gnu/h-x86_64-mingw32/bin/../lib/gcc/nios2-elf/5.3.0/../../../../../H-x86_64-mingw32/nios2-elf/lib/mno-hw-mul\libsmallc.a(lib_a-vfprintf.o)
 .data          0x000000000006abf0        0x0 d:/softwares/intelfpga_lite/18.1/nios2eds/bin/gnu/h-x86_64-mingw32/bin/../lib/gcc/nios2-elf/5.3.0/../../../../../H-x86_64-mingw32/nios2-elf/lib/mno-hw-mul\libsmallc.a(lib_a-fvwrite_small_dev.o)
 .data          0x000000000006abf0        0x0 d:/softwares/intelfpga_lite/18.1/nios2eds/bin/gnu/h-x86_64-mingw32/bin/../lib/gcc/nios2-elf/5.3.0/../../../../../H-x86_64-mingw32/nios2-elf/lib/mno-hw-mul\libsmallc.a(lib_a-fvwrite_small_str.o)
 .data          0x000000000006abf0        0x0 d:/softwares/intelfpga_lite/18.1/nios2eds/bin/gnu/h-x86_64-mingw32/bin/../lib/gcc/nios2-elf/5.3.0/../../../../../H-x86_64-mingw32/nios2-elf/lib/mno-hw-mul\libsmallc.a(lib_a-int_errno.o)
 .data          0x000000000006abf0        0x0 d:/softwares/intelfpga_lite/18.1/nios2eds/bin/gnu/h-x86_64-mingw32/bin/../lib/gcc/nios2-elf/5.3.0/../../../../../H-x86_64-mingw32/nios2-elf/lib/mno-hw-mul\libsmallc.a(lib_a-nano-mallocr.o)
 .data          0x000000000006abf0        0x0 d:/softwares/intelfpga_lite/18.1/nios2eds/bin/gnu/h-x86_64-mingw32/bin/../lib/gcc/nios2-elf/5.3.0/../../../../../H-x86_64-mingw32/nios2-elf/lib/mno-hw-mul\libsmallc.a(lib_a-sbrkr.o)
 .data          0x000000000006abf0        0x0 d:/softwares/intelfpga_lite/18.1/nios2eds/bin/gnu/h-x86_64-mingw32/bin/../lib/gcc/nios2-elf/5.3.0/../../../../../H-x86_64-mingw32/nios2-elf/lib/mno-hw-mul\libsmallc.a(lib_a-writer.o)
 .data          0x000000000006abf0        0x0 ../ECE385_bsp/\libhal_bsp.a(alt_exit.o)
 .data          0x000000000006abf0        0x0 ../ECE385_bsp/\libhal_bsp.a(alt_getpid.o)
 .data          0x000000000006abf0        0x0 ../ECE385_bsp/\libhal_bsp.a(alt_iic.o)
 .data          0x000000000006abf0        0x0 ../ECE385_bsp/\libhal_bsp.a(alt_iic_isr_register.o)