Archive member included to satisfy reference by file (symbol)

d:/softwares/intelfpga_lite/18.1/nios2eds/bin/gnu/h-x86_64-mingw32/bin/../lib/gcc/nios2-elf/5.3.0/mno-hw-mul\libgcc.a(lib2-divmod.o)
                              obj/default/lwip/core/def.o (__divsi3)
d:/softwares/intelfpga_lite/18.1/nios2eds/bin/gnu/h-x86_64-mingw32/bin/../lib/gcc/nios2-elf/5.3.0/mno-hw-mul\libgcc.a(lib2-mul.o)
                              obj/default/gamelogic.o (__mulsi3)
d:/softwares/intelfpga_lite/18.1/nios2eds/bin/gnu/h-x86_64-mingw32/bin/../lib/gcc/nios2-elf/5.3.0/../../../../../H-x86_64-mingw32/nios2-elf/lib/mno-hw-mul\libsmallc.a(lib_a-abort.o)
                              obj/default/lwip/core/dns.o (abort)
d:/softwares/intelfpga_lite/18.1/nios2eds/bin/gnu/h-x86_64-mingw32/bin/../lib/gcc/nios2-elf/5.3.0/../../../../../H-x86_64-mingw32/nios2-elf/lib/mno-hw-mul\libsmallc.a(lib_a-atoi.o)
                              obj/default/lwip/core/netif.o (atoi)
d:/softwares/intelfpga_lite/18.1/nios2eds/bin/gnu/h-x86_64-mingw32/bin/../lib/gcc/nios2-elf/5.3.0/../../../../../H-x86_64-mingw32/nios2-elf/lib/mno-hw-mul\libsmallc.a(lib_a-clock.o)
                              obj/default/lwip_port/compat.o (clock)
d:/softwares/intelfpga_lite/18.1/nios2eds/bin/gnu/h-x86_64-mingw32/bin/../lib/gcc/nios2-elf/5.3.0/../../../../../H-x86_64-mingw32/nios2-elf/lib/mno-hw-mul\libsmallc.a(lib_a-ctype_.o)
                              obj/default/lwip/core/dns.o (__ctype_ptr__)
d:/softwares/intelfpga_lite/18.1/nios2eds/bin/gnu/h-x86_64-mingw32/bin/../lib/gcc/nios2-elf/5.3.0/../../../../../H-x86_64-mingw32/nios2-elf/lib/mno-hw-mul\libsmallc.a(lib_a-impure.o)
                              d:/softwares/intelfpga_lite/18.1/nios2eds/bin/gnu/h-x86_64-mingw32/bin/../lib/gcc/nios2-elf/5.3.0/../../../../../H-x86_64-mingw32/nios2-elf/lib/mno-hw-mul\libsmallc.a(lib_a-clock.o) (_impure_ptr)
d:/softwares/intelfpga_lite/18.1/nios2eds/bin/gnu/h-x86_64-mingw32/bin/../lib/gcc/nios2-elf/5.3.0/../../../../../H-x86_64-mingw32/nios2-elf/lib/mno-hw-mul\libsmallc.a(lib_a-memcmp.o)
                              obj/default/lwip/core/ipv4/autoip.o (memcmp)
d:/softwares/intelfpga_lite/18.1/nios2eds/bin/gnu/h-x86_64-mingw32/bin/../lib/gcc/nios2-elf/5.3.0/../../../../../H-x86_64-mingw32/nios2-elf/lib/mno-hw-mul\libsmallc.a(lib_a-memcpy.o)
                              obj/default/lwip/core/dns.o (memcpy)
d:/softwares/intelfpga_lite/18.1/nios2eds/bin/gnu/h-x86_64-mingw32/bin/../lib/gcc/nios2-elf/5.3.0/../../../../../H-x86_64-mingw32/nios2-elf/lib/mno-hw-mul\libsmallc.a(lib_a-memmove.o)
                              obj/default/lwip/core/def.o (memmove)
d:/softwares/intelfpga_lite/18.1/nios2eds/bin/gnu/h-x86_64-mingw32/bin/../lib/gcc/nios2-elf/5.3.0/../../../../../H-x86_64-mingw32/nios2-elf/lib/mno-hw-mul\libsmallc.a(lib_a-memset.o)
                              obj/default/lwip/core/ipv4/dhcp.o (memset)
d:/softwares/intelfpga_lite/18.1/nios2eds/bin/gnu/h-x86_64-mingw32/bin/../lib/gcc/nios2-elf/5.3.0/../../../../../H-x86_64-mingw32/nios2-elf/lib/mno-hw-mul\libsmallc.a(lib_a-printf.o)
                              obj/default/gamelogic.o (printf)
d:/softwares/intelfpga_lite/18.1/nios2eds/bin/gnu/h-x86_64-mingw32/bin/../lib/gcc/nios2-elf/5.3.0/../../../../../H-x86_64-mingw32/nios2-elf/lib/mno-hw-mul\libsmallc.a(lib_a-puts.o)
                              obj/default/ethernet.o (puts)
d:/softwares/intelfpga_lite/18.1/nios2eds/bin/gnu/h-x86_64-mingw32/bin/../lib/gcc/nios2-elf/5.3.0/../../../../../H-x86_64-mingw32/nios2-elf/lib/mno-hw-mul\libsmallc.a(lib_a-signal.o)
                              d:/softwares/intelfpga_lite/18.1/nios2eds/bin/gnu/h-x86_64-mingw32/bin/../lib/gcc/nios2-elf/5.3.0/../../../../../H-x86_64-mingw32/nios2-elf/lib/mno-hw-mul\libsmallc.a(lib_a-abort.o) (raise)
d:/softwares/intelfpga_lite/18.1/nios2eds/bin/gnu/h-x86_64-mingw32/bin/../lib/gcc/nios2-elf/5.3.0/../../../../../H-x86_64-mingw32/nios2-elf/lib/mno-hw-mul\libsmallc.a(lib_a-signalr.o)
                              d:/softwares/intelfpga_lite/18.1/nios2eds/bin/gnu/h-x86_64-mingw32/bin/../lib/gcc/nios2-elf/5.3.0/../../../../../H-x86_64-mingw32/nios2-elf/lib/mno-hw-mul\libsmallc.a(lib_a-signal.o) (_kill_r)
d:/softwares/intelfpga_lite/18.1/nios2eds/bin/gnu/h-x86_64-mingw32/bin/../lib/gcc/nios2-elf/5.3.0/../../../../../H-x86_64-mingw32/nios2-elf/lib/mno-hw-mul\libsmallc.a(lib_a-strlen.o)
                              obj/default/lwip/core/def.o (strlen)
d:/softwares/intelfpga_lite/18.1/nios2eds/bin/gnu/h-x86_64-mingw32/bin/../lib/gcc/nios2-elf/5.3.0/../../../../../H-x86_64-mingw32/nios2-elf/lib/mno-hw-mul\libsmallc.a(lib_a-strncmp.o)
                              obj/default/lwip/core/def.o (strncmp)
d:/softwares/intelfpga_lite/18.1/nios2eds/bin/gnu/h-x86_64-mingw32/bin/../lib/gcc/nios2-elf/5.3.0/../../../../../H-x86_64-mingw32/nios2-elf/lib/mno-hw-mul\libsmallc.a(lib_a-strtol.o)
[...]
Memory Configuration

Name             Origin             Length             Attributes
vga_sprite_7     0x0000000000000000 0x0000000000002000
vga_sprite_6     0x0000000000002000 0x0000000000002000
audio_mem        0x0000000000004000 0x0000000000004000
vga_sprite_5     0x0000000000008000 0x0000000000002000
vga_sprite_4     0x000000000000a000 0x0000000000002000
vga_sprite_3     0x000000000000c000 0x0000000000002000
vga_sprite_2     0x000000000000e000 0x0000000000002000
vga_sprite_1     0x0000000000010000 0x0000000000002000
vga_sprite_0     0x0000000000012000 0x0000000000002000
usb_keycode      0x0000000000015000 0x0000000000000400
reset            0x0000000000040000 0x0000000000000020
nios2_onchip_mem 0x0000000000040020 0x000000000003ffe0
sdram            0x0000000008000000 0x0000000008000000
*default*        0x0000000000000000 0xffffffffffffffff

Linker script and memory map

LOAD ../ECE385_bsp//obj/HAL/src/crt0.o
LOAD obj/default/comm.o
LOAD obj/default/ethernet.o
LOAD obj/default/gamelogic.o
LOAD obj/default/lwip/core/altcp.o
LOAD obj/default/lwip/core/altcp_alloc.o
LOAD obj/default/lwip/core/altcp_tcp.o
LOAD obj/default/lwip/core/def.o
LOAD obj/default/lwip/core/dns.o
LOAD obj/default/lwip/core/inet_chksum.o
LOAD obj/default/lwip/core/init.o
LOAD obj/default/lwip/core/ip.o
LOAD obj/default/lwip/core/ipv4/autoip.o
LOAD obj/default/lwip/core/ipv4/dhcp.o
LOAD obj/default/lwip/core/ipv4/etharp.o
LOAD obj/default/lwip/core/ipv4/icmp.o
LOAD obj/default/lwip/core/ipv4/igmp.o
LOAD obj/default/lwip/core/ipv4/ip4.o
LOAD obj/default/lwip/core/ipv4/ip4_addr.o
LOAD obj/default/lwip/core/ipv4/ip4_frag.o
LOAD obj/default/lwip/core/ipv6/dhcp6.o
LOAD obj/default/lwip/core/ipv6/ethip6.o
LOAD obj/default/lwip/core/ipv6/icmp6.o
LOAD obj/default/lwip/core/ipv6/inet6.o
LOAD obj/default/lwip/core/ipv6/ip6.o
LOAD obj/default/lwip/core/ipv6/ip6_addr.o
LOAD obj/default/lwip/core/ipv6/ip6_frag.o
LOAD obj/default/lwip/core/ipv6/mld6.o
LOAD obj/default/lwip/core/ipv6/nd6.o
LOAD obj/default/lwip/core/mem.o
LOAD obj/default/lwip/core/memp.o
LOAD obj/default/lwip/core/netif.o
LOAD obj/default/lwip/core/pbuf.o
LOAD obj/default/lwip/core/raw.o
LOAD obj/default/lwip/core/stats.o
LOAD obj/default/lwip/core/sys.o
LOAD obj/default/lwip/core/tcp.o
LOAD obj/default/lwip/core/tcp_in.o
LOAD obj/default/lwip/core/tcp_out.o
LOAD obj/default/lwip/core/timeouts.o
LOAD obj/default/lwip/core/udp.o
LOAD obj/default/lwip/netif/ethernet.o
LOAD obj/default/lwip_port/compat.o
LOAD obj/default/main.o
LOAD obj/default/resource.o
LOAD obj/default/rng.o
LOAD obj/default/sprites.o
LOAD obj/default/vga.o
LOAD d:/softwares/intelfpga_lite/18.1/nios2eds/bin/gnu/h-x86_64-mingw32/bin/../lib/gcc/nios2-elf/5.3.0/../../../../../H-x86_64-mingw32/nios2-elf/lib/mno-hw-mul\libstdc++.a
LOAD d:/softwares/intelfpga_lite/18.1/nios2eds/bin/gnu/h-x86_64-mingw32/bin/../lib/gcc/nios2-elf/5.3.0/../../../../../H-x86_64-mingw32/nios2-elf/lib/mno-hw-mul\libm.a
LOAD d:/softwares/intelfpga_lite/18.1/nios2eds/bin/gnu/h-x86_64-mingw32/bin/../lib/gcc/nios2-elf/5.3.0/mno-hw-mul\libgcc.a
START GROUP
LOAD d:/softwares/intelfpga_lite/18.1/nios2eds/bin/gnu/h-x86_64-mingw32/bin/../lib/gcc/nios2-elf/5.3.0/../../../../../H-x86_64-mingw32/nios2-elf/lib/mno-hw-mul\libsmallc.a
LOAD d:/softwares/intelfpga_lite/18.1/nios2eds/bin/gnu/h-x86_64-mingw32/bin/../lib/gcc/nios2-elf/5.3.0/mno-hw-mul\libgcc.a
LOAD ../ECE385_bsp/\libhal_bsp.a
LOAD d:/softwares/intelfpga_lite/18.1/nios2eds/bin/gnu/h-x86_64-mingw32/bin/../lib/gcc/nios2-elf/5.3.0/../../../../../H-x86_64-mingw32/nios2-elf/lib/mno-hw-mul\libm.a
END GROUP
LOAD d:/softwares/intelfpga_lite/18.1/nios2eds/bin/gnu/h-x86_64-mingw32/bin/../lib/gcc/nios2-elf/5.3.0/mno-hw-mul\libgcc.a
                0x0000000000000000                __alt_mem_vga_sprite_7 = 0x0
                0x0000000000002000                __alt_mem_vga_sprite_6 = 0x2000
                0x0000000000004000                __alt_mem_audio_mem = 0x4000
                0x0000000000008000                __alt_mem_vga_sprite_5 = 0x8000
                0x000000000000a000                __alt_mem_vga_sprite_4 = 0xa000
                0x000000000000c000                __alt_mem_vga_sprite_3 = 0xc000
                0x000000000000e000                __alt_mem_vga_sprite_2 = 0xe000
                0x0000000000010000                __alt_mem_vga_sprite_1 = 0x10000
                0x0000000000012000                __alt_mem_vga_sprite_0 = 0x12000
                0x0000000000015000                __alt_mem_usb_keycode = 0x15000
                0x0000000000040000                __alt_mem_nios2_onchip_mem = 0x40000
                0x0000000008000000                __alt_mem_sdram = 0x8000000

.entry          0x0000000000040000       0x20
 *(.entry)
 .entry         0x0000000000040000       0x20 ../ECE385_bsp//obj/HAL/src/crt0.o
                0x0000000000040000                __reset

.exceptions     0x0000000000040020      0x164
                0x0000000000040020                PROVIDE (__ram_exceptions_start, ABSOLUTE (.))
                0x0000000000040020                . = ALIGN (0x20)
 *(.irq)
 *(.exceptions.entry.label)
 .exceptions.entry.label
                0x0000000000040020        0x0 ../ECE385_bsp/\libhal_bsp.a(alt_irq_entry.o)
                0x0000000000040020                alt_irq_entry
 .exceptions.entry.label
                0x0000000000040020        0x0 ../ECE385_bsp/\libhal_bsp.a(alt_exception_entry.o)
                0x0000000000040020                alt_exception
 *(.exceptions.entry.user)
 *(.exceptions.entry.ecc_fatal)
 *(.exceptions.entry)
 .exceptions.entry
                0x0000000000040020       0x54 ../ECE385_bsp/\libhal_bsp.a(alt_exception_entry.o)
 *(.exceptions.irqtest.user)
 *(.exceptions.irqtest)
 .exceptions.irqtest
                0x0000000000040074       0x10 ../ECE385_bsp/\libhal_bsp.a(alt_irq_entry.o)
 *(.exceptions.irqhandler.user)
 *(.exceptions.irqhandler)
 .exceptions.irqhandler
                0x0000000000040084        0x4 ../ECE385_bsp/\libhal_bsp.a(alt_irq_entry.o)
 *(.exceptions.irqreturn.user)
 *(.exceptions.irqreturn)
 .exceptions.irqreturn
                0x0000000000040088        0x4 ../ECE385_bsp/\libhal_bsp.a(alt_irq_entry.o)
 *(.exceptions.notirq.label)
 .exceptions.notirq.label
                0x000000000004008c        0x0 ../ECE385_bsp/\libhal_bsp.a(alt_irq_entry.o)
 *(.exceptions.notirq.user)
 *(.exceptions.notirq)
 .exceptions.notirq
                0x000000000004008c        0x8 ../ECE385_bsp/\libhal_bsp.a(alt_exception_entry.o)
 *(.exceptions.soft.user)
 *(.exceptions.soft)
 *(.exceptions.unknown.user)
 *(.exceptions.unknown)
 .exceptions.unknown
                0x0000000000040094       0x14 ../ECE385_bsp/\libhal_bsp.a(alt_exception_entry.o)
 *(.exceptions.exit.label)
 .exceptions.exit.label
                0x00000000000400a8        0x0 ../ECE385_bsp/\libhal_bsp.a(alt_irq_entry.o)
 .exceptions.exit.label
                0x00000000000400a8        0x0 ../ECE385_bsp/\libhal_bsp.a(alt_exception_entry.o)
 *(.exceptions.exit.user)
 *(.exceptions.exit)
 .exceptions.exit
                0x00000000000400a8       0x54 ../ECE385_bsp/\libhal_bsp.a(alt_exception_entry.o)
 *(.exceptions)
 .exceptions    0x00000000000400fc       0x64 ../ECE385_bsp/\libhal_bsp.a(alt_irq_handler.o)
                0x00000000000400fc                alt_irq_handler
 .exceptions    0x0000000000040160       0x24 ../ECE385_bsp/\libhal_bsp.a(alt_instruction_exception_entry.o)
                0x0000000000040160                alt_instruction_exception_entry
                0x0000000000040184                PROVIDE (__ram_exceptions_end, ABSOLUTE (.))
                0x0000000000040020                PROVIDE (__flash_exceptions_start, LOADADDR (.exceptions))

.resources      0x0000000008000000    0x98880
                [!provide]                        PROVIDE (_alt_partition_resources_start, ABSOLUTE (.))
 *(.resources .resources.*)
 .resources     0x0000000008000000    0x98880 obj/default/resource.o
                0x0000000008000000                background
                0x0000000008096000                plane2
                0x0000000008096c60                plane
                0x0000000008098880                . = ALIGN (0x4)
                [!provide]                        PROVIDE (_alt_partition_resources_end, ABSOLUTE (.))

.onchip         0x0000000000040184     0x1900
                [!provide]                        PROVIDE (_alt_partition_onchip_start, ABSOLUTE (.))
 *(.onchip .onchip.*)
 .onchip        0x0000000000040184     0x1900 obj/default/ethernet.o
                0x0000000000040184                eth1_rx_frame
                0x0000000000040984                eth0_rx_frame
                0x0000000000041184                tx_frame
                0x0000000000041984                eth1_rx_descriptor_end
                0x00000000000419a4                eth1_rx_descriptor
                0x00000000000419c4                eth1_tx_descriptor_end
                0x00000000000419e4                eth1_tx_descriptor
                0x0000000000041a04                eth0_rx_descriptor_end
                0x0000000000041a24                eth0_rx_descriptor
                0x0000000000041a44                eth0_tx_descriptor_end
                0x0000000000041a64                eth0_tx_descriptor
                0x0000000000041a84                . = ALIGN (0x4)
                [!provide]                        PROVIDE (_alt_partition_onchip_end, ABSOLUTE (.))

.text           0x0000000000041a84    0x23d88
                [!provide]                        PROVIDE (stext, ABSOLUTE (.))
 *(.interp)
 *(.hash)
 *(.dynsym)
 *(.dynstr)
 *(.gnu.version)
 *(.gnu.version_d)
 *(.gnu.version_r)
 *(.rel.init)
 *(.rela.init)
 *(.rel.text .rel.text.* .rel.gnu.linkonce.t.*)
 *(.rela.text .rela.text.* .rela.gnu.linkonce.t.*)
 *(.rel.fini)
 *(.rela.fini)
 *(.rel.rodata .rel.rodata.* .rel.gnu.linkonce.r.*)
 *(.rela.rodata .rela.rodata.* .rela.gnu.linkonce.r.*)
 *(.rel.data .rel.data.* .rel.gnu.linkonce.d.*)
 *(.rela.data .rela.data.* .rela.gnu.linkonce.d.*)
 *(.rel.tdata .rel.tdata.* .rel.gnu.linkonce.td.*)
 *(.rela.tdata .rela.tdata.* .rela.gnu.linkonce.td.*)
 *(.rel.tbss .rel.tbss.* .rel.gnu.linkonce.tb.*)
 *(.rela.tbss .rela.tbss.* .rela.gnu.linkonce.tb.*)
 *(.rel.ctors)
 *(.rela.ctors)
 *(.rel.dtors)
 *(.rela.dtors)
 *(.rel.got)
 *(.rela.got)
 *(.rel.sdata .rel.sdata.* .rel.gnu.linkonce.s.*)
 *(.rela.sdata .rela.sdata.* .rela.gnu.linkonce.s.*)
 *(.rel.sbss .rel.sbss.* .rel.gnu.linkonce.sb.*)
 *(.rela.sbss .rela.sbss.* .rela.gnu.linkonce.sb.*)
 *(.rel.sdata2 .rel.sdata2.* .rel.gnu.linkonce.s2.*)
 *(.rela.sdata2 .rela.sdata2.* .rela.gnu.linkonce.s2.*)
 *(.rel.sbss2 .rel.sbss2.* .rel.gnu.linkonce.sb2.*)
 *(.rela.sbss2 .rela.sbss2.* .rela.gnu.linkonce.sb2.*)
 *(.rel.bss .rel.bss.* .rel.gnu.linkonce.b.*)
 *(.rela.bss .rela.bss.* .rela.gnu.linkonce.b.*)
 *(.rel.plt)
 *(.rela.plt)
 *(.rel.dyn)
 *(.init)
 *(.plt)
 *(.text .stub .text.* .gnu.linkonce.t.*)
 .text          0x0000000000041a84       0x3c ../ECE385_bsp//obj/HAL/src/crt0.o
                0x0000000000041a84                _start
 .text          0x0000000000041ac0        0x0 obj/default/comm.o
 .text          0x0000000000041ac0      0x7d4 obj/default/ethernet.o
                0x0000000000041ac0                eth0_rx_interrupt
                0x0000000000041b04                eth1_rx_interrupt
                0x0000000000041b48                eth0_tx
                0x0000000000041bd8                eth1_tx
                0x0000000000041c68                eth_init
                0x0000000000041d7c                eth_ip_reverse
                0x0000000000041da4                eth0_rx_start
                0x0000000000041df4                eth0_init
                0x0000000000041f00                eth0_ip
                0x0000000000041f34                eth1_rx_start
                0x0000000000041f84                eth_loop
                0x0000000000042154                eth1_init
                0x0000000000042260                eth1_ip
 .text          0x0000000000042294      0xc30 obj/default/gamelogic.o
                0x0000000000042524                game_init
                0x000000000004267c                handle_player_plane_keyboard
                0x0000000000042c2c                handle_enemy_planes_spawn
                0x0000000000042c40                handle_enemy_planes_firing
                0x0000000000042e04                game_loop
 .text          0x0000000000042ec4        0x0 obj/default/lwip/core/altcp.o
 .text          0x0000000000042ec4        0x0 obj/default/lwip/core/altcp_alloc.o
 .text          0x0000000000042ec4        0x0 obj/default/lwip/core/altcp_tcp.o
 .text          0x0000000000042ec4      0x2e8 obj/default/lwip/core/def.o
                0x0000000000042ec4                lwip_htons
                0x0000000000042ed8                lwip_htonl
                0x0000000000042f00                lwip_strnstr
                0x0000000000042fa8                lwip_stricmp
                0x0000000000043018                lwip_strnicmp
                0x000000000004309c                lwip_itoa
 .text          0x00000000000431ac     0x1688 obj/default/lwip/core/dns.o
                0x00000000000441d8                dns_init
                0x00000000000441dc                dns_setserver
                0x00000000000442a0                dns_getserver
                0x00000000000442e0                dns_tmr
                0x0000000000044310                dns_gethostbyname_addrtype
                0x0000000000044814                dns_gethostbyname
 .text.unlikely
                0x0000000000044834       0xcc obj/default/lwip/core/dns.o
 .text          0x0000000000044900      0x608 obj/default/lwip/core/inet_chksum.o
                0x0000000000044900                lwip_standard_chksum
                0x0000000000044c38                inet_chksum_pseudo
                0x0000000000044c84                ip6_chksum_pseudo
                0x0000000000044ce8                ip_chksum_pseudo
                0x0000000000044d28                inet_chksum_pseudo_partial
                0x0000000000044d80                ip6_chksum_pseudo_partial
                0x0000000000044df0                ip_chksum_pseudo_partial
                0x0000000000044e38                inet_chksum
                0x0000000000044e58                inet_chksum_pbuf
 .text          0x0000000000044f08       0x30 obj/default/lwip/core/init.o
                0x0000000000044f08                lwip_init
 .text          0x0000000000044f38       0xc4 obj/default/lwip/core/ip.o
                0x0000000000044f38                ipaddr_ntoa
                0x0000000000044f58                ipaddr_ntoa_r
                0x0000000000044f78                ipaddr_aton
                0x0000000000044fd4                ip_input
 .text          0x0000000000044ffc      0x670 obj/default/lwip/core/ipv4/autoip.o
                0x0000000000045088                autoip_set_struct
                0x0000000000045164                autoip_start
                0x00000000000452a4                autoip_network_changed
                0x00000000000452bc                autoip_stop
                0x0000000000045308                autoip_tmr
                0x00000000000454d0                autoip_arp_reply
                0x0000000000045624                autoip_supplied_address
                0x000000000004564c                autoip_accept_packet
 .text          0x000000000004566c     0x2a74 obj/default/lwip/core/ipv4/dhcp.o
                0x0000000000047230                dhcp_set_struct
                0x0000000000047304                dhcp_cleanup
                0x0000000000047364                dhcp_inform
                0x00000000000474c0                dhcp_network_changed
                0x0000000000047590                dhcp_arp_reply
                0x0000000000047710                dhcp_renew
                0x00000000000478fc                dhcp_release_and_stop
                0x0000000000047b20                dhcp_start
                0x0000000000047c74                dhcp_coarse_tmr
                0x0000000000047f68                dhcp_fine_tmr
                0x0000000000048084                dhcp_release
                0x00000000000480a0                dhcp_stop
                0x00000000000480a4                dhcp_supplied_address
 .text.unlikely
                0x00000000000480e0      0x1f4 obj/default/lwip/core/ipv4/dhcp.o
 .text          0x00000000000482d4     0x14b0 obj/default/lwip/core/ipv4/etharp.o
                0x0000000000048aac                etharp_tmr
                0x0000000000048bd0                etharp_cleanup_netif
                0x0000000000048c60                etharp_find_addr
                0x0000000000048d40                etharp_get_entry
                0x0000000000048e84                etharp_input
                0x00000000000491a0                etharp_query
                0x00000000000494e4                etharp_output
                0x0000000000049744                etharp_request
 .text          0x0000000000049784      0x3d4 obj/default/lwip/core/ipv4/icmp.o
                0x00000000000498c4                icmp_input
                0x0000000000049b40                icmp_dest_unreach
                0x0000000000049b4c                icmp_time_exceeded
 .text          0x0000000000049b58      0xc44 obj/default/lwip/core/ipv4/igmp.o
                0x0000000000049eb0                igmp_init
                0x0000000000049ecc                igmp_start
                0x0000000000049f48                igmp_stop
                0x0000000000049fb8                igmp_report_groups
                0x0000000000049ff8                igmp_lookfor_group
                0x000000000004a030                igmp_input
                0x000000000004a1d0                igmp_joingroup_netif
                0x000000000004a334                igmp_joingroup
                0x000000000004a434                igmp_leavegroup_netif
                0x000000000004a5d8                igmp_leavegroup
                0x000000000004a6f0                igmp_tmr
 .text          0x000000000004a79c      0x998 obj/default/lwip/core/ipv4/ip4.o
                0x000000000004a820                ip4_set_default_multicast_netif
                0x000000000004a828                ip4_route
                0x000000000004a8c8                ip4_input
                0x000000000004aca0                ip4_output_if_opt_src
                0x000000000004af80                ip4_output_if_opt
                0x000000000004afd0                ip4_output_if
                0x000000000004b028                ip4_output_if_src
                0x000000000004b064                ip4_output
 .text          0x000000000004b134      0x534 obj/default/lwip/core/ipv4/ip4_addr.o
                0x000000000004b134                ip4_addr_isbroadcast_u32
                0x000000000004b184                ip4_addr_netmask_valid
                0x000000000004b1e4                ip4addr_aton
                0x000000000004b4d0                ipaddr_addr
                0x000000000004b504                ip4addr_ntoa_r
                0x000000000004b658                ip4addr_ntoa
 .text          0x000000000004b668     0x1048 obj/default/lwip/core/ipv4/ip4_frag.o
                0x000000000004ba9c                ip_reass_tmr
                0x000000000004bb04                ip4_reass
                0x000000000004c31c                ip4_frag
 .text.unlikely
                0x000000000004c6b0       0x34 obj/default/lwip/core/ipv4/ip4_frag.o
 .text          0x000000000004c6e4        0x0 obj/default/lwip/core/ipv6/dhcp6.o
 .text          0x000000000004c6e4       0xf0 obj/default/lwip/core/ipv6/ethip6.o
                0x000000000004c6e4                ethip6_output
 .text          0x000000000004c7d4      0x4bc obj/default/lwip/core/ipv6/icmp6.o
                0x000000000004ca04                icmp6_input
                0x000000000004cb70                icmp6_dest_unreach
                0x000000000004cb80                icmp6_packet_too_big
                0x000000000004cb90                icmp6_time_exceeded
                0x000000000004cba0                icmp6_time_exceeded_with_addrs
                0x000000000004cc74                icmp6_param_problem
 .text          0x000000000004cc90        0x0 obj/default/lwip/core/ipv6/inet6.o
 .text          0x000000000004cc90     0x16ec obj/default/lwip/core/ipv6/ip6.o
                0x000000000004cd28                ip6_route
                0x000000000004d0a0                ip6_select_source_address
                0x000000000004d308                ip6_input
                0x000000000004dbb0                ip6_output_if_src
                0x000000000004dfb8                ip6_output_if
                0x000000000004e0a4                ip6_output
                0x000000000004e2f8                ip6_options_add_hbh_ra
 .text          0x000000000004e37c      0x610 obj/default/lwip/core/ipv6/ip6_addr.o
                0x000000000004e37c                ip6addr_aton
                0x000000000004e694                ip6addr_ntoa_r
                0x000000000004e97c                ip6addr_ntoa
 .text          0x000000000004e98c     0x1018 obj/default/lwip/core/ipv6/ip6_frag.o
                0x000000000004ed1c                ip6_reass_tmr
                0x000000000004ed70                ip6_reass
                0x000000000004f66c                ip6_frag
 .text.unlikely
                0x000000000004f9a4       0x34 obj/default/lwip/core/ipv6/ip6_frag.o
 .text          0x000000000004f9d8      0xb20 obj/default/lwip/core/ipv6/mld6.o
                0x000000000004fc50                mld6_stop
                0x000000000004fcc0                mld6_report_groups
                0x000000000004fcf8                mld6_lookfor_group
                0x000000000004fd58                mld6_input
                0x000000000004ff74                mld6_joingroup_netif
                0x000000000005012c                mld6_joingroup
                0x00000000000501ec                mld6_leavegroup_netif
                0x0000000000050398                mld6_leavegroup
                0x0000000000050460                mld6_tmr
 .text          0x00000000000504f8     0x3828 obj/default/lwip/core/ipv6/nd6.o
                0x0000000000051444                nd6_input
                0x0000000000052a98                nd6_tmr
                0x0000000000052f7c                nd6_clear_destination_cache
                0x0000000000052fc8                nd6_find_route
                0x00000000000530b8                nd6_get_next_hop_addr_or_queue
                0x0000000000053874                nd6_get_destination_mtu
                0x00000000000538e4                nd6_reachability_hint
                0x0000000000053ab4                nd6_cleanup_netif
                0x0000000000053be0                nd6_adjust_mld_membership
                0x0000000000053d14                nd6_restart_netif
 .text.unlikely
                0x0000000000053d20       0xa0 obj/default/lwip/core/ipv6/nd6.o
 .text          0x0000000000053dc0      0x66c obj/default/lwip/core/mem.o
                0x0000000000053dc0                mem_init
                0x0000000000053e04                mem_free
                0x0000000000053ffc                mem_trim
                0x00000000000541dc                mem_malloc
                0x00000000000543c4                mem_calloc
 .text          0x000000000005442c      0x2a0 obj/default/lwip/core/memp.o
                0x000000000005442c                memp_init_pool
                0x0000000000054474                memp_init
                0x00000000000544ec                memp_malloc_pool
                0x0000000000054560                memp_malloc
                0x00000000000545e8                memp_free_pool
                0x000000000005464c                memp_free
 .text.unlikely
                0x00000000000546cc       0x68 obj/default/lwip/core/memp.o
 .text          0x0000000000054734     0x158c obj/default/lwip/core/netif.o
                0x000000000005496c                netif_init
                0x0000000000054970                netif_input
                0x00000000000549fc                netif_set_ipaddr
                0x0000000000054a58                netif_set_netmask
                0x0000000000054ac4                netif_set_gw
                0x0000000000054b30                netif_set_addr
                0x0000000000054c28                netif_add
                0x0000000000054f70                netif_add_noaddr
                0x0000000000054fa0                netif_set_default
                0x0000000000054fa8                netif_set_up
                0x0000000000055028                netif_set_down
                0x00000000000550b0                netif_remove
                0x00000000000551d0                netif_set_link_up
                0x0000000000055260                netif_set_link_down
                0x00000000000552b0                netif_ip6_addr_set_parts
                0x00000000000554e8                netif_ip6_addr_set
                0x0000000000055584                netif_ip6_addr_set_state
                0x00000000000556d8                netif_get_ip6_addr_match
                0x00000000000557e0                netif_create_ip6_linklocal_address
                0x0000000000055964                netif_add_ip6_address
                0x0000000000055b28                netif_index_to_name
                0x0000000000055bc0                netif_get_by_index
                0x0000000000055c14                netif_find
                0x0000000000055c8c                netif_name_to_index
 .text          0x0000000000055cc0     0x1688 obj/default/lwip/core/pbuf.o
                0x0000000000055e64                pbuf_free_ooseq
                0x0000000000055e8c                pbuf_alloc_reference
                0x0000000000055f34                pbuf_alloced_custom
                0x0000000000055fa0                pbuf_add_header
                0x0000000000055fa8                pbuf_add_header_force
                0x0000000000055fb0                pbuf_remove_header
                0x0000000000056080                pbuf_header
                0x00000000000560a0                pbuf_header_force
                0x00000000000560c0                pbuf_free
                0x0000000000056240                pbuf_alloc
                0x00000000000564ac                pbuf_realloc
                0x00000000000565f4                pbuf_free_header
                0x000000000005668c                pbuf_clen
                0x00000000000566a8                pbuf_ref
                0x00000000000566d0                pbuf_cat
                0x0000000000056798                pbuf_chain
                0x00000000000567d8                pbuf_dechain
                0x00000000000568c0                pbuf_copy
                0x0000000000056ae4                pbuf_copy_partial
                0x0000000000056c1c                pbuf_get_contiguous
                0x0000000000056d2c                pbuf_skip
                0x0000000000056d74                pbuf_take
                0x0000000000056ef8                pbuf_take_at
                0x000000000005700c                pbuf_clone
                0x000000000005709c                pbuf_coalesce
                0x00000000000570f8                pbuf_get_at
                0x000000000005714c                pbuf_try_get_at
                0x000000000005719c                pbuf_put_at
                0x00000000000571e8                pbuf_memcmp
                0x0000000000057208                pbuf_memfind
                0x00000000000572c0                pbuf_strstr
 .text.unlikely
                0x0000000000057348       0x34 obj/default/lwip/core/pbuf.o
 .text          0x000000000005737c      0xcec obj/default/lwip/core/raw.o
                0x000000000005737c                raw_input
                0x0000000000057640                raw_bind
                0x0000000000057740                raw_bind_netif
                0x000000000005775c                raw_connect
                0x0000000000057878                raw_disconnect
                0x0000000000057948                raw_recv
                0x0000000000057954                raw_sendto_if_src
                0x0000000000057c94                raw_sendto
                0x0000000000057e10                raw_send
                0x0000000000057e18                raw_remove
                0x0000000000057e6c                raw_new
                0x0000000000057ed4                raw_new_ip_type
                0x0000000000057f08                raw_netif_ip_addr_changed
 .text          0x0000000000058068        0x0 obj/default/lwip/core/stats.o
 .text          0x0000000000058068        0x0 obj/default/lwip/core/sys.o
 .text          0x0000000000058068     0x2a94 obj/default/lwip/core/tcp.o
                0x00000000000581cc                tcp_init
                0x00000000000581f0                tcp_free
                0x000000000005823c                tcp_bind
                0x00000000000585c0                tcp_bind_netif
                0x00000000000585dc                tcp_listen_with_backlog_and_err
                0x00000000000587a8                tcp_listen_with_backlog
                0x00000000000587b4                tcp_update_rcv_ann_wnd
                0x00000000000588a4                tcp_recved
                0x0000000000058994                tcp_txnow
                0x00000000000589e0                tcp_seg_free
                0x0000000000058a1c                tcp_segs_free
                0x0000000000058a4c                tcp_setprio
                0x0000000000058a8c                tcp_seg_copy
                0x0000000000058b10                tcp_arg
                0x0000000000058b1c                tcp_recv
                0x0000000000058b68                tcp_sent
                0x0000000000058bb4                tcp_err
                0x0000000000058c00                tcp_accept
                0x0000000000058c18                tcp_poll
                0x0000000000058c9c                tcp_pcb_purge
                0x0000000000058d78                tcp_slowtmr
                0x00000000000594e8                tcp_pcb_remove
                0x0000000000059930                tcp_close
                0x0000000000059988                tcp_recv_null
                0x0000000000059a14                tcp_process_refused_data
                0x0000000000059b34                tcp_fasttmr
                0x0000000000059c14                tcp_tmr
                0x0000000000059c4c                tcp_shutdown
                0x0000000000059d20                tcp_abandon
                0x0000000000059f94                tcp_abort
                0x000000000005a184                tcp_alloc
                0x000000000005a3a0                tcp_new
                0x000000000005a3a8                tcp_new_ip_type
                0x000000000005a3dc                tcp_next_iss
                0x000000000005a400                tcp_eff_send_mss_netif
                0x000000000005a4d8                tcp_connect
                0x000000000005a864                tcp_netif_ip_addr_changed
                0x000000000005a9f4                tcp_debug_state_str
                0x000000000005aa10                tcp_tcp_get_tcp_addrinfo
                0x000000000005aab8                tcp_free_ooseq
 .text.unlikely
                0x000000000005aafc       0x34 obj/default/lwip/core/tcp.o
 .text          0x000000000005ab30     0x2c54 obj/default/lwip/core/tcp_in.o
                0x000000000005c200                tcp_input
                0x000000000005d774                tcp_trigger_input_pcb_close
 .text          0x000000000005d784     0x28e4 obj/default/lwip/core/tcp_out.o
                0x000000000005def4                tcp_write
                0x000000000005e8ec                tcp_split_unsent_seg
                0x000000000005ebf8                tcp_enqueue_flags
                0x000000000005ee3c                tcp_send_fin
                0x000000000005ef34                tcp_rexmit_rto_prepare
                0x000000000005f05c                tcp_rexmit
                0x000000000005f1b0                tcp_rexmit_fast
                0x000000000005f298                tcp_rst
                0x000000000005f3d4                tcp_send_empty_ack
                0x000000000005f4ac                tcp_output
                0x000000000005fcd0                tcp_rexmit_rto_commit
                0x000000000005fd24                tcp_rexmit_rto
                0x000000000005fd9c                tcp_keepalive
                0x000000000005fe48                tcp_zero_window_probe
 .text          0x0000000000060068      0x418 obj/default/lwip/core/timeouts.o
                0x00000000000601e8                tcp_timer_needed
                0x000000000006023c                sys_timeout
                0x00000000000602ac                sys_timeouts_init
                0x0000000000060300                sys_untimeout
                0x0000000000060354                sys_check_timeouts
                0x00000000000603f0                sys_restart_timeouts
                0x0000000000060438                sys_timeouts_sleeptime
 .text          0x0000000000060480     0x1668 obj/default/lwip/core/udp.o
                0x0000000000060480                udp_init
                0x00000000000604a4                udp_input
                0x00000000000609a8                udp_bind
                0x0000000000060d04                udp_sendto_if_src
                0x00000000000610e4                udp_sendto_if
                0x00000000000612e0                udp_sendto
                0x00000000000614ac                udp_send
                0x0000000000061544                udp_bind_netif
                0x0000000000061560                udp_connect
                0x0000000000061740                udp_disconnect
                0x000000000006183c                udp_recv
                0x0000000000061880                udp_remove
                0x000000000006190c                udp_new
                0x0000000000061958                udp_new_ip_type
                0x0000000000061988                udp_netif_ip_addr_changed
 .text          0x0000000000061ae8      0x2cc obj/default/lwip/netif/ethernet.o
                0x0000000000061ae8                ethernet_input
                0x0000000000061c68                ethernet_output
 .text          0x0000000000061db4        0xc obj/default/lwip_port/compat.o
                0x0000000000061db4                sys_now
                0x0000000000061db8                fflush
 .text          0x0000000000061dc0        0x0 obj/default/main.o
 .text.startup  0x0000000000061dc0       0x38 obj/default/main.o
                0x0000000000061dc0                main
 .text          0x0000000000061df8        0x0 obj/default/resource.o
 .text          0x0000000000061df8       0x38 obj/default/rng.o
                0x0000000000061df8                rng_generate
 .text          0x0000000000061e30      0xd34 obj/default/sprites.o
                0x0000000000061ff4                sprites_init
                0x00000000000620e0                sprites_allocate
                0x0000000000062218                sprites_get
                0x0000000000062270                sprites_deallocate
                0x0000000000062288                sprites_visible
                0x00000000000622a0                sprites_load_data
                0x0000000000062344                sprites_limit_speed
                0x0000000000062540                sprites_tick
                0x00000000000626e4                sprites_collision_detect
 .text          0x0000000000062b64      0x288 obj/default/vga.o
                0x0000000000062b64                vga_erase
                0x0000000000062c2c                vga_fill
                0x0000000000062d00                vga_set
 .text          0x0000000000062dec      0x1b4 d:/softwares/intelfpga_lite/18.1/nios2eds/bin/gnu/h-x86_64-mingw32/bin/../lib/gcc/nios2-elf/5.3.0/mno-hw-mul\libgcc.a(lib2-divmod.o)
                0x0000000000062dec                __divsi3
                0x0000000000062e70                __modsi3
                0x0000000000062ee4                __udivsi3
                0x0000000000062f48                __umodsi3
 .text          0x0000000000062fa0       0x28 d:/softwares/intelfpga_lite/18.1/nios2eds/bin/gnu/h-x86_64-mingw32/bin/../lib/gcc/nios2-elf/5.3.0/mno-hw-mul\libgcc.a(lib2-mul.o)
                0x0000000000062fa0                __mulsi3
 .text          0x0000000000062fc8        0x0 d:/softwares/intelfpga_lite/18.1/nios2eds/bin/gnu/h-x86_64-mingw32/bin/../lib/gcc/nios2-elf/5.3.0/../../../../../H-x86_64-mingw32/nios2-elf/lib/mno-hw-mul\libsmallc.a(lib_a-abort.o)
 .text.abort    0x0000000000062fc8       0x18 d:/softwares/intelfpga_lite/18.1/nios2eds/bin/gnu/h-x86_64-mingw32/bin/../lib/gcc/nios2-elf/5.3.0/../../../../../H-x86_64-mingw32/nios2-elf/lib/mno-hw-mul\libsmallc.a(lib_a-abort.o)
                0x0000000000062fc8                abort
 .text          0x0000000000062fe0        0x0 d:/softwares/intelfpga_lite/18.1/nios2eds/bin/gnu/h-x86_64-mingw32/bin/../lib/gcc/nios2-elf/5.3.0/../../../../../H-x86_64-mingw32/nios2-elf/lib/mno-hw-mul\libsmallc.a(lib_a-atoi.o)
 .text.atoi     0x0000000000062fe0        0xc d:/softwares/intelfpga_lite/18.1/nios2eds/bin/gnu/h-x86_64-mingw32/bin/../lib/gcc/nios2-elf/5.3.0/../../../../../H-x86_64-mingw32/nios2-elf/lib/mno-hw-mul\libsmallc.a(lib_a-atoi.o)
                0x0000000000062fe0                atoi
 .text._atoi_r  0x0000000000062fec        0xc d:/softwares/intelfpga_lite/18.1/nios2eds/bin/gnu/h-x86_64-mingw32/bin/../lib/gcc/nios2-elf/5.3.0/../../../../../H-x86_64-mingw32/nios2-elf/lib/mno-hw-mul\libsmallc.a(lib_a-atoi.o)
                0x0000000000062fec                _atoi_r
 .text          0x0000000000062ff8        0x0 d:/softwares/intelfpga_lite/18.1/nios2eds/bin/gnu/h-x86_64-mingw32/bin/../lib/gcc/nios2-elf/5.3.0/../../../../../H-x86_64-mingw32/nios2-elf/lib/mno-hw-mul\libsmallc.a(lib_a-clock.o)
 .text.clock    0x0000000000062ff8       0x4c d:/softwares/intelfpga_lite/18.1/nios2eds/bin/gnu/h-x86_64-mingw32/bin/../lib/gcc/nios2-elf/5.3.0/../../../../../H-x86_64-mingw32/nios2-elf/lib/mno-hw-mul\libsmallc.a(lib_a-clock.o)
                0x0000000000062ff8                clock
 .text          0x0000000000063044        0x0 d:/softwares/intelfpga_lite/18.1/nios2eds/bin/gnu/h-x86_64-mingw32/bin/../lib/gcc/nios2-elf/5.3.0/../../../../../H-x86_64-mingw32/nios2-elf/lib/mno-hw-mul\libsmallc.a(lib_a-ctype_.o)
 .text          0x0000000000063044        0x0 d:/softwares/intelfpga_lite/18.1/nios2eds/bin/gnu/h-x86_64-mingw32/bin/../lib/gcc/nios2-elf/5.3.0/../../../../../H-x86_64-mingw32/nios2-elf/lib/mno-hw-mul\libsmallc.a(lib_a-impure.o)
 .text          0x0000000000063044        0x0 d:/softwares/intelfpga_lite/18.1/nios2eds/bin/gnu/h-x86_64-mingw32/bin/../lib/gcc/nios2-elf/5.3.0/../../../../../H-x86_64-mingw32/nios2-elf/lib/mno-hw-mul\libsmallc.a(lib_a-memcmp.o)
 .text.memcmp   0x0000000000063044       0x30 d:/softwares/intelfpga_lite/18.1/nios2eds/bin/gnu/h-x86_64-mingw32/bin/../lib/gcc/nios2-elf/5.3.0/../../../../../H-x86_64-mingw32/nios2-elf/lib/mno-hw-mul\libsmallc.a(lib_a-memcmp.o)
                0x0000000000063044                memcmp
 .text          0x0000000000063074        0x0 d:/softwares/intelfpga_lite/18.1/nios2eds/bin/gnu/h-x86_64-mingw32/bin/../lib/gcc/nios2-elf/5.3.0/../../../../../H-x86_64-mingw32/nios2-elf/lib/mno-hw-mul\libsmallc.a(lib_a-memcpy.o)
 .text.memcpy   0x0000000000063074       0x28 d:/softwares/intelfpga_lite/18.1/nios2eds/bin/gnu/h-x86_64-mingw32/bin/../lib/gcc/nios2-elf/5.3.0/../../../../../H-x86_64-mingw32/nios2-elf/lib/mno-hw-mul\libsmallc.a(lib_a-memcpy.o)
                0x0000000000063074                memcpy
 .text          0x000000000006309c        0x0 d:/softwares/intelfpga_lite/18.1/nios2eds/bin/gnu/h-x86_64-mingw32/bin/../lib/gcc/nios2-elf/5.3.0/../../../../../H-x86_64-mingw32/nios2-elf/lib/mno-hw-mul\libsmallc.a(lib_a-memmove.o)
 .text.memmove  0x000000000006309c       0x60 d:/softwares/intelfpga_lite/18.1/nios2eds/bin/gnu/h-x86_64-mingw32/bin/../lib/gcc/nios2-elf/5.3.0/../../../../../H-x86_64-mingw32/nios2-elf/lib/mno-hw-mul\libsmallc.a(lib_a-memmove.o)
                0x000000000006309c                memmove
 .text          0x00000000000630fc        0x0 d:/softwares/intelfpga_lite/18.1/nios2eds/bin/gnu/h-x86_64-mingw32/bin/../lib/gcc/nios2-elf/5.3.0/../../../../../H-x86_64-mingw32/nios2-elf/lib/mno-hw-mul\libsmallc.a(lib_a-memset.o)
 .text.memset   0x00000000000630fc       0x20 d:/softwares/intelfpga_lite/18.1/nios2eds/bin/gnu/h-x86_64-mingw32/bin/../lib/gcc/nios2-elf/5.3.0/../../../../../H-x86_64-mingw32/nios2-elf/lib/mno-hw-mul\libsmallc.a(lib_a-memset.o)
                0x00000000000630fc                memset
 .text          0x000000000006311c        0x0 d:/softwares/intelfpga_lite/18.1/nios2eds/bin/gnu/h-x86_64-mingw32/bin/../lib/gcc/nios2-elf/5.3.0/../../../../../H-x86_64-mingw32/nios2-elf/lib/mno-hw-mul\libsmallc.a(lib_a-printf.o)
 .text._printf_r
                0x000000000006311c       0x3c d:/softwares/intelfpga_lite/18.1/nios2eds/bin/gnu/h-x86_64-mingw32/bin/../lib/gcc/nios2-elf/5.3.0/../../../../../H-x86_64-mingw32/nios2-elf/lib/mno-hw-mul\libsmallc.a(lib_a-printf.o)
                0x000000000006311c                _printf_r
 .text.printf   0x0000000000063158       0x4c d:/softwares/intelfpga_lite/18.1/nios2eds/bin/gnu/h-x86_64-mingw32/bin/../lib/gcc/nios2-elf/5.3.0/../../../../../H-x86_64-mingw32/nios2-elf/lib/mno-hw-mul\libsmallc.a(lib_a-printf.o)
                0x0000000000063158                printf
 .text          0x00000000000631a4        0x0 d:/softwares/intelfpga_lite/18.1/nios2eds/bin/gnu/h-x86_64-mingw32/bin/../lib/gcc/nios2-elf/5.3.0/../../../../../H-x86_64-mingw32/nios2-elf/lib/mno-hw-mul\libsmallc.a(lib_a-puts.o)
 .text._puts_r  0x00000000000631a4       0x80 d:/softwares/intelfpga_lite/18.1/nios2eds/bin/gnu/h-x86_64-mingw32/bin/../lib/gcc/nios2-elf/5.3.0/../../../../../H-x86_64-mingw32/nios2-elf/lib/mno-hw-mul\libsmallc.a(lib_a-puts.o)
                0x00000000000631a4                _puts_r
 .text.puts     0x0000000000063224       0x14 d:/softwares/intelfpga_lite/18.1/nios2eds/bin/gnu/h-x86_64-mingw32/bin/../lib/gcc/nios2-elf/5.3.0/../../../../../H-x86_64-mingw32/nios2-elf/lib/mno-hw-mul\libsmallc.a(lib_a-puts.o)
                0x0000000000063224                puts
 .text          0x0000000000063238        0x0 d:/softwares/intelfpga_lite/18.1/nios2eds/bin/gnu/h-x86_64-mingw32/bin/../lib/gcc/nios2-elf/5.3.0/../../../../../H-x86_64-mingw32/nios2-elf/lib/mno-hw-mul\libsmallc.a(lib_a-signal.o)
 .text._init_signal_r
                0x0000000000063238       0x68 d:/softwares/intelfpga_lite/18.1/nios2eds/bin/gnu/h-x86_64-mingw32/bin/../lib/gcc/nios2-elf/5.3.0/../../../../../H-x86_64-mingw32/nios2-elf/lib/mno-hw-mul\libsmallc.a(lib_a-signal.o)
                0x0000000000063238                _init_signal_r
 .text._signal_r
                0x00000000000632a0       0x7c d:/softwares/intelfpga_lite/18.1/nios2eds/bin/gnu/h-x86_64-mingw32/bin/../lib/gcc/nios2-elf/5.3.0/../../../../../H-x86_64-mingw32/nios2-elf/lib/mno-hw-mul\libsmallc.a(lib_a-signal.o)
                0x00000000000632a0                _signal_r
 .text._raise_r
                0x000000000006331c       0xb4 d:/softwares/intelfpga_lite/18.1/nios2eds/bin/gnu/h-x86_64-mingw32/bin/../lib/gcc/nios2-elf/5.3.0/../../../../../H-x86_64-mingw32/nios2-elf/lib/mno-hw-mul\libsmallc.a(lib_a-signal.o)
                0x000000000006331c                _raise_r
 .text.__sigtramp_r
                0x00000000000633d0       0xa8 d:/softwares/intelfpga_lite/18.1/nios2eds/bin/gnu/h-x86_64-mingw32/bin/../lib/gcc/nios2-elf/5.3.0/../../../../../H-x86_64-mingw32/nios2-elf/lib/mno-hw-mul\libsmallc.a(lib_a-signal.o)
                0x00000000000633d0                __sigtramp_r
 .text.raise    0x0000000000063478       0x14 d:/softwares/intelfpga_lite/18.1/nios2eds/bin/gnu/h-x86_64-mingw32/bin/../lib/gcc/nios2-elf/5.3.0/../../../../../H-x86_64-mingw32/nios2-elf/lib/mno-hw-mul\libsmallc.a(lib_a-signal.o)
                0x0000000000063478                raise
 .text.signal   0x000000000006348c       0x18 d:/softwares/intelfpga_lite/18.1/nios2eds/bin/gnu/h-x86_64-mingw32/bin/../lib/gcc/nios2-elf/5.3.0/../../../../../H-x86_64-mingw32/nios2-elf/lib/mno-hw-mul\libsmallc.a(lib_a-signal.o)
                0x000000000006348c                signal
 .text._init_signal
                0x00000000000634a4       0x10 d:/softwares/intelfpga_lite/18.1/nios2eds/bin/gnu/h-x86_64-mingw32/bin/../lib/gcc/nios2-elf/5.3.0/../../../../../H-x86_64-mingw32/nios2-elf/lib/mno-hw-mul\libsmallc.a(lib_a-signal.o)
                0x00000000000634a4                _init_signal
 .text.__sigtramp
                0x00000000000634b4       0x14 d:/softwares/intelfpga_lite/18.1/nios2eds/bin/gnu/h-x86_64-mingw32/bin/../lib/gcc/nios2-elf/5.3.0/../../../../../H-x86_64-mingw32/nios2-elf/lib/mno-hw-mul\libsmallc.a(lib_a-signal.o)
                0x00000000000634b4                __sigtramp
 .text          0x00000000000634c8        0x0 d:/softwares/intelfpga_lite/18.1/nios2eds/bin/gnu/h-x86_64-mingw32/bin/../lib/gcc/nios2-elf/5.3.0/../../../../../H-x86_64-mingw32/nios2-elf/lib/mno-hw-mul\libsmallc.a(lib_a-signalr.o)
 .text._kill_r  0x00000000000634c8       0x54 d:/softwares/intelfpga_lite/18.1/nios2eds/bin/gnu/h-x86_64-mingw32/bin/../lib/gcc/nios2-elf/5.3.0/../../../../../H-x86_64-mingw32/nios2-elf/lib/mno-hw-mul\libsmallc.a(lib_a-signalr.o)
                0x00000000000634c8                _kill_r
 .text._getpid_r
                0x000000000006351c        0x4 d:/softwares/intelfpga_lite/18.1/nios2eds/bin/gnu/h-x86_64-mingw32/bin/../lib/gcc/nios2-elf/5.3.0/../../../../../H-x86_64-mingw32/nios2-elf/lib/mno-hw-mul\libsmallc.a(lib_a-signalr.o)
                0x000000000006351c                _getpid_r
 .text          0x0000000000063520        0x0 d:/softwares/intelfpga_lite/18.1/nios2eds/bin/gnu/h-x86_64-mingw32/bin/../lib/gcc/nios2-elf/5.3.0/../../../../../H-x86_64-mingw32/nios2-elf/lib/mno-hw-mul\libsmallc.a(lib_a-strlen.o)
 .text.strlen   0x0000000000063520       0x1c d:/softwares/intelfpga_lite/18.1/nios2eds/bin/gnu/h-x86_64-mingw32/bin/../lib/gcc/nios2-elf/5.3.0/../../../../../H-x86_64-mingw32/nios2-elf/lib/mno-hw-mul\libsmallc.a(lib_a-strlen.o)
                0x0000000000063520                strlen
 .text          0x000000000006353c        0x0 d:/softwares/intelfpga_lite/18.1/nios2eds/bin/gnu/h-x86_64-mingw32/bin/../lib/gcc/nios2-elf/5.3.0/../../../../../H-x86_64-mingw32/nios2-elf/lib/mno-hw-mul\libsmallc.a(lib_a-strncmp.o)
 .text.strncmp  0x000000000006353c       0x60 d:/softwares/intelfpga_lite/18.1/nios2eds/bin/gnu/h-x86_64-mingw32/bin/../lib/gcc/nios2-elf/5.3.0/../../../../../H-x86_64-mingw32/nios2-elf/lib/mno-hw-mul\libsmallc.a(lib_a-strncmp.o)
                0x000000000006353c                strncmp
 .text          0x000000000006359c        0x0 d:/softwares/intelfpga_lite/18.1/nios2eds/bin/gnu/h-x86_64-mingw32/bin/../lib/gcc/nios2-elf/5.3.0/../../../../../H-x86_64-mingw32/nios2-elf/lib/mno-hw-mul\libsmallc.a(lib_a-strtol.o)
 .text._strtol_r
                0x000000000006359c      0x234 d:/softwares/intelfpga_lite/18.1/nios2eds/bin/gnu/h-x86_64-mingw32/bin/../lib/gcc/nios2-elf/5.3.0/../../../../../H-x86_64-mingw32/nios2-elf/lib/mno-hw-mul\libsmallc.a(lib_a-strtol.o)
                0x000000000006359c                _strtol_r
 .text.strtol   0x00000000000637d0       0x1c d:/softwares/intelfpga_lite/18.1/nios2eds/bin/gnu/h-x86_64-mingw32/bin/../lib/gcc/nios2-elf/5.3.0/../../../../../H-x86_64-mingw32/nios2-elf/lib/mno-hw-mul\libsmallc.a(lib_a-strtol.o)
                0x00000000000637d0                strtol
 .text          0x00000000000637ec        0x0 d:/softwares/intelfpga_lite/18.1/nios2eds/bin/gnu/h-x86_64-mingw32/bin/../lib/gcc/nios2-elf/5.3.0/../../../../../H-x86_64-mingw32/nios2-elf/lib/mno-hw-mul\libsmallc.a(lib_a-timesr.o)
 .text._times_r
                0x00000000000637ec        0x8 d:/softwares/intelfpga_lite/18.1/nios2eds/bin/gnu/h-x86_64-mingw32/bin/../lib/gcc/nios2-elf/5.3.0/../../../../../H-x86_64-mingw32/nios2-elf/lib/mno-hw-mul\libsmallc.a(lib_a-timesr.o)
                0x00000000000637ec                _times_r
 .text          0x00000000000637f4        0x0 d:/softwares/intelfpga_lite/18.1/nios2eds/bin/gnu/h-x86_64-mingw32/bin/../lib/gcc/nios2-elf/5.3.0/../../../../../H-x86_64-mingw32/nios2-elf/lib/mno-hw-mul\libsmallc.a(lib_a-vfprintf.o)
 .text.print_repeat
                0x00000000000637f4       0x6c d:/softwares/intelfpga_lite/18.1/nios2eds/bin/gnu/h-x86_64-mingw32/bin/../lib/gcc/nios2-elf/5.3.0/../../../../../H-x86_64-mingw32/nios2-elf/lib/mno-hw-mul\libsmallc.a(lib_a-vfprintf.o)
 .text.___vfprintf_internal_r
                0x0000000000063860      0x52c d:/softwares/intelfpga_lite/18.1/nios2eds/bin/gnu/h-x86_64-mingw32/bin/../lib/gcc/nios2-elf/5.3.0/../../../../../H-x86_64-mingw32/nios2-elf/lib/mno-hw-mul\libsmallc.a(lib_a-vfprintf.o)
                0x0000000000063860                ___vfprintf_internal_r
 .text.__vfprintf_internal
                0x0000000000063d8c       0x1c d:/softwares/intelfpga_lite/18.1/nios2eds/bin/gnu/h-x86_64-mingw32/bin/../lib/gcc/nios2-elf/5.3.0/../../../../../H-x86_64-mingw32/nios2-elf/lib/mno-hw-mul\libsmallc.a(lib_a-vfprintf.o)
                0x0000000000063d8c                __vfprintf_internal
 .text          0x0000000000063da8        0x0 d:/softwares/intelfpga_lite/18.1/nios2eds/bin/gnu/h-x86_64-mingw32/bin/../lib/gcc/nios2-elf/5.3.0/../../../../../H-x86_64-mingw32/nios2-elf/lib/mno-hw-mul\libsmallc.a(lib_a-fvwrite_small_dev.o)
 .text.__sfvwrite_small_dev
                0x0000000000063da8       0xb8 d:/softwares/intelfpga_lite/18.1/nios2eds/bin/gnu/h-x86_64-mingw32/bin/../lib/gcc/nios2-elf/5.3.0/../../../../../H-x86_64-mingw32/nios2-elf/lib/mno-hw-mul\libsmallc.a(lib_a-fvwrite_small_dev.o)
                0x0000000000063da8                __sfvwrite_small_dev
 .text          0x0000000000063e60        0x0 d:/softwares/intelfpga_lite/18.1/nios2eds/bin/gnu/h-x86_64-mingw32/bin/../lib/gcc/nios2-elf/5.3.0/../../../../../H-x86_64-mingw32/nios2-elf/lib/mno-hw-mul\libsmallc.a(lib_a-int_errno.o)
 .text          0x0000000000063e60        0x0 d:/softwares/intelfpga_lite/18.1/nios2eds/bin/gnu/h-x86_64-mingw32/bin/../lib/gcc/nios2-elf/5.3.0/../../../../../H-x86_64-mingw32/nios2-elf/lib/mno-hw-mul\libsmallc.a(lib_a-nano-mallocr.o)
 .text._malloc_r
                0x0000000000063e60      0x158 d:/softwares/intelfpga_lite/18.1/nios2eds/bin/gnu/h-x86_64-mingw32/bin/../lib/gcc/nios2-elf/5.3.0/../../../../../H-x86_64-mingw32/nios2-elf/lib/mno-hw-mul\libsmallc.a(lib_a-nano-mallocr.o)
                0x0000000000063e60                _malloc_r
 .text          0x0000000000063fb8        0x0 d:/softwares/intelfpga_lite/18.1/nios2eds/bin/gnu/h-x86_64-mingw32/bin/../lib/gcc/nios2-elf/5.3.0/../../../../../H-x86_64-mingw32/nios2-elf/lib/mno-hw-mul\libsmallc.a(lib_a-sbrkr.o)
 .text._sbrk_r  0x0000000000063fb8       0x50 d:/softwares/intelfpga_lite/18.1/nios2eds/bin/gnu/h-x86_64-mingw32/bin/../lib/gcc/nios2-elf/5.3.0/../../../../../H-x86_64-mingw32/nios2-elf/lib/mno-hw-mul\libsmallc.a(lib_a-sbrkr.o)
                0x0000000000063fb8                _sbrk_r
 .text          0x0000000000064008        0x0 d:/softwares/intelfpga_lite/18.1/nios2eds/bin/gnu/h-x86_64-mingw32/bin/../lib/gcc/nios2-elf/5.3.0/../../../../../H-x86_64-mingw32/nios2-elf/lib/mno-hw-mul\libsmallc.a(lib_a-writer.o)
 .text._write_r
                0x0000000000064008       0x58 d:/softwares/intelfpga_lite/18.1/nios2eds/bin/gnu/h-x86_64-mingw32/bin/../lib/gcc/nios2-elf/5.3.0/../../../../../H-x86_64-mingw32/nios2-elf/lib/mno-hw-mul\libsmallc.a(lib_a-writer.o)
                0x0000000000064008                _write_r
 .text          0x0000000000064060       0x14 ../ECE385_bsp/\libhal_bsp.a(alt_exit.o)
                0x0000000000064060                _exit
 .text          0x0000000000064074        0x8 ../ECE385_bsp/\libhal_bsp.a(alt_getpid.o)
                0x0000000000064074                getpid
 .text          0x000000000006407c       0xfc ../ECE385_bsp/\libhal_bsp.a(alt_kill.o)
                0x000000000006407c                kill
 .text          0x0000000000064178       0xe0 ../ECE385_bsp/\libhal_bsp.a(alt_load.o)
                0x0000000000064178                alt_load
 .text          0x0000000000064258       0x50 ../ECE385_bsp/\libhal_bsp.a(alt_main.o)
                0x0000000000064258                alt_main
 .text          0x00000000000642a8       0x4c ../ECE385_bsp/\libhal_bsp.a(alt_sbrk.o)
                0x00000000000642a8                sbrk
 .text          0x00000000000642f4       0x60 ../ECE385_bsp/\libhal_bsp.a(alt_times.o)
                0x00000000000642f4                times
 .text          0x0000000000064354      0x110 ../ECE385_bsp/\libhal_bsp.a(alt_write.o)
                0x0000000000064354                write
 .text          0x0000000000064464       0xa8 ../ECE385_bsp/\libhal_bsp.a(alt_sys_init.o)
                0x0000000000064464                alt_irq_init
                0x0000000000064484                alt_sys_init
 .text          0x000000000006450c       0x20 ../ECE385_bsp/\libhal_bsp.a(altera_avalon_jtag_uart_fd.o)
                0x000000000006450c                altera_avalon_jtag_uart_read_fd
                0x000000000006451c                altera_avalon_jtag_uart_write_fd
 .text          0x000000000006452c       0x74 ../ECE385_bsp/\libhal_bsp.a(altera_avalon_jtag_uart_read.o)
                0x000000000006452c                altera_avalon_jtag_uart_read
 .text          0x00000000000645a0       0x34 ../ECE385_bsp/\libhal_bsp.a(altera_avalon_jtag_uart_write.o)
                0x00000000000645a0                altera_avalon_jtag_uart_write
 .text          0x00000000000645d4      0x79c ../ECE385_bsp/\libhal_bsp.a(altera_avalon_sgdma.o)
                0x0000000000064630                alt_avalon_sgdma_do_async_transfer
                0x00000000000646b8                alt_avalon_sgdma_do_sync_transfer
                0x000000000006473c                alt_avalon_sgdma_construct_mem_to_mem_desc_burst
                0x0000000000064864                alt_avalon_sgdma_construct_mem_to_mem_desc
                0x000000000006489c                alt_avalon_sgdma_construct_stream_to_mem_desc_burst
                0x0000000000064970                alt_avalon_sgdma_construct_stream_to_mem_desc
                0x0000000000064998                alt_avalon_sgdma_register_callback
                0x00000000000649a8                alt_avalon_sgdma_start
                0x00000000000649c0                alt_avalon_sgdma_stop
                0x00000000000649dc                alt_avalon_sgdma_check_descriptor_status
                0x0000000000064a08                alt_avalon_sgdma_open
                0x0000000000064a58                alt_avalon_sgdma_enable_desc_poll
                0x0000000000064a88                alt_avalon_sgdma_disable_desc_poll
                0x0000000000064aa8                alt_avalon_sgdma_construct_descriptor_burst
                0x0000000000064c08                alt_avalon_sgdma_construct_mem_to_stream_desc_burst
                0x0000000000064c58                alt_avalon_sgdma_construct_mem_to_stream_desc
                0x0000000000064ca4                alt_avalon_sgdma_construct_descriptor
                0x0000000000064cec                alt_avalon_sgdma_init
 .text          0x0000000000064d70       0x84 ../ECE385_bsp/\libhal_bsp.a(altera_avalon_timer_sc.o)
                0x0000000000064dac                alt_avalon_timer_sc_init
 .text          0x0000000000064df4       0xc0 ../ECE385_bsp/\libhal_bsp.a(alt_close.o)
                0x0000000000064df4                close
 .text          0x0000000000064eb4        0x4 ../ECE385_bsp/\libhal_bsp.a(alt_dcache_flush.o)
                0x0000000000064eb4                alt_dcache_flush
 .text          0x0000000000064eb8        0x4 ../ECE385_bsp/\libhal_bsp.a(alt_dcache_flush_all.o)
                0x0000000000064eb8                alt_dcache_flush_all
 .text          0x0000000000064ebc        0x8 ../ECE385_bsp/\libhal_bsp.a(alt_dev.o)
 .text          0x0000000000064ec4       0x6c ../ECE385_bsp/\libhal_bsp.a(alt_dev_llist_insert.o)
                0x0000000000064ec4                alt_dev_llist_insert
 .text          0x0000000000064f30        0x0 ../ECE385_bsp/\libhal_bsp.a(alt_errno.o)
 .text          0x0000000000064f30       0x78 ../ECE385_bsp/\libhal_bsp.a(alt_find_dev.o)
                0x0000000000064f30                alt_find_dev
 .text          0x0000000000064fa8        0x4 ../ECE385_bsp/\libhal_bsp.a(alt_icache_flush_all.o)
                0x0000000000064fa8                alt_icache_flush_all
 .text          0x0000000000064fac       0x8c ../ECE385_bsp/\libhal_bsp.a(alt_iic.o)
                0x0000000000064fac                alt_ic_isr_register
                0x0000000000064fb0                alt_ic_irq_enable
                0x0000000000064fe8                alt_ic_irq_disable
                0x0000000000065020                alt_ic_irq_enabled
 .text          0x0000000000065038       0x68 ../ECE385_bsp/\libhal_bsp.a(alt_iic_isr_register.o)
                0x0000000000065038                alt_iic_isr_register
 .text          0x00000000000650a0      0x100 ../ECE385_bsp/\libhal_bsp.a(alt_io_redirect.o)
                0x000000000006512c                alt_io_redirect
 .text          0x00000000000651a0        0x0 ../ECE385_bsp/\libhal_bsp.a(alt_irq_entry.o)
 .text          0x00000000000651a0        0x0 ../ECE385_bsp/\libhal_bsp.a(alt_irq_handler.o)
 .text          0x00000000000651a0        0x0 ../ECE385_bsp/\libhal_bsp.a(alt_irq_vars.o)
 .text          0x00000000000651a0      0x188 ../ECE385_bsp/\libhal_bsp.a(alt_open.o)
                0x00000000000651a0                open
 .text          0x0000000000065328       0x5c ../ECE385_bsp/\libhal_bsp.a(alt_release_fd.o)
                0x0000000000065328                alt_release_fd
 .text          0x0000000000065384      0x128 ../ECE385_bsp/\libhal_bsp.a(alt_tick.o)
                0x0000000000065384                alt_alarm_stop
                0x00000000000653b8                alt_tick
 .text          0x00000000000654ac        0x8 ../ECE385_bsp/\libhal_bsp.a(altera_nios2_gen2_irq.o)
                0x00000000000654ac                altera_nios2_gen2_irq_init
 .text          0x00000000000654b4        0x0 ../ECE385_bsp/\libhal_bsp.a(alt_exception_entry.o)
 .text          0x00000000000654b4       0xac ../ECE385_bsp/\libhal_bsp.a(alt_find_file.o)
                0x00000000000654b4                alt_find_file
 .text          0x0000000000065560       0x88 ../ECE385_bsp/\libhal_bsp.a(alt_get_fd.o)
                0x0000000000065560                alt_get_fd
 .text          0x00000000000655e8       0x74 ../ECE385_bsp/\libhal_bsp.a(alt_instruction_exception_entry.o)
                0x00000000000655e8                alt_exception_cause_generated_bad_addr
 .text          0x000000000006565c        0x0 d:/softwares/intelfpga_lite/18.1/nios2eds/bin/gnu/h-x86_64-mingw32/bin/../lib/gcc/nios2-elf/5.3.0/../../../../../H-x86_64-mingw32/nios2-elf/lib/mno-hw-mul\libsmallc.a(lib_a-exit.o)
 .text.exit     0x000000000006565c       0x20 d:/softwares/intelfpga_lite/18.1/nios2eds/bin/gnu/h-x86_64-mingw32/bin/../lib/gcc/nios2-elf/5.3.0/../../../../../H-x86_64-mingw32/nios2-elf/lib/mno-hw-mul\libsmallc.a(lib_a-exit.o)
                0x000000000006565c                exit
 .text          0x000000000006567c        0x0 d:/softwares/intelfpga_lite/18.1/nios2eds/bin/gnu/h-x86_64-mingw32/bin/../lib/gcc/nios2-elf/5.3.0/../../../../../H-x86_64-mingw32/nios2-elf/lib/mno-hw-mul\libsmallc.a(lib_a-__call_atexit.o)
 .text.__call_exitprocs
                0x000000000006567c      0x190 d:/softwares/intelfpga_lite/18.1/nios2eds/bin/gnu/h-x86_64-mingw32/bin/../lib/gcc/nios2-elf/5.3.0/../../../../../H-x86_64-mingw32/nios2-elf/lib/mno-hw-mul\libsmallc.a(lib_a-__call_atexit.o)
                0x000000000006567c                __call_exitprocs
 *(.gnu.warning.*)
 *(.fini)
                [!provide]                        PROVIDE (__etext, ABSOLUTE (.))
                [!provide]                        PROVIDE (_etext, ABSOLUTE (.))
                [!provide]                        PROVIDE (etext, ABSOLUTE (.))
 *(.eh_frame_hdr)
                0x000000000006580c                . = ALIGN (0x4)
                [!provide]                        PROVIDE (__preinit_array_start, ABSOLUTE (.))
 *(.preinit_array)
                [!provide]                        PROVIDE (__preinit_array_end, ABSOLUTE (.))
                [!provide]                        PROVIDE (__init_array_start, ABSOLUTE (.))
 *(.init_array)
                [!provide]                        PROVIDE (__init_array_end, ABSOLUTE (.))
                [!provide]                        PROVIDE (__fini_array_start, ABSOLUTE (.))
 *(.fini_array)
                [!provide]                        PROVIDE (__fini_array_end, ABSOLUTE (.))
 *(.eh_frame)
 *(.gcc_except_table .gcc_except_table.*)
 *(.dynamic)
                [!provide]                        PROVIDE (__CTOR_LIST__, ABSOLUTE (.))
 *(.ctors)
 *(SORT(.ctors.*))
                [!provide]                        PROVIDE (__CTOR_END__, ABSOLUTE (.))
                [!provide]                        PROVIDE (__DTOR_LIST__, ABSOLUTE (.))
 *(.dtors)
 *(SORT(.dtors.*))
                [!provide]                        PROVIDE (__DTOR_END__, ABSOLUTE (.))
 *(.jcr)
                0x000000000006580c                . = ALIGN (0x4)

.rodata         0x000000000006580c     0x33ec
                0x000000000006580c                PROVIDE (__ram_rodata_start, ABSOLUTE (.))
                0x000000000006580c                . = ALIGN (0x4)
 *(.rodata .rodata.* .gnu.linkonce.r.*)
 .rodata.str1.4
                0x000000000006580c       0x9e obj/default/ethernet.o
 *fill*         0x00000000000658aa        0x2 
 .rodata.str1.4
                0x00000000000658ac       0x3e obj/default/gamelogic.o
 *fill*         0x00000000000658ea        0x2 
 .rodata.str1.4
                0x00000000000658ec       0x9f obj/default/lwip/core/dns.o
 *fill*         0x000000000006598b        0x1 
 .rodata        0x000000000006598c       0x30 obj/default/lwip/core/dns.o
                0x000000000006598c                dns_mquery_v6group
                0x00000000000659a4                dns_mquery_v4group
 .rodata.str1.4
                0x00000000000659bc       0x22 obj/default/lwip/core/inet_chksum.o
                                         0x4c (size before relaxing)
 *fill*         0x00000000000659de        0x2 
 .rodata        0x00000000000659e0       0x18 obj/default/lwip/core/ip.o
                0x00000000000659e0                ip_addr_any_type
 .rodata.str1.4
                0x00000000000659f8       0x81 obj/default/lwip/core/ipv4/autoip.o
                                         0xa9 (size before relaxing)
 *fill*         0x0000000000065a79        0x3 
 .rodata.str1.4
                0x0000000000065a7c      0x350 obj/default/lwip/core/ipv4/dhcp.o
                                        0x3a9 (size before relaxing)
 .rodata.str1.4
                0x0000000000065dcc      0x1b2 obj/default/lwip/core/ipv4/etharp.o
                                        0x1ea (size before relaxing)
 *fill*         0x0000000000065f7e        0x2 
 .rodata.str1.4
                0x0000000000065f80       0xae obj/default/lwip/core/ipv4/icmp.o
                                         0xd6 (size before relaxing)
 *fill*         0x000000000006602e        0x2 
 .rodata.str1.4
                0x0000000000066030      0x30d obj/default/lwip/core/ipv4/igmp.o
                                        0x335 (size before relaxing)
 *fill*         0x000000000006633d        0x3 
 .rodata.str1.4
                0x0000000000066340       0x51 obj/default/lwip/core/ipv4/ip4.o
                                         0x79 (size before relaxing)
 *fill*         0x0000000000066391        0x3 
 .rodata.str1.4
                0x0000000000066394       0x26 obj/default/lwip/core/ipv4/ip4_addr.o
                                         0x50 (size before relaxing)
 *fill*         0x00000000000663ba        0x2 
 .rodata        0x00000000000663bc       0x30 obj/default/lwip/core/ipv4/ip4_addr.o
                0x00000000000663bc                ip_addr_broadcast
                0x00000000000663d4                ip_addr_any
 .rodata.str1.4
                0x00000000000663ec      0x197 obj/default/lwip/core/ipv4/ip4_frag.o
                                        0x1cb (size before relaxing)
 *fill*         0x0000000000066583        0x1 
 .rodata.str1.4
                0x0000000000066584       0x95 obj/default/lwip/core/ipv6/icmp6.o
                                         0xbd (size before relaxing)
 *fill*         0x0000000000066619        0x3 
 .rodata.str1.4
                0x000000000006661c       0x46 obj/default/lwip/core/ipv6/ip6.o
                                         0x7a (size before relaxing)
 *fill*         0x0000000000066662        0x2 
 .rodata        0x0000000000066664       0x18 obj/default/lwip/core/ipv6/ip6_addr.o
                0x0000000000066664                ip6_addr_any
 .rodata.str1.4
                0x000000000006667c      0x117 obj/default/lwip/core/ipv6/ip6_frag.o
                                        0x228 (size before relaxing)
 *fill*         0x0000000000066793        0x1 
 .rodata.str1.4
                0x0000000000066794       0x83 obj/default/lwip/core/ipv6/nd6.o
                                         0xd6 (size before relaxing)
 *fill*         0x0000000000066817        0x1 
 .rodata.str1.4
                0x0000000000066818      0x173 obj/default/lwip/core/mem.o
                                        0x19b (size before relaxing)
 *fill*         0x000000000006698b        0x1 
 .rodata.str1.4
                0x000000000006698c       0xa7 obj/default/lwip/core/memp.o
                                         0xcf (size before relaxing)
 *fill*         0x0000000000066a33        0x1 
 .rodata        0x0000000000066a34       0xf0 obj/default/lwip/core/memp.o
                0x0000000000066a34                memp_pools
                0x0000000000066a70                memp_PBUF_POOL
                0x0000000000066a7c                memp_PBUF
                0x0000000000066a88                memp_MLD6_GROUP
                0x0000000000066a94                memp_IP6_REASSDATA
                0x0000000000066aa0                memp_ND6_QUEUE
                0x0000000000066aac                memp_SYS_TIMEOUT
                0x0000000000066ab8                memp_IGMP_GROUP
                0x0000000000066ac4                memp_ARP_QUEUE
                0x0000000000066ad0                memp_FRAG_PBUF
                0x0000000000066adc                memp_REASSDATA
                0x0000000000066ae8                memp_TCP_SEG
                0x0000000000066af4                memp_TCP_PCB_LISTEN
                0x0000000000066b00                memp_TCP_PCB
                0x0000000000066b0c                memp_UDP_PCB
                0x0000000000066b18                memp_RAW_PCB
 .rodata.str1.4
                0x0000000000066b24      0x317 obj/default/lwip/core/netif.o
                                        0x34f (size before relaxing)
 *fill*         0x0000000000066e3b        0x1 
 .rodata.str1.4
                0x0000000000066e3c      0x3b1 obj/default/lwip/core/pbuf.o
                                        0x3e5 (size before relaxing)
 *fill*         0x00000000000671ed        0x3 
 .rodata.str1.4
                0x00000000000671f0       0xa6 obj/default/lwip/core/raw.o
                                         0xce (size before relaxing)
 *fill*         0x0000000000067296        0x2 
 .rodata.str1.4
                0x0000000000067298      0x746 obj/default/lwip/core/tcp.o
                                        0x77e (size before relaxing)
 *fill*         0x00000000000679de        0x2 
 .rodata        0x00000000000679e0       0x4c obj/default/lwip/core/tcp.o
                0x00000000000679e0                tcp_pcb_lists
 .rodata.str1.4
                0x0000000000067a2c      0x3ca obj/default/lwip/core/tcp_in.o
                                        0x3f2 (size before relaxing)
 *fill*         0x0000000000067df6        0x2 
 .rodata.str1.4
                0x0000000000067df8      0x743 obj/default/lwip/core/tcp_out.o
                                        0x76b (size before relaxing)
 *fill*         0x000000000006853b        0x1 
 .rodata.str1.4
                0x000000000006853c       0x8e obj/default/lwip/core/timeouts.o
                                         0xb6 (size before relaxing)
 *fill*         0x00000000000685ca        0x2 
 .rodata        0x00000000000685cc       0x58 obj/default/lwip/core/timeouts.o
                0x00000000000685cc                lwip_cyclic_timers
 .rodata.str1.4
                0x0000000000068624      0x2d0 obj/default/lwip/core/udp.o
                                        0x2f8 (size before relaxing)
 .rodata.str1.4
                0x00000000000688f4       0x49 obj/default/lwip/netif/ethernet.o
                                         0x74 (size before relaxing)
 *fill*         0x000000000006893d        0x3 
 .rodata        0x0000000000068940       0x10 obj/default/resource.o
                0x0000000000068940                planes
 .rodata._ctype_
                0x0000000000068950      0x101 d:/softwares/intelfpga_lite/18.1/nios2eds/bin/gnu/h-x86_64-mingw32/bin/../lib/gcc/nios2-elf/5.3.0/../../../../../H-x86_64-mingw32/nios2-elf/lib/mno-hw-mul\libsmallc.a(lib_a-ctype_.o)
                0x0000000000068950                _ctype_
 .rodata._ctype_b
                0x0000000000068a51      0x180 d:/softwares/intelfpga_lite/18.1/nios2eds/bin/gnu/h-x86_64-mingw32/bin/../lib/gcc/nios2-elf/5.3.0/../../../../../H-x86_64-mingw32/nios2-elf/lib/mno-hw-mul\libsmallc.a(lib_a-ctype_.o)
 .rodata.str1.4
                0x0000000000068bd1       0x49 d:/softwares/intelfpga_lite/18.1/nios2eds/bin/gnu/h-x86_64-mingw32/bin/../lib/gcc/nios2-elf/5.3.0/../../../../../H-x86_64-mingw32/nios2-elf/lib/mno-hw-mul\libsmallc.a(lib_a-puts.o)
                                          0x2 (size before relaxing)
 *fill*         0x0000000000068bd1        0x3 
 .rodata.str1.4
                0x0000000000068bd4       0x15 ../ECE385_bsp/\libhal_bsp.a(alt_main.o)
 .rodata.str1.4
                0x0000000000068be9       0x65 ../ECE385_bsp/\libhal_bsp.a(alt_sys_init.o)
 *fill*         0x0000000000068be9        0x3 
 .rodata.str1.4
                0x0000000000068bec        0xc ../ECE385_bsp/\libhal_bsp.a(alt_dev.o)
                                          0xa (size before relaxing)
 *(.rodata1)
                0x0000000000068bf8                . = ALIGN (0x4)
                0x0000000000068bf8                PROVIDE (__ram_rodata_end, ABSOLUTE (.))
                0x000000000006580c                PROVIDE (__flash_rodata_start, LOADADDR (.rodata))

.rwdata         0x0000000000068bf8      0x43c load address 0x0000000000069034
                0x0000000000068bf8                PROVIDE (__ram_rwdata_start, ABSOLUTE (.))
                0x0000000000068bf8                . = ALIGN (0x4)
 *(.got.plt)
 *(.got)
 *(.data1)
 *(.data .data.* .gnu.linkonce.d.*)
 .data          0x0000000000068bf8        0x0 ../ECE385_bsp//obj/HAL/src/crt0.o
 .data          0x0000000000068bf8        0x0 obj/default/comm.o
 .data          0x0000000000068bf8        0x0 obj/default/ethernet.o
 .data          0x0000000000068bf8        0x0 obj/default/gamelogic.o
 .data          0x0000000000068bf8        0x0 obj/default/lwip/core/altcp.o
 .data          0x0000000000068bf8        0x0 obj/default/lwip/core/altcp_alloc.o
 .data          0x0000000000068bf8        0x0 obj/default/lwip/core/altcp_tcp.o
 .data          0x0000000000068bf8        0x0 obj/default/lwip/core/def.o
 .data          0x0000000000068bf8        0x0 obj/default/lwip/core/dns.o
 .data          0x0000000000068bf8        0x0 obj/default/lwip/core/inet_chksum.o
 .data          0x0000000000068bf8        0x0 obj/default/lwip/core/init.o
 .data          0x0000000000068bf8        0x0 obj/default/lwip/core/ip.o
 .data          0x0000000000068bf8        0x0 obj/default/lwip/core/ipv4/autoip.o
 .data          0x0000000000068bf8        0x0 obj/default/lwip/core/ipv4/dhcp.o
 .data          0x0000000000068bf8        0x0 obj/default/lwip/core/ipv4/etharp.o
 .data          0x0000000000068bf8        0x0 obj/default/lwip/core/ipv4/icmp.o
 .data          0x0000000000068bf8        0x0 obj/default/lwip/core/ipv4/igmp.o
 .data          0x0000000000068bf8        0x0 obj/default/lwip/core/ipv4/ip4.o
 .data          0x0000000000068bf8        0x0 obj/default/lwip/core/ipv4/ip4_addr.o
 .data          0x0000000000068bf8        0x0 obj/default/lwip/core/ipv4/ip4_frag.o
 .data          0x0000000000068bf8        0x0 obj/default/lwip/core/ipv6/dhcp6.o
 .data          0x0000000000068bf8        0x0 obj/default/lwip/core/ipv6/ethip6.o
 .data          0x0000000000068bf8        0x0 obj/default/lwip/core/ipv6/icmp6.o
 .data          0x0000000000068bf8        0x0 obj/default/lwip/core/ipv6/inet6.o
 .data          0x0000000000068bf8        0x0 obj/default/lwip/core/ipv6/ip6.o
 .data          0x0000000000068bf8        0x0 obj/default/lwip/core/ipv6/ip6_addr.o
 .data          0x0000000000068bf8        0x0 obj/default/lwip/core/ipv6/ip6_frag.o
 .data          0x0000000000068bf8        0x0 obj/default/lwip/core/ipv6/mld6.o
 .data          0x0000000000068bf8        0x0 obj/default/lwip/core/ipv6/nd6.o
 .data          0x0000000000068bf8        0x0 obj/default/lwip/core/mem.o
 .data          0x0000000000068bf8        0x0 obj/default/lwip/core/memp.o
 .data          0x0000000000068bf8        0x0 obj/default/lwip/core/netif.o
 .data          0x0000000000068bf8        0x0 obj/default/lwip/core/pbuf.o
 .data          0x0000000000068bf8        0x0 obj/default/lwip/core/raw.o
 .data          0x0000000000068bf8        0x0 obj/default/lwip/core/stats.o
 .data          0x0000000000068bf8        0x0 obj/default/lwip/core/sys.o
 .data          0x0000000000068bf8        0x0 obj/default/lwip/core/tcp.o
 .data          0x0000000000068bf8        0x0 obj/default/lwip/core/tcp_in.o
 .data          0x0000000000068bf8        0x0 obj/default/lwip/core/tcp_out.o
 .data          0x0000000000068bf8        0x0 obj/default/lwip/core/timeouts.o
 .data          0x0000000000068bf8        0x0 obj/default/lwip/core/udp.o
 .data          0x0000000000068bf8        0x0 obj/default/lwip/netif/ethernet.o
 .data          0x0000000000068bf8        0x0 obj/default/lwip_port/compat.o
 .data          0x0000000000068bf8        0x0 obj/default/main.o
 .data          0x0000000000068bf8        0x0 obj/default/resource.o
 .data          0x0000000000068bf8        0x0 obj/default/rng.o
 .data          0x0000000000068bf8       0x40 obj/default/sprites.o
                0x0000000000068bf8                vga_bullets
                0x0000000000068c08                vga_planes
                0x0000000000068c18                vga_planes_sprite_data
 .data          0x0000000000068c38        0x0 obj/default/vga.o
 .data          0x0000000000068c38        0x0 d:/softwares/intelfpga_lite/18.1/nios2eds/bin/gnu/h-x86_64-mingw32/bin/../lib/gcc/nios2-elf/5.3.0/mno-hw-mul\libgcc.a(lib2-divmod.o)
 .data          0x0000000000068c38        0x0 d:/softwares/intelfpga_lite/18.1/nios2eds/bin/gnu/h-x86_64-mingw32/bin/../lib/gcc/nios2-elf/5.3.0/mno-hw-mul\libgcc.a(lib2-mul.o)
 .data          0x0000000000068c38        0x0 d:/softwares/intelfpga_lite/18.1/nios2eds/bin/gnu/h-x86_64-mingw32/bin/../lib/gcc/nios2-elf/5.3.0/../../../../../H-x86_64-mingw32/nios2-elf/lib/mno-hw-mul\libsmallc.a(lib_a-abort.o)
 .data          0x0000000000068c38        0x0 d:/softwares/intelfpga_lite/18.1/nios2eds/bin/gnu/h-x86_64-mingw32/bin/../lib/gcc/nios2-elf/5.3.0/../../../../../H-x86_64-mingw32/nios2-elf/lib/mno-hw-mul\libsmallc.a(lib_a-atoi.o)
 .data          0x0000000000068c38        0x0 d:/softwares/intelfpga_lite/18.1/nios2eds/bin/gnu/h-x86_64-mingw32/bin/../lib/gcc/nios2-elf/5.3.0/../../../../../H-x86_64-mingw32/nios2-elf/lib/mno-hw-mul\libsmallc.a(lib_a-clock.o)
 .data          0x0000000000068c38        0x0 d:/softwares/intelfpga_lite/18.1/nios2eds/bin/gnu/h-x86_64-mingw32/bin/../lib/gcc/nios2-elf/5.3.0/../../../../../H-x86_64-mingw32/nios2-elf/lib/mno-hw-mul\libsmallc.a(lib_a-ctype_.o)
 .data          0x0000000000068c38        0x0 d:/softwares/intelfpga_lite/18.1/nios2eds/bin/gnu/h-x86_64-mingw32/bin/../lib/gcc/nios2-elf/5.3.0/../../../../../H-x86_64-mingw32/nios2-elf/lib/mno-hw-mul\libsmallc.a(lib_a-impure.o)
 .data.impure_data
                0x0000000000068c38       0xe0 d:/softwares/intelfpga_lite/18.1/nios2eds/bin/gnu/h-x86_64-mingw32/bin/../lib/gcc/nios2-elf/5.3.0/../../../../../H-x86_64-mingw32/nios2-elf/lib/mno-hw-mul\libsmallc.a(lib_a-impure.o)
 .data          0x0000000000068d18        0x0 d:/softwares/intelfpga_lite/18.1/nios2eds/bin/gnu/h-x86_64-mingw32/bin/../lib/gcc/nios2-elf/5.3.0/../../../../../H-x86_64-mingw32/nios2-elf/lib/mno-hw-mul\libsmallc.a(lib_a-memcmp.o)
 .data          0x0000000000068d18        0x0 d:/softwares/intelfpga_lite/18.1/nios2eds/bin/gnu/h-x86_64-mingw32/bin/../lib/gcc/nios2-elf/5.3.0/../../../../../H-x86_64-mingw32/nios2-elf/lib/mno-hw-mul\libsmallc.a(lib_a-memcpy.o)
 .data          0x0000000000068d18        0x0 d:/softwares/intelfpga_lite/18.1/nios2eds/bin/gnu/h-x86_64-mingw32/bin/../lib/gcc/nios2-elf/5.3.0/../../../../../H-x86_64-mingw32/nios2-elf/lib/mno-hw-mul\libsmallc.a(lib_a-memmove.o)
 .data          0x0000000000068d18        0x0 d:/softwares/intelfpga_lite/18.1/nios2eds/bin/gnu/h-x86_64-mingw32/bin/../lib/gcc/nios2-elf/5.3.0/../../../../../H-x86_64-mingw32/nios2-elf/lib/mno-hw-mul\libsmallc.a(lib_a-memset.o)
 .data          0x0000000000068d18        0x0 d:/softwares/intelfpga_lite/18.1/nios2eds/bin/gnu/h-x86_64-mingw32/bin/../lib/gcc/nios2-elf/5.3.0/../../../../../H-x86_64-mingw32/nios2-elf/lib/mno-hw-mul\libsmallc.a(lib_a-printf.o)
 .data          0x0000000000068d18        0x0 d:/softwares/intelfpga_lite/18.1/nios2eds/bin/gnu/h-x86_64-mingw32/bin/../lib/gcc/nios2-elf/5.3.0/../../../../../H-x86_64-mingw32/nios2-elf/lib/mno-hw-mul\libsmallc.a(lib_a-puts.o)
 .data          0x0000000000068d18        0x0 d:/softwares/intelfpga_lite/18.1/nios2eds/bin/gnu/h-x86_64-mingw32/bin/../lib/gcc/nios2-elf/5.3.0/../../../../../H-x86_64-mingw32/nios2-elf/lib/mno-hw-mul\libsmallc.a(lib_a-signal.o)
 .data          0x0000000000068d18        0x0 d:/softwares/intelfpga_lite/18.1/nios2eds/bin/gnu/h-x86_64-mingw32/bin/../lib/gcc/nios2-elf/5.3.0/../../../../../H-x86_64-mingw32/nios2-elf/lib/mno-hw-mul\libsmallc.a(lib_a-signalr.o)
 .data          0x0000000000068d18        0x0 d:/softwares/intelfpga_lite/18.1/nios2eds/bin/gnu/h-x86_64-mingw32/bin/../lib/gcc/nios2-elf/5.3.0/../../../../../H-x86_64-mingw32/nios2-elf/lib/mno-hw-mul\libsmallc.a(lib_a-strlen.o)
 .data          0x0000000000068d18        0x0 d:/softwares/intelfpga_lite/18.1/nios2eds/bin/gnu/h-x86_64-mingw32/bin/../lib/gcc/nios2-elf/5.3.0/../../../../../H-x86_64-mingw32/nios2-elf/lib/mno-hw-mul\libsmallc.a(lib_a-strncmp.o)
 .data          0x0000000000068d18        0x0 d:/softwares/intelfpga_lite/18.1/nios2eds/bin/gnu/h-x86_64-mingw32/bin/../lib/gcc/nios2-elf/5.3.0/../../../../../H-x86_64-mingw32/nios2-elf/lib/mno-hw-mul\libsmallc.a(lib_a-strtol.o)
 .data          0x0000000000068d18        0x0 d:/softwares/intelfpga_lite/18.1/nios2eds/bin/gnu/h-x86_64-mingw32/bin/../lib/gcc/nios2-elf/5.3.0/../../../../../H-x86_64-mingw32/nios2-elf/lib/mno-hw-mul\libsmallc.a(lib_a-timesr.o)
 .data          0x0000000000068d18        0x0 d:/softwares/intelfpga_lite/18.1/nios2eds/bin/gnu/h-x86_64-mingw32/bin/../lib/gcc/nios2-elf/5.3.0/../../../../../H-x86_64-mingw32/nios2-elf/lib/mno-hw-mul\libsmallc.a(lib_a-vfprintf.o)
 .data          0x0000000000068d18        0x0 d:/softwares/intelfpga_lite/18.1/nios2eds/bin/gnu/h-x86_64-mingw32/bin/../lib/gcc/nios2-elf/5.3.0/../../../../../H-x86_64-mingw32/nios2-elf/lib/mno-hw-mul\libsmallc.a(lib_a-fvwrite_small_dev.o)
 .data          0x0000000000068d18        0x0 d:/softwares/intelfpga_lite/18.1/nios2eds/bin/gnu/h-x86_64-mingw32/bin/../lib/gcc/nios2-elf/5.3.0/../../../../../H-x86_64-mingw32/nios2-elf/lib/mno-hw-mul\libsmallc.a(lib_a-int_errno.o)
 .data          0x0000000000068d18        0x0 d:/softwares/intelfpga_lite/18.1/nios2eds/bin/gnu/h-x86_64-mingw32/bin/../lib/gcc/nios2-elf/5.3.0/../../../../../H-x86_64-mingw32/nios2-elf/lib/mno-hw-mul\libsmallc.a(lib_a-nano-mallocr.o)
 .data          0x0000000000068d18        0x0 d:/softwares/intelfpga_lite/18.1/nios2eds/bin/gnu/h-x86_64-mingw32/bin/../lib/gcc/nios2-elf/5.3.0/../../../../../H-x86_64-mingw32/nios2-elf/lib/mno-hw-mul\libsmallc.a(lib_a-sbrkr.o)
 .data          0x0000000000068d18        0x0 d:/softwares/intelfpga_lite/18.1/nios2eds/bin/gnu/h-x86_64-mingw32/bin/../lib/gcc/nios2-elf/5.3.0/../../../../../H-x86_64-mingw32/nios2-elf/lib/mno-hw-mul\libsmallc.a(lib_a-writer.o)
 .data          0x0000000000068d18        0x0 ../ECE385_bsp/\libhal_bsp.a(alt_exit.o)
 .data          0x0000000000068d18        0x0 ../ECE385_bsp/\libhal_bsp.a(alt_getpid.o)
 .data          0x0000000000068d18        0x0 ../ECE385_bsp/\libhal_bsp.a(alt_kill.o)
 .data          0x0000000000068d18        0x0 ../ECE385_bsp/\libhal_bsp.a(alt_load.o)
 .data          0x0000000000068d18        0x0 ../ECE385_bsp/\libhal_bsp.a(alt_main.o)
 .data          0x0000000000068d18        0x0 ../ECE385_bsp/\libhal_bsp.a(alt_sbrk.o)
 .data          0x0000000000068d18        0x0 ../ECE385_bsp/\libhal_bsp.a(alt_times.o)
 .data          0x0000000000068d18        0x0 ../ECE385_bsp/\libhal_bsp.a(alt_write.o)
 .data          0x0000000000068d18       0xec ../ECE385_bsp/\libhal_bsp.a(alt_sys_init.o)
 .data          0x0000000000068e04        0x0 ../ECE385_bsp/\libhal_bsp.a(altera_avalon_jtag_uart_fd.o)
 .data          0x0000000000068e04        0x0 ../ECE385_bsp/\libhal_bsp.a(altera_avalon_jtag_uart_read.o)
 .data          0x0000000000068e04        0x0 ../ECE385_bsp/\libhal_bsp.a(altera_avalon_jtag_uart_write.o)
 .data          0x0000000000068e04        0x0 ../ECE385_bsp/\libhal_bsp.a(altera_avalon_sgdma.o)
 .data          0x0000000000068e04        0x0 ../ECE385_bsp/\libhal_bsp.a(altera_avalon_timer_sc.o)
 .data          0x0000000000068e04        0x0 ../ECE385_bsp/\libhal_bsp.a(alt_close.o)
 .data          0x0000000000068e04        0x0 ../ECE385_bsp/\libhal_bsp.a(alt_dcache_flush.o)
 .data          0x0000000000068e04        0x0 ../ECE385_bsp/\libhal_bsp.a(alt_dcache_flush_all.o)
 .data          0x0000000000068e04      0x1a8 ../ECE385_bsp/\libhal_bsp.a(alt_dev.o)
                0x0000000000068e04                alt_fd_list
                0x0000000000068f84                alt_dev_null
 .data          0x0000000000068fac        0x0 ../ECE385_bsp/\libhal_bsp.a(alt_dev_llist_insert.o)
 .data          0x0000000000068fac        0x0 ../ECE385_bsp/\libhal_bsp.a(alt_errno.o)
 .data          0x0000000000068fac        0x0 ../ECE385_bsp/\libhal_bsp.a(alt_find_dev.o)
 .data          0x0000000000068fac        0x0 ../ECE385_bsp/\libhal_bsp.a(alt_icache_flush_all.o)
 .data          0x0000000000068fac        0x0 ../ECE385_bsp/\libhal_bsp.a(alt_iic.o)
 .data          0x0000000000068fac        0x0 ../ECE385_bsp/\libhal_bsp.a(alt_iic_isr_register.o)
 .data          0x0000000000068fac        0x0 ../ECE385_bsp/\libhal_bsp.a(alt_io_redirect.o)
 .data          0x0000000000068fac        0x0 ../ECE385_bsp/\libhal_bsp.a(alt_irq_entry.o)
 .data          0x0000000000068fac        0x0 ../ECE385_bsp/\libhal_bsp.a(alt_irq_handler.o)
 .data          0x0000000000068fac        0x0 ../ECE385_bsp/\libhal_bsp.a(alt_irq_vars.o)
 .data          0x0000000000068fac        0x0 ../ECE385_bsp/\libhal_bsp.a(alt_open.o)
 .data          0x0000000000068fac        0x0 ../ECE385_bsp/\libhal_bsp.a(alt_release_fd.o)
 .data          0x0000000000068fac        0x0 ../ECE385_bsp/\libhal_bsp.a(alt_tick.o)
 .data          0x0000000000068fac        0x0 ../ECE385_bsp/\libhal_bsp.a(altera_nios2_gen2_irq.o)
 .data          0x0000000000068fac        0x0 ../ECE385_bsp/\libhal_bsp.a(alt_exception_entry.o)
 .data          0x0000000000068fac        0x0 ../ECE385_bsp/\libhal_bsp.a(alt_find_file.o)
 .data          0x0000000000068fac        0x0 ../ECE385_bsp/\libhal_bsp.a(alt_get_fd.o)
 .data          0x0000000000068fac        0x0 ../ECE385_bsp/\libhal_bsp.a(alt_instruction_exception_entry.o)
 .data          0x0000000000068fac        0x0 d:/softwares/intelfpga_lite/18.1/nios2eds/bin/gnu/h-x86_64-mingw32/bin/../lib/gcc/nios2-elf/5.3.0/../../../../../H-x86_64-mingw32/nios2-elf/lib/mno-hw-mul\libsmallc.a(lib_a-exit.o)
 .data          0x0000000000068fac        0x0 d:/softwares/intelfpga_lite/18.1/nios2eds/bin/gnu/h-x86_64-mingw32/bin/../lib/gcc/nios2-elf/5.3.0/../../../../../H-x86_64-mingw32/nios2-elf/lib/mno-hw-mul\libsmallc.a(lib_a-__call_atexit.o)
                0x0000000000070fac                _gp = ABSOLUTE ((. + 0x8000))
                [!provide]                        PROVIDE (gp, _gp)
 *(.rwdata .rwdata.*)
 *(.sdata .sdata.* .gnu.linkonce.s.*)
 .sdata         0x0000000000068fac        0x4 obj/default/comm.o
                0x0000000000068fac                keycode_comm
 .sdata         0x0000000000068fb0        0x8 obj/default/ethernet.o
                0x0000000000068fb0                eth1_mdio
                0x0000000000068fb4                eth0_mdio
 .sdata         0x0000000000068fb8        0x4 obj/default/lwip/core/ipv4/dhcp.o
 .sdata         0x0000000000068fbc        0x8 obj/default/lwip/core/ipv6/nd6.o
                0x0000000000068fbc                retrans_timer
                0x0000000000068fc0                reachable_time
 .sdata         0x0000000000068fc4        0xe obj/default/lwip/core/tcp.o
 *fill*         0x0000000000068fd2        0x2 
 .sdata         0x0000000000068fd4        0x4 obj/default/lwip/core/timeouts.o
                0x0000000000068fd4                lwip_num_cyclic_timers
 .sdata         0x0000000000068fd8        0x2 obj/default/lwip/core/udp.o
 .sdata         0x0000000000068fda        0xc obj/default/lwip/netif/ethernet.o
                0x0000000000068fda                ethzero
                0x0000000000068fe0                ethbroadcast
 *fill*         0x0000000000068fe6        0x2 
 .sdata         0x0000000000068fe8       0x10 obj/default/main.o
                0x0000000000068fe8                io_vga_sync
                0x0000000000068fec                io_hex
                0x0000000000068ff0                io_led_green
                0x0000000000068ff4                io_led_red
 .sdata.__ctype_ptr__
                0x0000000000068ff8        0x4 d:/softwares/intelfpga_lite/18.1/nios2eds/bin/gnu/h-x86_64-mingw32/bin/../lib/gcc/nios2-elf/5.3.0/../../../../../H-x86_64-mingw32/nios2-elf/lib/mno-hw-mul\libsmallc.a(lib_a-ctype_.o)
                0x0000000000068ff8                __ctype_ptr__
 .sdata._global_impure_ptr
                0x0000000000068ffc        0x4 d:/softwares/intelfpga_lite/18.1/nios2eds/bin/gnu/h-x86_64-mingw32/bin/../lib/gcc/nios2-elf/5.3.0/../../../../../H-x86_64-mingw32/nios2-elf/lib/mno-hw-mul\libsmallc.a(lib_a-impure.o)
                0x0000000000068ffc                _global_impure_ptr
 .sdata._impure_ptr
                0x0000000000069000        0x4 d:/softwares/intelfpga_lite/18.1/nios2eds/bin/gnu/h-x86_64-mingw32/bin/../lib/gcc/nios2-elf/5.3.0/../../../../../H-x86_64-mingw32/nios2-elf/lib/mno-hw-mul\libsmallc.a(lib_a-impure.o)
                0x0000000000069000                _impure_ptr
 .sdata         0x0000000000069004        0x4 ../ECE385_bsp/\libhal_bsp.a(alt_sbrk.o)
 .sdata         0x0000000000069008        0x8 ../ECE385_bsp/\libhal_bsp.a(altera_avalon_sgdma.o)
                0x0000000000069008                alt_sgdma_list
 .sdata         0x0000000000069010       0x14 ../ECE385_bsp/\libhal_bsp.a(alt_dev.o)
                0x0000000000069010                alt_max_fd
                0x0000000000069014                alt_dev_list
                0x000000000006901c                alt_fs_list
 .sdata         0x0000000000069024        0x4 ../ECE385_bsp/\libhal_bsp.a(alt_errno.o)
                0x0000000000069024                alt_errno
 .sdata         0x0000000000069028        0x4 ../ECE385_bsp/\libhal_bsp.a(alt_irq_vars.o)
                0x0000000000069028                alt_priority_mask
 .sdata         0x000000000006902c        0x8 ../ECE385_bsp/\libhal_bsp.a(alt_tick.o)
                0x000000000006902c                alt_alarm_list
 *(.sdata2 .sdata2.* .gnu.linkonce.s2.*)
                0x0000000000069034                . = ALIGN (0x4)
                0x0000000000069034                _edata = ABSOLUTE (.)
                [!provide]                        PROVIDE (edata, ABSOLUTE (.))
                0x0000000000069034                PROVIDE (__ram_rwdata_end, ABSOLUTE (.))
                0x0000000000069034                PROVIDE (__flash_rwdata_start, LOADADDR (.rwdata))

.bss            0x0000000000069470     0x6bf0
                0x0000000000069470                __bss_start = ABSOLUTE (.)
                [!provide]                        PROVIDE (__sbss_start, ABSOLUTE (.))
                [!provide]                        PROVIDE (___sbss_start, ABSOLUTE (.))
 *(.dynsbss)
 *(.sbss .sbss.* .gnu.linkonce.sb.*)
 .sbss          0x0000000000069470       0x10 obj/default/ethernet.o
                0x0000000000069478                eth1_rx_len
                0x000000000006947c                eth0_rx_len
 .sbss          0x0000000000069480       0x10 obj/default/ethernet.o
                0x0000000000069480                eth1_dma_tx_dev
                0x0000000000069484                eth1_dma_rx_dev
                0x0000000000069488                eth0_dma_tx_dev
                0x000000000006948c                eth0_dma_rx_dev
 .sbss          0x0000000000069490       0x18 obj/default/gamelogic.o
                0x0000000000069498                game_running
                0x000000000006949c                player_plane_info
                0x00000000000694a0                player_plane_id
                0x00000000000694a4                frame_count
 .sbss          0x00000000000694a8        0x2 obj/default/lwip/core/dns.o
 *fill*         0x00000000000694aa        0x2 
 .sbss          0x00000000000694ac        0xc obj/default/lwip/core/ipv4/dhcp.o
 .sbss          0x00000000000694b8        0x1 obj/default/lwip/core/ipv4/etharp.o
 *fill*         0x00000000000694b9        0x3 
 .sbss          0x00000000000694bc        0x8 obj/default/lwip/core/ipv4/igmp.o
 .sbss          0x00000000000694c4        0x6 obj/default/lwip/core/ipv4/ip4.o
 *fill*         0x00000000000694ca        0x2 
 .sbss          0x00000000000694cc        0x8 obj/default/lwip/core/ipv4/ip4_frag.o
 .sbss          0x00000000000694d4        0xc obj/default/lwip/core/ipv6/ip6_frag.o
 .sbss          0x00000000000694e0        0x4 obj/default/lwip/core/ipv6/nd6.o
 .sbss          0x00000000000694e4        0xc obj/default/lwip/core/mem.o
 .sbss          0x00000000000694f0       0x3c obj/default/lwip/core/memp.o
 .sbss          0x000000000006952c        0xc obj/default/lwip/core/netif.o
                0x0000000000069530                netif_list
                0x0000000000069534                netif_default
 .sbss          0x0000000000069538        0x1 obj/default/lwip/core/pbuf.o
                0x0000000000069538                pbuf_free_ooseq_pending
 *fill*         0x0000000000069539        0x3 
 .sbss          0x000000000006953c        0x4 obj/default/lwip/core/raw.o
 .sbss          0x0000000000069540       0x18 obj/default/lwip/core/tcp.o
                0x0000000000069542                tcp_active_pcbs_changed
                0x0000000000069544                tcp_active_pcbs
                0x0000000000069548                tcp_ticks
                0x000000000006954c                tcp_listen_pcbs
                0x0000000000069550                tcp_bound_pcbs
                0x0000000000069554                tcp_tw_pcbs
 .sbss          0x0000000000069558       0x28 obj/default/lwip/core/tcp_in.o
                0x000000000006957c                tcp_input_pcb
 .sbss          0x0000000000069580        0xc obj/default/lwip/core/timeouts.o
 .sbss          0x000000000006958c        0x4 obj/default/lwip/core/udp.o
                0x000000000006958c                udp_pcbs
 .sbss          0x0000000000069590        0x4 obj/default/rng.o
                0x0000000000069590                rng_num
 .sbss          0x0000000000069594        0x4 d:/softwares/intelfpga_lite/18.1/nios2eds/bin/gnu/h-x86_64-mingw32/bin/../lib/gcc/nios2-elf/5.3.0/../../../../../H-x86_64-mingw32/nios2-elf/lib/mno-hw-mul\libsmallc.a(lib_a-int_errno.o)
                0x0000000000069594                errno
 .sbss.__malloc_sbrk_start
                0x0000000000069598        0x4 d:/softwares/intelfpga_lite/18.1/nios2eds/bin/gnu/h-x86_64-mingw32/bin/../lib/gcc/nios2-elf/5.3.0/../../../../../H-x86_64-mingw32/nios2-elf/lib/mno-hw-mul\libsmallc.a(lib_a-nano-mallocr.o)
                0x0000000000069598                __malloc_sbrk_start
 .sbss.__malloc_free_list
                0x000000000006959c        0x4 d:/softwares/intelfpga_lite/18.1/nios2eds/bin/gnu/h-x86_64-mingw32/bin/../lib/gcc/nios2-elf/5.3.0/../../../../../H-x86_64-mingw32/nios2-elf/lib/mno-hw-mul\libsmallc.a(lib_a-nano-mallocr.o)
                0x000000000006959c                __malloc_free_list
 .sbss          0x00000000000695a0        0xc ../ECE385_bsp/\libhal_bsp.a(alt_main.o)
                0x00000000000695a0                alt_envp
                0x00000000000695a4                alt_argv
                0x00000000000695a8                alt_argc
 .sbss          0x00000000000695ac        0x4 ../ECE385_bsp/\libhal_bsp.a(alt_irq_vars.o)
                0x00000000000695ac                alt_irq_active
 .sbss          0x00000000000695b0        0x8 ../ECE385_bsp/\libhal_bsp.a(alt_tick.o)
                0x00000000000695b0                _alt_nticks
                0x00000000000695b4                _alt_tick_rate
 .sbss          0x00000000000695b8        0x4 ../ECE385_bsp/\libhal_bsp.a(alt_instruction_exception_entry.o)
                0x00000000000695b8                alt_instruction_exception_handler
 *(.sbss2 .sbss2.* .gnu.linkonce.sb2.*)
 *(.scommon)