Archive member included to satisfy reference by file (symbol)

d:/softwares/intelfpga_lite/18.1/nios2eds/bin/gnu/h-x86_64-mingw32/bin/../lib/gcc/nios2-elf/5.3.0/mno-hw-mul\libgcc.a(lib2-divmod.o)
                              obj/default/gamelogic.o (__divsi3)
d:/softwares/intelfpga_lite/18.1/nios2eds/bin/gnu/h-x86_64-mingw32/bin/../lib/gcc/nios2-elf/5.3.0/mno-hw-mul\libgcc.a(lib2-mul.o)
                              obj/default/gamelogic.o (__mulsi3)
d:/softwares/intelfpga_lite/18.1/nios2eds/bin/gnu/h-x86_64-mingw32/bin/../lib/gcc/nios2-elf/5.3.0/../../../../../H-x86_64-mingw32/nios2-elf/lib/mno-hw-mul\libsmallc.a(lib_a-abort.o)
                              obj/default/lwip/apps/http/http_client.o (abort)
d:/softwares/intelfpga_lite/18.1/nios2eds/bin/gnu/h-x86_64-mingw32/bin/../lib/gcc/nios2-elf/5.3.0/../../../../../H-x86_64-mingw32/nios2-elf/lib/mno-hw-mul\libsmallc.a(lib_a-atoi.o)
                              obj/default/lwip/apps/http/http_client.o (atoi)
d:/softwares/intelfpga_lite/18.1/nios2eds/bin/gnu/h-x86_64-mingw32/bin/../lib/gcc/nios2-elf/5.3.0/../../../../../H-x86_64-mingw32/nios2-elf/lib/mno-hw-mul\libsmallc.a(lib_a-clock.o)
                              obj/default/httpc.o (clock)
d:/softwares/intelfpga_lite/18.1/nios2eds/bin/gnu/h-x86_64-mingw32/bin/../lib/gcc/nios2-elf/5.3.0/../../../../../H-x86_64-mingw32/nios2-elf/lib/mno-hw-mul\libsmallc.a(lib_a-ctype_.o)
                              obj/default/lwip/core/dns.o (__ctype_ptr__)
d:/softwares/intelfpga_lite/18.1/nios2eds/bin/gnu/h-x86_64-mingw32/bin/../lib/gcc/nios2-elf/5.3.0/../../../../../H-x86_64-mingw32/nios2-elf/lib/mno-hw-mul\libsmallc.a(lib_a-impure.o)
                              d:/softwares/intelfpga_lite/18.1/nios2eds/bin/gnu/h-x86_64-mingw32/bin/../lib/gcc/nios2-elf/5.3.0/../../../../../H-x86_64-mingw32/nios2-elf/lib/mno-hw-mul\libsmallc.a(lib_a-clock.o) (_impure_ptr)
d:/softwares/intelfpga_lite/18.1/nios2eds/bin/gnu/h-x86_64-mingw32/bin/../lib/gcc/nios2-elf/5.3.0/../../../../../H-x86_64-mingw32/nios2-elf/lib/mno-hw-mul\libsmallc.a(lib_a-memcmp.o)
                              obj/default/lwip/netif/ethernet.o (memcmp)
d:/softwares/intelfpga_lite/18.1/nios2eds/bin/gnu/h-x86_64-mingw32/bin/../lib/gcc/nios2-elf/5.3.0/../../../../../H-x86_64-mingw32/nios2-elf/lib/mno-hw-mul\libsmallc.a(lib_a-memcpy.o)
                              obj/default/httpc.o (memcpy)
d:/softwares/intelfpga_lite/18.1/nios2eds/bin/gnu/h-x86_64-mingw32/bin/../lib/gcc/nios2-elf/5.3.0/../../../../../H-x86_64-mingw32/nios2-elf/lib/mno-hw-mul\libsmallc.a(lib_a-memmove.o)
                              obj/default/lwip/core/def.o (memmove)
d:/softwares/intelfpga_lite/18.1/nios2eds/bin/gnu/h-x86_64-mingw32/bin/../lib/gcc/nios2-elf/5.3.0/../../../../../H-x86_64-mingw32/nios2-elf/lib/mno-hw-mul\libsmallc.a(lib_a-memset.o)
                              obj/default/lwip/apps/http/http_client.o (memset)
d:/softwares/intelfpga_lite/18.1/nios2eds/bin/gnu/h-x86_64-mingw32/bin/../lib/gcc/nios2-elf/5.3.0/../../../../../H-x86_64-mingw32/nios2-elf/lib/mno-hw-mul\libsmallc.a(lib_a-printf.o)
                              obj/default/lwip/apps/http/http_client.o (printf)
d:/softwares/intelfpga_lite/18.1/nios2eds/bin/gnu/h-x86_64-mingw32/bin/../lib/gcc/nios2-elf/5.3.0/../../../../../H-x86_64-mingw32/nios2-elf/lib/mno-hw-mul\libsmallc.a(lib_a-signal.o)
                              d:/softwares/intelfpga_lite/18.1/nios2eds/bin/gnu/h-x86_64-mingw32/bin/../lib/gcc/nios2-elf/5.3.0/../../../../../H-x86_64-mingw32/nios2-elf/lib/mno-hw-mul\libsmallc.a(lib_a-abort.o) (raise)
d:/softwares/intelfpga_lite/18.1/nios2eds/bin/gnu/h-x86_64-mingw32/bin/../lib/gcc/nios2-elf/5.3.0/../../../../../H-x86_64-mingw32/nios2-elf/lib/mno-hw-mul\libsmallc.a(lib_a-signalr.o)
                              d:/softwares/intelfpga_lite/18.1/nios2eds/bin/gnu/h-x86_64-mingw32/bin/../lib/gcc/nios2-elf/5.3.0/../../../../../H-x86_64-mingw32/nios2-elf/lib/mno-hw-mul\libsmallc.a(lib_a-signal.o) (_kill_r)
d:/softwares/intelfpga_lite/18.1/nios2eds/bin/gnu/h-x86_64-mingw32/bin/../lib/gcc/nios2-elf/5.3.0/../../../../../H-x86_64-mingw32/nios2-elf/lib/mno-hw-mul\libsmallc.a(lib_a-snprintf.o)
                              obj/default/gamelogic.o (snprintf)
d:/softwares/intelfpga_lite/18.1/nios2eds/bin/gnu/h-x86_64-mingw32/bin/../lib/gcc/nios2-elf/5.3.0/../../../../../H-x86_64-mingw32/nios2-elf/lib/mno-hw-mul\libsmallc.a(lib_a-strcmp.o)
                              obj/default/lwip/core/dns.o (strcmp)
d:/softwares/intelfpga_lite/18.1/nios2eds/bin/gnu/h-x86_64-mingw32/bin/../lib/gcc/nios2-elf/5.3.0/../../../../../H-x86_64-mingw32/nios2-elf/lib/mno-hw-mul\libsmallc.a(lib_a-strlen.o)
                              obj/default/lwip/core/def.o (strlen)
d:/softwares/intelfpga_lite/18.1/nios2eds/bin/gnu/h-x86_64-mingw32/bin/../lib/gcc/nios2-elf/5.3.0/../../../../../H-x86_64-mingw32/nios2-elf/lib/mno-hw-mul\libsmallc.a(lib_a-strncmp.o)
                              obj/default/lwip/core/def.o (strncmp)
[...]
Memory Configuration

Name             Origin             Length             Attributes
vga_sprite_7     0x0000000000000000 0x0000000000001000
vga_sprite_6     0x0000000000001000 0x0000000000001000
vga_sprite_5     0x0000000000002000 0x0000000000001000
vga_sprite_4     0x0000000000003000 0x0000000000001000
vga_sprite_3     0x0000000000004000 0x0000000000001000
vga_sprite_2     0x0000000000005000 0x0000000000001000
vga_sprite_1     0x0000000000006000 0x0000000000001000
vga_sprite_0     0x0000000000007000 0x0000000000001000
usb_keycode      0x0000000000009000 0x0000000000000400
reset            0x0000000000040000 0x0000000000000020
nios2_onchip_mem 0x0000000000040020 0x000000000003ffe0
sdram            0x0000000008000000 0x0000000008000000
*default*        0x0000000000000000 0xffffffffffffffff

Linker script and memory map

LOAD ../ECE385_bsp//obj/HAL/src/crt0.o
LOAD obj/default/audio.o
LOAD obj/default/comm.o
LOAD obj/default/ethernet.o
LOAD obj/default/gamelogic.o
LOAD obj/default/httpc.o
LOAD obj/default/lwip/apps/http/http_client.o
LOAD obj/default/lwip/core/altcp.o
LOAD obj/default/lwip/core/altcp_alloc.o
LOAD obj/default/lwip/core/altcp_tcp.o
LOAD obj/default/lwip/core/def.o
LOAD obj/default/lwip/core/dns.o
LOAD obj/default/lwip/core/inet_chksum.o
LOAD obj/default/lwip/core/init.o
LOAD obj/default/lwip/core/ip.o
LOAD obj/default/lwip/core/ipv4/autoip.o
LOAD obj/default/lwip/core/ipv4/dhcp.o
LOAD obj/default/lwip/core/ipv4/etharp.o
LOAD obj/default/lwip/core/ipv4/icmp.o
LOAD obj/default/lwip/core/ipv4/igmp.o
LOAD obj/default/lwip/core/ipv4/ip4.o
LOAD obj/default/lwip/core/ipv4/ip4_addr.o
LOAD obj/default/lwip/core/ipv4/ip4_frag.o
LOAD obj/default/lwip/core/ipv6/dhcp6.o
LOAD obj/default/lwip/core/ipv6/ethip6.o
LOAD obj/default/lwip/core/ipv6/icmp6.o
LOAD obj/default/lwip/core/ipv6/inet6.o
LOAD obj/default/lwip/core/ipv6/ip6.o
LOAD obj/default/lwip/core/ipv6/ip6_addr.o
LOAD obj/default/lwip/core/ipv6/ip6_frag.o
LOAD obj/default/lwip/core/ipv6/mld6.o
LOAD obj/default/lwip/core/ipv6/nd6.o
LOAD obj/default/lwip/core/mem.o
LOAD obj/default/lwip/core/memp.o
LOAD obj/default/lwip/core/netif.o
LOAD obj/default/lwip/core/pbuf.o
LOAD obj/default/lwip/core/raw.o
LOAD obj/default/lwip/core/stats.o
LOAD obj/default/lwip/core/sys.o
LOAD obj/default/lwip/core/tcp.o
LOAD obj/default/lwip/core/tcp_in.o
LOAD obj/default/lwip/core/tcp_out.o
LOAD obj/default/lwip/core/timeouts.o
LOAD obj/default/lwip/core/udp.o
LOAD obj/default/lwip/netif/ethernet.o
LOAD obj/default/lwip_port/compat.o
LOAD obj/default/main.o
LOAD obj/default/main_menu.o
LOAD obj/default/memcpy_dma.o
LOAD obj/default/resources/chinese.o
LOAD obj/default/resources/main_menu_bg.o
LOAD obj/default/resources/music.o
LOAD obj/default/resources/plane_player.o
LOAD obj/default/resources/resource.o
LOAD obj/default/resources/scoreboard_bg.o
LOAD obj/default/resources/sound_explosion.o
LOAD obj/default/resources/sound_hit.o
LOAD obj/default/resources/vga_fonts.o
LOAD obj/default/rng.o
LOAD obj/default/scoreboard.o
LOAD obj/default/sprites.o
LOAD obj/default/vga.o
LOAD d:/softwares/intelfpga_lite/18.1/nios2eds/bin/gnu/h-x86_64-mingw32/bin/../lib/gcc/nios2-elf/5.3.0/../../../../../H-x86_64-mingw32/nios2-elf/lib/mno-hw-mul\libstdc++.a
LOAD d:/softwares/intelfpga_lite/18.1/nios2eds/bin/gnu/h-x86_64-mingw32/bin/../lib/gcc/nios2-elf/5.3.0/../../../../../H-x86_64-mingw32/nios2-elf/lib/mno-hw-mul\libm.a
LOAD d:/softwares/intelfpga_lite/18.1/nios2eds/bin/gnu/h-x86_64-mingw32/bin/../lib/gcc/nios2-elf/5.3.0/mno-hw-mul\libgcc.a
START GROUP
LOAD d:/softwares/intelfpga_lite/18.1/nios2eds/bin/gnu/h-x86_64-mingw32/bin/../lib/gcc/nios2-elf/5.3.0/../../../../../H-x86_64-mingw32/nios2-elf/lib/mno-hw-mul\libsmallc.a
LOAD d:/softwares/intelfpga_lite/18.1/nios2eds/bin/gnu/h-x86_64-mingw32/bin/../lib/gcc/nios2-elf/5.3.0/mno-hw-mul\libgcc.a
LOAD ../ECE385_bsp/\libhal_bsp.a
LOAD d:/softwares/intelfpga_lite/18.1/nios2eds/bin/gnu/h-x86_64-mingw32/bin/../lib/gcc/nios2-elf/5.3.0/../../../../../H-x86_64-mingw32/nios2-elf/lib/mno-hw-mul\libm.a
END GROUP
LOAD d:/softwares/intelfpga_lite/18.1/nios2eds/bin/gnu/h-x86_64-mingw32/bin/../lib/gcc/nios2-elf/5.3.0/mno-hw-mul\libgcc.a
                0x0000000000000000                __alt_mem_vga_sprite_7 = 0x0
                0x0000000000001000                __alt_mem_vga_sprite_6 = 0x1000
                0x0000000000002000                __alt_mem_vga_sprite_5 = 0x2000
                0x0000000000003000                __alt_mem_vga_sprite_4 = 0x3000
                0x0000000000004000                __alt_mem_vga_sprite_3 = 0x4000
                0x0000000000005000                __alt_mem_vga_sprite_2 = 0x5000
                0x0000000000006000                __alt_mem_vga_sprite_1 = 0x6000
                0x0000000000007000                __alt_mem_vga_sprite_0 = 0x7000
                0x0000000000009000                __alt_mem_usb_keycode = 0x9000
                0x0000000000040000                __alt_mem_nios2_onchip_mem = 0x40000
                0x0000000008000000                __alt_mem_sdram = 0x8000000

.entry          0x0000000000040000       0x20
 *(.entry)
 .entry         0x0000000000040000       0x20 ../ECE385_bsp//obj/HAL/src/crt0.o
                0x0000000000040000                __reset

.exceptions     0x0000000000040020      0x164
                0x0000000000040020                PROVIDE (__ram_exceptions_start, ABSOLUTE (.))
                0x0000000000040020                . = ALIGN (0x20)
 *(.irq)
 *(.exceptions.entry.label)
 .exceptions.entry.label
                0x0000000000040020        0x0 ../ECE385_bsp/\libhal_bsp.a(alt_irq_entry.o)
                0x0000000000040020                alt_irq_entry
 .exceptions.entry.label
                0x0000000000040020        0x0 ../ECE385_bsp/\libhal_bsp.a(alt_exception_entry.o)
                0x0000000000040020                alt_exception
 *(.exceptions.entry.user)
 *(.exceptions.entry.ecc_fatal)
 *(.exceptions.entry)
 .exceptions.entry
                0x0000000000040020       0x54 ../ECE385_bsp/\libhal_bsp.a(alt_exception_entry.o)
 *(.exceptions.irqtest.user)
 *(.exceptions.irqtest)
 .exceptions.irqtest
                0x0000000000040074       0x10 ../ECE385_bsp/\libhal_bsp.a(alt_irq_entry.o)
 *(.exceptions.irqhandler.user)
 *(.exceptions.irqhandler)
 .exceptions.irqhandler
                0x0000000000040084        0x4 ../ECE385_bsp/\libhal_bsp.a(alt_irq_entry.o)
 *(.exceptions.irqreturn.user)
 *(.exceptions.irqreturn)
 .exceptions.irqreturn
                0x0000000000040088        0x4 ../ECE385_bsp/\libhal_bsp.a(alt_irq_entry.o)
 *(.exceptions.notirq.label)
 .exceptions.notirq.label
                0x000000000004008c        0x0 ../ECE385_bsp/\libhal_bsp.a(alt_irq_entry.o)
 *(.exceptions.notirq.user)
 *(.exceptions.notirq)
 .exceptions.notirq
                0x000000000004008c        0x8 ../ECE385_bsp/\libhal_bsp.a(alt_exception_entry.o)
 *(.exceptions.soft.user)
 *(.exceptions.soft)
 *(.exceptions.unknown.user)
 *(.exceptions.unknown)
 .exceptions.unknown
                0x0000000000040094       0x14 ../ECE385_bsp/\libhal_bsp.a(alt_exception_entry.o)
 *(.exceptions.exit.label)
 .exceptions.exit.label
                0x00000000000400a8        0x0 ../ECE385_bsp/\libhal_bsp.a(alt_irq_entry.o)
 .exceptions.exit.label
                0x00000000000400a8        0x0 ../ECE385_bsp/\libhal_bsp.a(alt_exception_entry.o)
 *(.exceptions.exit.user)
 *(.exceptions.exit)
 .exceptions.exit
                0x00000000000400a8       0x54 ../ECE385_bsp/\libhal_bsp.a(alt_exception_entry.o)
 *(.exceptions)
 .exceptions    0x00000000000400fc       0x64 ../ECE385_bsp/\libhal_bsp.a(alt_irq_handler.o)
                0x00000000000400fc                alt_irq_handler
 .exceptions    0x0000000000040160       0x24 ../ECE385_bsp/\libhal_bsp.a(alt_instruction_exception_entry.o)
                0x0000000000040160                alt_instruction_exception_entry
                0x0000000000040184                PROVIDE (__ram_exceptions_end, ABSOLUTE (.))
                0x0000000000040020                PROVIDE (__flash_exceptions_start, LOADADDR (.exceptions))

.resources      0x0000000008000000   0x81912c
                [!provide]                        PROVIDE (_alt_partition_resources_start, ABSOLUTE (.))
 *(.resources .resources.*)
 .resources     0x0000000008000000     0x1010 obj/default/main.o
                0x0000000008000000                http_score_upload
 .resources     0x0000000008001010    0xa34a0 obj/default/resources/chinese.o
                0x0000000008001010                chinese_font
 .resources     0x00000000080a44b0    0x96000 obj/default/resources/main_menu_bg.o
                0x00000000080a44b0                main_menu_bg
 .resources     0x000000000813a4b0   0x4ce792 obj/default/resources/music.o
                0x000000000813a4b0                music_data
 .resources     0x0000000008608c42     0x2400 obj/default/resources/plane_player.o
                0x0000000008608c42                plane_player2
                0x0000000008609842                plane_player1
                0x000000000860a442                plane_player0
 .resources     0x000000000860b042   0x16e900 obj/default/resources/resource.o
                0x000000000860b042                background
                0x000000000876a942                explosion20
                0x000000000876b142                explosion19
                0x000000000876b942                explosion18
                0x000000000876c142                explosion17
                0x000000000876c942                explosion16
                0x000000000876d142                explosion15
                0x000000000876d942                explosion14
                0x000000000876e142                explosion13
                0x000000000876e942                explosion12
                0x000000000876f142                explosion11
                0x000000000876f942                explosion10
                0x0000000008770142                explosion9
                0x0000000008770942                explosion8
                0x0000000008771142                explosion7
                0x0000000008771942                explosion6
                0x0000000008772142                explosion5
                0x0000000008772942                explosion4
                0x0000000008773142                explosion3
                0x0000000008773942                explosion2
                0x0000000008774142                explosion1
                0x0000000008774942                explosion0
                0x0000000008775142                enemy5
                0x0000000008775d42                enemy4
                0x0000000008776942                enemy3
                0x0000000008777542                enemy2
                0x0000000008778142                enemy1
                0x0000000008778d42                enemy0
 .resources     0x0000000008779942    0x96000 obj/default/resources/scoreboard_bg.o
                0x0000000008779942                scoreboard_bg
 .resources     0x000000000880f942     0x3e80 obj/default/resources/sound_explosion.o
                0x000000000880f942                explosion_data
 .resources     0x00000000088137c2     0x395a obj/default/resources/sound_hit.o
                0x00000000088137c2                sound_hit_data
 .resources     0x000000000881711c     0x1000 obj/default/resources/vga_fonts.o
                0x000000000881711c                font_data
 .resources     0x000000000881811c     0x1010 obj/default/scoreboard.o
                0x000000000881811c                scoreboard_request
                0x000000000881912c                . = ALIGN (0x4)
                [!provide]                        PROVIDE (_alt_partition_resources_end, ABSOLUTE (.))

.onchip         0x0000000000040184     0x10c0
                [!provide]                        PROVIDE (_alt_partition_onchip_start, ABSOLUTE (.))
 *(.onchip .onchip.*)
 .onchip        0x0000000000040184     0x1080 obj/default/ethernet.o
                0x0000000000040184                eth0_rx_frame
                0x0000000000040984                tx_frame
                0x0000000000041184                eth0_rx_descriptor_end
                0x00000000000411a4                eth0_rx_descriptor
                0x00000000000411c4                eth0_tx_descriptor_end
                0x00000000000411e4                eth0_tx_descriptor
 .onchip        0x0000000000041204       0x40 obj/default/memcpy_dma.o
                0x0000000000041204                dma_descriptor_end
                0x0000000000041224                dma_descriptor
                0x0000000000041244                . = ALIGN (0x4)
                [!provide]                        PROVIDE (_alt_partition_onchip_end, ABSOLUTE (.))

.text           0x0000000000041244    0x25814
                [!provide]                        PROVIDE (stext, ABSOLUTE (.))
 *(.interp)
 *(.hash)
 *(.dynsym)
 *(.dynstr)
 *(.gnu.version)
 *(.gnu.version_d)
 *(.gnu.version_r)
 *(.rel.init)
 *(.rela.init)
 *(.rel.text .rel.text.* .rel.gnu.linkonce.t.*)
 *(.rela.text .rela.text.* .rela.gnu.linkonce.t.*)
 *(.rel.fini)
 *(.rela.fini)
 *(.rel.rodata .rel.rodata.* .rel.gnu.linkonce.r.*)
 *(.rela.rodata .rela.rodata.* .rela.gnu.linkonce.r.*)
 *(.rel.data .rel.data.* .rel.gnu.linkonce.d.*)
 *(.rela.data .rela.data.* .rela.gnu.linkonce.d.*)
 *(.rel.tdata .rel.tdata.* .rel.gnu.linkonce.td.*)
 *(.rela.tdata .rela.tdata.* .rela.gnu.linkonce.td.*)
 *(.rel.tbss .rel.tbss.* .rel.gnu.linkonce.tb.*)
 *(.rela.tbss .rela.tbss.* .rela.gnu.linkonce.tb.*)
 *(.rel.ctors)
 *(.rela.ctors)
 *(.rel.dtors)
 *(.rela.dtors)
 *(.rel.got)
 *(.rela.got)
 *(.rel.sdata .rel.sdata.* .rel.gnu.linkonce.s.*)
 *(.rela.sdata .rela.sdata.* .rela.gnu.linkonce.s.*)
 *(.rel.sbss .rel.sbss.* .rel.gnu.linkonce.sb.*)
 *(.rela.sbss .rela.sbss.* .rela.gnu.linkonce.sb.*)
 *(.rel.sdata2 .rel.sdata2.* .rel.gnu.linkonce.s2.*)
 *(.rela.sdata2 .rela.sdata2.* .rela.gnu.linkonce.s2.*)
 *(.rel.sbss2 .rel.sbss2.* .rel.gnu.linkonce.sb2.*)
 *(.rela.sbss2 .rela.sbss2.* .rela.gnu.linkonce.sb2.*)
 *(.rel.bss .rel.bss.* .rel.gnu.linkonce.b.*)
 *(.rela.bss .rela.bss.* .rela.gnu.linkonce.b.*)
 *(.rel.plt)
 *(.rela.plt)
 *(.rel.dyn)
 *(.init)
 *(.plt)
 *(.text .stub .text.* .gnu.linkonce.t.*)
 .text          0x0000000000041244       0x3c ../ECE385_bsp//obj/HAL/src/crt0.o
                0x0000000000041244                _start
 .text          0x0000000000041280      0x114 obj/default/audio.o
                0x0000000000041280                audio_interrupt
                0x0000000000041350                audio_init
 .text          0x0000000000041394        0x0 obj/default/comm.o
 .text          0x0000000000041394      0x3a8 obj/default/ethernet.o
                0x0000000000041394                eth0_tx
                0x0000000000041424                eth_init
                0x00000000000414c0                eth_ip_reverse
                0x00000000000414e8                eth0_rx_start
                0x0000000000041534                eth_loop
                0x0000000000041620                eth0_init
                0x0000000000041708                eth0_ip
 .text          0x000000000004173c      0xe70 obj/default/gamelogic.o
                0x0000000000041af4                game_init
                0x0000000000041ca4                handle_player_plane_keyboard
                0x000000000004209c                handle_enemy_planes_spawn
                0x00000000000420b0                handle_enemy_planes_firing
                0x0000000000042300                game_loop
                0x0000000000042504                game_over
 .text          0x00000000000425ac      0x1ec obj/default/httpc.o
                0x00000000000425ac                httpc_request_finish
                0x00000000000425dc                httpc_callback
                0x000000000004265c                httpc_send_request
                0x0000000000042734                httpc_processing
                0x000000000004278c                httpc_success
 .text          0x0000000000042798      0xc90 obj/default/lwip/apps/http/http_client.o
                0x0000000000043180                httpc_get_file
                0x00000000000432b4                httpc_get_file_dns
 .text          0x0000000000043428        0x0 obj/default/lwip/core/altcp.o
 .text          0x0000000000043428        0x0 obj/default/lwip/core/altcp_alloc.o
 .text          0x0000000000043428        0x0 obj/default/lwip/core/altcp_tcp.o
 .text          0x0000000000043428      0x2e8 obj/default/lwip/core/def.o
                0x0000000000043428                lwip_htons
                0x000000000004343c                lwip_htonl
                0x0000000000043464                lwip_strnstr
                0x000000000004350c                lwip_stricmp
                0x000000000004357c                lwip_strnicmp
                0x0000000000043600                lwip_itoa
 .text          0x0000000000043710     0x16ac obj/default/lwip/core/dns.o
                0x0000000000044710                dns_init
                0x0000000000044714                dns_setserver
                0x00000000000447c8                dns_getserver
                0x0000000000044808                dns_tmr
                0x0000000000044838                dns_gethostbyname_addrtype
                0x0000000000044d9c                dns_gethostbyname
 .text.unlikely
                0x0000000000044dbc       0xcc obj/default/lwip/core/dns.o
 .text          0x0000000000044e88      0x608 obj/default/lwip/core/inet_chksum.o
                0x0000000000044e88                lwip_standard_chksum
                0x00000000000451c0                inet_chksum_pseudo
                0x000000000004520c                ip6_chksum_pseudo
                0x0000000000045270                ip_chksum_pseudo
                0x00000000000452b0                inet_chksum_pseudo_partial
                0x0000000000045308                ip6_chksum_pseudo_partial
                0x0000000000045378                ip_chksum_pseudo_partial
                0x00000000000453c0                inet_chksum
                0x00000000000453e0                inet_chksum_pbuf
 .text          0x0000000000045490       0x30 obj/default/lwip/core/init.o
                0x0000000000045490                lwip_init
 .text          0x00000000000454c0       0xc4 obj/default/lwip/core/ip.o
                0x00000000000454c0                ipaddr_ntoa
                0x00000000000454e0                ipaddr_ntoa_r
                0x0000000000045500                ipaddr_aton
                0x000000000004555c                ip_input
 .text          0x0000000000045584        0x0 obj/default/lwip/core/ipv4/autoip.o
 .text          0x0000000000045584     0x2968 obj/default/lwip/core/ipv4/dhcp.o
                0x00000000000470f4                dhcp_set_struct
                0x00000000000471c8                dhcp_cleanup
                0x0000000000047228                dhcp_inform
                0x000000000004738c                dhcp_network_changed
                0x0000000000047404                dhcp_arp_reply
                0x0000000000047584                dhcp_renew
                0x0000000000047770                dhcp_release_and_stop
                0x0000000000047968                dhcp_start
                0x0000000000047abc                dhcp_coarse_tmr
                0x0000000000047d84                dhcp_fine_tmr
                0x0000000000047e90                dhcp_release
                0x0000000000047eac                dhcp_stop
                0x0000000000047eb0                dhcp_supplied_address
 .text.unlikely
                0x0000000000047eec      0x1f0 obj/default/lwip/core/ipv4/dhcp.o
 .text          0x00000000000480dc     0x13dc obj/default/lwip/core/ipv4/etharp.o
                0x0000000000048834                etharp_tmr
                0x0000000000048954                etharp_cleanup_netif
                0x00000000000489e4                etharp_find_addr
                0x0000000000048ac4                etharp_get_entry
                0x0000000000048c08                etharp_input
                0x0000000000048f14                etharp_query
                0x0000000000049250                etharp_output
                0x000000000004947c                etharp_request
 .text          0x00000000000494b8      0x45c obj/default/lwip/core/ipv4/icmp.o
                0x0000000000049618                icmp_input
                0x00000000000498fc                icmp_dest_unreach
                0x0000000000049908                icmp_time_exceeded
 .text          0x0000000000049914      0xba4 obj/default/lwip/core/ipv4/igmp.o
                0x0000000000049c6c                igmp_init
                0x0000000000049c88                igmp_start
                0x0000000000049d04                igmp_stop
                0x0000000000049d74                igmp_report_groups
                0x0000000000049db4                igmp_lookfor_group
                0x0000000000049dec                igmp_input
                0x0000000000049f8c                igmp_joingroup_netif
                0x000000000004a0f0                igmp_joingroup
                0x000000000004a1b0                igmp_leavegroup_netif
                0x000000000004a354                igmp_leavegroup
                0x000000000004a414                igmp_tmr
 .text          0x000000000004a4b8      0x94c obj/default/lwip/core/ipv4/ip4.o
                0x000000000004a4b8                ip4_set_default_multicast_netif
                0x000000000004a4bc                ip4_route
                0x000000000004a4f4                ip4_input
                0x000000000004a8c0                ip4_output_if_opt_src
                0x000000000004ac74                ip4_output_if_opt
                0x000000000004acc4                ip4_output_if
                0x000000000004ad1c                ip4_output_if_src
                0x000000000004ad58                ip4_output
 .text          0x000000000004ae04      0x534 obj/default/lwip/core/ipv4/ip4_addr.o
                0x000000000004ae04                ip4_addr_isbroadcast_u32
                0x000000000004ae54                ip4_addr_netmask_valid
                0x000000000004aeb4                ip4addr_aton
                0x000000000004b1a0                ipaddr_addr
                0x000000000004b1d4                ip4addr_ntoa_r
                0x000000000004b328                ip4addr_ntoa
 .text          0x000000000004b338     0x1084 obj/default/lwip/core/ipv4/ip4_frag.o
                0x000000000004b76c                ip_reass_tmr
                0x000000000004b7d4                ip4_reass
                0x000000000004c008                ip4_frag
 .text.unlikely
                0x000000000004c3bc       0x34 obj/default/lwip/core/ipv4/ip4_frag.o
 .text          0x000000000004c3f0        0x0 obj/default/lwip/core/ipv6/dhcp6.o
 .text          0x000000000004c3f0       0xf0 obj/default/lwip/core/ipv6/ethip6.o
                0x000000000004c3f0                ethip6_output
 .text          0x000000000004c4e0      0x564 obj/default/lwip/core/ipv6/icmp6.o
                0x000000000004c738                icmp6_input
                0x000000000004c924                icmp6_dest_unreach
                0x000000000004c934                icmp6_packet_too_big
                0x000000000004c944                icmp6_time_exceeded
                0x000000000004c954                icmp6_time_exceeded_with_addrs
                0x000000000004ca28                icmp6_param_problem
 .text          0x000000000004ca44        0x0 obj/default/lwip/core/ipv6/inet6.o
 .text          0x000000000004ca44     0x1060 obj/default/lwip/core/ipv6/ip6.o
                0x000000000004ca44                ip6_route
                0x000000000004ca68                ip6_select_source_address
                0x000000000004ccd0                ip6_input
                0x000000000004d490                ip6_output_if_src
                0x000000000004d89c                ip6_output_if
                0x000000000004d988                ip6_output
                0x000000000004da20                ip6_options_add_hbh_ra
 .text          0x000000000004daa4      0x608 obj/default/lwip/core/ipv6/ip6_addr.o
                0x000000000004daa4                ip6addr_aton
                0x000000000004ddb4                ip6addr_ntoa_r
                0x000000000004e09c                ip6addr_ntoa
 .text          0x000000000004e0ac      0xfe0 obj/default/lwip/core/ipv6/ip6_frag.o
                0x000000000004e42c                ip6_reass_tmr
                0x000000000004e480                ip6_reass
                0x000000000004ed54                ip6_frag
 .text.unlikely
                0x000000000004f08c       0x34 obj/default/lwip/core/ipv6/ip6_frag.o
 .text          0x000000000004f0c0      0xa50 obj/default/lwip/core/ipv6/mld6.o
                0x000000000004f37c                mld6_stop
                0x000000000004f3ec                mld6_report_groups
                0x000000000004f424                mld6_lookfor_group
                0x000000000004f478                mld6_input
                0x000000000004f6f0                mld6_joingroup_netif
                0x000000000004f820                mld6_joingroup
                0x000000000004f8b4                mld6_leavegroup_netif
                0x000000000004f9ec                mld6_leavegroup
                0x000000000004fa80                mld6_tmr
 .text          0x000000000004fb10     0x3808 obj/default/lwip/core/ipv6/nd6.o
                0x0000000000050954                nd6_input
                0x0000000000051fc4                nd6_tmr
                0x0000000000052460                nd6_clear_destination_cache
                0x00000000000524a0                nd6_find_route
                0x0000000000052578                nd6_get_next_hop_addr_or_queue
                0x0000000000052d84                nd6_get_destination_mtu
                0x0000000000052e44                nd6_reachability_hint
                0x00000000000530d0                nd6_cleanup_netif
                0x00000000000531f0                nd6_adjust_mld_membership
                0x000000000005330c                nd6_restart_netif
 .text.unlikely
                0x0000000000053318       0xa0 obj/default/lwip/core/ipv6/nd6.o
 .text          0x00000000000533b8      0x66c obj/default/lwip/core/mem.o
                0x00000000000533b8                mem_init
                0x00000000000533fc                mem_free
                0x00000000000535f4                mem_trim
                0x00000000000537d4                mem_malloc
                0x00000000000539bc                mem_calloc
 .text          0x0000000000053a24      0x2a0 obj/default/lwip/core/memp.o
                0x0000000000053a24                memp_init_pool
                0x0000000000053a6c                memp_init
                0x0000000000053ae4                memp_malloc_pool
                0x0000000000053b58                memp_malloc
                0x0000000000053be0                memp_free_pool
                0x0000000000053c44                memp_free
 .text.unlikely
                0x0000000000053cc4       0x68 obj/default/lwip/core/memp.o
 .text          0x0000000000053d2c     0x17c0 obj/default/lwip/core/netif.o
                0x0000000000053fc0                netif_input
                0x000000000005404c                netif_set_ipaddr
                0x00000000000540a8                netif_set_netmask
                0x0000000000054114                netif_set_gw
                0x0000000000054180                netif_set_addr
                0x0000000000054278                netif_add
                0x0000000000054508                netif_add_noaddr
                0x0000000000054538                netif_set_default
                0x0000000000054540                netif_set_up
                0x00000000000545c0                netif_set_down
                0x0000000000054648                netif_remove
                0x0000000000054720                netif_set_link_up
                0x00000000000547a8                netif_init
                0x0000000000054848                netif_set_link_down
                0x0000000000054898                netif_loop_output
                0x0000000000054a2c                netif_poll
                0x0000000000054bd0                netif_poll_all
                0x0000000000054be0                netif_ip6_addr_set_parts
                0x0000000000054de8                netif_ip6_addr_set
                0x0000000000054e84                netif_ip6_addr_set_state
                0x0000000000054fd8                netif_get_ip6_addr_match
                0x00000000000550c8                netif_create_ip6_linklocal_address
                0x0000000000055228                netif_add_ip6_address
                0x00000000000553a8                netif_index_to_name
                0x0000000000055414                netif_get_by_index
                0x0000000000055440                netif_find
                0x00000000000554b8                netif_name_to_index
 .text          0x00000000000554ec     0x1688 obj/default/lwip/core/pbuf.o
                0x0000000000055690                pbuf_free_ooseq
                0x00000000000556b8                pbuf_alloc_reference
                0x0000000000055760                pbuf_alloced_custom
                0x00000000000557cc                pbuf_add_header
                0x00000000000557d4                pbuf_add_header_force
                0x00000000000557dc                pbuf_remove_header
                0x00000000000558ac                pbuf_header
                0x00000000000558cc                pbuf_header_force
                0x00000000000558ec                pbuf_free
                0x0000000000055a6c                pbuf_alloc
                0x0000000000055cd8                pbuf_realloc
                0x0000000000055e20                pbuf_free_header
                0x0000000000055eb8                pbuf_clen
                0x0000000000055ed4                pbuf_ref
                0x0000000000055efc                pbuf_cat
                0x0000000000055fc4                pbuf_chain
                0x0000000000056004                pbuf_dechain
                0x00000000000560ec                pbuf_copy
                0x0000000000056310                pbuf_copy_partial
                0x0000000000056448                pbuf_get_contiguous
                0x0000000000056558                pbuf_skip
                0x00000000000565a0                pbuf_take
                0x0000000000056724                pbuf_take_at
                0x0000000000056838                pbuf_clone
                0x00000000000568c8                pbuf_coalesce
                0x0000000000056924                pbuf_get_at
                0x0000000000056978                pbuf_try_get_at
                0x00000000000569c8                pbuf_put_at
                0x0000000000056a14                pbuf_memcmp
                0x0000000000056a34                pbuf_memfind
                0x0000000000056aec                pbuf_strstr
 .text.unlikely
                0x0000000000056b74       0x34 obj/default/lwip/core/pbuf.o
 .text          0x0000000000056ba8      0xb64 obj/default/lwip/core/raw.o
                0x0000000000056ba8                raw_input
                0x0000000000056e54                raw_bind
                0x0000000000056ebc                raw_bind_netif
                0x0000000000056ed8                raw_connect
                0x0000000000056f48                raw_disconnect
                0x0000000000057004                raw_recv
                0x0000000000057010                raw_sendto_if_src
                0x0000000000057350                raw_sendto
                0x00000000000574cc                raw_send
                0x00000000000574d4                raw_remove
                0x0000000000057528                raw_new
                0x0000000000057590                raw_new_ip_type
                0x00000000000575c4                raw_netif_ip_addr_changed
 .text          0x000000000005770c        0x0 obj/default/lwip/core/stats.o
 .text          0x000000000005770c        0x0 obj/default/lwip/core/sys.o
 .text          0x000000000005770c     0x2aec obj/default/lwip/core/tcp.o
                0x0000000000057790                tcp_init
                0x00000000000577b4                tcp_free
                0x0000000000057800                tcp_backlog_delayed
                0x00000000000578a8                tcp_backlog_accepted
                0x0000000000057a54                tcp_bind
                0x0000000000057d00                tcp_bind_netif
                0x0000000000057d1c                tcp_listen_with_backlog_and_err
                0x0000000000057f34                tcp_listen_with_backlog
                0x0000000000057f40                tcp_update_rcv_ann_wnd
                0x0000000000058030                tcp_recved
                0x0000000000058120                tcp_txnow
                0x000000000005816c                tcp_seg_free
                0x00000000000581a8                tcp_segs_free
                0x00000000000581d8                tcp_setprio
                0x0000000000058218                tcp_seg_copy
                0x000000000005829c                tcp_arg
                0x00000000000582a8                tcp_recv
                0x00000000000582f4                tcp_sent
                0x0000000000058340                tcp_err
                0x000000000005838c                tcp_accept
                0x00000000000583a4                tcp_poll
                0x0000000000058428                tcp_pcb_purge
                0x0000000000058508                tcp_slowtmr
                0x0000000000058c78                tcp_pcb_remove
                0x00000000000590c0                tcp_close
                0x0000000000059118                tcp_recv_null
                0x00000000000591a4                tcp_process_refused_data
                0x00000000000592c4                tcp_fasttmr
                0x00000000000593a4                tcp_tmr
                0x00000000000593dc                tcp_shutdown
                0x00000000000594b0                tcp_abandon
                0x000000000005972c                tcp_abort
                0x00000000000598f8                tcp_alloc
                0x0000000000059b14                tcp_new
                0x0000000000059b1c                tcp_new_ip_type
                0x0000000000059b50                tcp_next_iss
                0x0000000000059b74                tcp_eff_send_mss_netif
                0x0000000000059c4c                tcp_connect
                0x0000000000059f88                tcp_netif_ip_addr_changed
                0x000000000005a100                tcp_debug_state_str
                0x000000000005a11c                tcp_tcp_get_tcp_addrinfo
                0x000000000005a1b4                tcp_free_ooseq
 .text.unlikely
                0x000000000005a1f8       0x34 obj/default/lwip/core/tcp.o
 .text          0x000000000005a22c     0x2c6c obj/default/lwip/core/tcp_in.o
                0x000000000005b8fc                tcp_input
                0x000000000005ce88                tcp_trigger_input_pcb_close
 .text          0x000000000005ce98     0x2928 obj/default/lwip/core/tcp_out.o
                0x000000000005d648                tcp_write
                0x000000000005e040                tcp_split_unsent_seg
                0x000000000005e34c                tcp_enqueue_flags
                0x000000000005e590                tcp_send_fin
                0x000000000005e688                tcp_rexmit_rto_prepare
                0x000000000005e7b0                tcp_rexmit
                0x000000000005e904                tcp_rexmit_fast
                0x000000000005e9ec                tcp_rst
                0x000000000005eb28                tcp_send_empty_ack
                0x000000000005ec00                tcp_output
                0x000000000005f428                tcp_rexmit_rto_commit
                0x000000000005f47c                tcp_rexmit_rto
                0x000000000005f4f4                tcp_keepalive
                0x000000000005f5a0                tcp_zero_window_probe
 .text          0x000000000005f7c0      0x418 obj/default/lwip/core/timeouts.o
                0x000000000005f940                tcp_timer_needed
                0x000000000005f994                sys_timeout
                0x000000000005fa04                sys_timeouts_init
                0x000000000005fa58                sys_untimeout
                0x000000000005faac                sys_check_timeouts
                0x000000000005fb48                sys_restart_timeouts
                0x000000000005fb90                sys_timeouts_sleeptime
 .text          0x000000000005fbd8     0x15e4 obj/default/lwip/core/udp.o
                0x000000000005fbd8                udp_init
                0x000000000005fbfc                udp_input
                0x0000000000060188                udp_bind
                0x00000000000603f4                udp_sendto_if_src
                0x0000000000060874                udp_sendto_if
                0x0000000000060a70                udp_sendto
                0x0000000000060c3c                udp_send
                0x0000000000060cd4                udp_bind_netif
                0x0000000000060cf0                udp_connect
                0x0000000000060e40                udp_disconnect
                0x0000000000060f28                udp_recv
                0x0000000000060f6c                udp_remove
                0x0000000000060ff8                udp_new
                0x0000000000061044                udp_new_ip_type
                0x0000000000061074                udp_netif_ip_addr_changed
 .text          0x00000000000611bc      0x2cc obj/default/lwip/netif/ethernet.o
                0x00000000000611bc                ethernet_input
                0x000000000006133c                ethernet_output
 .text          0x0000000000061488        0xc obj/default/lwip_port/compat.o
                0x0000000000061488                sys_now
                0x000000000006148c                fflush
 .text          0x0000000000061494       0xf0 obj/default/main.o
                0x0000000000061494                enter_pressed
                0x00000000000614d0                r_pressed
                0x000000000006150c                esc_pressed
                0x0000000000061548                p_pressed
 .text.startup  0x0000000000061584      0x318 obj/default/main.o
                0x0000000000061584                main
 .text          0x000000000006189c      0x268 obj/default/main_menu.o
                0x000000000006189c                main_menu_init
                0x00000000000619ac                main_menu_select_option
                0x0000000000061a00                main_menu_loop
 .text          0x0000000000061b04      0x17c obj/default/memcpy_dma.o
                0x0000000000061b04                memcpy_dma
                0x0000000000061ba4                memset_dma
                0x0000000000061c40                memset32_dma
                0x0000000000061c48                memset16_dma
                0x0000000000061c5c                memset8_dma
 .text          0x0000000000061c80        0x0 obj/default/resources/chinese.o
 .text          0x0000000000061c80        0x0 obj/default/resources/main_menu_bg.o
 .text          0x0000000000061c80        0x0 obj/default/resources/music.o
 .text          0x0000000000061c80        0x0 obj/default/resources/plane_player.o
 .text          0x0000000000061c80        0x0 obj/default/resources/resource.o
 .text          0x0000000000061c80        0x0 obj/default/resources/scoreboard_bg.o
 .text          0x0000000000061c80        0x0 obj/default/resources/sound_explosion.o
 .text          0x0000000000061c80        0x0 obj/default/resources/sound_hit.o
 .text          0x0000000000061c80        0x0 obj/default/resources/vga_fonts.o
 .text          0x0000000000061c80       0x38 obj/default/rng.o
                0x0000000000061c80                rng_generate
 .text          0x0000000000061cb8      0x1dc obj/default/scoreboard.o
                0x0000000000061cb8                scoreboard_sendrequest
                0x0000000000061d08                scoreboard_init
                0x0000000000061d74                scoreboard_loop
 .text          0x0000000000061e94      0xfa8 obj/default/sprites.o
                0x00000000000620dc                sprites_init
                0x00000000000621c8                sprites_allocate
                0x00000000000622fc                sprites_get
                0x0000000000062354                sprites_deallocate
                0x000000000006236c                sprites_visible
                0x0000000000062384                sprites_load_data
                0x000000000006239c                sprites_limit_speed
                0x0000000000062598                sprites_tick
                0x00000000000628b0                sprites_collision_detect
 .text          0x0000000000062e3c      0xa84 obj/default/vga.o
                0x0000000000062e3c                vga_erase
                0x0000000000062ec0                vga_fill
                0x0000000000062f54                vga_set
                0x0000000000062ff0                vga_scroll_init
                0x0000000000062ffc                vga_scroll
                0x00000000000630ec                utf8_to_code
                0x0000000000063160                utf8_len
                0x00000000000631a8                vga_english
                0x0000000000063268                vga_english_transparent
                0x0000000000063314                vga_chinese
                0x000000000006340c                vga_chinese_transparent
                0x00000000000634f0                vga_string
                0x0000000000063650                vga_string_transparent
                0x00000000000637b0                vga_statusbar_english
                0x00000000000637c0                vga_statusbar_chinese
                0x00000000000637d0                vga_statusbar_string
 .text          0x00000000000638c0      0x1b4 d:/softwares/intelfpga_lite/18.1/nios2eds/bin/gnu/h-x86_64-mingw32/bin/../lib/gcc/nios2-elf/5.3.0/mno-hw-mul\libgcc.a(lib2-divmod.o)
                0x00000000000638c0                __divsi3
                0x0000000000063944                __modsi3
                0x00000000000639b8                __udivsi3
                0x0000000000063a1c                __umodsi3
 .text          0x0000000000063a74       0x28 d:/softwares/intelfpga_lite/18.1/nios2eds/bin/gnu/h-x86_64-mingw32/bin/../lib/gcc/nios2-elf/5.3.0/mno-hw-mul\libgcc.a(lib2-mul.o)
                0x0000000000063a74                __mulsi3
 .text          0x0000000000063a9c        0x0 d:/softwares/intelfpga_lite/18.1/nios2eds/bin/gnu/h-x86_64-mingw32/bin/../lib/gcc/nios2-elf/5.3.0/../../../../../H-x86_64-mingw32/nios2-elf/lib/mno-hw-mul\libsmallc.a(lib_a-abort.o)
 .text.abort    0x0000000000063a9c       0x18 d:/softwares/intelfpga_lite/18.1/nios2eds/bin/gnu/h-x86_64-mingw32/bin/../lib/gcc/nios2-elf/5.3.0/../../../../../H-x86_64-mingw32/nios2-elf/lib/mno-hw-mul\libsmallc.a(lib_a-abort.o)
                0x0000000000063a9c                abort
 .text          0x0000000000063ab4        0x0 d:/softwares/intelfpga_lite/18.1/nios2eds/bin/gnu/h-x86_64-mingw32/bin/../lib/gcc/nios2-elf/5.3.0/../../../../../H-x86_64-mingw32/nios2-elf/lib/mno-hw-mul\libsmallc.a(lib_a-atoi.o)
 .text.atoi     0x0000000000063ab4        0xc d:/softwares/intelfpga_lite/18.1/nios2eds/bin/gnu/h-x86_64-mingw32/bin/../lib/gcc/nios2-elf/5.3.0/../../../../../H-x86_64-mingw32/nios2-elf/lib/mno-hw-mul\libsmallc.a(lib_a-atoi.o)
                0x0000000000063ab4                atoi
 .text._atoi_r  0x0000000000063ac0        0xc d:/softwares/intelfpga_lite/18.1/nios2eds/bin/gnu/h-x86_64-mingw32/bin/../lib/gcc/nios2-elf/5.3.0/../../../../../H-x86_64-mingw32/nios2-elf/lib/mno-hw-mul\libsmallc.a(lib_a-atoi.o)
                0x0000000000063ac0                _atoi_r
 .text          0x0000000000063acc        0x0 d:/softwares/intelfpga_lite/18.1/nios2eds/bin/gnu/h-x86_64-mingw32/bin/../lib/gcc/nios2-elf/5.3.0/../../../../../H-x86_64-mingw32/nios2-elf/lib/mno-hw-mul\libsmallc.a(lib_a-clock.o)
 .text.clock    0x0000000000063acc       0x4c d:/softwares/intelfpga_lite/18.1/nios2eds/bin/gnu/h-x86_64-mingw32/bin/../lib/gcc/nios2-elf/5.3.0/../../../../../H-x86_64-mingw32/nios2-elf/lib/mno-hw-mul\libsmallc.a(lib_a-clock.o)
                0x0000000000063acc                clock
 .text          0x0000000000063b18        0x0 d:/softwares/intelfpga_lite/18.1/nios2eds/bin/gnu/h-x86_64-mingw32/bin/../lib/gcc/nios2-elf/5.3.0/../../../../../H-x86_64-mingw32/nios2-elf/lib/mno-hw-mul\libsmallc.a(lib_a-ctype_.o)
 .text          0x0000000000063b18        0x0 d:/softwares/intelfpga_lite/18.1/nios2eds/bin/gnu/h-x86_64-mingw32/bin/../lib/gcc/nios2-elf/5.3.0/../../../../../H-x86_64-mingw32/nios2-elf/lib/mno-hw-mul\libsmallc.a(lib_a-impure.o)
 .text          0x0000000000063b18        0x0 d:/softwares/intelfpga_lite/18.1/nios2eds/bin/gnu/h-x86_64-mingw32/bin/../lib/gcc/nios2-elf/5.3.0/../../../../../H-x86_64-mingw32/nios2-elf/lib/mno-hw-mul\libsmallc.a(lib_a-memcmp.o)
 .text.memcmp   0x0000000000063b18       0x30 d:/softwares/intelfpga_lite/18.1/nios2eds/bin/gnu/h-x86_64-mingw32/bin/../lib/gcc/nios2-elf/5.3.0/../../../../../H-x86_64-mingw32/nios2-elf/lib/mno-hw-mul\libsmallc.a(lib_a-memcmp.o)
                0x0000000000063b18                memcmp
 .text          0x0000000000063b48        0x0 d:/softwares/intelfpga_lite/18.1/nios2eds/bin/gnu/h-x86_64-mingw32/bin/../lib/gcc/nios2-elf/5.3.0/../../../../../H-x86_64-mingw32/nios2-elf/lib/mno-hw-mul\libsmallc.a(lib_a-memcpy.o)
 .text.memcpy   0x0000000000063b48       0x28 d:/softwares/intelfpga_lite/18.1/nios2eds/bin/gnu/h-x86_64-mingw32/bin/../lib/gcc/nios2-elf/5.3.0/../../../../../H-x86_64-mingw32/nios2-elf/lib/mno-hw-mul\libsmallc.a(lib_a-memcpy.o)
                0x0000000000063b48                memcpy
 .text          0x0000000000063b70        0x0 d:/softwares/intelfpga_lite/18.1/nios2eds/bin/gnu/h-x86_64-mingw32/bin/../lib/gcc/nios2-elf/5.3.0/../../../../../H-x86_64-mingw32/nios2-elf/lib/mno-hw-mul\libsmallc.a(lib_a-memmove.o)
 .text.memmove  0x0000000000063b70       0x60 d:/softwares/intelfpga_lite/18.1/nios2eds/bin/gnu/h-x86_64-mingw32/bin/../lib/gcc/nios2-elf/5.3.0/../../../../../H-x86_64-mingw32/nios2-elf/lib/mno-hw-mul\libsmallc.a(lib_a-memmove.o)
                0x0000000000063b70                memmove
 .text          0x0000000000063bd0        0x0 d:/softwares/intelfpga_lite/18.1/nios2eds/bin/gnu/h-x86_64-mingw32/bin/../lib/gcc/nios2-elf/5.3.0/../../../../../H-x86_64-mingw32/nios2-elf/lib/mno-hw-mul\libsmallc.a(lib_a-memset.o)
 .text.memset   0x0000000000063bd0       0x20 d:/softwares/intelfpga_lite/18.1/nios2eds/bin/gnu/h-x86_64-mingw32/bin/../lib/gcc/nios2-elf/5.3.0/../../../../../H-x86_64-mingw32/nios2-elf/lib/mno-hw-mul\libsmallc.a(lib_a-memset.o)
                0x0000000000063bd0                memset
 .text          0x0000000000063bf0        0x0 d:/softwares/intelfpga_lite/18.1/nios2eds/bin/gnu/h-x86_64-mingw32/bin/../lib/gcc/nios2-elf/5.3.0/../../../../../H-x86_64-mingw32/nios2-elf/lib/mno-hw-mul\libsmallc.a(lib_a-printf.o)
 .text._printf_r
                0x0000000000063bf0       0x3c d:/softwares/intelfpga_lite/18.1/nios2eds/bin/gnu/h-x86_64-mingw32/bin/../lib/gcc/nios2-elf/5.3.0/../../../../../H-x86_64-mingw32/nios2-elf/lib/mno-hw-mul\libsmallc.a(lib_a-printf.o)
                0x0000000000063bf0                _printf_r
 .text.printf   0x0000000000063c2c       0x4c d:/softwares/intelfpga_lite/18.1/nios2eds/bin/gnu/h-x86_64-mingw32/bin/../lib/gcc/nios2-elf/5.3.0/../../../../../H-x86_64-mingw32/nios2-elf/lib/mno-hw-mul\libsmallc.a(lib_a-printf.o)
                0x0000000000063c2c                printf
 .text          0x0000000000063c78        0x0 d:/softwares/intelfpga_lite/18.1/nios2eds/bin/gnu/h-x86_64-mingw32/bin/../lib/gcc/nios2-elf/5.3.0/../../../../../H-x86_64-mingw32/nios2-elf/lib/mno-hw-mul\libsmallc.a(lib_a-signal.o)
 .text._init_signal_r
                0x0000000000063c78       0x68 d:/softwares/intelfpga_lite/18.1/nios2eds/bin/gnu/h-x86_64-mingw32/bin/../lib/gcc/nios2-elf/5.3.0/../../../../../H-x86_64-mingw32/nios2-elf/lib/mno-hw-mul\libsmallc.a(lib_a-signal.o)
                0x0000000000063c78                _init_signal_r
 .text._signal_r
                0x0000000000063ce0       0x7c d:/softwares/intelfpga_lite/18.1/nios2eds/bin/gnu/h-x86_64-mingw32/bin/../lib/gcc/nios2-elf/5.3.0/../../../../../H-x86_64-mingw32/nios2-elf/lib/mno-hw-mul\libsmallc.a(lib_a-signal.o)
                0x0000000000063ce0                _signal_r
 .text._raise_r
                0x0000000000063d5c       0xb4 d:/softwares/intelfpga_lite/18.1/nios2eds/bin/gnu/h-x86_64-mingw32/bin/../lib/gcc/nios2-elf/5.3.0/../../../../../H-x86_64-mingw32/nios2-elf/lib/mno-hw-mul\libsmallc.a(lib_a-signal.o)
                0x0000000000063d5c                _raise_r
 .text.__sigtramp_r
                0x0000000000063e10       0xa8 d:/softwares/intelfpga_lite/18.1/nios2eds/bin/gnu/h-x86_64-mingw32/bin/../lib/gcc/nios2-elf/5.3.0/../../../../../H-x86_64-mingw32/nios2-elf/lib/mno-hw-mul\libsmallc.a(lib_a-signal.o)
                0x0000000000063e10                __sigtramp_r
 .text.raise    0x0000000000063eb8       0x14 d:/softwares/intelfpga_lite/18.1/nios2eds/bin/gnu/h-x86_64-mingw32/bin/../lib/gcc/nios2-elf/5.3.0/../../../../../H-x86_64-mingw32/nios2-elf/lib/mno-hw-mul\libsmallc.a(lib_a-signal.o)
                0x0000000000063eb8                raise
 .text.signal   0x0000000000063ecc       0x18 d:/softwares/intelfpga_lite/18.1/nios2eds/bin/gnu/h-x86_64-mingw32/bin/../lib/gcc/nios2-elf/5.3.0/../../../../../H-x86_64-mingw32/nios2-elf/lib/mno-hw-mul\libsmallc.a(lib_a-signal.o)
                0x0000000000063ecc                signal
 .text._init_signal
                0x0000000000063ee4       0x10 d:/softwares/intelfpga_lite/18.1/nios2eds/bin/gnu/h-x86_64-mingw32/bin/../lib/gcc/nios2-elf/5.3.0/../../../../../H-x86_64-mingw32/nios2-elf/lib/mno-hw-mul\libsmallc.a(lib_a-signal.o)
                0x0000000000063ee4                _init_signal
 .text.__sigtramp
                0x0000000000063ef4       0x14 d:/softwares/intelfpga_lite/18.1/nios2eds/bin/gnu/h-x86_64-mingw32/bin/../lib/gcc/nios2-elf/5.3.0/../../../../../H-x86_64-mingw32/nios2-elf/lib/mno-hw-mul\libsmallc.a(lib_a-signal.o)
                0x0000000000063ef4                __sigtramp
 .text          0x0000000000063f08        0x0 d:/softwares/intelfpga_lite/18.1/nios2eds/bin/gnu/h-x86_64-mingw32/bin/../lib/gcc/nios2-elf/5.3.0/../../../../../H-x86_64-mingw32/nios2-elf/lib/mno-hw-mul\libsmallc.a(lib_a-signalr.o)
 .text._kill_r  0x0000000000063f08       0x54 d:/softwares/intelfpga_lite/18.1/nios2eds/bin/gnu/h-x86_64-mingw32/bin/../lib/gcc/nios2-elf/5.3.0/../../../../../H-x86_64-mingw32/nios2-elf/lib/mno-hw-mul\libsmallc.a(lib_a-signalr.o)
                0x0000000000063f08                _kill_r
 .text._getpid_r
                0x0000000000063f5c        0x4 d:/softwares/intelfpga_lite/18.1/nios2eds/bin/gnu/h-x86_64-mingw32/bin/../lib/gcc/nios2-elf/5.3.0/../../../../../H-x86_64-mingw32/nios2-elf/lib/mno-hw-mul\libsmallc.a(lib_a-signalr.o)
                0x0000000000063f5c                _getpid_r
 .text          0x0000000000063f60        0x0 d:/softwares/intelfpga_lite/18.1/nios2eds/bin/gnu/h-x86_64-mingw32/bin/../lib/gcc/nios2-elf/5.3.0/../../../../../H-x86_64-mingw32/nios2-elf/lib/mno-hw-mul\libsmallc.a(lib_a-snprintf.o)
 .text._snprintf_r
                0x0000000000063f60       0xb0 d:/softwares/intelfpga_lite/18.1/nios2eds/bin/gnu/h-x86_64-mingw32/bin/../lib/gcc/nios2-elf/5.3.0/../../../../../H-x86_64-mingw32/nios2-elf/lib/mno-hw-mul\libsmallc.a(lib_a-snprintf.o)
                0x0000000000063f60                _snprintf_r
 .text.snprintf
                0x0000000000064010       0xb8 d:/softwares/intelfpga_lite/18.1/nios2eds/bin/gnu/h-x86_64-mingw32/bin/../lib/gcc/nios2-elf/5.3.0/../../../../../H-x86_64-mingw32/nios2-elf/lib/mno-hw-mul\libsmallc.a(lib_a-snprintf.o)
                0x0000000000064010                snprintf
 .text          0x00000000000640c8        0x0 d:/softwares/intelfpga_lite/18.1/nios2eds/bin/gnu/h-x86_64-mingw32/bin/../lib/gcc/nios2-elf/5.3.0/../../../../../H-x86_64-mingw32/nios2-elf/lib/mno-hw-mul\libsmallc.a(lib_a-strcmp.o)
 .text.strcmp   0x00000000000640c8       0x38 d:/softwares/intelfpga_lite/18.1/nios2eds/bin/gnu/h-x86_64-mingw32/bin/../lib/gcc/nios2-elf/5.3.0/../../../../../H-x86_64-mingw32/nios2-elf/lib/mno-hw-mul\libsmallc.a(lib_a-strcmp.o)
                0x00000000000640c8                strcmp
 .text          0x0000000000064100        0x0 d:/softwares/intelfpga_lite/18.1/nios2eds/bin/gnu/h-x86_64-mingw32/bin/../lib/gcc/nios2-elf/5.3.0/../../../../../H-x86_64-mingw32/nios2-elf/lib/mno-hw-mul\libsmallc.a(lib_a-strlen.o)
 .text.strlen   0x0000000000064100       0x1c d:/softwares/intelfpga_lite/18.1/nios2eds/bin/gnu/h-x86_64-mingw32/bin/../lib/gcc/nios2-elf/5.3.0/../../../../../H-x86_64-mingw32/nios2-elf/lib/mno-hw-mul\libsmallc.a(lib_a-strlen.o)
                0x0000000000064100                strlen
 .text          0x000000000006411c        0x0 d:/softwares/intelfpga_lite/18.1/nios2eds/bin/gnu/h-x86_64-mingw32/bin/../lib/gcc/nios2-elf/5.3.0/../../../../../H-x86_64-mingw32/nios2-elf/lib/mno-hw-mul\libsmallc.a(lib_a-strncmp.o)
 .text.strncmp  0x000000000006411c       0x60 d:/softwares/intelfpga_lite/18.1/nios2eds/bin/gnu/h-x86_64-mingw32/bin/../lib/gcc/nios2-elf/5.3.0/../../../../../H-x86_64-mingw32/nios2-elf/lib/mno-hw-mul\libsmallc.a(lib_a-strncmp.o)
                0x000000000006411c                strncmp
 .text          0x000000000006417c        0x0 d:/softwares/intelfpga_lite/18.1/nios2eds/bin/gnu/h-x86_64-mingw32/bin/../lib/gcc/nios2-elf/5.3.0/../../../../../H-x86_64-mingw32/nios2-elf/lib/mno-hw-mul\libsmallc.a(lib_a-strtol.o)
 .text._strtol_r
                0x000000000006417c      0x234 d:/softwares/intelfpga_lite/18.1/nios2eds/bin/gnu/h-x86_64-mingw32/bin/../lib/gcc/nios2-elf/5.3.0/../../../../../H-x86_64-mingw32/nios2-elf/lib/mno-hw-mul\libsmallc.a(lib_a-strtol.o)
                0x000000000006417c                _strtol_r
 .text.strtol   0x00000000000643b0       0x1c d:/softwares/intelfpga_lite/18.1/nios2eds/bin/gnu/h-x86_64-mingw32/bin/../lib/gcc/nios2-elf/5.3.0/../../../../../H-x86_64-mingw32/nios2-elf/lib/mno-hw-mul\libsmallc.a(lib_a-strtol.o)
                0x00000000000643b0                strtol
 .text          0x00000000000643cc        0x0 d:/softwares/intelfpga_lite/18.1/nios2eds/bin/gnu/h-x86_64-mingw32/bin/../lib/gcc/nios2-elf/5.3.0/../../../../../H-x86_64-mingw32/nios2-elf/lib/mno-hw-mul\libsmallc.a(lib_a-svfprintf.o)
 .text.print_repeat
                0x00000000000643cc       0x6c d:/softwares/intelfpga_lite/18.1/nios2eds/bin/gnu/h-x86_64-mingw32/bin/../lib/gcc/nios2-elf/5.3.0/../../../../../H-x86_64-mingw32/nios2-elf/lib/mno-hw-mul\libsmallc.a(lib_a-svfprintf.o)
 .text.___svfprintf_internal_r
                0x0000000000064438      0x52c d:/softwares/intelfpga_lite/18.1/nios2eds/bin/gnu/h-x86_64-mingw32/bin/../lib/gcc/nios2-elf/5.3.0/../../../../../H-x86_64-mingw32/nios2-elf/lib/mno-hw-mul\libsmallc.a(lib_a-svfprintf.o)
                0x0000000000064438                ___svfprintf_internal_r
 .text.__vfprintf_internal_unused
                0x0000000000064964       0x1c d:/softwares/intelfpga_lite/18.1/nios2eds/bin/gnu/h-x86_64-mingw32/bin/../lib/gcc/nios2-elf/5.3.0/../../../../../H-x86_64-mingw32/nios2-elf/lib/mno-hw-mul\libsmallc.a(lib_a-svfprintf.o)
                0x0000000000064964                __vfprintf_internal_unused
 .text          0x0000000000064980        0x0 d:/softwares/intelfpga_lite/18.1/nios2eds/bin/gnu/h-x86_64-mingw32/bin/../lib/gcc/nios2-elf/5.3.0/../../../../../H-x86_64-mingw32/nios2-elf/lib/mno-hw-mul\libsmallc.a(lib_a-timesr.o)
 .text._times_r
                0x0000000000064980        0x8 d:/softwares/intelfpga_lite/18.1/nios2eds/bin/gnu/h-x86_64-mingw32/bin/../lib/gcc/nios2-elf/5.3.0/../../../../../H-x86_64-mingw32/nios2-elf/lib/mno-hw-mul\libsmallc.a(lib_a-timesr.o)
                0x0000000000064980                _times_r
 .text          0x0000000000064988        0x0 d:/softwares/intelfpga_lite/18.1/nios2eds/bin/gnu/h-x86_64-mingw32/bin/../lib/gcc/nios2-elf/5.3.0/../../../../../H-x86_64-mingw32/nios2-elf/lib/mno-hw-mul\libsmallc.a(lib_a-vfprintf.o)
 .text.print_repeat
                0x0000000000064988       0x6c d:/softwares/intelfpga_lite/18.1/nios2eds/bin/gnu/h-x86_64-mingw32/bin/../lib/gcc/nios2-elf/5.3.0/../../../../../H-x86_64-mingw32/nios2-elf/lib/mno-hw-mul\libsmallc.a(lib_a-vfprintf.o)
 .text.___vfprintf_internal_r
                0x00000000000649f4      0x52c d:/softwares/intelfpga_lite/18.1/nios2eds/bin/gnu/h-x86_64-mingw32/bin/../lib/gcc/nios2-elf/5.3.0/../../../../../H-x86_64-mingw32/nios2-elf/lib/mno-hw-mul\libsmallc.a(lib_a-vfprintf.o)
                0x00000000000649f4                ___vfprintf_internal_r
 .text.__vfprintf_internal
                0x0000000000064f20       0x1c d:/softwares/intelfpga_lite/18.1/nios2eds/bin/gnu/h-x86_64-mingw32/bin/../lib/gcc/nios2-elf/5.3.0/../../../../../H-x86_64-mingw32/nios2-elf/lib/mno-hw-mul\libsmallc.a(lib_a-vfprintf.o)
                0x0000000000064f20                __vfprintf_internal
 .text          0x0000000000064f3c        0x0 d:/softwares/intelfpga_lite/18.1/nios2eds/bin/gnu/h-x86_64-mingw32/bin/../lib/gcc/nios2-elf/5.3.0/../../../../../H-x86_64-mingw32/nios2-elf/lib/mno-hw-mul\libsmallc.a(lib_a-fvwrite_small_dev.o)
 .text.__sfvwrite_small_dev
                0x0000000000064f3c       0xb8 d:/softwares/intelfpga_lite/18.1/nios2eds/bin/gnu/h-x86_64-mingw32/bin/../lib/gcc/nios2-elf/5.3.0/../../../../../H-x86_64-mingw32/nios2-elf/lib/mno-hw-mul\libsmallc.a(lib_a-fvwrite_small_dev.o)
                0x0000000000064f3c                __sfvwrite_small_dev
 .text          0x0000000000064ff4        0x0 d:/softwares/intelfpga_lite/18.1/nios2eds/bin/gnu/h-x86_64-mingw32/bin/../lib/gcc/nios2-elf/5.3.0/../../../../../H-x86_64-mingw32/nios2-elf/lib/mno-hw-mul\libsmallc.a(lib_a-fvwrite_small_str.o)
 .text.__sfvwrite_small_str
                0x0000000000064ff4       0xa8 d:/softwares/intelfpga_lite/18.1/nios2eds/bin/gnu/h-x86_64-mingw32/bin/../lib/gcc/nios2-elf/5.3.0/../../../../../H-x86_64-mingw32/nios2-elf/lib/mno-hw-mul\libsmallc.a(lib_a-fvwrite_small_str.o)
                0x0000000000064ff4                __sfvwrite_small_str
 .text          0x000000000006509c        0x0 d:/softwares/intelfpga_lite/18.1/nios2eds/bin/gnu/h-x86_64-mingw32/bin/../lib/gcc/nios2-elf/5.3.0/../../../../../H-x86_64-mingw32/nios2-elf/lib/mno-hw-mul\libsmallc.a(lib_a-int_errno.o)
 .text          0x000000000006509c        0x0 d:/softwares/intelfpga_lite/18.1/nios2eds/bin/gnu/h-x86_64-mingw32/bin/../lib/gcc/nios2-elf/5.3.0/../../../../../H-x86_64-mingw32/nios2-elf/lib/mno-hw-mul\libsmallc.a(lib_a-nano-mallocr.o)
 .text._malloc_r
                0x000000000006509c      0x158 d:/softwares/intelfpga_lite/18.1/nios2eds/bin/gnu/h-x86_64-mingw32/bin/../lib/gcc/nios2-elf/5.3.0/../../../../../H-x86_64-mingw32/nios2-elf/lib/mno-hw-mul\libsmallc.a(lib_a-nano-mallocr.o)
                0x000000000006509c                _malloc_r
 .text          0x00000000000651f4        0x0 d:/softwares/intelfpga_lite/18.1/nios2eds/bin/gnu/h-x86_64-mingw32/bin/../lib/gcc/nios2-elf/5.3.0/../../../../../H-x86_64-mingw32/nios2-elf/lib/mno-hw-mul\libsmallc.a(lib_a-sbrkr.o)
 .text._sbrk_r  0x00000000000651f4       0x50 d:/softwares/intelfpga_lite/18.1/nios2eds/bin/gnu/h-x86_64-mingw32/bin/../lib/gcc/nios2-elf/5.3.0/../../../../../H-x86_64-mingw32/nios2-elf/lib/mno-hw-mul\libsmallc.a(lib_a-sbrkr.o)
                0x00000000000651f4                _sbrk_r
 .text          0x0000000000065244        0x0 d:/softwares/intelfpga_lite/18.1/nios2eds/bin/gnu/h-x86_64-mingw32/bin/../lib/gcc/nios2-elf/5.3.0/../../../../../H-x86_64-mingw32/nios2-elf/lib/mno-hw-mul\libsmallc.a(lib_a-writer.o)
 .text._write_r
                0x0000000000065244       0x58 d:/softwares/intelfpga_lite/18.1/nios2eds/bin/gnu/h-x86_64-mingw32/bin/../lib/gcc/nios2-elf/5.3.0/../../../../../H-x86_64-mingw32/nios2-elf/lib/mno-hw-mul\libsmallc.a(lib_a-writer.o)
                0x0000000000065244                _write_r
 .text          0x000000000006529c       0x14 ../ECE385_bsp/\libhal_bsp.a(alt_exit.o)
                0x000000000006529c                _exit
 .text          0x00000000000652b0        0x8 ../ECE385_bsp/\libhal_bsp.a(alt_getpid.o)
                0x00000000000652b0                getpid
 .text          0x00000000000652b8       0x8c ../ECE385_bsp/\libhal_bsp.a(alt_iic.o)
                0x00000000000652b8                alt_ic_isr_register
                0x00000000000652bc                alt_ic_irq_enable
                0x00000000000652f4                alt_ic_irq_disable
                0x000000000006532c                alt_ic_irq_enabled
 .text          0x0000000000065344       0x68 ../ECE385_bsp/\libhal_bsp.a(alt_iic_isr_register.o)
                0x0000000000065344                alt_iic_isr_register
 .text          0x00000000000653ac        0x0 ../ECE385_bsp/\libhal_bsp.a(alt_irq_entry.o)
 .text          0x00000000000653ac        0x0 ../ECE385_bsp/\libhal_bsp.a(alt_irq_handler.o)
 .text          0x00000000000653ac        0x0 ../ECE385_bsp/\libhal_bsp.a(alt_irq_vars.o)
 .text          0x00000000000653ac       0xfc ../ECE385_bsp/\libhal_bsp.a(alt_kill.o)
                0x00000000000653ac                kill
 .text          0x00000000000654a8       0xe0 ../ECE385_bsp/\libhal_bsp.a(alt_load.o)
                0x00000000000654a8                alt_load
 .text          0x0000000000065588       0x50 ../ECE385_bsp/\libhal_bsp.a(alt_main.o)
                0x0000000000065588                alt_main
 .text          0x00000000000655d8       0x4c ../ECE385_bsp/\libhal_bsp.a(alt_sbrk.o)
                0x00000000000655d8                sbrk
 .text          0x0000000000065624       0x60 ../ECE385_bsp/\libhal_bsp.a(alt_times.o)
                0x0000000000065624                times
 .text          0x0000000000065684      0x110 ../ECE385_bsp/\libhal_bsp.a(alt_write.o)
                0x0000000000065684                write
 .text          0x0000000000065794       0xb8 ../ECE385_bsp/\libhal_bsp.a(alt_sys_init.o)
                0x0000000000065794                alt_irq_init
                0x00000000000657b4                alt_sys_init
 .text          0x000000000006584c       0x20 ../ECE385_bsp/\libhal_bsp.a(altera_avalon_jtag_uart_fd.o)
                0x000000000006584c                altera_avalon_jtag_uart_read_fd
                0x000000000006585c                altera_avalon_jtag_uart_write_fd
 .text          0x000000000006586c       0x74 ../ECE385_bsp/\libhal_bsp.a(altera_avalon_jtag_uart_read.o)
                0x000000000006586c                altera_avalon_jtag_uart_read
 .text          0x00000000000658e0       0x34 ../ECE385_bsp/\libhal_bsp.a(altera_avalon_jtag_uart_write.o)
                0x00000000000658e0                altera_avalon_jtag_uart_write
 .text          0x0000000000065914      0x79c ../ECE385_bsp/\libhal_bsp.a(altera_avalon_sgdma.o)
                0x0000000000065970                alt_avalon_sgdma_do_async_transfer
                0x00000000000659f8                alt_avalon_sgdma_do_sync_transfer
                0x0000000000065a7c                alt_avalon_sgdma_construct_mem_to_mem_desc_burst
                0x0000000000065ba4                alt_avalon_sgdma_construct_mem_to_mem_desc
                0x0000000000065bdc                alt_avalon_sgdma_construct_stream_to_mem_desc_burst
                0x0000000000065cb0                alt_avalon_sgdma_construct_stream_to_mem_desc
                0x0000000000065cd8                alt_avalon_sgdma_register_callback
                0x0000000000065ce8                alt_avalon_sgdma_start
                0x0000000000065d00                alt_avalon_sgdma_stop
                0x0000000000065d1c                alt_avalon_sgdma_check_descriptor_status
                0x0000000000065d48                alt_avalon_sgdma_open
                0x0000000000065d98                alt_avalon_sgdma_enable_desc_poll
                0x0000000000065dc8                alt_avalon_sgdma_disable_desc_poll
                0x0000000000065de8                alt_avalon_sgdma_construct_descriptor_burst
                0x0000000000065f48                alt_avalon_sgdma_construct_mem_to_stream_desc_burst
                0x0000000000065f98                alt_avalon_sgdma_construct_mem_to_stream_desc
                0x0000000000065fe4                alt_avalon_sgdma_construct_descriptor
                0x000000000006602c                alt_avalon_sgdma_init
 .text          0x00000000000660b0       0x84 ../ECE385_bsp/\libhal_bsp.a(altera_avalon_timer_sc.o)
                0x00000000000660ec                alt_avalon_timer_sc_init
 .text          0x0000000000066134       0xc0 ../ECE385_bsp/\libhal_bsp.a(alt_close.o)
                0x0000000000066134                close
 .text          0x00000000000661f4        0x4 ../ECE385_bsp/\libhal_bsp.a(alt_dcache_flush.o)
                0x00000000000661f4                alt_dcache_flush
 .text          0x00000000000661f8        0x4 ../ECE385_bsp/\libhal_bsp.a(alt_dcache_flush_all.o)
                0x00000000000661f8                alt_dcache_flush_all
 .text          0x00000000000661fc        0x8 ../ECE385_bsp/\libhal_bsp.a(alt_dev.o)
 .text          0x0000000000066204       0x6c ../ECE385_bsp/\libhal_bsp.a(alt_dev_llist_insert.o)
                0x0000000000066204                alt_dev_llist_insert
 .text          0x0000000000066270        0x0 ../ECE385_bsp/\libhal_bsp.a(alt_errno.o)
 .text          0x0000000000066270        0x0 ../ECE385_bsp/\libhal_bsp.a(alt_exception_entry.o)
 .text          0x0000000000066270       0x78 ../ECE385_bsp/\libhal_bsp.a(alt_find_dev.o)
                0x0000000000066270                alt_find_dev
 .text          0x00000000000662e8        0x4 ../ECE385_bsp/\libhal_bsp.a(alt_icache_flush_all.o)
                0x00000000000662e8                alt_icache_flush_all
 .text          0x00000000000662ec       0x74 ../ECE385_bsp/\libhal_bsp.a(alt_instruction_exception_entry.o)
                0x00000000000662ec                alt_exception_cause_generated_bad_addr
 .text          0x0000000000066360      0x100 ../ECE385_bsp/\libhal_bsp.a(alt_io_redirect.o)
                0x00000000000663ec                alt_io_redirect
 .text          0x0000000000066460      0x188 ../ECE385_bsp/\libhal_bsp.a(alt_open.o)
                0x0000000000066460                open
 .text          0x00000000000665e8       0x5c ../ECE385_bsp/\libhal_bsp.a(alt_release_fd.o)
                0x00000000000665e8                alt_release_fd
 .text          0x0000000000066644      0x128 ../ECE385_bsp/\libhal_bsp.a(alt_tick.o)
                0x0000000000066644                alt_alarm_stop
                0x0000000000066678                alt_tick
 .text          0x000000000006676c        0x8 ../ECE385_bsp/\libhal_bsp.a(altera_nios2_gen2_irq.o)
                0x000000000006676c                altera_nios2_gen2_irq_init
 .text          0x0000000000066774       0xac ../ECE385_bsp/\libhal_bsp.a(alt_find_file.o)
                0x0000000000066774                alt_find_file
 .text          0x0000000000066820       0x88 ../ECE385_bsp/\libhal_bsp.a(alt_get_fd.o)
                0x0000000000066820                alt_get_fd
 .text          0x00000000000668a8        0x0 d:/softwares/intelfpga_lite/18.1/nios2eds/bin/gnu/h-x86_64-mingw32/bin/../lib/gcc/nios2-elf/5.3.0/../../../../../H-x86_64-mingw32/nios2-elf/lib/mno-hw-mul\libsmallc.a(lib_a-exit.o)
 .text.exit     0x00000000000668a8       0x20 d:/softwares/intelfpga_lite/18.1/nios2eds/bin/gnu/h-x86_64-mingw32/bin/../lib/gcc/nios2-elf/5.3.0/../../../../../H-x86_64-mingw32/nios2-elf/lib/mno-hw-mul\libsmallc.a(lib_a-exit.o)
                0x00000000000668a8                exit
 .text          0x00000000000668c8        0x0 d:/softwares/intelfpga_lite/18.1/nios2eds/bin/gnu/h-x86_64-mingw32/bin/../lib/gcc/nios2-elf/5.3.0/../../../../../H-x86_64-mingw32/nios2-elf/lib/mno-hw-mul\libsmallc.a(lib_a-__call_atexit.o)
 .text.__call_exitprocs
                0x00000000000668c8      0x190 d:/softwares/intelfpga_lite/18.1/nios2eds/bin/gnu/h-x86_64-mingw32/bin/../lib/gcc/nios2-elf/5.3.0/../../../../../H-x86_64-mingw32/nios2-elf/lib/mno-hw-mul\libsmallc.a(lib_a-__call_atexit.o)
                0x00000000000668c8                __call_exitprocs
 *(.gnu.warning.*)
 *(.fini)
                [!provide]                        PROVIDE (__etext, ABSOLUTE (.))
                [!provide]                        PROVIDE (_etext, ABSOLUTE (.))
                [!provide]                        PROVIDE (etext, ABSOLUTE (.))
 *(.eh_frame_hdr)
                0x0000000000066a58                . = ALIGN (0x4)
                [!provide]                        PROVIDE (__preinit_array_start, ABSOLUTE (.))
 *(.preinit_array)
                [!provide]                        PROVIDE (__preinit_array_end, ABSOLUTE (.))
                [!provide]                        PROVIDE (__init_array_start, ABSOLUTE (.))
 *(.init_array)
                [!provide]                        PROVIDE (__init_array_end, ABSOLUTE (.))
                [!provide]                        PROVIDE (__fini_array_start, ABSOLUTE (.))
 *(.fini_array)
                [!provide]                        PROVIDE (__fini_array_end, ABSOLUTE (.))
 *(.eh_frame)
 *(.gcc_except_table .gcc_except_table.*)
 *(.dynamic)
                [!provide]                        PROVIDE (__CTOR_LIST__, ABSOLUTE (.))
 *(.ctors)
 *(SORT(.ctors.*))
                [!provide]                        PROVIDE (__CTOR_END__, ABSOLUTE (.))
                [!provide]                        PROVIDE (__DTOR_LIST__, ABSOLUTE (.))
 *(.dtors)
 *(SORT(.dtors.*))
                [!provide]                        PROVIDE (__DTOR_END__, ABSOLUTE (.))
 *(.jcr)
                0x0000000000066a58                . = ALIGN (0x4)

.rodata         0x0000000000066a58     0x385c
                0x0000000000066a58                PROVIDE (__ram_rodata_start, ABSOLUTE (.))
                0x0000000000066a58                . = ALIGN (0x4)
 *(.rodata .rodata.* .gnu.linkonce.r.*)
 .rodata.str1.4
                0x0000000000066a58       0x25 obj/default/ethernet.o
 *fill*         0x0000000000066a7d        0x3 
 .rodata.str1.4
                0x0000000000066a80       0x49 obj/default/gamelogic.o
 *fill*         0x0000000000066ac9        0x3 
 .rodata.str1.4
                0x0000000000066acc      0x1eb obj/default/lwip/apps/http/http_client.o
                                        0x1ef (size before relaxing)
 *fill*         0x0000000000066cb7        0x1 
 .rodata.str1.4
                0x0000000000066cb8       0x82 obj/default/lwip/core/dns.o
                                         0xaa (size before relaxing)
 *fill*         0x0000000000066d3a        0x2 
 .rodata        0x0000000000066d3c       0x28 obj/default/lwip/core/dns.o
                0x0000000000066d3c                dns_mquery_v6group
                0x0000000000066d50                dns_mquery_v4group
 .rodata.str1.4
                0x0000000000066d64       0x22 obj/default/lwip/core/inet_chksum.o
                                         0x4c (size before relaxing)
 *fill*         0x0000000000066d86        0x2 
 .rodata        0x0000000000066d88       0x14 obj/default/lwip/core/ip.o
                0x0000000000066d88                ip_addr_any_type
 .rodata.str1.4
                0x0000000000066d9c      0x381 obj/default/lwip/core/ipv4/dhcp.o
                                        0x3a9 (size before relaxing)
 *fill*         0x000000000006711d        0x3 
 .rodata.str1.4
                0x0000000000067120      0x1b2 obj/default/lwip/core/ipv4/etharp.o
                                        0x1ea (size before relaxing)
 *fill*         0x00000000000672d2        0x2 
 .rodata.str1.4
                0x00000000000672d4       0xae obj/default/lwip/core/ipv4/icmp.o
                                         0xd6 (size before relaxing)
 *fill*         0x0000000000067382        0x2 
 .rodata.str1.4
                0x0000000000067384      0x30d obj/default/lwip/core/ipv4/igmp.o
                                        0x335 (size before relaxing)
 *fill*         0x0000000000067691        0x3 
 .rodata.str1.4
                0x0000000000067694       0x51 obj/default/lwip/core/ipv4/ip4.o
                                         0x79 (size before relaxing)
 *fill*         0x00000000000676e5        0x3 
 .rodata.str1.4
                0x00000000000676e8       0x26 obj/default/lwip/core/ipv4/ip4_addr.o
                                         0x50 (size before relaxing)
 *fill*         0x000000000006770e        0x2 
 .rodata        0x0000000000067710       0x28 obj/default/lwip/core/ipv4/ip4_addr.o
                0x0000000000067710                ip_addr_broadcast
                0x0000000000067724                ip_addr_any
 .rodata.str1.4
                0x0000000000067738      0x197 obj/default/lwip/core/ipv4/ip4_frag.o
                                        0x1cb (size before relaxing)
 *fill*         0x00000000000678cf        0x1 
 .rodata.str1.4
                0x00000000000678d0       0x95 obj/default/lwip/core/ipv6/icmp6.o
                                         0xbd (size before relaxing)
 *fill*         0x0000000000067965        0x3 
 .rodata.str1.4
                0x0000000000067968       0x46 obj/default/lwip/core/ipv6/ip6.o
                                         0x7a (size before relaxing)
 *fill*         0x00000000000679ae        0x2 
 .rodata        0x00000000000679b0       0x14 obj/default/lwip/core/ipv6/ip6_addr.o
                0x00000000000679b0                ip6_addr_any
 .rodata.str1.4
                0x00000000000679c4      0x117 obj/default/lwip/core/ipv6/ip6_frag.o
                                        0x228 (size before relaxing)
 *fill*         0x0000000000067adb        0x1 
 .rodata.str1.4
                0x0000000000067adc       0x83 obj/default/lwip/core/ipv6/nd6.o
                                         0xc7 (size before relaxing)
 *fill*         0x0000000000067b5f        0x1 
 .rodata.str1.4
                0x0000000000067b60      0x173 obj/default/lwip/core/mem.o
                                        0x19b (size before relaxing)
 *fill*         0x0000000000067cd3        0x1 
 .rodata.str1.4
                0x0000000000067cd4       0xa7 obj/default/lwip/core/memp.o
                                         0xcf (size before relaxing)
 *fill*         0x0000000000067d7b        0x1 
 .rodata        0x0000000000067d7c       0xf0 obj/default/lwip/core/memp.o
                0x0000000000067d7c                memp_pools
                0x0000000000067db8                memp_PBUF_POOL
                0x0000000000067dc4                memp_PBUF
                0x0000000000067dd0                memp_MLD6_GROUP
                0x0000000000067ddc                memp_IP6_REASSDATA
                0x0000000000067de8                memp_ND6_QUEUE
                0x0000000000067df4                memp_SYS_TIMEOUT
                0x0000000000067e00                memp_IGMP_GROUP
                0x0000000000067e0c                memp_ARP_QUEUE
                0x0000000000067e18                memp_FRAG_PBUF
                0x0000000000067e24                memp_REASSDATA
                0x0000000000067e30                memp_TCP_SEG
                0x0000000000067e3c                memp_TCP_PCB_LISTEN
                0x0000000000067e48                memp_TCP_PCB
                0x0000000000067e54                memp_UDP_PCB
                0x0000000000067e60                memp_RAW_PCB
 .rodata.str1.4
                0x0000000000067e6c      0x41b obj/default/lwip/core/netif.o
                                        0x453 (size before relaxing)
 *fill*         0x0000000000068287        0x1 
 .rodata.str1.4
                0x0000000000068288      0x3b1 obj/default/lwip/core/pbuf.o
                                        0x3e5 (size before relaxing)
 *fill*         0x0000000000068639        0x3 
 .rodata.str1.4
                0x000000000006863c       0xa6 obj/default/lwip/core/raw.o
                                         0xce (size before relaxing)
 *fill*         0x00000000000686e2        0x2 
 .rodata.str1.4
                0x00000000000686e4      0x78e obj/default/lwip/core/tcp.o
                                        0x7c6 (size before relaxing)
 *fill*         0x0000000000068e72        0x2 
 .rodata        0x0000000000068e74       0x4c obj/default/lwip/core/tcp.o
                0x0000000000068e74                tcp_pcb_lists
 .rodata.str1.4
                0x0000000000068ec0      0x3ca obj/default/lwip/core/tcp_in.o
                                        0x3f2 (size before relaxing)
 *fill*         0x000000000006928a        0x2 
 .rodata.str1.4
                0x000000000006928c      0x743 obj/default/lwip/core/tcp_out.o
                                        0x76b (size before relaxing)
 *fill*         0x00000000000699cf        0x1 
 .rodata.str1.4
                0x00000000000699d0       0x8e obj/default/lwip/core/timeouts.o
                                         0xb6 (size before relaxing)
 *fill*         0x0000000000069a5e        0x2 
 .rodata        0x0000000000069a60       0x50 obj/default/lwip/core/timeouts.o
                0x0000000000069a60                lwip_cyclic_timers
 .rodata.str1.4
                0x0000000000069ab0      0x2d0 obj/default/lwip/core/udp.o
                                        0x2f8 (size before relaxing)
 .rodata.str1.4
                0x0000000000069d80       0x49 obj/default/lwip/netif/ethernet.o
                                         0x74 (size before relaxing)
 *fill*         0x0000000000069dc9        0x3 
 .rodata.str1.4
                0x0000000000069dcc       0xb6 obj/default/main.o
 *fill*         0x0000000000069e82        0x2 
 .rodata.str1.4
                0x0000000000069e84       0x42 obj/default/main_menu.o
 *fill*         0x0000000000069ec6        0x2 
 .rodata.str1.4
                0x0000000000069ec8        0xf obj/default/memcpy_dma.o
 *fill*         0x0000000000069ed7        0x1 
 .rodata        0x0000000000069ed8       0x30 obj/default/resources/plane_player.o
                0x0000000000069ed8                plane_player_seq
 .rodata        0x0000000000069f08       0x48 obj/default/resources/resource.o
                0x0000000000069f08                enemies
 .rodata.str1.4
                0x0000000000069f50       0x95 obj/default/scoreboard.o
                                         0xa5 (size before relaxing)
 .rodata._ctype_
                0x0000000000069fe5      0x101 d:/softwares/intelfpga_lite/18.1/nios2eds/bin/gnu/h-x86_64-mingw32/bin/../lib/gcc/nios2-elf/5.3.0/../../../../../H-x86_64-mingw32/nios2-elf/lib/mno-hw-mul\libsmallc.a(lib_a-ctype_.o)
                0x0000000000069fe5                _ctype_
 .rodata._ctype_b
                0x000000000006a0e6      0x180 d:/softwares/intelfpga_lite/18.1/nios2eds/bin/gnu/h-x86_64-mingw32/bin/../lib/gcc/nios2-elf/5.3.0/../../../../../H-x86_64-mingw32/nios2-elf/lib/mno-hw-mul\libsmallc.a(lib_a-ctype_.o)
 *fill*         0x000000000006a266        0x2 
 .rodata.str1.4
                0x000000000006a268       0x15 ../ECE385_bsp/\libhal_bsp.a(alt_main.o)
 *fill*         0x000000000006a27d        0x3 
 .rodata.str1.4
                0x000000000006a280       0x25 ../ECE385_bsp/\libhal_bsp.a(alt_sys_init.o)
                                         0x75 (size before relaxing)
 *fill*         0x000000000006a2a5        0x3 
 .rodata.str1.4
                0x000000000006a2a8        0xc ../ECE385_bsp/\libhal_bsp.a(alt_dev.o)
                                          0xa (size before relaxing)
 *(.rodata1)
                0x000000000006a2b4                . = ALIGN (0x4)
                0x000000000006a2b4                PROVIDE (__ram_rodata_end, ABSOLUTE (.))
                0x0000000000066a58                PROVIDE (__flash_rodata_start, LOADADDR (.rodata))

.rwdata         0x000000000006a2b4      0x4e0 load address 0x000000000006a794
                0x000000000006a2b4                PROVIDE (__ram_rwdata_start, ABSOLUTE (.))
                0x000000000006a2b4                . = ALIGN (0x4)
 *(.got.plt)
 *(.got)
 *(.data1)
 *(.data .data.* .gnu.linkonce.d.*)
 .data          0x000000000006a2b4        0x0 ../ECE385_bsp//obj/HAL/src/crt0.o
 .data          0x000000000006a2b4        0x0 obj/default/audio.o
 .data          0x000000000006a2b4        0x0 obj/default/comm.o
 .data          0x000000000006a2b4        0x0 obj/default/ethernet.o
 .data          0x000000000006a2b4        0x0 obj/default/gamelogic.o
 .data          0x000000000006a2b4        0x0 obj/default/httpc.o
 .data          0x000000000006a2b4        0x0 obj/default/lwip/apps/http/http_client.o
 .data          0x000000000006a2b4        0x0 obj/default/lwip/core/altcp.o
 .data          0x000000000006a2b4        0x0 obj/default/lwip/core/altcp_alloc.o
 .data          0x000000000006a2b4        0x0 obj/default/lwip/core/altcp_tcp.o
 .data          0x000000000006a2b4        0x0 obj/default/lwip/core/def.o
 .data          0x000000000006a2b4        0x0 obj/default/lwip/core/dns.o
 .data          0x000000000006a2b4        0x0 obj/default/lwip/core/inet_chksum.o
 .data          0x000000000006a2b4        0x0 obj/default/lwip/core/init.o
 .data          0x000000000006a2b4        0x0 obj/default/lwip/core/ip.o
 .data          0x000000000006a2b4        0x0 obj/default/lwip/core/ipv4/autoip.o
 .data          0x000000000006a2b4        0x0 obj/default/lwip/core/ipv4/dhcp.o
 .data          0x000000000006a2b4        0x0 obj/default/lwip/core/ipv4/etharp.o
 .data          0x000000000006a2b4        0x0 obj/default/lwip/core/ipv4/icmp.o
 .data          0x000000000006a2b4        0x0 obj/default/lwip/core/ipv4/igmp.o
 .data          0x000000000006a2b4        0x0 obj/default/lwip/core/ipv4/ip4.o
 .data          0x000000000006a2b4        0x0 obj/default/lwip/core/ipv4/ip4_addr.o
 .data          0x000000000006a2b4        0x0 obj/default/lwip/core/ipv4/ip4_frag.o
 .data          0x000000000006a2b4        0x0 obj/default/lwip/core/ipv6/dhcp6.o
 .data          0x000000000006a2b4        0x0 obj/default/lwip/core/ipv6/ethip6.o
 .data          0x000000000006a2b4        0x0 obj/default/lwip/core/ipv6/icmp6.o
 .data          0x000000000006a2b4        0x0 obj/default/lwip/core/ipv6/inet6.o
 .data          0x000000000006a2b4        0x0 obj/default/lwip/core/ipv6/ip6.o
 .data          0x000000000006a2b4        0x0 obj/default/lwip/core/ipv6/ip6_addr.o
 .data          0x000000000006a2b4        0x0 obj/default/lwip/core/ipv6/ip6_frag.o
 .data          0x000000000006a2b4        0x0 obj/default/lwip/core/ipv6/mld6.o
 .data          0x000000000006a2b4        0x0 obj/default/lwip/core/ipv6/nd6.o
 .data          0x000000000006a2b4        0x0 obj/default/lwip/core/mem.o
 .data          0x000000000006a2b4        0x0 obj/default/lwip/core/memp.o
 .data          0x000000000006a2b4        0x0 obj/default/lwip/core/netif.o
 .data          0x000000000006a2b4        0x0 obj/default/lwip/core/pbuf.o
 .data          0x000000000006a2b4        0x0 obj/default/lwip/core/raw.o
 .data          0x000000000006a2b4        0x0 obj/default/lwip/core/stats.o
 .data          0x000000000006a2b4        0x0 obj/default/lwip/core/sys.o
 .data          0x000000000006a2b4        0x0 obj/default/lwip/core/tcp.o
 .data          0x000000000006a2b4        0x0 obj/default/lwip/core/tcp_in.o
 .data          0x000000000006a2b4        0x0 obj/default/lwip/core/tcp_out.o
 .data          0x000000000006a2b4        0x0 obj/default/lwip/core/timeouts.o
 .data          0x000000000006a2b4        0x0 obj/default/lwip/core/udp.o
 .data          0x000000000006a2b4        0x0 obj/default/lwip/netif/ethernet.o
 .data          0x000000000006a2b4        0x0 obj/default/lwip_port/compat.o
 .data          0x000000000006a2b4        0x0 obj/default/main.o
 .data          0x000000000006a2b4        0x0 obj/default/main_menu.o
 .data          0x000000000006a2b4        0x0 obj/default/memcpy_dma.o
 .data          0x000000000006a2b4        0x0 obj/default/resources/chinese.o
 .data          0x000000000006a2b4        0x0 obj/default/resources/main_menu_bg.o
 .data          0x000000000006a2b4        0x0 obj/default/resources/music.o
 .data          0x000000000006a2b4        0x0 obj/default/resources/plane_player.o
 .data          0x000000000006a2b4       0x58 obj/default/resources/resource.o
                0x000000000006a2b4                explosion_sequence
 .data          0x000000000006a30c        0x0 obj/default/resources/scoreboard_bg.o
 .data          0x000000000006a30c        0x0 obj/default/resources/sound_explosion.o
 .data          0x000000000006a30c        0x0 obj/default/resources/sound_hit.o
 .data          0x000000000006a30c        0x0 obj/default/resources/vga_fonts.o
 .data          0x000000000006a30c        0x0 obj/default/rng.o
 .data          0x000000000006a30c        0x0 obj/default/scoreboard.o
 .data          0x000000000006a30c       0x40 obj/default/sprites.o
                0x000000000006a30c                vga_bullets
                0x000000000006a31c                vga_planes
                0x000000000006a32c                vga_planes_sprite_data
 .data          0x000000000006a34c        0x0 obj/default/vga.o
 .data          0x000000000006a34c        0x0 d:/softwares/intelfpga_lite/18.1/nios2eds/bin/gnu/h-x86_64-mingw32/bin/../lib/gcc/nios2-elf/5.3.0/mno-hw-mul\libgcc.a(lib2-divmod.o)
 .data          0x000000000006a34c        0x0 d:/softwares/intelfpga_lite/18.1/nios2eds/bin/gnu/h-x86_64-mingw32/bin/../lib/gcc/nios2-elf/5.3.0/mno-hw-mul\libgcc.a(lib2-mul.o)
 .data          0x000000000006a34c        0x0 d:/softwares/intelfpga_lite/18.1/nios2eds/bin/gnu/h-x86_64-mingw32/bin/../lib/gcc/nios2-elf/5.3.0/../../../../../H-x86_64-mingw32/nios2-elf/lib/mno-hw-mul\libsmallc.a(lib_a-abort.o)
 .data          0x000000000006a34c        0x0 d:/softwares/intelfpga_lite/18.1/nios2eds/bin/gnu/h-x86_64-mingw32/bin/../lib/gcc/nios2-elf/5.3.0/../../../../../H-x86_64-mingw32/nios2-elf/lib/mno-hw-mul\libsmallc.a(lib_a-atoi.o)
 .data          0x000000000006a34c        0x0 d:/softwares/intelfpga_lite/18.1/nios2eds/bin/gnu/h-x86_64-mingw32/bin/../lib/gcc/nios2-elf/5.3.0/../../../../../H-x86_64-mingw32/nios2-elf/lib/mno-hw-mul\libsmallc.a(lib_a-clock.o)
 .data          0x000000000006a34c        0x0 d:/softwares/intelfpga_lite/18.1/nios2eds/bin/gnu/h-x86_64-mingw32/bin/../lib/gcc/nios2-elf/5.3.0/../../../../../H-x86_64-mingw32/nios2-elf/lib/mno-hw-mul\libsmallc.a(lib_a-ctype_.o)
 .data          0x000000000006a34c        0x0 d:/softwares/intelfpga_lite/18.1/nios2eds/bin/gnu/h-x86_64-mingw32/bin/../lib/gcc/nios2-elf/5.3.0/../../../../../H-x86_64-mingw32/nios2-elf/lib/mno-hw-mul\libsmallc.a(lib_a-impure.o)
 .data.impure_data
                0x000000000006a34c       0xe0 d:/softwares/intelfpga_lite/18.1/nios2eds/bin/gnu/h-x86_64-mingw32/bin/../lib/gcc/nios2-elf/5.3.0/../../../../../H-x86_64-mingw32/nios2-elf/lib/mno-hw-mul\libsmallc.a(lib_a-impure.o)
 .data          0x000000000006a42c        0x0 d:/softwares/intelfpga_lite/18.1/nios2eds/bin/gnu/h-x86_64-mingw32/bin/../lib/gcc/nios2-elf/5.3.0/../../../../../H-x86_64-mingw32/nios2-elf/lib/mno-hw-mul\libsmallc.a(lib_a-memcmp.o)
 .data          0x000000000006a42c        0x0 d:/softwares/intelfpga_lite/18.1/nios2eds/bin/gnu/h-x86_64-mingw32/bin/../lib/gcc/nios2-elf/5.3.0/../../../../../H-x86_64-mingw32/nios2-elf/lib/mno-hw-mul\libsmallc.a(lib_a-memcpy.o)
 .data          0x000000000006a42c        0x0 d:/softwares/intelfpga_lite/18.1/nios2eds/bin/gnu/h-x86_64-mingw32/bin/../lib/gcc/nios2-elf/5.3.0/../../../../../H-x86_64-mingw32/nios2-elf/lib/mno-hw-mul\libsmallc.a(lib_a-memmove.o)
 .data          0x000000000006a42c        0x0 d:/softwares/intelfpga_lite/18.1/nios2eds/bin/gnu/h-x86_64-mingw32/bin/../lib/gcc/nios2-elf/5.3.0/../../../../../H-x86_64-mingw32/nios2-elf/lib/mno-hw-mul\libsmallc.a(lib_a-memset.o)
 .data          0x000000000006a42c        0x0 d:/softwares/intelfpga_lite/18.1/nios2eds/bin/gnu/h-x86_64-mingw32/bin/../lib/gcc/nios2-elf/5.3.0/../../../../../H-x86_64-mingw32/nios2-elf/lib/mno-hw-mul\libsmallc.a(lib_a-printf.o)
 .data          0x000000000006a42c        0x0 d:/softwares/intelfpga_lite/18.1/nios2eds/bin/gnu/h-x86_64-mingw32/bin/../lib/gcc/nios2-elf/5.3.0/../../../../../H-x86_64-mingw32/nios2-elf/lib/mno-hw-mul\libsmallc.a(lib_a-signal.o)
 .data          0x000000000006a42c        0x0 d:/softwares/intelfpga_lite/18.1/nios2eds/bin/gnu/h-x86_64-mingw32/bin/../lib/gcc/nios2-elf/5.3.0/../../../../../H-x86_64-mingw32/nios2-elf/lib/mno-hw-mul\libsmallc.a(lib_a-signalr.o)
 .data          0x000000000006a42c        0x0 d:/softwares/intelfpga_lite/18.1/nios2eds/bin/gnu/h-x86_64-mingw32/bin/../lib/gcc/nios2-elf/5.3.0/../../../../../H-x86_64-mingw32/nios2-elf/lib/mno-hw-mul\libsmallc.a(lib_a-snprintf.o)
 .data          0x000000000006a42c        0x0 d:/softwares/intelfpga_lite/18.1/nios2eds/bin/gnu/h-x86_64-mingw32/bin/../lib/gcc/nios2-elf/5.3.0/../../../../../H-x86_64-mingw32/nios2-elf/lib/mno-hw-mul\libsmallc.a(lib_a-strcmp.o)
 .data          0x000000000006a42c        0x0 d:/softwares/intelfpga_lite/18.1/nios2eds/bin/gnu/h-x86_64-mingw32/bin/../lib/gcc/nios2-elf/5.3.0/../../../../../H-x86_64-mingw32/nios2-elf/lib/mno-hw-mul\libsmallc.a(lib_a-strlen.o)
 .data          0x000000000006a42c        0x0 d:/softwares/intelfpga_lite/18.1/nios2eds/bin/gnu/h-x86_64-mingw32/bin/../lib/gcc/nios2-elf/5.3.0/../../../../../H-x86_64-mingw32/nios2-elf/lib/mno-hw-mul\libsmallc.a(lib_a-strncmp.o)
 .data          0x000000000006a42c        0x0 d:/softwares/intelfpga_lite/18.1/nios2eds/bin/gnu/h-x86_64-mingw32/bin/../lib/gcc/nios2-elf/5.3.0/../../../../../H-x86_64-mingw32/nios2-elf/lib/mno-hw-mul\libsmallc.a(lib_a-strtol.o)
 .data          0x000000000006a42c        0x0 d:/softwares/intelfpga_lite/18.1/nios2eds/bin/gnu/h-x86_64-mingw32/bin/../lib/gcc/nios2-elf/5.3.0/../../../../../H-x86_64-mingw32/nios2-elf/lib/mno-hw-mul\libsmallc.a(lib_a-svfprintf.o)
 .data          0x000000000006a42c        0x0 d:/softwares/intelfpga_lite/18.1/nios2eds/bin/gnu/h-x86_64-mingw32/bin/../lib/gcc/nios2-elf/5.3.0/../../../../../H-x86_64-mingw32/nios2-elf/lib/mno-hw-mul\libsmallc.a(lib_a-timesr.o)
 .data          0x000000000006a42c        0x0 d:/softwares/intelfpga_lite/18.1/nios2eds/bin/gnu/h-x86_64-mingw32/bin/../lib/gcc/nios2-elf/5.3.0/../../../../../H-x86_64-mingw32/nios2-elf/lib/mno-hw-mul\libsmallc.a(lib_a-vfprintf.o)
 .data          0x000000000006a42c        0x0 d:/softwares/intelfpga_lite/18.1/nios2eds/bin/gnu/h-x86_64-mingw32/bin/../lib/gcc/nios2-elf/5.3.0/../../../../../H-x86_64-mingw32/nios2-elf/lib/mno-hw-mul\libsmallc.a(lib_a-fvwrite_small_dev.o)
 .data          0x000000000006a42c        0x0 d:/softwares/intelfpga_lite/18.1/nios2eds/bin/gnu/h-x86_64-mingw32/bin/../lib/gcc/nios2-elf/5.3.0/../../../../../H-x86_64-mingw32/nios2-elf/lib/mno-hw-mul\libsmallc.a(lib_a-fvwrite_small_str.o)
 .data          0x000000000006a42c        0x0 d:/softwares/intelfpga_lite/18.1/nios2eds/bin/gnu/h-x86_64-mingw32/bin/../lib/gcc/nios2-elf/5.3.0/../../../../../H-x86_64-mingw32/nios2-elf/lib/mno-hw-mul\libsmallc.a(lib_a-int_errno.o)
 .data          0x000000000006a42c        0x0 d:/softwares/intelfpga_lite/18.1/nios2eds/bin/gnu/h-x86_64-mingw32/bin/../lib/gcc/nios2-elf/5.3.0/../../../../../H-x86_64-mingw32/nios2-elf/lib/mno-hw-mul\libsmallc.a(lib_a-nano-mallocr.o)
 .data          0x000000000006a42c        0x0 d:/softwares/intelfpga_lite/18.1/nios2eds/bin/gnu/h-x86_64-mingw32/bin/../lib/gcc/nios2-elf/5.3.0/../../../../../H-x86_64-mingw32/nios2-elf/lib/mno-hw-mul\libsmallc.a(lib_a-sbrkr.o)
 .data          0x000000000006a42c        0x0 d:/softwares/intelfpga_lite/18.1/nios2eds/bin/gnu/h-x86_64-mingw32/bin/../lib/gcc/nios2-elf/5.3.0/../../../../../H-x86_64-mingw32/nios2-elf/lib/mno-hw-mul\libsmallc.a(lib_a-writer.o)
 .data          0x000000000006a42c        0x0 ../ECE385_bsp/\libhal_bsp.a(alt_exit.o)
 .data          0x000000000006a42c        0x0 ../ECE385_bsp/\libhal_bsp.a(alt_getpid.o)
 .data          0x000000000006a42c        0x0 ../ECE385_bsp/\libhal_bsp.a(alt_iic.o)
 .data          0x000000000006a42c        0x0 ../ECE385_bsp/\libhal_bsp.a(alt_iic_isr_register.o)
 .data          0x000000000006a42c        0x0 ../ECE385_bsp/\libhal_bsp.a(alt_irq_entry.o)
 .data          0x000000000006a42c        0x0 ../ECE385_bsp/\libhal_bsp.a(alt_irq_handler.o)
 .data          0x000000000006a42c        0x0 ../ECE385_bsp/\libhal_bsp.a(alt_irq_vars.o)
 .data          0x000000000006a42c        0x0 ../ECE385_bsp/\libhal_bsp.a(alt_kill.o)
 .data          0x000000000006a42c        0x0 ../ECE385_bsp/\libhal_bsp.a(alt_load.o)
 .data          0x000000000006a42c        0x0 ../ECE385_bsp/\libhal_bsp.a(alt_main.o)
 .data          0x000000000006a42c        0x0 ../ECE385_bsp/\libhal_bsp.a(alt_sbrk.o)
 .data          0x000000000006a42c        0x0 ../ECE385_bsp/\libhal_bsp.a(alt_times.o)
 .data          0x000000000006a42c        0x0 ../ECE385_bsp/\libhal_bsp.a(alt_write.o)
 .data          0x000000000006a42c      0x11c ../ECE385_bsp/\libhal_bsp.a(alt_sys_init.o)
 .data          0x000000000006a548        0x0 ../ECE385_bsp/\libhal_bsp.a(altera_avalon_jtag_uart_fd.o)
 .data          0x000000000006a548        0x0 ../ECE385_bsp/\libhal_bsp.a(altera_avalon_jtag_uart_read.o)
 .data          0x000000000006a548        0x0 ../ECE385_bsp/\libhal_bsp.a(altera_avalon_jtag_uart_write.o)
 .data          0x000000000006a548        0x0 ../ECE385_bsp/\libhal_bsp.a(altera_avalon_sgdma.o)
 .data          0x000000000006a548        0x0 ../ECE385_bsp/\libhal_bsp.a(altera_avalon_timer_sc.o)
 .data          0x000000000006a548        0x0 ../ECE385_bsp/\libhal_bsp.a(alt_close.o)
 .data          0x000000000006a548        0x0 ../ECE385_bsp/\libhal_bsp.a(alt_dcache_flush.o)
 .data          0x000000000006a548        0x0 ../ECE385_bsp/\libhal_bsp.a(alt_dcache_flush_all.o)
 .data          0x000000000006a548      0x1a8 ../ECE385_bsp/\libhal_bsp.a(alt_dev.o)
                0x000000000006a548                alt_fd_list
                0x000000000006a6c8                alt_dev_null