Archive member included to satisfy reference by file (symbol)

d:/softwares/intelfpga_lite/18.1/nios2eds/bin/gnu/h-x86_64-mingw32/bin/../lib/gcc/nios2-elf/5.3.0/mno-hw-mul\libgcc.a(lib2-divmod.o)
                              obj/default/gamelogic.o (__divsi3)
d:/softwares/intelfpga_lite/18.1/nios2eds/bin/gnu/h-x86_64-mingw32/bin/../lib/gcc/nios2-elf/5.3.0/mno-hw-mul\libgcc.a(lib2-mul.o)
                              obj/default/gamelogic.o (__mulsi3)
d:/softwares/intelfpga_lite/18.1/nios2eds/bin/gnu/h-x86_64-mingw32/bin/../lib/gcc/nios2-elf/5.3.0/../../../../../H-x86_64-mingw32/nios2-elf/lib/mno-hw-mul\libsmallc.a(lib_a-abort.o)
                              obj/default/lwip/core/dns.o (abort)
d:/softwares/intelfpga_lite/18.1/nios2eds/bin/gnu/h-x86_64-mingw32/bin/../lib/gcc/nios2-elf/5.3.0/../../../../../H-x86_64-mingw32/nios2-elf/lib/mno-hw-mul\libsmallc.a(lib_a-atoi.o)
                              obj/default/lwip/core/netif.o (atoi)
d:/softwares/intelfpga_lite/18.1/nios2eds/bin/gnu/h-x86_64-mingw32/bin/../lib/gcc/nios2-elf/5.3.0/../../../../../H-x86_64-mingw32/nios2-elf/lib/mno-hw-mul\libsmallc.a(lib_a-clock.o)
                              obj/default/lwip_port/compat.o (clock)
d:/softwares/intelfpga_lite/18.1/nios2eds/bin/gnu/h-x86_64-mingw32/bin/../lib/gcc/nios2-elf/5.3.0/../../../../../H-x86_64-mingw32/nios2-elf/lib/mno-hw-mul\libsmallc.a(lib_a-ctype_.o)
                              obj/default/lwip/core/dns.o (__ctype_ptr__)
d:/softwares/intelfpga_lite/18.1/nios2eds/bin/gnu/h-x86_64-mingw32/bin/../lib/gcc/nios2-elf/5.3.0/../../../../../H-x86_64-mingw32/nios2-elf/lib/mno-hw-mul\libsmallc.a(lib_a-impure.o)
                              d:/softwares/intelfpga_lite/18.1/nios2eds/bin/gnu/h-x86_64-mingw32/bin/../lib/gcc/nios2-elf/5.3.0/../../../../../H-x86_64-mingw32/nios2-elf/lib/mno-hw-mul\libsmallc.a(lib_a-clock.o) (_impure_ptr)
d:/softwares/intelfpga_lite/18.1/nios2eds/bin/gnu/h-x86_64-mingw32/bin/../lib/gcc/nios2-elf/5.3.0/../../../../../H-x86_64-mingw32/nios2-elf/lib/mno-hw-mul\libsmallc.a(lib_a-memcmp.o)
                              obj/default/lwip/core/ipv4/autoip.o (memcmp)
d:/softwares/intelfpga_lite/18.1/nios2eds/bin/gnu/h-x86_64-mingw32/bin/../lib/gcc/nios2-elf/5.3.0/../../../../../H-x86_64-mingw32/nios2-elf/lib/mno-hw-mul\libsmallc.a(lib_a-memcpy.o)
                              obj/default/lwip/core/dns.o (memcpy)
d:/softwares/intelfpga_lite/18.1/nios2eds/bin/gnu/h-x86_64-mingw32/bin/../lib/gcc/nios2-elf/5.3.0/../../../../../H-x86_64-mingw32/nios2-elf/lib/mno-hw-mul\libsmallc.a(lib_a-memmove.o)
                              obj/default/lwip/core/def.o (memmove)
d:/softwares/intelfpga_lite/18.1/nios2eds/bin/gnu/h-x86_64-mingw32/bin/../lib/gcc/nios2-elf/5.3.0/../../../../../H-x86_64-mingw32/nios2-elf/lib/mno-hw-mul\libsmallc.a(lib_a-memset.o)
                              obj/default/lwip/core/ipv4/dhcp.o (memset)
d:/softwares/intelfpga_lite/18.1/nios2eds/bin/gnu/h-x86_64-mingw32/bin/../lib/gcc/nios2-elf/5.3.0/../../../../../H-x86_64-mingw32/nios2-elf/lib/mno-hw-mul\libsmallc.a(lib_a-printf.o)
                              obj/default/gamelogic.o (printf)
d:/softwares/intelfpga_lite/18.1/nios2eds/bin/gnu/h-x86_64-mingw32/bin/../lib/gcc/nios2-elf/5.3.0/../../../../../H-x86_64-mingw32/nios2-elf/lib/mno-hw-mul\libsmallc.a(lib_a-puts.o)
                              obj/default/ethernet.o (puts)
d:/softwares/intelfpga_lite/18.1/nios2eds/bin/gnu/h-x86_64-mingw32/bin/../lib/gcc/nios2-elf/5.3.0/../../../../../H-x86_64-mingw32/nios2-elf/lib/mno-hw-mul\libsmallc.a(lib_a-signal.o)
                              d:/softwares/intelfpga_lite/18.1/nios2eds/bin/gnu/h-x86_64-mingw32/bin/../lib/gcc/nios2-elf/5.3.0/../../../../../H-x86_64-mingw32/nios2-elf/lib/mno-hw-mul\libsmallc.a(lib_a-abort.o) (raise)
d:/softwares/intelfpga_lite/18.1/nios2eds/bin/gnu/h-x86_64-mingw32/bin/../lib/gcc/nios2-elf/5.3.0/../../../../../H-x86_64-mingw32/nios2-elf/lib/mno-hw-mul\libsmallc.a(lib_a-signalr.o)
                              d:/softwares/intelfpga_lite/18.1/nios2eds/bin/gnu/h-x86_64-mingw32/bin/../lib/gcc/nios2-elf/5.3.0/../../../../../H-x86_64-mingw32/nios2-elf/lib/mno-hw-mul\libsmallc.a(lib_a-signal.o) (_kill_r)
d:/softwares/intelfpga_lite/18.1/nios2eds/bin/gnu/h-x86_64-mingw32/bin/../lib/gcc/nios2-elf/5.3.0/../../../../../H-x86_64-mingw32/nios2-elf/lib/mno-hw-mul\libsmallc.a(lib_a-snprintf.o)
                              obj/default/gamelogic.o (snprintf)
d:/softwares/intelfpga_lite/18.1/nios2eds/bin/gnu/h-x86_64-mingw32/bin/../lib/gcc/nios2-elf/5.3.0/../../../../../H-x86_64-mingw32/nios2-elf/lib/mno-hw-mul\libsmallc.a(lib_a-strlen.o)
                              obj/default/lwip/core/def.o (strlen)
d:/softwares/intelfpga_lite/18.1/nios2eds/bin/gnu/h-x86_64-mingw32/bin/../lib/gcc/nios2-elf/5.3.0/../../../../../H-x86_64-mingw32/nios2-elf/lib/mno-hw-mul\libsmallc.a(lib_a-strncmp.o)
                              obj/default/lwip/core/def.o (strncmp)
[...]
Memory Configuration

Name             Origin             Length             Attributes
vga_sprite_7     0x0000000000000000 0x0000000000001000
vga_sprite_6     0x0000000000001000 0x0000000000001000
vga_sprite_5     0x0000000000002000 0x0000000000001000
vga_sprite_4     0x0000000000003000 0x0000000000001000
vga_sprite_3     0x0000000000004000 0x0000000000001000
vga_sprite_2     0x0000000000005000 0x0000000000001000
vga_sprite_1     0x0000000000006000 0x0000000000001000
vga_sprite_0     0x0000000000007000 0x0000000000001000
usb_keycode      0x0000000000009000 0x0000000000000400
reset            0x0000000000040000 0x0000000000000020
nios2_onchip_mem 0x0000000000040020 0x000000000003ffe0
sdram            0x0000000008000000 0x0000000008000000
*default*        0x0000000000000000 0xffffffffffffffff

Linker script and memory map

LOAD ../ECE385_bsp//obj/HAL/src/crt0.o
LOAD obj/default/audio.o
LOAD obj/default/comm.o
LOAD obj/default/ethernet.o
LOAD obj/default/gamelogic.o
LOAD obj/default/lwip/core/altcp.o
LOAD obj/default/lwip/core/altcp_alloc.o
LOAD obj/default/lwip/core/altcp_tcp.o
LOAD obj/default/lwip/core/def.o
LOAD obj/default/lwip/core/dns.o
LOAD obj/default/lwip/core/inet_chksum.o
LOAD obj/default/lwip/core/init.o
LOAD obj/default/lwip/core/ip.o
LOAD obj/default/lwip/core/ipv4/autoip.o
LOAD obj/default/lwip/core/ipv4/dhcp.o
LOAD obj/default/lwip/core/ipv4/etharp.o
LOAD obj/default/lwip/core/ipv4/icmp.o
LOAD obj/default/lwip/core/ipv4/igmp.o
LOAD obj/default/lwip/core/ipv4/ip4.o
LOAD obj/default/lwip/core/ipv4/ip4_addr.o
LOAD obj/default/lwip/core/ipv4/ip4_frag.o
LOAD obj/default/lwip/core/ipv6/dhcp6.o
LOAD obj/default/lwip/core/ipv6/ethip6.o
LOAD obj/default/lwip/core/ipv6/icmp6.o
LOAD obj/default/lwip/core/ipv6/inet6.o
LOAD obj/default/lwip/core/ipv6/ip6.o
LOAD obj/default/lwip/core/ipv6/ip6_addr.o
LOAD obj/default/lwip/core/ipv6/ip6_frag.o
LOAD obj/default/lwip/core/ipv6/mld6.o
LOAD obj/default/lwip/core/ipv6/nd6.o
LOAD obj/default/lwip/core/mem.o
LOAD obj/default/lwip/core/memp.o
LOAD obj/default/lwip/core/netif.o
LOAD obj/default/lwip/core/pbuf.o
LOAD obj/default/lwip/core/raw.o
LOAD obj/default/lwip/core/stats.o
LOAD obj/default/lwip/core/sys.o
LOAD obj/default/lwip/core/tcp.o
LOAD obj/default/lwip/core/tcp_in.o
LOAD obj/default/lwip/core/tcp_out.o
LOAD obj/default/lwip/core/timeouts.o
LOAD obj/default/lwip/core/udp.o
LOAD obj/default/lwip/netif/ethernet.o
LOAD obj/default/lwip_port/compat.o
LOAD obj/default/main.o
LOAD obj/default/memcpy_dma.o
LOAD obj/default/resources/chinese.o
LOAD obj/default/resources/music.o
LOAD obj/default/resources/resource.o
LOAD obj/default/resources/sound_explosion.o
LOAD obj/default/resources/vga_fonts.o
LOAD obj/default/rng.o
LOAD obj/default/sprites.o
LOAD obj/default/vga.o
LOAD d:/softwares/intelfpga_lite/18.1/nios2eds/bin/gnu/h-x86_64-mingw32/bin/../lib/gcc/nios2-elf/5.3.0/../../../../../H-x86_64-mingw32/nios2-elf/lib/mno-hw-mul\libstdc++.a
LOAD d:/softwares/intelfpga_lite/18.1/nios2eds/bin/gnu/h-x86_64-mingw32/bin/../lib/gcc/nios2-elf/5.3.0/../../../../../H-x86_64-mingw32/nios2-elf/lib/mno-hw-mul\libm.a
LOAD d:/softwares/intelfpga_lite/18.1/nios2eds/bin/gnu/h-x86_64-mingw32/bin/../lib/gcc/nios2-elf/5.3.0/mno-hw-mul\libgcc.a
START GROUP
LOAD d:/softwares/intelfpga_lite/18.1/nios2eds/bin/gnu/h-x86_64-mingw32/bin/../lib/gcc/nios2-elf/5.3.0/../../../../../H-x86_64-mingw32/nios2-elf/lib/mno-hw-mul\libsmallc.a
LOAD d:/softwares/intelfpga_lite/18.1/nios2eds/bin/gnu/h-x86_64-mingw32/bin/../lib/gcc/nios2-elf/5.3.0/mno-hw-mul\libgcc.a
LOAD ../ECE385_bsp/\libhal_bsp.a
LOAD d:/softwares/intelfpga_lite/18.1/nios2eds/bin/gnu/h-x86_64-mingw32/bin/../lib/gcc/nios2-elf/5.3.0/../../../../../H-x86_64-mingw32/nios2-elf/lib/mno-hw-mul\libm.a
END GROUP
LOAD d:/softwares/intelfpga_lite/18.1/nios2eds/bin/gnu/h-x86_64-mingw32/bin/../lib/gcc/nios2-elf/5.3.0/mno-hw-mul\libgcc.a
                0x0000000000000000                __alt_mem_vga_sprite_7 = 0x0
                0x0000000000001000                __alt_mem_vga_sprite_6 = 0x1000
                0x0000000000002000                __alt_mem_vga_sprite_5 = 0x2000
                0x0000000000003000                __alt_mem_vga_sprite_4 = 0x3000
                0x0000000000004000                __alt_mem_vga_sprite_3 = 0x4000
                0x0000000000005000                __alt_mem_vga_sprite_2 = 0x5000
                0x0000000000006000                __alt_mem_vga_sprite_1 = 0x6000
                0x0000000000007000                __alt_mem_vga_sprite_0 = 0x7000
                0x0000000000009000                __alt_mem_usb_keycode = 0x9000
                0x0000000000040000                __alt_mem_nios2_onchip_mem = 0x40000
                0x0000000008000000                __alt_mem_sdram = 0x8000000

.entry          0x0000000000040000       0x20
 *(.entry)
 .entry         0x0000000000040000       0x20 ../ECE385_bsp//obj/HAL/src/crt0.o
                0x0000000000040000                __reset

.exceptions     0x0000000000040020      0x164
                0x0000000000040020                PROVIDE (__ram_exceptions_start, ABSOLUTE (.))
                0x0000000000040020                . = ALIGN (0x20)
 *(.irq)
 *(.exceptions.entry.label)
 .exceptions.entry.label
                0x0000000000040020        0x0 ../ECE385_bsp/\libhal_bsp.a(alt_irq_entry.o)
                0x0000000000040020                alt_irq_entry
 .exceptions.entry.label
                0x0000000000040020        0x0 ../ECE385_bsp/\libhal_bsp.a(alt_exception_entry.o)
                0x0000000000040020                alt_exception
 *(.exceptions.entry.user)
 *(.exceptions.entry.ecc_fatal)
 *(.exceptions.entry)
 .exceptions.entry
                0x0000000000040020       0x54 ../ECE385_bsp/\libhal_bsp.a(alt_exception_entry.o)
 *(.exceptions.irqtest.user)
 *(.exceptions.irqtest)
 .exceptions.irqtest
                0x0000000000040074       0x10 ../ECE385_bsp/\libhal_bsp.a(alt_irq_entry.o)
 *(.exceptions.irqhandler.user)
 *(.exceptions.irqhandler)
 .exceptions.irqhandler
                0x0000000000040084        0x4 ../ECE385_bsp/\libhal_bsp.a(alt_irq_entry.o)
 *(.exceptions.irqreturn.user)
 *(.exceptions.irqreturn)
 .exceptions.irqreturn
                0x0000000000040088        0x4 ../ECE385_bsp/\libhal_bsp.a(alt_irq_entry.o)
 *(.exceptions.notirq.label)
 .exceptions.notirq.label
                0x000000000004008c        0x0 ../ECE385_bsp/\libhal_bsp.a(alt_irq_entry.o)
 *(.exceptions.notirq.user)
 *(.exceptions.notirq)
 .exceptions.notirq
                0x000000000004008c        0x8 ../ECE385_bsp/\libhal_bsp.a(alt_exception_entry.o)
 *(.exceptions.soft.user)
 *(.exceptions.soft)
 *(.exceptions.unknown.user)
 *(.exceptions.unknown)
 .exceptions.unknown
                0x0000000000040094       0x14 ../ECE385_bsp/\libhal_bsp.a(alt_exception_entry.o)
 *(.exceptions.exit.label)
 .exceptions.exit.label
                0x00000000000400a8        0x0 ../ECE385_bsp/\libhal_bsp.a(alt_irq_entry.o)
 .exceptions.exit.label
                0x00000000000400a8        0x0 ../ECE385_bsp/\libhal_bsp.a(alt_exception_entry.o)
 *(.exceptions.exit.user)
 *(.exceptions.exit)
 .exceptions.exit
                0x00000000000400a8       0x54 ../ECE385_bsp/\libhal_bsp.a(alt_exception_entry.o)
 *(.exceptions)
 .exceptions    0x00000000000400fc       0x64 ../ECE385_bsp/\libhal_bsp.a(alt_irq_handler.o)
                0x00000000000400fc                alt_irq_handler
 .exceptions    0x0000000000040160       0x24 ../ECE385_bsp/\libhal_bsp.a(alt_instruction_exception_entry.o)
                0x0000000000040160                alt_instruction_exception_entry
                0x0000000000040184                PROVIDE (__ram_exceptions_end, ABSOLUTE (.))
                0x0000000000040020                PROVIDE (__flash_exceptions_start, LOADADDR (.exceptions))

.resources      0x0000000008000000   0x6b0ab4
                [!provide]                        PROVIDE (_alt_partition_resources_start, ABSOLUTE (.))
 *(.resources .resources.*)
 .resources     0x0000000008000000    0xa34a0 obj/default/resources/chinese.o
                0x0000000008000000                chinese_font
 .resources     0x00000000080a34a0   0x4ce792 obj/default/resources/music.o
                0x00000000080a34a0                music_data
 .resources     0x0000000008571c32   0x13a000 obj/default/resources/resource.o
                0x0000000008571c32                background
                0x000000000869dc32                explosion21
                0x000000000869e432                explosion20
                0x000000000869ec32                explosion19
                0x000000000869f432                explosion18
                0x000000000869fc32                explosion17
                0x00000000086a0432                explosion16
                0x00000000086a0c32                explosion15
                0x00000000086a1432                explosion14
                0x00000000086a1c32                explosion13
                0x00000000086a2432                explosion12
                0x00000000086a2c32                explosion11
                0x00000000086a3432                explosion10
                0x00000000086a3c32                explosion9
                0x00000000086a4432                explosion8
                0x00000000086a4c32                explosion7
                0x00000000086a5432                explosion6
                0x00000000086a5c32                explosion5
                0x00000000086a6432                explosion4
                0x00000000086a6c32                explosion3
                0x00000000086a7432                explosion2
                0x00000000086a7c32                explosion1
                0x00000000086a8432                explosion0
                0x00000000086a8c32                enemy2
                0x00000000086a9832                enemy1
                0x00000000086aa432                enemy0
                0x00000000086ab032                plane
 .resources     0x00000000086abc32     0x3e80 obj/default/resources/sound_explosion.o
                0x00000000086abc32                explosion_data
 .resources     0x00000000086afab2     0x1000 obj/default/resources/vga_fonts.o
                0x00000000086afab2                font_data
                0x00000000086b0ab4                . = ALIGN (0x4)
 *fill*         0x00000000086b0ab2        0x2 
                [!provide]                        PROVIDE (_alt_partition_resources_end, ABSOLUTE (.))

.onchip         0x0000000000040184     0x1940
                [!provide]                        PROVIDE (_alt_partition_onchip_start, ABSOLUTE (.))
 *(.onchip .onchip.*)
 .onchip        0x0000000000040184     0x1900 obj/default/ethernet.o
                0x0000000000040184                eth1_rx_frame
                0x0000000000040984                eth0_rx_frame
                0x0000000000041184                tx_frame
                0x0000000000041984                eth1_rx_descriptor_end
                0x00000000000419a4                eth1_rx_descriptor
                0x00000000000419c4                eth1_tx_descriptor_end
                0x00000000000419e4                eth1_tx_descriptor
                0x0000000000041a04                eth0_rx_descriptor_end
                0x0000000000041a24                eth0_rx_descriptor
                0x0000000000041a44                eth0_tx_descriptor_end
                0x0000000000041a64                eth0_tx_descriptor
 .onchip        0x0000000000041a84       0x40 obj/default/memcpy_dma.o
                0x0000000000041a84                dma_descriptor_end
                0x0000000000041aa4                dma_descriptor
                0x0000000000041ac4                . = ALIGN (0x4)
                [!provide]                        PROVIDE (_alt_partition_onchip_end, ABSOLUTE (.))

.text           0x0000000000041ac4    0x24ffc
                [!provide]                        PROVIDE (stext, ABSOLUTE (.))
 *(.interp)
 *(.hash)
 *(.dynsym)
 *(.dynstr)
 *(.gnu.version)
 *(.gnu.version_d)
 *(.gnu.version_r)
 *(.rel.init)
 *(.rela.init)
 *(.rel.text .rel.text.* .rel.gnu.linkonce.t.*)
 *(.rela.text .rela.text.* .rela.gnu.linkonce.t.*)
 *(.rel.fini)
 *(.rela.fini)
 *(.rel.rodata .rel.rodata.* .rel.gnu.linkonce.r.*)
 *(.rela.rodata .rela.rodata.* .rela.gnu.linkonce.r.*)
 *(.rel.data .rel.data.* .rel.gnu.linkonce.d.*)
 *(.rela.data .rela.data.* .rela.gnu.linkonce.d.*)
 *(.rel.tdata .rel.tdata.* .rel.gnu.linkonce.td.*)
 *(.rela.tdata .rela.tdata.* .rela.gnu.linkonce.td.*)
 *(.rel.tbss .rel.tbss.* .rel.gnu.linkonce.tb.*)
 *(.rela.tbss .rela.tbss.* .rela.gnu.linkonce.tb.*)
 *(.rel.ctors)
 *(.rela.ctors)
 *(.rel.dtors)
 *(.rela.dtors)
 *(.rel.got)
 *(.rela.got)
 *(.rel.sdata .rel.sdata.* .rel.gnu.linkonce.s.*)
 *(.rela.sdata .rela.sdata.* .rela.gnu.linkonce.s.*)
 *(.rel.sbss .rel.sbss.* .rel.gnu.linkonce.sb.*)
 *(.rela.sbss .rela.sbss.* .rela.gnu.linkonce.sb.*)
 *(.rel.sdata2 .rel.sdata2.* .rel.gnu.linkonce.s2.*)
 *(.rela.sdata2 .rela.sdata2.* .rela.gnu.linkonce.s2.*)
 *(.rel.sbss2 .rel.sbss2.* .rel.gnu.linkonce.sb2.*)
 *(.rela.sbss2 .rela.sbss2.* .rela.gnu.linkonce.sb2.*)
 *(.rel.bss .rel.bss.* .rel.gnu.linkonce.b.*)
 *(.rela.bss .rela.bss.* .rela.gnu.linkonce.b.*)
 *(.rel.plt)
 *(.rela.plt)
 *(.rel.dyn)
 *(.init)
 *(.plt)
 *(.text .stub .text.* .gnu.linkonce.t.*)
 .text          0x0000000000041ac4       0x3c ../ECE385_bsp//obj/HAL/src/crt0.o
                0x0000000000041ac4                _start
 .text          0x0000000000041b00       0xd8 obj/default/audio.o
                0x0000000000041b00                audio_interrupt
                0x0000000000041b94                audio_init
 .text          0x0000000000041bd8        0x0 obj/default/comm.o
 .text          0x0000000000041bd8      0x7d4 obj/default/ethernet.o
                0x0000000000041bd8                eth0_rx_interrupt
                0x0000000000041c1c                eth1_rx_interrupt
                0x0000000000041c60                eth0_tx
                0x0000000000041cf0                eth1_tx
                0x0000000000041d80                eth_init
                0x0000000000041e94                eth_ip_reverse
                0x0000000000041ebc                eth0_rx_start
                0x0000000000041f0c                eth0_init
                0x0000000000042018                eth0_ip
                0x000000000004204c                eth1_rx_start
                0x000000000004209c                eth_loop
                0x000000000004226c                eth1_init
                0x0000000000042378                eth1_ip
 .text          0x00000000000423ac      0xcd8 obj/default/gamelogic.o
                0x00000000000426cc                game_init
                0x0000000000042874                handle_player_plane_keyboard
                0x0000000000042ca8                handle_enemy_planes_spawn
                0x0000000000042cbc                handle_enemy_planes_firing
                0x0000000000042e80                game_loop
                0x0000000000042fec                game_over
 .text          0x0000000000043084        0x0 obj/default/lwip/core/altcp.o
 .text          0x0000000000043084        0x0 obj/default/lwip/core/altcp_alloc.o
 .text          0x0000000000043084        0x0 obj/default/lwip/core/altcp_tcp.o
 .text          0x0000000000043084      0x2e8 obj/default/lwip/core/def.o
                0x0000000000043084                lwip_htons
                0x0000000000043098                lwip_htonl
                0x00000000000430c0                lwip_strnstr
                0x0000000000043168                lwip_stricmp
                0x00000000000431d8                lwip_strnicmp
                0x000000000004325c                lwip_itoa
 .text          0x000000000004336c     0x1688 obj/default/lwip/core/dns.o
                0x0000000000044398                dns_init
                0x000000000004439c                dns_setserver
                0x0000000000044460                dns_getserver
                0x00000000000444a0                dns_tmr
                0x00000000000444d0                dns_gethostbyname_addrtype
                0x00000000000449d4                dns_gethostbyname
 .text.unlikely
                0x00000000000449f4       0xcc obj/default/lwip/core/dns.o
 .text          0x0000000000044ac0      0x608 obj/default/lwip/core/inet_chksum.o
                0x0000000000044ac0                lwip_standard_chksum
                0x0000000000044df8                inet_chksum_pseudo
                0x0000000000044e44                ip6_chksum_pseudo
                0x0000000000044ea8                ip_chksum_pseudo
                0x0000000000044ee8                inet_chksum_pseudo_partial
                0x0000000000044f40                ip6_chksum_pseudo_partial
                0x0000000000044fb0                ip_chksum_pseudo_partial
                0x0000000000044ff8                inet_chksum
                0x0000000000045018                inet_chksum_pbuf
 .text          0x00000000000450c8       0x30 obj/default/lwip/core/init.o
                0x00000000000450c8                lwip_init
 .text          0x00000000000450f8       0xc4 obj/default/lwip/core/ip.o
                0x00000000000450f8                ipaddr_ntoa
                0x0000000000045118                ipaddr_ntoa_r
                0x0000000000045138                ipaddr_aton
                0x0000000000045194                ip_input
 .text          0x00000000000451bc      0x670 obj/default/lwip/core/ipv4/autoip.o
                0x0000000000045248                autoip_set_struct
                0x0000000000045324                autoip_start
                0x0000000000045464                autoip_network_changed
                0x000000000004547c                autoip_stop
                0x00000000000454c8                autoip_tmr
                0x0000000000045690                autoip_arp_reply
                0x00000000000457e4                autoip_supplied_address
                0x000000000004580c                autoip_accept_packet
 .text          0x000000000004582c     0x2a74 obj/default/lwip/core/ipv4/dhcp.o
                0x00000000000473f0                dhcp_set_struct
                0x00000000000474c4                dhcp_cleanup
                0x0000000000047524                dhcp_inform
                0x0000000000047680                dhcp_network_changed
                0x0000000000047750                dhcp_arp_reply
                0x00000000000478d0                dhcp_renew
                0x0000000000047abc                dhcp_release_and_stop
                0x0000000000047ce0                dhcp_start
                0x0000000000047e34                dhcp_coarse_tmr
                0x0000000000048128                dhcp_fine_tmr
                0x0000000000048244                dhcp_release
                0x0000000000048260                dhcp_stop
                0x0000000000048264                dhcp_supplied_address
 .text.unlikely
                0x00000000000482a0      0x1f4 obj/default/lwip/core/ipv4/dhcp.o
 .text          0x0000000000048494     0x14b0 obj/default/lwip/core/ipv4/etharp.o
                0x0000000000048c6c                etharp_tmr
                0x0000000000048d90                etharp_cleanup_netif
                0x0000000000048e20                etharp_find_addr
                0x0000000000048f00                etharp_get_entry
                0x0000000000049044                etharp_input
                0x0000000000049360                etharp_query
                0x00000000000496a4                etharp_output
                0x0000000000049904                etharp_request
 .text          0x0000000000049944      0x3d4 obj/default/lwip/core/ipv4/icmp.o
                0x0000000000049a84                icmp_input
                0x0000000000049d00                icmp_dest_unreach
                0x0000000000049d0c                icmp_time_exceeded
 .text          0x0000000000049d18      0xc44 obj/default/lwip/core/ipv4/igmp.o
                0x000000000004a070                igmp_init
                0x000000000004a08c                igmp_start
                0x000000000004a108                igmp_stop
                0x000000000004a178                igmp_report_groups
                0x000000000004a1b8                igmp_lookfor_group
                0x000000000004a1f0                igmp_input
                0x000000000004a390                igmp_joingroup_netif
                0x000000000004a4f4                igmp_joingroup
                0x000000000004a5f4                igmp_leavegroup_netif
                0x000000000004a798                igmp_leavegroup
                0x000000000004a8b0                igmp_tmr
 .text          0x000000000004a95c      0x998 obj/default/lwip/core/ipv4/ip4.o
                0x000000000004a9e0                ip4_set_default_multicast_netif
                0x000000000004a9e8                ip4_route
                0x000000000004aa88                ip4_input
                0x000000000004ae60                ip4_output_if_opt_src
                0x000000000004b140                ip4_output_if_opt
                0x000000000004b190                ip4_output_if
                0x000000000004b1e8                ip4_output_if_src
                0x000000000004b224                ip4_output
 .text          0x000000000004b2f4      0x534 obj/default/lwip/core/ipv4/ip4_addr.o
                0x000000000004b2f4                ip4_addr_isbroadcast_u32
                0x000000000004b344                ip4_addr_netmask_valid
                0x000000000004b3a4                ip4addr_aton
                0x000000000004b690                ipaddr_addr
                0x000000000004b6c4                ip4addr_ntoa_r
                0x000000000004b818                ip4addr_ntoa
 .text          0x000000000004b828     0x1048 obj/default/lwip/core/ipv4/ip4_frag.o
                0x000000000004bc5c                ip_reass_tmr
                0x000000000004bcc4                ip4_reass
                0x000000000004c4dc                ip4_frag
 .text.unlikely
                0x000000000004c870       0x34 obj/default/lwip/core/ipv4/ip4_frag.o
 .text          0x000000000004c8a4        0x0 obj/default/lwip/core/ipv6/dhcp6.o
 .text          0x000000000004c8a4       0xf0 obj/default/lwip/core/ipv6/ethip6.o
                0x000000000004c8a4                ethip6_output
 .text          0x000000000004c994      0x4bc obj/default/lwip/core/ipv6/icmp6.o
                0x000000000004cbc4                icmp6_input
                0x000000000004cd30                icmp6_dest_unreach
                0x000000000004cd40                icmp6_packet_too_big
                0x000000000004cd50                icmp6_time_exceeded
                0x000000000004cd60                icmp6_time_exceeded_with_addrs
                0x000000000004ce34                icmp6_param_problem
 .text          0x000000000004ce50        0x0 obj/default/lwip/core/ipv6/inet6.o
 .text          0x000000000004ce50     0x16ec obj/default/lwip/core/ipv6/ip6.o
                0x000000000004cee8                ip6_route
                0x000000000004d260                ip6_select_source_address
                0x000000000004d4c8                ip6_input
                0x000000000004dd70                ip6_output_if_src
                0x000000000004e178                ip6_output_if
                0x000000000004e264                ip6_output
                0x000000000004e4b8                ip6_options_add_hbh_ra
 .text          0x000000000004e53c      0x610 obj/default/lwip/core/ipv6/ip6_addr.o
                0x000000000004e53c                ip6addr_aton
                0x000000000004e854                ip6addr_ntoa_r
                0x000000000004eb3c                ip6addr_ntoa
 .text          0x000000000004eb4c     0x1018 obj/default/lwip/core/ipv6/ip6_frag.o
                0x000000000004eedc                ip6_reass_tmr
                0x000000000004ef30                ip6_reass
                0x000000000004f82c                ip6_frag
 .text.unlikely
                0x000000000004fb64       0x34 obj/default/lwip/core/ipv6/ip6_frag.o
 .text          0x000000000004fb98      0xb20 obj/default/lwip/core/ipv6/mld6.o
                0x000000000004fe10                mld6_stop
                0x000000000004fe80                mld6_report_groups
                0x000000000004feb8                mld6_lookfor_group
                0x000000000004ff18                mld6_input
                0x0000000000050134                mld6_joingroup_netif
                0x00000000000502ec                mld6_joingroup
                0x00000000000503ac                mld6_leavegroup_netif
                0x0000000000050558                mld6_leavegroup
                0x0000000000050620                mld6_tmr
 .text          0x00000000000506b8     0x3828 obj/default/lwip/core/ipv6/nd6.o
                0x0000000000051604                nd6_input
                0x0000000000052c58                nd6_tmr
                0x000000000005313c                nd6_clear_destination_cache
                0x0000000000053188                nd6_find_route
                0x0000000000053278                nd6_get_next_hop_addr_or_queue
                0x0000000000053a34                nd6_get_destination_mtu
                0x0000000000053aa4                nd6_reachability_hint
                0x0000000000053c74                nd6_cleanup_netif
                0x0000000000053da0                nd6_adjust_mld_membership
                0x0000000000053ed4                nd6_restart_netif
 .text.unlikely
                0x0000000000053ee0       0xa0 obj/default/lwip/core/ipv6/nd6.o
 .text          0x0000000000053f80      0x66c obj/default/lwip/core/mem.o
                0x0000000000053f80                mem_init
                0x0000000000053fc4                mem_free
                0x00000000000541bc                mem_trim
                0x000000000005439c                mem_malloc
                0x0000000000054584                mem_calloc
 .text          0x00000000000545ec      0x2a0 obj/default/lwip/core/memp.o
                0x00000000000545ec                memp_init_pool
                0x0000000000054634                memp_init
                0x00000000000546ac                memp_malloc_pool
                0x0000000000054720                memp_malloc
                0x00000000000547a8                memp_free_pool
                0x000000000005480c                memp_free
 .text.unlikely
                0x000000000005488c       0x68 obj/default/lwip/core/memp.o
 .text          0x00000000000548f4     0x158c obj/default/lwip/core/netif.o
                0x0000000000054b2c                netif_init
                0x0000000000054b30                netif_input
                0x0000000000054bbc                netif_set_ipaddr
                0x0000000000054c18                netif_set_netmask
                0x0000000000054c84                netif_set_gw
                0x0000000000054cf0                netif_set_addr
                0x0000000000054de8                netif_add
                0x0000000000055130                netif_add_noaddr
                0x0000000000055160                netif_set_default
                0x0000000000055168                netif_set_up
                0x00000000000551e8                netif_set_down
                0x0000000000055270                netif_remove
                0x0000000000055390                netif_set_link_up
                0x0000000000055420                netif_set_link_down
                0x0000000000055470                netif_ip6_addr_set_parts
                0x00000000000556a8                netif_ip6_addr_set
                0x0000000000055744                netif_ip6_addr_set_state
                0x0000000000055898                netif_get_ip6_addr_match
                0x00000000000559a0                netif_create_ip6_linklocal_address
                0x0000000000055b24                netif_add_ip6_address
                0x0000000000055ce8                netif_index_to_name
                0x0000000000055d80                netif_get_by_index
                0x0000000000055dd4                netif_find
                0x0000000000055e4c                netif_name_to_index
 .text          0x0000000000055e80     0x1688 obj/default/lwip/core/pbuf.o
                0x0000000000056024                pbuf_free_ooseq
                0x000000000005604c                pbuf_alloc_reference
                0x00000000000560f4                pbuf_alloced_custom
                0x0000000000056160                pbuf_add_header
                0x0000000000056168                pbuf_add_header_force
                0x0000000000056170                pbuf_remove_header
                0x0000000000056240                pbuf_header
                0x0000000000056260                pbuf_header_force
                0x0000000000056280                pbuf_free
                0x0000000000056400                pbuf_alloc
                0x000000000005666c                pbuf_realloc
                0x00000000000567b4                pbuf_free_header
                0x000000000005684c                pbuf_clen
                0x0000000000056868                pbuf_ref
                0x0000000000056890                pbuf_cat
                0x0000000000056958                pbuf_chain
                0x0000000000056998                pbuf_dechain
                0x0000000000056a80                pbuf_copy
                0x0000000000056ca4                pbuf_copy_partial
                0x0000000000056ddc                pbuf_get_contiguous
                0x0000000000056eec                pbuf_skip
                0x0000000000056f34                pbuf_take
                0x00000000000570b8                pbuf_take_at
                0x00000000000571cc                pbuf_clone
                0x000000000005725c                pbuf_coalesce
                0x00000000000572b8                pbuf_get_at
                0x000000000005730c                pbuf_try_get_at
                0x000000000005735c                pbuf_put_at
                0x00000000000573a8                pbuf_memcmp
                0x00000000000573c8                pbuf_memfind
                0x0000000000057480                pbuf_strstr
 .text.unlikely
                0x0000000000057508       0x34 obj/default/lwip/core/pbuf.o
 .text          0x000000000005753c      0xcec obj/default/lwip/core/raw.o
                0x000000000005753c                raw_input
                0x0000000000057800                raw_bind
                0x0000000000057900                raw_bind_netif
                0x000000000005791c                raw_connect
                0x0000000000057a38                raw_disconnect
                0x0000000000057b08                raw_recv
                0x0000000000057b14                raw_sendto_if_src
                0x0000000000057e54                raw_sendto
                0x0000000000057fd0                raw_send
                0x0000000000057fd8                raw_remove
                0x000000000005802c                raw_new
                0x0000000000058094                raw_new_ip_type
                0x00000000000580c8                raw_netif_ip_addr_changed
 .text          0x0000000000058228        0x0 obj/default/lwip/core/stats.o
 .text          0x0000000000058228        0x0 obj/default/lwip/core/sys.o
 .text          0x0000000000058228     0x2a94 obj/default/lwip/core/tcp.o
                0x000000000005838c                tcp_init
                0x00000000000583b0                tcp_free
                0x00000000000583fc                tcp_bind
                0x0000000000058780                tcp_bind_netif
                0x000000000005879c                tcp_listen_with_backlog_and_err
                0x0000000000058968                tcp_listen_with_backlog
                0x0000000000058974                tcp_update_rcv_ann_wnd
                0x0000000000058a64                tcp_recved
                0x0000000000058b54                tcp_txnow
                0x0000000000058ba0                tcp_seg_free
                0x0000000000058bdc                tcp_segs_free
                0x0000000000058c0c                tcp_setprio
                0x0000000000058c4c                tcp_seg_copy
                0x0000000000058cd0                tcp_arg
                0x0000000000058cdc                tcp_recv
                0x0000000000058d28                tcp_sent
                0x0000000000058d74                tcp_err
                0x0000000000058dc0                tcp_accept
                0x0000000000058dd8                tcp_poll
                0x0000000000058e5c                tcp_pcb_purge
                0x0000000000058f38                tcp_slowtmr
                0x00000000000596a8                tcp_pcb_remove
                0x0000000000059af0                tcp_close
                0x0000000000059b48                tcp_recv_null
                0x0000000000059bd4                tcp_process_refused_data
                0x0000000000059cf4                tcp_fasttmr
                0x0000000000059dd4                tcp_tmr
                0x0000000000059e0c                tcp_shutdown
                0x0000000000059ee0                tcp_abandon
                0x000000000005a154                tcp_abort
                0x000000000005a344                tcp_alloc
                0x000000000005a560                tcp_new
                0x000000000005a568                tcp_new_ip_type
                0x000000000005a59c                tcp_next_iss
                0x000000000005a5c0                tcp_eff_send_mss_netif
                0x000000000005a698                tcp_connect
                0x000000000005aa24                tcp_netif_ip_addr_changed
                0x000000000005abb4                tcp_debug_state_str
                0x000000000005abd0                tcp_tcp_get_tcp_addrinfo
                0x000000000005ac78                tcp_free_ooseq
 .text.unlikely
                0x000000000005acbc       0x34 obj/default/lwip/core/tcp.o
 .text          0x000000000005acf0     0x2c54 obj/default/lwip/core/tcp_in.o
                0x000000000005c3c0                tcp_input
                0x000000000005d934                tcp_trigger_input_pcb_close
 .text          0x000000000005d944     0x28e4 obj/default/lwip/core/tcp_out.o
                0x000000000005e0b4                tcp_write
                0x000000000005eaac                tcp_split_unsent_seg
                0x000000000005edb8                tcp_enqueue_flags
                0x000000000005effc                tcp_send_fin
                0x000000000005f0f4                tcp_rexmit_rto_prepare
                0x000000000005f21c                tcp_rexmit
                0x000000000005f370                tcp_rexmit_fast
                0x000000000005f458                tcp_rst
                0x000000000005f594                tcp_send_empty_ack
                0x000000000005f66c                tcp_output
                0x000000000005fe90                tcp_rexmit_rto_commit
                0x000000000005fee4                tcp_rexmit_rto
                0x000000000005ff5c                tcp_keepalive
                0x0000000000060008                tcp_zero_window_probe
 .text          0x0000000000060228      0x418 obj/default/lwip/core/timeouts.o
                0x00000000000603a8                tcp_timer_needed
                0x00000000000603fc                sys_timeout
                0x000000000006046c                sys_timeouts_init
                0x00000000000604c0                sys_untimeout
                0x0000000000060514                sys_check_timeouts
                0x00000000000605b0                sys_restart_timeouts
                0x00000000000605f8                sys_timeouts_sleeptime
 .text          0x0000000000060640     0x1668 obj/default/lwip/core/udp.o
                0x0000000000060640                udp_init
                0x0000000000060664                udp_input
                0x0000000000060b68                udp_bind
                0x0000000000060ec4                udp_sendto_if_src
                0x00000000000612a4                udp_sendto_if
                0x00000000000614a0                udp_sendto
                0x000000000006166c                udp_send
                0x0000000000061704                udp_bind_netif
                0x0000000000061720                udp_connect
                0x0000000000061900                udp_disconnect
                0x00000000000619fc                udp_recv
                0x0000000000061a40                udp_remove
                0x0000000000061acc                udp_new
                0x0000000000061b18                udp_new_ip_type
                0x0000000000061b48                udp_netif_ip_addr_changed
 .text          0x0000000000061ca8      0x2cc obj/default/lwip/netif/ethernet.o
                0x0000000000061ca8                ethernet_input
                0x0000000000061e28                ethernet_output
 .text          0x0000000000061f74        0xc obj/default/lwip_port/compat.o
                0x0000000000061f74                sys_now
                0x0000000000061f78                fflush
 .text          0x0000000000061f80        0x0 obj/default/main.o
 .text.startup  0x0000000000061f80      0x120 obj/default/main.o
                0x0000000000061f80                main
 .text          0x00000000000620a0      0x17c obj/default/memcpy_dma.o
                0x00000000000620a0                memcpy_dma
                0x0000000000062140                memset_dma
                0x00000000000621dc                memset32_dma
                0x00000000000621e4                memset16_dma
                0x00000000000621f8                memset8_dma
 .text          0x000000000006221c        0x0 obj/default/resources/chinese.o
 .text          0x000000000006221c        0x0 obj/default/resources/music.o
 .text          0x000000000006221c        0x0 obj/default/resources/resource.o
 .text          0x000000000006221c        0x0 obj/default/resources/sound_explosion.o
 .text          0x000000000006221c        0x0 obj/default/resources/vga_fonts.o
 .text          0x000000000006221c       0x38 obj/default/rng.o
                0x000000000006221c                rng_generate
 .text          0x0000000000062254      0xf84 obj/default/sprites.o
                0x0000000000062498                sprites_init
                0x0000000000062584                sprites_allocate
                0x00000000000626bc                sprites_get
                0x0000000000062714                sprites_deallocate
                0x000000000006272c                sprites_visible
                0x0000000000062744                sprites_load_data
                0x000000000006275c                sprites_limit_speed
                0x0000000000062958                sprites_tick
                0x0000000000062c64                sprites_collision_detect
 .text          0x00000000000631d8      0x6f4 obj/default/vga.o
                0x00000000000631d8                vga_erase
                0x0000000000063288                vga_fill
                0x0000000000063344                vga_set
                0x0000000000063418                vga_scroll_init
                0x0000000000063424                vga_scroll
                0x000000000006352c                utf8_to_code
                0x00000000000635a0                utf8_len
                0x00000000000635e8                vga_english
                0x00000000000636bc                vga_chinese
                0x00000000000637c0                vga_statusbar_english
                0x00000000000637d0                vga_statusbar_chinese
                0x00000000000637e0                vga_statusbar_string
 .text          0x00000000000638cc      0x1b4 d:/softwares/intelfpga_lite/18.1/nios2eds/bin/gnu/h-x86_64-mingw32/bin/../lib/gcc/nios2-elf/5.3.0/mno-hw-mul\libgcc.a(lib2-divmod.o)
                0x00000000000638cc                __divsi3
                0x0000000000063950                __modsi3
                0x00000000000639c4                __udivsi3
                0x0000000000063a28                __umodsi3
 .text          0x0000000000063a80       0x28 d:/softwares/intelfpga_lite/18.1/nios2eds/bin/gnu/h-x86_64-mingw32/bin/../lib/gcc/nios2-elf/5.3.0/mno-hw-mul\libgcc.a(lib2-mul.o)
                0x0000000000063a80                __mulsi3
 .text          0x0000000000063aa8        0x0 d:/softwares/intelfpga_lite/18.1/nios2eds/bin/gnu/h-x86_64-mingw32/bin/../lib/gcc/nios2-elf/5.3.0/../../../../../H-x86_64-mingw32/nios2-elf/lib/mno-hw-mul\libsmallc.a(lib_a-abort.o)
 .text.abort    0x0000000000063aa8       0x18 d:/softwares/intelfpga_lite/18.1/nios2eds/bin/gnu/h-x86_64-mingw32/bin/../lib/gcc/nios2-elf/5.3.0/../../../../../H-x86_64-mingw32/nios2-elf/lib/mno-hw-mul\libsmallc.a(lib_a-abort.o)
                0x0000000000063aa8                abort
 .text          0x0000000000063ac0        0x0 d:/softwares/intelfpga_lite/18.1/nios2eds/bin/gnu/h-x86_64-mingw32/bin/../lib/gcc/nios2-elf/5.3.0/../../../../../H-x86_64-mingw32/nios2-elf/lib/mno-hw-mul\libsmallc.a(lib_a-atoi.o)
 .text.atoi     0x0000000000063ac0        0xc d:/softwares/intelfpga_lite/18.1/nios2eds/bin/gnu/h-x86_64-mingw32/bin/../lib/gcc/nios2-elf/5.3.0/../../../../../H-x86_64-mingw32/nios2-elf/lib/mno-hw-mul\libsmallc.a(lib_a-atoi.o)
                0x0000000000063ac0                atoi
 .text._atoi_r  0x0000000000063acc        0xc d:/softwares/intelfpga_lite/18.1/nios2eds/bin/gnu/h-x86_64-mingw32/bin/../lib/gcc/nios2-elf/5.3.0/../../../../../H-x86_64-mingw32/nios2-elf/lib/mno-hw-mul\libsmallc.a(lib_a-atoi.o)
                0x0000000000063acc                _atoi_r
 .text          0x0000000000063ad8        0x0 d:/softwares/intelfpga_lite/18.1/nios2eds/bin/gnu/h-x86_64-mingw32/bin/../lib/gcc/nios2-elf/5.3.0/../../../../../H-x86_64-mingw32/nios2-elf/lib/mno-hw-mul\libsmallc.a(lib_a-clock.o)
 .text.clock    0x0000000000063ad8       0x4c d:/softwares/intelfpga_lite/18.1/nios2eds/bin/gnu/h-x86_64-mingw32/bin/../lib/gcc/nios2-elf/5.3.0/../../../../../H-x86_64-mingw32/nios2-elf/lib/mno-hw-mul\libsmallc.a(lib_a-clock.o)
                0x0000000000063ad8                clock
 .text          0x0000000000063b24        0x0 d:/softwares/intelfpga_lite/18.1/nios2eds/bin/gnu/h-x86_64-mingw32/bin/../lib/gcc/nios2-elf/5.3.0/../../../../../H-x86_64-mingw32/nios2-elf/lib/mno-hw-mul\libsmallc.a(lib_a-ctype_.o)
 .text          0x0000000000063b24        0x0 d:/softwares/intelfpga_lite/18.1/nios2eds/bin/gnu/h-x86_64-mingw32/bin/../lib/gcc/nios2-elf/5.3.0/../../../../../H-x86_64-mingw32/nios2-elf/lib/mno-hw-mul\libsmallc.a(lib_a-impure.o)
 .text          0x0000000000063b24        0x0 d:/softwares/intelfpga_lite/18.1/nios2eds/bin/gnu/h-x86_64-mingw32/bin/../lib/gcc/nios2-elf/5.3.0/../../../../../H-x86_64-mingw32/nios2-elf/lib/mno-hw-mul\libsmallc.a(lib_a-memcmp.o)
 .text.memcmp   0x0000000000063b24       0x30 d:/softwares/intelfpga_lite/18.1/nios2eds/bin/gnu/h-x86_64-mingw32/bin/../lib/gcc/nios2-elf/5.3.0/../../../../../H-x86_64-mingw32/nios2-elf/lib/mno-hw-mul\libsmallc.a(lib_a-memcmp.o)
                0x0000000000063b24                memcmp
 .text          0x0000000000063b54        0x0 d:/softwares/intelfpga_lite/18.1/nios2eds/bin/gnu/h-x86_64-mingw32/bin/../lib/gcc/nios2-elf/5.3.0/../../../../../H-x86_64-mingw32/nios2-elf/lib/mno-hw-mul\libsmallc.a(lib_a-memcpy.o)
 .text.memcpy   0x0000000000063b54       0x28 d:/softwares/intelfpga_lite/18.1/nios2eds/bin/gnu/h-x86_64-mingw32/bin/../lib/gcc/nios2-elf/5.3.0/../../../../../H-x86_64-mingw32/nios2-elf/lib/mno-hw-mul\libsmallc.a(lib_a-memcpy.o)
                0x0000000000063b54                memcpy
 .text          0x0000000000063b7c        0x0 d:/softwares/intelfpga_lite/18.1/nios2eds/bin/gnu/h-x86_64-mingw32/bin/../lib/gcc/nios2-elf/5.3.0/../../../../../H-x86_64-mingw32/nios2-elf/lib/mno-hw-mul\libsmallc.a(lib_a-memmove.o)
 .text.memmove  0x0000000000063b7c       0x60 d:/softwares/intelfpga_lite/18.1/nios2eds/bin/gnu/h-x86_64-mingw32/bin/../lib/gcc/nios2-elf/5.3.0/../../../../../H-x86_64-mingw32/nios2-elf/lib/mno-hw-mul\libsmallc.a(lib_a-memmove.o)
                0x0000000000063b7c                memmove
 .text          0x0000000000063bdc        0x0 d:/softwares/intelfpga_lite/18.1/nios2eds/bin/gnu/h-x86_64-mingw32/bin/../lib/gcc/nios2-elf/5.3.0/../../../../../H-x86_64-mingw32/nios2-elf/lib/mno-hw-mul\libsmallc.a(lib_a-memset.o)
 .text.memset   0x0000000000063bdc       0x20 d:/softwares/intelfpga_lite/18.1/nios2eds/bin/gnu/h-x86_64-mingw32/bin/../lib/gcc/nios2-elf/5.3.0/../../../../../H-x86_64-mingw32/nios2-elf/lib/mno-hw-mul\libsmallc.a(lib_a-memset.o)
                0x0000000000063bdc                memset
 .text          0x0000000000063bfc        0x0 d:/softwares/intelfpga_lite/18.1/nios2eds/bin/gnu/h-x86_64-mingw32/bin/../lib/gcc/nios2-elf/5.3.0/../../../../../H-x86_64-mingw32/nios2-elf/lib/mno-hw-mul\libsmallc.a(lib_a-printf.o)
 .text._printf_r
                0x0000000000063bfc       0x3c d:/softwares/intelfpga_lite/18.1/nios2eds/bin/gnu/h-x86_64-mingw32/bin/../lib/gcc/nios2-elf/5.3.0/../../../../../H-x86_64-mingw32/nios2-elf/lib/mno-hw-mul\libsmallc.a(lib_a-printf.o)
                0x0000000000063bfc                _printf_r
 .text.printf   0x0000000000063c38       0x4c d:/softwares/intelfpga_lite/18.1/nios2eds/bin/gnu/h-x86_64-mingw32/bin/../lib/gcc/nios2-elf/5.3.0/../../../../../H-x86_64-mingw32/nios2-elf/lib/mno-hw-mul\libsmallc.a(lib_a-printf.o)
                0x0000000000063c38                printf
 .text          0x0000000000063c84        0x0 d:/softwares/intelfpga_lite/18.1/nios2eds/bin/gnu/h-x86_64-mingw32/bin/../lib/gcc/nios2-elf/5.3.0/../../../../../H-x86_64-mingw32/nios2-elf/lib/mno-hw-mul\libsmallc.a(lib_a-puts.o)
 .text._puts_r  0x0000000000063c84       0x80 d:/softwares/intelfpga_lite/18.1/nios2eds/bin/gnu/h-x86_64-mingw32/bin/../lib/gcc/nios2-elf/5.3.0/../../../../../H-x86_64-mingw32/nios2-elf/lib/mno-hw-mul\libsmallc.a(lib_a-puts.o)
                0x0000000000063c84                _puts_r
 .text.puts     0x0000000000063d04       0x14 d:/softwares/intelfpga_lite/18.1/nios2eds/bin/gnu/h-x86_64-mingw32/bin/../lib/gcc/nios2-elf/5.3.0/../../../../../H-x86_64-mingw32/nios2-elf/lib/mno-hw-mul\libsmallc.a(lib_a-puts.o)
                0x0000000000063d04                puts
 .text          0x0000000000063d18        0x0 d:/softwares/intelfpga_lite/18.1/nios2eds/bin/gnu/h-x86_64-mingw32/bin/../lib/gcc/nios2-elf/5.3.0/../../../../../H-x86_64-mingw32/nios2-elf/lib/mno-hw-mul\libsmallc.a(lib_a-signal.o)
 .text._init_signal_r
                0x0000000000063d18       0x68 d:/softwares/intelfpga_lite/18.1/nios2eds/bin/gnu/h-x86_64-mingw32/bin/../lib/gcc/nios2-elf/5.3.0/../../../../../H-x86_64-mingw32/nios2-elf/lib/mno-hw-mul\libsmallc.a(lib_a-signal.o)
                0x0000000000063d18                _init_signal_r
 .text._signal_r
                0x0000000000063d80       0x7c d:/softwares/intelfpga_lite/18.1/nios2eds/bin/gnu/h-x86_64-mingw32/bin/../lib/gcc/nios2-elf/5.3.0/../../../../../H-x86_64-mingw32/nios2-elf/lib/mno-hw-mul\libsmallc.a(lib_a-signal.o)
                0x0000000000063d80                _signal_r
 .text._raise_r
                0x0000000000063dfc       0xb4 d:/softwares/intelfpga_lite/18.1/nios2eds/bin/gnu/h-x86_64-mingw32/bin/../lib/gcc/nios2-elf/5.3.0/../../../../../H-x86_64-mingw32/nios2-elf/lib/mno-hw-mul\libsmallc.a(lib_a-signal.o)
                0x0000000000063dfc                _raise_r
 .text.__sigtramp_r
                0x0000000000063eb0       0xa8 d:/softwares/intelfpga_lite/18.1/nios2eds/bin/gnu/h-x86_64-mingw32/bin/../lib/gcc/nios2-elf/5.3.0/../../../../../H-x86_64-mingw32/nios2-elf/lib/mno-hw-mul\libsmallc.a(lib_a-signal.o)
                0x0000000000063eb0                __sigtramp_r
 .text.raise    0x0000000000063f58       0x14 d:/softwares/intelfpga_lite/18.1/nios2eds/bin/gnu/h-x86_64-mingw32/bin/../lib/gcc/nios2-elf/5.3.0/../../../../../H-x86_64-mingw32/nios2-elf/lib/mno-hw-mul\libsmallc.a(lib_a-signal.o)
                0x0000000000063f58                raise
 .text.signal   0x0000000000063f6c       0x18 d:/softwares/intelfpga_lite/18.1/nios2eds/bin/gnu/h-x86_64-mingw32/bin/../lib/gcc/nios2-elf/5.3.0/../../../../../H-x86_64-mingw32/nios2-elf/lib/mno-hw-mul\libsmallc.a(lib_a-signal.o)
                0x0000000000063f6c                signal
 .text._init_signal
                0x0000000000063f84       0x10 d:/softwares/intelfpga_lite/18.1/nios2eds/bin/gnu/h-x86_64-mingw32/bin/../lib/gcc/nios2-elf/5.3.0/../../../../../H-x86_64-mingw32/nios2-elf/lib/mno-hw-mul\libsmallc.a(lib_a-signal.o)
                0x0000000000063f84                _init_signal
 .text.__sigtramp
                0x0000000000063f94       0x14 d:/softwares/intelfpga_lite/18.1/nios2eds/bin/gnu/h-x86_64-mingw32/bin/../lib/gcc/nios2-elf/5.3.0/../../../../../H-x86_64-mingw32/nios2-elf/lib/mno-hw-mul\libsmallc.a(lib_a-signal.o)
                0x0000000000063f94                __sigtramp
 .text          0x0000000000063fa8        0x0 d:/softwares/intelfpga_lite/18.1/nios2eds/bin/gnu/h-x86_64-mingw32/bin/../lib/gcc/nios2-elf/5.3.0/../../../../../H-x86_64-mingw32/nios2-elf/lib/mno-hw-mul\libsmallc.a(lib_a-signalr.o)
 .text._kill_r  0x0000000000063fa8       0x54 d:/softwares/intelfpga_lite/18.1/nios2eds/bin/gnu/h-x86_64-mingw32/bin/../lib/gcc/nios2-elf/5.3.0/../../../../../H-x86_64-mingw32/nios2-elf/lib/mno-hw-mul\libsmallc.a(lib_a-signalr.o)
                0x0000000000063fa8                _kill_r
 .text._getpid_r
                0x0000000000063ffc        0x4 d:/softwares/intelfpga_lite/18.1/nios2eds/bin/gnu/h-x86_64-mingw32/bin/../lib/gcc/nios2-elf/5.3.0/../../../../../H-x86_64-mingw32/nios2-elf/lib/mno-hw-mul\libsmallc.a(lib_a-signalr.o)
                0x0000000000063ffc                _getpid_r
 .text          0x0000000000064000        0x0 d:/softwares/intelfpga_lite/18.1/nios2eds/bin/gnu/h-x86_64-mingw32/bin/../lib/gcc/nios2-elf/5.3.0/../../../../../H-x86_64-mingw32/nios2-elf/lib/mno-hw-mul\libsmallc.a(lib_a-snprintf.o)
 .text._snprintf_r
                0x0000000000064000       0xb0 d:/softwares/intelfpga_lite/18.1/nios2eds/bin/gnu/h-x86_64-mingw32/bin/../lib/gcc/nios2-elf/5.3.0/../../../../../H-x86_64-mingw32/nios2-elf/lib/mno-hw-mul\libsmallc.a(lib_a-snprintf.o)
                0x0000000000064000                _snprintf_r
 .text.snprintf
                0x00000000000640b0       0xb8 d:/softwares/intelfpga_lite/18.1/nios2eds/bin/gnu/h-x86_64-mingw32/bin/../lib/gcc/nios2-elf/5.3.0/../../../../../H-x86_64-mingw32/nios2-elf/lib/mno-hw-mul\libsmallc.a(lib_a-snprintf.o)
                0x00000000000640b0                snprintf
 .text          0x0000000000064168        0x0 d:/softwares/intelfpga_lite/18.1/nios2eds/bin/gnu/h-x86_64-mingw32/bin/../lib/gcc/nios2-elf/5.3.0/../../../../../H-x86_64-mingw32/nios2-elf/lib/mno-hw-mul\libsmallc.a(lib_a-strlen.o)
 .text.strlen   0x0000000000064168       0x1c d:/softwares/intelfpga_lite/18.1/nios2eds/bin/gnu/h-x86_64-mingw32/bin/../lib/gcc/nios2-elf/5.3.0/../../../../../H-x86_64-mingw32/nios2-elf/lib/mno-hw-mul\libsmallc.a(lib_a-strlen.o)
                0x0000000000064168                strlen
 .text          0x0000000000064184        0x0 d:/softwares/intelfpga_lite/18.1/nios2eds/bin/gnu/h-x86_64-mingw32/bin/../lib/gcc/nios2-elf/5.3.0/../../../../../H-x86_64-mingw32/nios2-elf/lib/mno-hw-mul\libsmallc.a(lib_a-strncmp.o)
 .text.strncmp  0x0000000000064184       0x60 d:/softwares/intelfpga_lite/18.1/nios2eds/bin/gnu/h-x86_64-mingw32/bin/../lib/gcc/nios2-elf/5.3.0/../../../../../H-x86_64-mingw32/nios2-elf/lib/mno-hw-mul\libsmallc.a(lib_a-strncmp.o)
                0x0000000000064184                strncmp
 .text          0x00000000000641e4        0x0 d:/softwares/intelfpga_lite/18.1/nios2eds/bin/gnu/h-x86_64-mingw32/bin/../lib/gcc/nios2-elf/5.3.0/../../../../../H-x86_64-mingw32/nios2-elf/lib/mno-hw-mul\libsmallc.a(lib_a-strtol.o)
 .text._strtol_r
                0x00000000000641e4      0x234 d:/softwares/intelfpga_lite/18.1/nios2eds/bin/gnu/h-x86_64-mingw32/bin/../lib/gcc/nios2-elf/5.3.0/../../../../../H-x86_64-mingw32/nios2-elf/lib/mno-hw-mul\libsmallc.a(lib_a-strtol.o)
                0x00000000000641e4                _strtol_r
 .text.strtol   0x0000000000064418       0x1c d:/softwares/intelfpga_lite/18.1/nios2eds/bin/gnu/h-x86_64-mingw32/bin/../lib/gcc/nios2-elf/5.3.0/../../../../../H-x86_64-mingw32/nios2-elf/lib/mno-hw-mul\libsmallc.a(lib_a-strtol.o)
                0x0000000000064418                strtol
 .text          0x0000000000064434        0x0 d:/softwares/intelfpga_lite/18.1/nios2eds/bin/gnu/h-x86_64-mingw32/bin/../lib/gcc/nios2-elf/5.3.0/../../../../../H-x86_64-mingw32/nios2-elf/lib/mno-hw-mul\libsmallc.a(lib_a-svfprintf.o)
 .text.print_repeat
                0x0000000000064434       0x6c d:/softwares/intelfpga_lite/18.1/nios2eds/bin/gnu/h-x86_64-mingw32/bin/../lib/gcc/nios2-elf/5.3.0/../../../../../H-x86_64-mingw32/nios2-elf/lib/mno-hw-mul\libsmallc.a(lib_a-svfprintf.o)
 .text.___svfprintf_internal_r
                0x00000000000644a0      0x52c d:/softwares/intelfpga_lite/18.1/nios2eds/bin/gnu/h-x86_64-mingw32/bin/../lib/gcc/nios2-elf/5.3.0/../../../../../H-x86_64-mingw32/nios2-elf/lib/mno-hw-mul\libsmallc.a(lib_a-svfprintf.o)
                0x00000000000644a0                ___svfprintf_internal_r
 .text.__vfprintf_internal_unused
                0x00000000000649cc       0x1c d:/softwares/intelfpga_lite/18.1/nios2eds/bin/gnu/h-x86_64-mingw32/bin/../lib/gcc/nios2-elf/5.3.0/../../../../../H-x86_64-mingw32/nios2-elf/lib/mno-hw-mul\libsmallc.a(lib_a-svfprintf.o)
                0x00000000000649cc                __vfprintf_internal_unused
 .text          0x00000000000649e8        0x0 d:/softwares/intelfpga_lite/18.1/nios2eds/bin/gnu/h-x86_64-mingw32/bin/../lib/gcc/nios2-elf/5.3.0/../../../../../H-x86_64-mingw32/nios2-elf/lib/mno-hw-mul\libsmallc.a(lib_a-timesr.o)
 .text._times_r
                0x00000000000649e8        0x8 d:/softwares/intelfpga_lite/18.1/nios2eds/bin/gnu/h-x86_64-mingw32/bin/../lib/gcc/nios2-elf/5.3.0/../../../../../H-x86_64-mingw32/nios2-elf/lib/mno-hw-mul\libsmallc.a(lib_a-timesr.o)
                0x00000000000649e8                _times_r
 .text          0x00000000000649f0        0x0 d:/softwares/intelfpga_lite/18.1/nios2eds/bin/gnu/h-x86_64-mingw32/bin/../lib/gcc/nios2-elf/5.3.0/../../../../../H-x86_64-mingw32/nios2-elf/lib/mno-hw-mul\libsmallc.a(lib_a-vfprintf.o)
 .text.print_repeat
                0x00000000000649f0       0x6c d:/softwares/intelfpga_lite/18.1/nios2eds/bin/gnu/h-x86_64-mingw32/bin/../lib/gcc/nios2-elf/5.3.0/../../../../../H-x86_64-mingw32/nios2-elf/lib/mno-hw-mul\libsmallc.a(lib_a-vfprintf.o)
 .text.___vfprintf_internal_r
                0x0000000000064a5c      0x52c d:/softwares/intelfpga_lite/18.1/nios2eds/bin/gnu/h-x86_64-mingw32/bin/../lib/gcc/nios2-elf/5.3.0/../../../../../H-x86_64-mingw32/nios2-elf/lib/mno-hw-mul\libsmallc.a(lib_a-vfprintf.o)
                0x0000000000064a5c                ___vfprintf_internal_r
 .text.__vfprintf_internal
                0x0000000000064f88       0x1c d:/softwares/intelfpga_lite/18.1/nios2eds/bin/gnu/h-x86_64-mingw32/bin/../lib/gcc/nios2-elf/5.3.0/../../../../../H-x86_64-mingw32/nios2-elf/lib/mno-hw-mul\libsmallc.a(lib_a-vfprintf.o)
                0x0000000000064f88                __vfprintf_internal
 .text          0x0000000000064fa4        0x0 d:/softwares/intelfpga_lite/18.1/nios2eds/bin/gnu/h-x86_64-mingw32/bin/../lib/gcc/nios2-elf/5.3.0/../../../../../H-x86_64-mingw32/nios2-elf/lib/mno-hw-mul\libsmallc.a(lib_a-fvwrite_small_dev.o)
 .text.__sfvwrite_small_dev
                0x0000000000064fa4       0xb8 d:/softwares/intelfpga_lite/18.1/nios2eds/bin/gnu/h-x86_64-mingw32/bin/../lib/gcc/nios2-elf/5.3.0/../../../../../H-x86_64-mingw32/nios2-elf/lib/mno-hw-mul\libsmallc.a(lib_a-fvwrite_small_dev.o)
                0x0000000000064fa4                __sfvwrite_small_dev
 .text          0x000000000006505c        0x0 d:/softwares/intelfpga_lite/18.1/nios2eds/bin/gnu/h-x86_64-mingw32/bin/../lib/gcc/nios2-elf/5.3.0/../../../../../H-x86_64-mingw32/nios2-elf/lib/mno-hw-mul\libsmallc.a(lib_a-fvwrite_small_str.o)
 .text.__sfvwrite_small_str
                0x000000000006505c       0xa8 d:/softwares/intelfpga_lite/18.1/nios2eds/bin/gnu/h-x86_64-mingw32/bin/../lib/gcc/nios2-elf/5.3.0/../../../../../H-x86_64-mingw32/nios2-elf/lib/mno-hw-mul\libsmallc.a(lib_a-fvwrite_small_str.o)
                0x000000000006505c                __sfvwrite_small_str
 .text          0x0000000000065104        0x0 d:/softwares/intelfpga_lite/18.1/nios2eds/bin/gnu/h-x86_64-mingw32/bin/../lib/gcc/nios2-elf/5.3.0/../../../../../H-x86_64-mingw32/nios2-elf/lib/mno-hw-mul\libsmallc.a(lib_a-int_errno.o)
 .text          0x0000000000065104        0x0 d:/softwares/intelfpga_lite/18.1/nios2eds/bin/gnu/h-x86_64-mingw32/bin/../lib/gcc/nios2-elf/5.3.0/../../../../../H-x86_64-mingw32/nios2-elf/lib/mno-hw-mul\libsmallc.a(lib_a-nano-mallocr.o)
 .text._malloc_r
                0x0000000000065104      0x158 d:/softwares/intelfpga_lite/18.1/nios2eds/bin/gnu/h-x86_64-mingw32/bin/../lib/gcc/nios2-elf/5.3.0/../../../../../H-x86_64-mingw32/nios2-elf/lib/mno-hw-mul\libsmallc.a(lib_a-nano-mallocr.o)
                0x0000000000065104                _malloc_r
 .text          0x000000000006525c        0x0 d:/softwares/intelfpga_lite/18.1/nios2eds/bin/gnu/h-x86_64-mingw32/bin/../lib/gcc/nios2-elf/5.3.0/../../../../../H-x86_64-mingw32/nios2-elf/lib/mno-hw-mul\libsmallc.a(lib_a-sbrkr.o)
 .text._sbrk_r  0x000000000006525c       0x50 d:/softwares/intelfpga_lite/18.1/nios2eds/bin/gnu/h-x86_64-mingw32/bin/../lib/gcc/nios2-elf/5.3.0/../../../../../H-x86_64-mingw32/nios2-elf/lib/mno-hw-mul\libsmallc.a(lib_a-sbrkr.o)
                0x000000000006525c                _sbrk_r
 .text          0x00000000000652ac        0x0 d:/softwares/intelfpga_lite/18.1/nios2eds/bin/gnu/h-x86_64-mingw32/bin/../lib/gcc/nios2-elf/5.3.0/../../../../../H-x86_64-mingw32/nios2-elf/lib/mno-hw-mul\libsmallc.a(lib_a-writer.o)
 .text._write_r
                0x00000000000652ac       0x58 d:/softwares/intelfpga_lite/18.1/nios2eds/bin/gnu/h-x86_64-mingw32/bin/../lib/gcc/nios2-elf/5.3.0/../../../../../H-x86_64-mingw32/nios2-elf/lib/mno-hw-mul\libsmallc.a(lib_a-writer.o)
                0x00000000000652ac                _write_r
 .text          0x0000000000065304       0x14 ../ECE385_bsp/\libhal_bsp.a(alt_exit.o)
                0x0000000000065304                _exit
 .text          0x0000000000065318        0x8 ../ECE385_bsp/\libhal_bsp.a(alt_getpid.o)
                0x0000000000065318                getpid
 .text          0x0000000000065320       0x8c ../ECE385_bsp/\libhal_bsp.a(alt_iic.o)
                0x0000000000065320                alt_ic_isr_register
                0x0000000000065324                alt_ic_irq_enable
                0x000000000006535c                alt_ic_irq_disable
                0x0000000000065394                alt_ic_irq_enabled
 .text          0x00000000000653ac       0x68 ../ECE385_bsp/\libhal_bsp.a(alt_iic_isr_register.o)
                0x00000000000653ac                alt_iic_isr_register
 .text          0x0000000000065414        0x0 ../ECE385_bsp/\libhal_bsp.a(alt_irq_entry.o)
 .text          0x0000000000065414        0x0 ../ECE385_bsp/\libhal_bsp.a(alt_irq_handler.o)
 .text          0x0000000000065414        0x0 ../ECE385_bsp/\libhal_bsp.a(alt_irq_vars.o)
 .text          0x0000000000065414       0xfc ../ECE385_bsp/\libhal_bsp.a(alt_kill.o)
                0x0000000000065414                kill
 .text          0x0000000000065510       0xe0 ../ECE385_bsp/\libhal_bsp.a(alt_load.o)
                0x0000000000065510                alt_load
 .text          0x00000000000655f0       0x50 ../ECE385_bsp/\libhal_bsp.a(alt_main.o)
                0x00000000000655f0                alt_main
 .text          0x0000000000065640       0x4c ../ECE385_bsp/\libhal_bsp.a(alt_sbrk.o)
                0x0000000000065640                sbrk
 .text          0x000000000006568c       0x60 ../ECE385_bsp/\libhal_bsp.a(alt_times.o)
                0x000000000006568c                times
 .text          0x00000000000656ec      0x110 ../ECE385_bsp/\libhal_bsp.a(alt_write.o)
                0x00000000000656ec                write
 .text          0x00000000000657fc       0xb8 ../ECE385_bsp/\libhal_bsp.a(alt_sys_init.o)
                0x00000000000657fc                alt_irq_init
                0x000000000006581c                alt_sys_init
 .text          0x00000000000658b4       0x20 ../ECE385_bsp/\libhal_bsp.a(altera_avalon_jtag_uart_fd.o)
                0x00000000000658b4                altera_avalon_jtag_uart_read_fd
                0x00000000000658c4                altera_avalon_jtag_uart_write_fd
 .text          0x00000000000658d4       0x74 ../ECE385_bsp/\libhal_bsp.a(altera_avalon_jtag_uart_read.o)
                0x00000000000658d4                altera_avalon_jtag_uart_read
 .text          0x0000000000065948       0x34 ../ECE385_bsp/\libhal_bsp.a(altera_avalon_jtag_uart_write.o)
                0x0000000000065948                altera_avalon_jtag_uart_write
 .text          0x000000000006597c      0x79c ../ECE385_bsp/\libhal_bsp.a(altera_avalon_sgdma.o)
                0x00000000000659d8                alt_avalon_sgdma_do_async_transfer
                0x0000000000065a60                alt_avalon_sgdma_do_sync_transfer
                0x0000000000065ae4                alt_avalon_sgdma_construct_mem_to_mem_desc_burst
                0x0000000000065c0c                alt_avalon_sgdma_construct_mem_to_mem_desc
                0x0000000000065c44                alt_avalon_sgdma_construct_stream_to_mem_desc_burst
                0x0000000000065d18                alt_avalon_sgdma_construct_stream_to_mem_desc
                0x0000000000065d40                alt_avalon_sgdma_register_callback
                0x0000000000065d50                alt_avalon_sgdma_start
                0x0000000000065d68                alt_avalon_sgdma_stop
                0x0000000000065d84                alt_avalon_sgdma_check_descriptor_status
                0x0000000000065db0                alt_avalon_sgdma_open
                0x0000000000065e00                alt_avalon_sgdma_enable_desc_poll
                0x0000000000065e30                alt_avalon_sgdma_disable_desc_poll
                0x0000000000065e50                alt_avalon_sgdma_construct_descriptor_burst
                0x0000000000065fb0                alt_avalon_sgdma_construct_mem_to_stream_desc_burst
                0x0000000000066000                alt_avalon_sgdma_construct_mem_to_stream_desc
                0x000000000006604c                alt_avalon_sgdma_construct_descriptor
                0x0000000000066094                alt_avalon_sgdma_init
 .text          0x0000000000066118       0x84 ../ECE385_bsp/\libhal_bsp.a(altera_avalon_timer_sc.o)
                0x0000000000066154                alt_avalon_timer_sc_init
 .text          0x000000000006619c       0xc0 ../ECE385_bsp/\libhal_bsp.a(alt_close.o)
                0x000000000006619c                close
 .text          0x000000000006625c        0x4 ../ECE385_bsp/\libhal_bsp.a(alt_dcache_flush.o)
                0x000000000006625c                alt_dcache_flush
 .text          0x0000000000066260        0x4 ../ECE385_bsp/\libhal_bsp.a(alt_dcache_flush_all.o)
                0x0000000000066260                alt_dcache_flush_all
 .text          0x0000000000066264        0x8 ../ECE385_bsp/\libhal_bsp.a(alt_dev.o)
 .text          0x000000000006626c       0x6c ../ECE385_bsp/\libhal_bsp.a(alt_dev_llist_insert.o)
                0x000000000006626c                alt_dev_llist_insert
 .text          0x00000000000662d8        0x0 ../ECE385_bsp/\libhal_bsp.a(alt_errno.o)
 .text          0x00000000000662d8        0x0 ../ECE385_bsp/\libhal_bsp.a(alt_exception_entry.o)
 .text          0x00000000000662d8       0x78 ../ECE385_bsp/\libhal_bsp.a(alt_find_dev.o)
                0x00000000000662d8                alt_find_dev
 .text          0x0000000000066350        0x4 ../ECE385_bsp/\libhal_bsp.a(alt_icache_flush_all.o)
                0x0000000000066350                alt_icache_flush_all
 .text          0x0000000000066354       0x74 ../ECE385_bsp/\libhal_bsp.a(alt_instruction_exception_entry.o)
                0x0000000000066354                alt_exception_cause_generated_bad_addr
 .text          0x00000000000663c8      0x100 ../ECE385_bsp/\libhal_bsp.a(alt_io_redirect.o)
                0x0000000000066454                alt_io_redirect
 .text          0x00000000000664c8      0x188 ../ECE385_bsp/\libhal_bsp.a(alt_open.o)
                0x00000000000664c8                open
 .text          0x0000000000066650       0x5c ../ECE385_bsp/\libhal_bsp.a(alt_release_fd.o)
                0x0000000000066650                alt_release_fd
 .text          0x00000000000666ac      0x128 ../ECE385_bsp/\libhal_bsp.a(alt_tick.o)
                0x00000000000666ac                alt_alarm_stop
                0x00000000000666e0                alt_tick
 .text          0x00000000000667d4        0x8 ../ECE385_bsp/\libhal_bsp.a(altera_nios2_gen2_irq.o)
                0x00000000000667d4                altera_nios2_gen2_irq_init
 .text          0x00000000000667dc       0xac ../ECE385_bsp/\libhal_bsp.a(alt_find_file.o)
                0x00000000000667dc                alt_find_file
 .text          0x0000000000066888       0x88 ../ECE385_bsp/\libhal_bsp.a(alt_get_fd.o)
                0x0000000000066888                alt_get_fd
 .text          0x0000000000066910        0x0 d:/softwares/intelfpga_lite/18.1/nios2eds/bin/gnu/h-x86_64-mingw32/bin/../lib/gcc/nios2-elf/5.3.0/../../../../../H-x86_64-mingw32/nios2-elf/lib/mno-hw-mul\libsmallc.a(lib_a-exit.o)
 .text.exit     0x0000000000066910       0x20 d:/softwares/intelfpga_lite/18.1/nios2eds/bin/gnu/h-x86_64-mingw32/bin/../lib/gcc/nios2-elf/5.3.0/../../../../../H-x86_64-mingw32/nios2-elf/lib/mno-hw-mul\libsmallc.a(lib_a-exit.o)
                0x0000000000066910                exit
 .text          0x0000000000066930        0x0 d:/softwares/intelfpga_lite/18.1/nios2eds/bin/gnu/h-x86_64-mingw32/bin/../lib/gcc/nios2-elf/5.3.0/../../../../../H-x86_64-mingw32/nios2-elf/lib/mno-hw-mul\libsmallc.a(lib_a-__call_atexit.o)
 .text.__call_exitprocs
                0x0000000000066930      0x190 d:/softwares/intelfpga_lite/18.1/nios2eds/bin/gnu/h-x86_64-mingw32/bin/../lib/gcc/nios2-elf/5.3.0/../../../../../H-x86_64-mingw32/nios2-elf/lib/mno-hw-mul\libsmallc.a(lib_a-__call_atexit.o)
                0x0000000000066930                __call_exitprocs
 *(.gnu.warning.*)
 *(.fini)
                [!provide]                        PROVIDE (__etext, ABSOLUTE (.))
                [!provide]                        PROVIDE (_etext, ABSOLUTE (.))
                [!provide]                        PROVIDE (etext, ABSOLUTE (.))
 *(.eh_frame_hdr)
                0x0000000000066ac0                . = ALIGN (0x4)
                [!provide]                        PROVIDE (__preinit_array_start, ABSOLUTE (.))
 *(.preinit_array)
                [!provide]                        PROVIDE (__preinit_array_end, ABSOLUTE (.))
                [!provide]                        PROVIDE (__init_array_start, ABSOLUTE (.))
 *(.init_array)
                [!provide]                        PROVIDE (__init_array_end, ABSOLUTE (.))
                [!provide]                        PROVIDE (__fini_array_start, ABSOLUTE (.))
 *(.fini_array)
                [!provide]                        PROVIDE (__fini_array_end, ABSOLUTE (.))
 *(.eh_frame)
 *(.gcc_except_table .gcc_except_table.*)
 *(.dynamic)
                [!provide]                        PROVIDE (__CTOR_LIST__, ABSOLUTE (.))
 *(.ctors)
 *(SORT(.ctors.*))
                [!provide]                        PROVIDE (__CTOR_END__, ABSOLUTE (.))
                [!provide]                        PROVIDE (__DTOR_LIST__, ABSOLUTE (.))
 *(.dtors)
 *(SORT(.dtors.*))
                [!provide]                        PROVIDE (__DTOR_END__, ABSOLUTE (.))
 *(.jcr)
                0x0000000000066ac0                . = ALIGN (0x4)

.rodata         0x0000000000066ac0     0x3454
                0x0000000000066ac0                PROVIDE (__ram_rodata_start, ABSOLUTE (.))
                0x0000000000066ac0                . = ALIGN (0x4)
 *(.rodata .rodata.* .gnu.linkonce.r.*)
 .rodata.str1.4
                0x0000000000066ac0       0x9e obj/default/ethernet.o
 *fill*         0x0000000000066b5e        0x2 
 .rodata.str1.4
                0x0000000000066b60       0x85 obj/default/gamelogic.o
 *fill*         0x0000000000066be5        0x3 
 .rodata.str1.4
                0x0000000000066be8       0x9f obj/default/lwip/core/dns.o
 *fill*         0x0000000000066c87        0x1 
 .rodata        0x0000000000066c88       0x30 obj/default/lwip/core/dns.o
                0x0000000000066c88                dns_mquery_v6group
                0x0000000000066ca0                dns_mquery_v4group
 .rodata.str1.4
                0x0000000000066cb8       0x22 obj/default/lwip/core/inet_chksum.o
                                         0x4c (size before relaxing)
 *fill*         0x0000000000066cda        0x2 
 .rodata        0x0000000000066cdc       0x18 obj/default/lwip/core/ip.o
                0x0000000000066cdc                ip_addr_any_type
 .rodata.str1.4
                0x0000000000066cf4       0x81 obj/default/lwip/core/ipv4/autoip.o
                                         0xa9 (size before relaxing)
 *fill*         0x0000000000066d75        0x3 
 .rodata.str1.4
                0x0000000000066d78      0x350 obj/default/lwip/core/ipv4/dhcp.o
                                        0x3a9 (size before relaxing)
 .rodata.str1.4
                0x00000000000670c8      0x1b2 obj/default/lwip/core/ipv4/etharp.o
                                        0x1ea (size before relaxing)
 *fill*         0x000000000006727a        0x2 
 .rodata.str1.4
                0x000000000006727c       0xae obj/default/lwip/core/ipv4/icmp.o
                                         0xd6 (size before relaxing)
 *fill*         0x000000000006732a        0x2 
 .rodata.str1.4
                0x000000000006732c      0x30d obj/default/lwip/core/ipv4/igmp.o
                                        0x335 (size before relaxing)
 *fill*         0x0000000000067639        0x3 
 .rodata.str1.4
                0x000000000006763c       0x51 obj/default/lwip/core/ipv4/ip4.o
                                         0x79 (size before relaxing)
 *fill*         0x000000000006768d        0x3 
 .rodata.str1.4
                0x0000000000067690       0x26 obj/default/lwip/core/ipv4/ip4_addr.o
                                         0x50 (size before relaxing)
 *fill*         0x00000000000676b6        0x2 
 .rodata        0x00000000000676b8       0x30 obj/default/lwip/core/ipv4/ip4_addr.o
                0x00000000000676b8                ip_addr_broadcast
                0x00000000000676d0                ip_addr_any
 .rodata.str1.4
                0x00000000000676e8      0x197 obj/default/lwip/core/ipv4/ip4_frag.o
                                        0x1cb (size before relaxing)
 *fill*         0x000000000006787f        0x1 
 .rodata.str1.4
                0x0000000000067880       0x95 obj/default/lwip/core/ipv6/icmp6.o
                                         0xbd (size before relaxing)
 *fill*         0x0000000000067915        0x3 
 .rodata.str1.4
                0x0000000000067918       0x46 obj/default/lwip/core/ipv6/ip6.o
                                         0x7a (size before relaxing)
 *fill*         0x000000000006795e        0x2 
 .rodata        0x0000000000067960       0x18 obj/default/lwip/core/ipv6/ip6_addr.o
                0x0000000000067960                ip6_addr_any
 .rodata.str1.4
                0x0000000000067978      0x117 obj/default/lwip/core/ipv6/ip6_frag.o
                                        0x228 (size before relaxing)
 *fill*         0x0000000000067a8f        0x1 
 .rodata.str1.4
                0x0000000000067a90       0x83 obj/default/lwip/core/ipv6/nd6.o
                                         0xd6 (size before relaxing)
 *fill*         0x0000000000067b13        0x1 
 .rodata.str1.4
                0x0000000000067b14      0x173 obj/default/lwip/core/mem.o
                                        0x19b (size before relaxing)
 *fill*         0x0000000000067c87        0x1 
 .rodata.str1.4
                0x0000000000067c88       0xa7 obj/default/lwip/core/memp.o
                                         0xcf (size before relaxing)
 *fill*         0x0000000000067d2f        0x1 
 .rodata        0x0000000000067d30       0xf0 obj/default/lwip/core/memp.o
                0x0000000000067d30                memp_pools
                0x0000000000067d6c                memp_PBUF_POOL
                0x0000000000067d78                memp_PBUF
                0x0000000000067d84                memp_MLD6_GROUP
                0x0000000000067d90                memp_IP6_REASSDATA
                0x0000000000067d9c                memp_ND6_QUEUE
                0x0000000000067da8                memp_SYS_TIMEOUT
                0x0000000000067db4                memp_IGMP_GROUP
                0x0000000000067dc0                memp_ARP_QUEUE
                0x0000000000067dcc                memp_FRAG_PBUF
                0x0000000000067dd8                memp_REASSDATA
                0x0000000000067de4                memp_TCP_SEG
                0x0000000000067df0                memp_TCP_PCB_LISTEN
                0x0000000000067dfc                memp_TCP_PCB
                0x0000000000067e08                memp_UDP_PCB
                0x0000000000067e14                memp_RAW_PCB
 .rodata.str1.4
                0x0000000000067e20      0x317 obj/default/lwip/core/netif.o
                                        0x34f (size before relaxing)
 *fill*         0x0000000000068137        0x1 
 .rodata.str1.4
                0x0000000000068138      0x3b1 obj/default/lwip/core/pbuf.o
                                        0x3e5 (size before relaxing)
 *fill*         0x00000000000684e9        0x3 
 .rodata.str1.4
                0x00000000000684ec       0xa6 obj/default/lwip/core/raw.o
                                         0xce (size before relaxing)
 *fill*         0x0000000000068592        0x2 
 .rodata.str1.4
                0x0000000000068594      0x746 obj/default/lwip/core/tcp.o
                                        0x77e (size before relaxing)
 *fill*         0x0000000000068cda        0x2 
 .rodata        0x0000000000068cdc       0x4c obj/default/lwip/core/tcp.o
                0x0000000000068cdc                tcp_pcb_lists
 .rodata.str1.4
                0x0000000000068d28      0x3ca obj/default/lwip/core/tcp_in.o
                                        0x3f2 (size before relaxing)
 *fill*         0x00000000000690f2        0x2 
 .rodata.str1.4
                0x00000000000690f4      0x743 obj/default/lwip/core/tcp_out.o
                                        0x76b (size before relaxing)
 *fill*         0x0000000000069837        0x1 
 .rodata.str1.4
                0x0000000000069838       0x8e obj/default/lwip/core/timeouts.o
                                         0xb6 (size before relaxing)
 *fill*         0x00000000000698c6        0x2 
 .rodata        0x00000000000698c8       0x58 obj/default/lwip/core/timeouts.o
                0x00000000000698c8                lwip_cyclic_timers
 .rodata.str1.4
                0x0000000000069920      0x2d0 obj/default/lwip/core/udp.o
                                        0x2f8 (size before relaxing)
 .rodata.str1.4
                0x0000000000069bf0       0x49 obj/default/lwip/netif/ethernet.o
                                         0x74 (size before relaxing)
 *fill*         0x0000000000069c39        0x3 
 .rodata.str1.4
                0x0000000000069c3c        0xf obj/default/memcpy_dma.o
 *fill*         0x0000000000069c4b        0x1 
 .rodata        0x0000000000069c4c       0x20 obj/default/resources/resource.o
                0x0000000000069c4c                planes
 .rodata._ctype_
                0x0000000000069c6c      0x101 d:/softwares/intelfpga_lite/18.1/nios2eds/bin/gnu/h-x86_64-mingw32/bin/../lib/gcc/nios2-elf/5.3.0/../../../../../H-x86_64-mingw32/nios2-elf/lib/mno-hw-mul\libsmallc.a(lib_a-ctype_.o)
                0x0000000000069c6c                _ctype_
 .rodata._ctype_b
                0x0000000000069d6d      0x180 d:/softwares/intelfpga_lite/18.1/nios2eds/bin/gnu/h-x86_64-mingw32/bin/../lib/gcc/nios2-elf/5.3.0/../../../../../H-x86_64-mingw32/nios2-elf/lib/mno-hw-mul\libsmallc.a(lib_a-ctype_.o)
 .rodata.str1.4
                0x0000000000069eed        0xf d:/softwares/intelfpga_lite/18.1/nios2eds/bin/gnu/h-x86_64-mingw32/bin/../lib/gcc/nios2-elf/5.3.0/../../../../../H-x86_64-mingw32/nios2-elf/lib/mno-hw-mul\libsmallc.a(lib_a-puts.o)
                                          0x2 (size before relaxing)
 *fill*         0x0000000000069eed        0x3 
 .rodata.str1.4
                0x0000000000069ef0       0x15 ../ECE385_bsp/\libhal_bsp.a(alt_main.o)
 .rodata.str1.4
                0x0000000000069f05       0x75 ../ECE385_bsp/\libhal_bsp.a(alt_sys_init.o)
 *fill*         0x0000000000069f05        0x3 
 .rodata.str1.4
                0x0000000000069f08        0xc ../ECE385_bsp/\libhal_bsp.a(alt_dev.o)
                                          0xa (size before relaxing)
 *(.rodata1)
                0x0000000000069f14                . = ALIGN (0x4)
                0x0000000000069f14                PROVIDE (__ram_rodata_end, ABSOLUTE (.))
                0x0000000000066ac0                PROVIDE (__flash_rodata_start, LOADADDR (.rodata))

.rwdata         0x0000000000069f14      0x4dc load address 0x000000000006a3f0
                0x0000000000069f14                PROVIDE (__ram_rwdata_start, ABSOLUTE (.))
                0x0000000000069f14                . = ALIGN (0x4)
 *(.got.plt)
 *(.got)
 *(.data1)
 *(.data .data.* .gnu.linkonce.d.*)
 .data          0x0000000000069f14        0x0 ../ECE385_bsp//obj/HAL/src/crt0.o
 .data          0x0000000000069f14        0x0 obj/default/audio.o
 .data          0x0000000000069f14        0x0 obj/default/comm.o
 .data          0x0000000000069f14        0x0 obj/default/ethernet.o
 .data          0x0000000000069f14        0x0 obj/default/gamelogic.o
 .data          0x0000000000069f14        0x0 obj/default/lwip/core/altcp.o
 .data          0x0000000000069f14        0x0 obj/default/lwip/core/altcp_alloc.o
 .data          0x0000000000069f14        0x0 obj/default/lwip/core/altcp_tcp.o
 .data          0x0000000000069f14        0x0 obj/default/lwip/core/def.o
 .data          0x0000000000069f14        0x0 obj/default/lwip/core/dns.o
 .data          0x0000000000069f14        0x0 obj/default/lwip/core/inet_chksum.o
 .data          0x0000000000069f14        0x0 obj/default/lwip/core/init.o
 .data          0x0000000000069f14        0x0 obj/default/lwip/core/ip.o
 .data          0x0000000000069f14        0x0 obj/default/lwip/core/ipv4/autoip.o
 .data          0x0000000000069f14        0x0 obj/default/lwip/core/ipv4/dhcp.o
 .data          0x0000000000069f14        0x0 obj/default/lwip/core/ipv4/etharp.o
 .data          0x0000000000069f14        0x0 obj/default/lwip/core/ipv4/icmp.o
 .data          0x0000000000069f14        0x0 obj/default/lwip/core/ipv4/igmp.o
 .data          0x0000000000069f14        0x0 obj/default/lwip/core/ipv4/ip4.o
 .data          0x0000000000069f14        0x0 obj/default/lwip/core/ipv4/ip4_addr.o
 .data          0x0000000000069f14        0x0 obj/default/lwip/core/ipv4/ip4_frag.o
 .data          0x0000000000069f14        0x0 obj/default/lwip/core/ipv6/dhcp6.o
 .data          0x0000000000069f14        0x0 obj/default/lwip/core/ipv6/ethip6.o
 .data          0x0000000000069f14        0x0 obj/default/lwip/core/ipv6/icmp6.o
 .data          0x0000000000069f14        0x0 obj/default/lwip/core/ipv6/inet6.o
 .data          0x0000000000069f14        0x0 obj/default/lwip/core/ipv6/ip6.o
 .data          0x0000000000069f14        0x0 obj/default/lwip/core/ipv6/ip6_addr.o
 .data          0x0000000000069f14        0x0 obj/default/lwip/core/ipv6/ip6_frag.o
 .data          0x0000000000069f14        0x0 obj/default/lwip/core/ipv6/mld6.o
 .data          0x0000000000069f14        0x0 obj/default/lwip/core/ipv6/nd6.o
 .data          0x0000000000069f14        0x0 obj/default/lwip/core/mem.o
 .data          0x0000000000069f14        0x0 obj/default/lwip/core/memp.o
 .data          0x0000000000069f14        0x0 obj/default/lwip/core/netif.o
 .data          0x0000000000069f14        0x0 obj/default/lwip/core/pbuf.o
 .data          0x0000000000069f14        0x0 obj/default/lwip/core/raw.o
 .data          0x0000000000069f14        0x0 obj/default/lwip/core/stats.o
 .data          0x0000000000069f14        0x0 obj/default/lwip/core/sys.o
 .data          0x0000000000069f14        0x0 obj/default/lwip/core/tcp.o
 .data          0x0000000000069f14        0x0 obj/default/lwip/core/tcp_in.o
 .data          0x0000000000069f14        0x0 obj/default/lwip/core/tcp_out.o
 .data          0x0000000000069f14        0x0 obj/default/lwip/core/timeouts.o
 .data          0x0000000000069f14        0x0 obj/default/lwip/core/udp.o
 .data          0x0000000000069f14        0x0 obj/default/lwip/netif/ethernet.o
 .data          0x0000000000069f14        0x0 obj/default/lwip_port/compat.o
 .data          0x0000000000069f14        0x0 obj/default/main.o
 .data          0x0000000000069f14        0x0 obj/default/memcpy_dma.o
 .data          0x0000000000069f14        0x0 obj/default/resources/chinese.o
 .data          0x0000000000069f14        0x0 obj/default/resources/music.o
 .data          0x0000000000069f14       0x5c obj/default/resources/resource.o
                0x0000000000069f14                explosion_sequence
 .data          0x0000000000069f70        0x0 obj/default/resources/sound_explosion.o
 .data          0x0000000000069f70        0x0 obj/default/resources/vga_fonts.o
 .data          0x0000000000069f70        0x0 obj/default/rng.o
 .data          0x0000000000069f70       0x40 obj/default/sprites.o
                0x0000000000069f70                vga_bullets
                0x0000000000069f80                vga_planes
                0x0000000000069f90                vga_planes_sprite_data
 .data          0x0000000000069fb0        0x0 obj/default/vga.o
 .data          0x0000000000069fb0        0x0 d:/softwares/intelfpga_lite/18.1/nios2eds/bin/gnu/h-x86_64-mingw32/bin/../lib/gcc/nios2-elf/5.3.0/mno-hw-mul\libgcc.a(lib2-divmod.o)
 .data          0x0000000000069fb0        0x0 d:/softwares/intelfpga_lite/18.1/nios2eds/bin/gnu/h-x86_64-mingw32/bin/../lib/gcc/nios2-elf/5.3.0/mno-hw-mul\libgcc.a(lib2-mul.o)
 .data          0x0000000000069fb0        0x0 d:/softwares/intelfpga_lite/18.1/nios2eds/bin/gnu/h-x86_64-mingw32/bin/../lib/gcc/nios2-elf/5.3.0/../../../../../H-x86_64-mingw32/nios2-elf/lib/mno-hw-mul\libsmallc.a(lib_a-abort.o)
 .data          0x0000000000069fb0        0x0 d:/softwares/intelfpga_lite/18.1/nios2eds/bin/gnu/h-x86_64-mingw32/bin/../lib/gcc/nios2-elf/5.3.0/../../../../../H-x86_64-mingw32/nios2-elf/lib/mno-hw-mul\libsmallc.a(lib_a-atoi.o)
 .data          0x0000000000069fb0        0x0 d:/softwares/intelfpga_lite/18.1/nios2eds/bin/gnu/h-x86_64-mingw32/bin/../lib/gcc/nios2-elf/5.3.0/../../../../../H-x86_64-mingw32/nios2-elf/lib/mno-hw-mul\libsmallc.a(lib_a-clock.o)
 .data          0x0000000000069fb0        0x0 d:/softwares/intelfpga_lite/18.1/nios2eds/bin/gnu/h-x86_64-mingw32/bin/../lib/gcc/nios2-elf/5.3.0/../../../../../H-x86_64-mingw32/nios2-elf/lib/mno-hw-mul\libsmallc.a(lib_a-ctype_.o)
 .data          0x0000000000069fb0        0x0 d:/softwares/intelfpga_lite/18.1/nios2eds/bin/gnu/h-x86_64-mingw32/bin/../lib/gcc/nios2-elf/5.3.0/../../../../../H-x86_64-mingw32/nios2-elf/lib/mno-hw-mul\libsmallc.a(lib_a-impure.o)
 .data.impure_data
                0x0000000000069fb0       0xe0 d:/softwares/intelfpga_lite/18.1/nios2eds/bin/gnu/h-x86_64-mingw32/bin/../lib/gcc/nios2-elf/5.3.0/../../../../../H-x86_64-mingw32/nios2-elf/lib/mno-hw-mul\libsmallc.a(lib_a-impure.o)
 .data          0x000000000006a090        0x0 d:/softwares/intelfpga_lite/18.1/nios2eds/bin/gnu/h-x86_64-mingw32/bin/../lib/gcc/nios2-elf/5.3.0/../../../../../H-x86_64-mingw32/nios2-elf/lib/mno-hw-mul\libsmallc.a(lib_a-memcmp.o)
 .data          0x000000000006a090        0x0 d:/softwares/intelfpga_lite/18.1/nios2eds/bin/gnu/h-x86_64-mingw32/bin/../lib/gcc/nios2-elf/5.3.0/../../../../../H-x86_64-mingw32/nios2-elf/lib/mno-hw-mul\libsmallc.a(lib_a-memcpy.o)
 .data          0x000000000006a090        0x0 d:/softwares/intelfpga_lite/18.1/nios2eds/bin/gnu/h-x86_64-mingw32/bin/../lib/gcc/nios2-elf/5.3.0/../../../../../H-x86_64-mingw32/nios2-elf/lib/mno-hw-mul\libsmallc.a(lib_a-memmove.o)
 .data          0x000000000006a090        0x0 d:/softwares/intelfpga_lite/18.1/nios2eds/bin/gnu/h-x86_64-mingw32/bin/../lib/gcc/nios2-elf/5.3.0/../../../../../H-x86_64-mingw32/nios2-elf/lib/mno-hw-mul\libsmallc.a(lib_a-memset.o)
 .data          0x000000000006a090        0x0 d:/softwares/intelfpga_lite/18.1/nios2eds/bin/gnu/h-x86_64-mingw32/bin/../lib/gcc/nios2-elf/5.3.0/../../../../../H-x86_64-mingw32/nios2-elf/lib/mno-hw-mul\libsmallc.a(lib_a-printf.o)
 .data          0x000000000006a090        0x0 d:/softwares/intelfpga_lite/18.1/nios2eds/bin/gnu/h-x86_64-mingw32/bin/../lib/gcc/nios2-elf/5.3.0/../../../../../H-x86_64-mingw32/nios2-elf/lib/mno-hw-mul\libsmallc.a(lib_a-puts.o)
 .data          0x000000000006a090        0x0 d:/softwares/intelfpga_lite/18.1/nios2eds/bin/gnu/h-x86_64-mingw32/bin/../lib/gcc/nios2-elf/5.3.0/../../../../../H-x86_64-mingw32/nios2-elf/lib/mno-hw-mul\libsmallc.a(lib_a-signal.o)
 .data          0x000000000006a090        0x0 d:/softwares/intelfpga_lite/18.1/nios2eds/bin/gnu/h-x86_64-mingw32/bin/../lib/gcc/nios2-elf/5.3.0/../../../../../H-x86_64-mingw32/nios2-elf/lib/mno-hw-mul\libsmallc.a(lib_a-signalr.o)
 .data          0x000000000006a090        0x0 d:/softwares/intelfpga_lite/18.1/nios2eds/bin/gnu/h-x86_64-mingw32/bin/../lib/gcc/nios2-elf/5.3.0/../../../../../H-x86_64-mingw32/nios2-elf/lib/mno-hw-mul\libsmallc.a(lib_a-snprintf.o)
 .data          0x000000000006a090        0x0 d:/softwares/intelfpga_lite/18.1/nios2eds/bin/gnu/h-x86_64-mingw32/bin/../lib/gcc/nios2-elf/5.3.0/../../../../../H-x86_64-mingw32/nios2-elf/lib/mno-hw-mul\libsmallc.a(lib_a-strlen.o)
 .data          0x000000000006a090        0x0 d:/softwares/intelfpga_lite/18.1/nios2eds/bin/gnu/h-x86_64-mingw32/bin/../lib/gcc/nios2-elf/5.3.0/../../../../../H-x86_64-mingw32/nios2-elf/lib/mno-hw-mul\libsmallc.a(lib_a-strncmp.o)
 .data          0x000000000006a090        0x0 d:/softwares/intelfpga_lite/18.1/nios2eds/bin/gnu/h-x86_64-mingw32/bin/../lib/gcc/nios2-elf/5.3.0/../../../../../H-x86_64-mingw32/nios2-elf/lib/mno-hw-mul\libsmallc.a(lib_a-strtol.o)
 .data          0x000000000006a090        0x0 d:/softwares/intelfpga_lite/18.1/nios2eds/bin/gnu/h-x86_64-mingw32/bin/../lib/gcc/nios2-elf/5.3.0/../../../../../H-x86_64-mingw32/nios2-elf/lib/mno-hw-mul\libsmallc.a(lib_a-svfprintf.o)
 .data          0x000000000006a090        0x0 d:/softwares/intelfpga_lite/18.1/nios2eds/bin/gnu/h-x86_64-mingw32/bin/../lib/gcc/nios2-elf/5.3.0/../../../../../H-x86_64-mingw32/nios2-elf/lib/mno-hw-mul\libsmallc.a(lib_a-timesr.o)
 .data          0x000000000006a090        0x0 d:/softwares/intelfpga_lite/18.1/nios2eds/bin/gnu/h-x86_64-mingw32/bin/../lib/gcc/nios2-elf/5.3.0/../../../../../H-x86_64-mingw32/nios2-elf/lib/mno-hw-mul\libsmallc.a(lib_a-vfprintf.o)
 .data          0x000000000006a090        0x0 d:/softwares/intelfpga_lite/18.1/nios2eds/bin/gnu/h-x86_64-mingw32/bin/../lib/gcc/nios2-elf/5.3.0/../../../../../H-x86_64-mingw32/nios2-elf/lib/mno-hw-mul\libsmallc.a(lib_a-fvwrite_small_dev.o)
 .data          0x000000000006a090        0x0 d:/softwares/intelfpga_lite/18.1/nios2eds/bin/gnu/h-x86_64-mingw32/bin/../lib/gcc/nios2-elf/5.3.0/../../../../../H-x86_64-mingw32/nios2-elf/lib/mno-hw-mul\libsmallc.a(lib_a-fvwrite_small_str.o)
 .data          0x000000000006a090        0x0 d:/softwares/intelfpga_lite/18.1/nios2eds/bin/gnu/h-x86_64-mingw32/bin/../lib/gcc/nios2-elf/5.3.0/../../../../../H-x86_64-mingw32/nios2-elf/lib/mno-hw-mul\libsmallc.a(lib_a-int_errno.o)
 .data          0x000000000006a090        0x0 d:/softwares/intelfpga_lite/18.1/nios2eds/bin/gnu/h-x86_64-mingw32/bin/../lib/gcc/nios2-elf/5.3.0/../../../../../H-x86_64-mingw32/nios2-elf/lib/mno-hw-mul\libsmallc.a(lib_a-nano-mallocr.o)
 .data          0x000000000006a090        0x0 d:/softwares/intelfpga_lite/18.1/nios2eds/bin/gnu/h-x86_64-mingw32/bin/../lib/gcc/nios2-elf/5.3.0/../../../../../H-x86_64-mingw32/nios2-elf/lib/mno-hw-mul\libsmallc.a(lib_a-sbrkr.o)
 .data          0x000000000006a090        0x0 d:/softwares/intelfpga_lite/18.1/nios2eds/bin/gnu/h-x86_64-mingw32/bin/../lib/gcc/nios2-elf/5.3.0/../../../../../H-x86_64-mingw32/nios2-elf/lib/mno-hw-mul\libsmallc.a(lib_a-writer.o)
 .data          0x000000000006a090        0x0 ../ECE385_bsp/\libhal_bsp.a(alt_exit.o)
 .data          0x000000000006a090        0x0 ../ECE385_bsp/\libhal_bsp.a(alt_getpid.o)
 .data          0x000000000006a090        0x0 ../ECE385_bsp/\libhal_bsp.a(alt_iic.o)
 .data          0x000000000006a090        0x0 ../ECE385_bsp/\libhal_bsp.a(alt_iic_isr_register.o)
 .data          0x000000000006a090        0x0 ../ECE385_bsp/\libhal_bsp.a(alt_irq_entry.o)
 .data          0x000000000006a090        0x0 ../ECE385_bsp/\libhal_bsp.a(alt_irq_handler.o)
 .data          0x000000000006a090        0x0 ../ECE385_bsp/\libhal_bsp.a(alt_irq_vars.o)
 .data          0x000000000006a090        0x0 ../ECE385_bsp/\libhal_bsp.a(alt_kill.o)
 .data          0x000000000006a090        0x0 ../ECE385_bsp/\libhal_bsp.a(alt_load.o)
 .data          0x000000000006a090        0x0 ../ECE385_bsp/\libhal_bsp.a(alt_main.o)
 .data          0x000000000006a090        0x0 ../ECE385_bsp/\libhal_bsp.a(alt_sbrk.o)
 .data          0x000000000006a090        0x0 ../ECE385_bsp/\libhal_bsp.a(alt_times.o)
 .data          0x000000000006a090        0x0 ../ECE385_bsp/\libhal_bsp.a(alt_write.o)
 .data          0x000000000006a090      0x11c ../ECE385_bsp/\libhal_bsp.a(alt_sys_init.o)
 .data          0x000000000006a1ac        0x0 ../ECE385_bsp/\libhal_bsp.a(altera_avalon_jtag_uart_fd.o)
 .data          0x000000000006a1ac        0x0 ../ECE385_bsp/\libhal_bsp.a(altera_avalon_jtag_uart_read.o)
 .data          0x000000000006a1ac        0x0 ../ECE385_bsp/\libhal_bsp.a(altera_avalon_jtag_uart_write.o)
 .data          0x000000000006a1ac        0x0 ../ECE385_bsp/\libhal_bsp.a(altera_avalon_sgdma.o)
 .data          0x000000000006a1ac        0x0 ../ECE385_bsp/\libhal_bsp.a(altera_avalon_timer_sc.o)
 .data          0x000000000006a1ac        0x0 ../ECE385_bsp/\libhal_bsp.a(alt_close.o)
 .data          0x000000000006a1ac        0x0 ../ECE385_bsp/\libhal_bsp.a(alt_dcache_flush.o)
 .data          0x000000000006a1ac        0x0 ../ECE385_bsp/\libhal_bsp.a(alt_dcache_flush_all.o)
 .data          0x000000000006a1ac      0x1a8 ../ECE385_bsp/\libhal_bsp.a(alt_dev.o)
                0x000000000006a1ac                alt_fd_list
                0x000000000006a32c                alt_dev_null
 .data          0x000000000006a354        0x0 ../ECE385_bsp/\libhal_bsp.a(alt_dev_llist_insert.o)
 .data          0x000000000006a354        0x0 ../ECE385_bsp/\libhal_bsp.a(alt_errno.o)
 .data          0x000000000006a354        0x0 ../ECE385_bsp/\libhal_bsp.a(alt_exception_entry.o)
 .data          0x000000000006a354        0x0 ../ECE385_bsp/\libhal_bsp.a(alt_find_dev.o)
 .data          0x000000000006a354        0x0 ../ECE385_bsp/\libhal_bsp.a(alt_icache_flush_all.o)
 .data          0x000000000006a354        0x0 ../ECE385_bsp/\libhal_bsp.a(alt_instruction_exception_entry.o)
 .data          0x000000000006a354        0x0 ../ECE385_bsp/\libhal_bsp.a(alt_io_redirect.o)
 .data          0x000000000006a354        0x0 ../ECE385_bsp/\libhal_bsp.a(alt_open.o)
 .data          0x000000000006a354        0x0 ../ECE385_bsp/\libhal_bsp.a(alt_release_fd.o)
 .data          0x000000000006a354        0x0 ../ECE385_bsp/\libhal_bsp.a(alt_tick.o)
 .data          0x000000000006a354        0x0 ../ECE385_bsp/\libhal_bsp.a(altera_nios2_gen2_irq.o)
 .data          0x000000000006a354        0x0 ../ECE385_bsp/\libhal_bsp.a(alt_find_file.o)
 .data          0x000000000006a354        0x0 ../ECE385_bsp/\libhal_bsp.a(alt_get_fd.o)
 .data          0x000000000006a354        0x0 d:/softwares/intelfpga_lite/18.1/nios2eds/bin/gnu/h-x86_64-mingw32/bin/../lib/gcc/nios2-elf/5.3.0/../../../../../H-x86_64-mingw32/nios2-elf/lib/mno-hw-mul\libsmallc.a(lib_a-exit.o)
 .data          0x000000000006a354        0x0 d:/softwares/intelfpga_lite/18.1/nios2eds/bin/gnu/h-x86_64-mingw32/bin/../lib/gcc/nios2-elf/5.3.0/../../../../../H-x86_64-mingw32/nios2-elf/lib/mno-hw-mul\libsmallc.a(lib_a-__call_atexit.o)
                0x0000000000072354                _gp = ABSOLUTE ((. + 0x8000))
                [!provide]                        PROVIDE (gp, _gp)
 *(.rwdata .rwdata.*)
 *(.sdata .sdata.* .gnu.linkonce.s.*)
 .sdata         0x000000000006a354       0x10 obj/default/audio.o
                0x000000000006a354                explosion_src
                0x000000000006a358                explosion_pos
                0x000000000006a35c                audio_timer_ptr
                0x000000000006a360                audio_pio
 .sdata         0x000000000006a364        0x4 obj/default/comm.o
                0x000000000006a364                keycode_comm
 .sdata         0x000000000006a368        0x8 obj/default/ethernet.o
                0x000000000006a368                eth1_mdio
                0x000000000006a36c                eth0_mdio
 .sdata         0x000000000006a370        0x4 obj/default/lwip/core/ipv4/dhcp.o
 .sdata         0x000000000006a374        0x8 obj/default/lwip/core/ipv6/nd6.o
                0x000000000006a374                retrans_timer
                0x000000000006a378                reachable_time
 .sdata         0x000000000006a37c        0xe obj/default/lwip/core/tcp.o
 *fill*         0x000000000006a38a        0x2 
 .sdata         0x000000000006a38c        0x4 obj/default/lwip/core/timeouts.o
                0x000000000006a38c                lwip_num_cyclic_timers
 .sdata         0x000000000006a390        0x2 obj/default/lwip/core/udp.o
 .sdata         0x000000000006a392        0xc obj/default/lwip/netif/ethernet.o