Archive member included to satisfy reference by file (symbol)

d:/softwares/intelfpga_lite/18.1/nios2eds/bin/gnu/h-x86_64-mingw32/bin/../lib/gcc/nios2-elf/5.3.0/mno-hw-mul\libgcc.a(lib2-divmod.o)
                              obj/default/gamelogic.o (__divsi3)
d:/softwares/intelfpga_lite/18.1/nios2eds/bin/gnu/h-x86_64-mingw32/bin/../lib/gcc/nios2-elf/5.3.0/mno-hw-mul\libgcc.a(lib2-mul.o)
                              obj/default/gamelogic.o (__mulsi3)
d:/softwares/intelfpga_lite/18.1/nios2eds/bin/gnu/h-x86_64-mingw32/bin/../lib/gcc/nios2-elf/5.3.0/../../../../../H-x86_64-mingw32/nios2-elf/lib/mno-hw-mul\libsmallc.a(lib_a-abort.o)
                              obj/default/lwip/core/dns.o (abort)
d:/softwares/intelfpga_lite/18.1/nios2eds/bin/gnu/h-x86_64-mingw32/bin/../lib/gcc/nios2-elf/5.3.0/../../../../../H-x86_64-mingw32/nios2-elf/lib/mno-hw-mul\libsmallc.a(lib_a-atoi.o)
                              obj/default/lwip/core/netif.o (atoi)
d:/softwares/intelfpga_lite/18.1/nios2eds/bin/gnu/h-x86_64-mingw32/bin/../lib/gcc/nios2-elf/5.3.0/../../../../../H-x86_64-mingw32/nios2-elf/lib/mno-hw-mul\libsmallc.a(lib_a-clock.o)
                              obj/default/lwip_port/compat.o (clock)
d:/softwares/intelfpga_lite/18.1/nios2eds/bin/gnu/h-x86_64-mingw32/bin/../lib/gcc/nios2-elf/5.3.0/../../../../../H-x86_64-mingw32/nios2-elf/lib/mno-hw-mul\libsmallc.a(lib_a-ctype_.o)
                              obj/default/lwip/core/dns.o (__ctype_ptr__)
d:/softwares/intelfpga_lite/18.1/nios2eds/bin/gnu/h-x86_64-mingw32/bin/../lib/gcc/nios2-elf/5.3.0/../../../../../H-x86_64-mingw32/nios2-elf/lib/mno-hw-mul\libsmallc.a(lib_a-impure.o)
                              d:/softwares/intelfpga_lite/18.1/nios2eds/bin/gnu/h-x86_64-mingw32/bin/../lib/gcc/nios2-elf/5.3.0/../../../../../H-x86_64-mingw32/nios2-elf/lib/mno-hw-mul\libsmallc.a(lib_a-clock.o) (_impure_ptr)
d:/softwares/intelfpga_lite/18.1/nios2eds/bin/gnu/h-x86_64-mingw32/bin/../lib/gcc/nios2-elf/5.3.0/../../../../../H-x86_64-mingw32/nios2-elf/lib/mno-hw-mul\libsmallc.a(lib_a-memcmp.o)
                              obj/default/lwip/core/ipv4/autoip.o (memcmp)
d:/softwares/intelfpga_lite/18.1/nios2eds/bin/gnu/h-x86_64-mingw32/bin/../lib/gcc/nios2-elf/5.3.0/../../../../../H-x86_64-mingw32/nios2-elf/lib/mno-hw-mul\libsmallc.a(lib_a-memcpy.o)
                              obj/default/lwip/core/dns.o (memcpy)
d:/softwares/intelfpga_lite/18.1/nios2eds/bin/gnu/h-x86_64-mingw32/bin/../lib/gcc/nios2-elf/5.3.0/../../../../../H-x86_64-mingw32/nios2-elf/lib/mno-hw-mul\libsmallc.a(lib_a-memmove.o)
                              obj/default/lwip/core/def.o (memmove)
d:/softwares/intelfpga_lite/18.1/nios2eds/bin/gnu/h-x86_64-mingw32/bin/../lib/gcc/nios2-elf/5.3.0/../../../../../H-x86_64-mingw32/nios2-elf/lib/mno-hw-mul\libsmallc.a(lib_a-memset.o)
                              obj/default/lwip/core/ipv4/dhcp.o (memset)
d:/softwares/intelfpga_lite/18.1/nios2eds/bin/gnu/h-x86_64-mingw32/bin/../lib/gcc/nios2-elf/5.3.0/../../../../../H-x86_64-mingw32/nios2-elf/lib/mno-hw-mul\libsmallc.a(lib_a-printf.o)
                              obj/default/audio.o (printf)
d:/softwares/intelfpga_lite/18.1/nios2eds/bin/gnu/h-x86_64-mingw32/bin/../lib/gcc/nios2-elf/5.3.0/../../../../../H-x86_64-mingw32/nios2-elf/lib/mno-hw-mul\libsmallc.a(lib_a-puts.o)
                              obj/default/ethernet.o (puts)
d:/softwares/intelfpga_lite/18.1/nios2eds/bin/gnu/h-x86_64-mingw32/bin/../lib/gcc/nios2-elf/5.3.0/../../../../../H-x86_64-mingw32/nios2-elf/lib/mno-hw-mul\libsmallc.a(lib_a-signal.o)
                              d:/softwares/intelfpga_lite/18.1/nios2eds/bin/gnu/h-x86_64-mingw32/bin/../lib/gcc/nios2-elf/5.3.0/../../../../../H-x86_64-mingw32/nios2-elf/lib/mno-hw-mul\libsmallc.a(lib_a-abort.o) (raise)
d:/softwares/intelfpga_lite/18.1/nios2eds/bin/gnu/h-x86_64-mingw32/bin/../lib/gcc/nios2-elf/5.3.0/../../../../../H-x86_64-mingw32/nios2-elf/lib/mno-hw-mul\libsmallc.a(lib_a-signalr.o)
                              d:/softwares/intelfpga_lite/18.1/nios2eds/bin/gnu/h-x86_64-mingw32/bin/../lib/gcc/nios2-elf/5.3.0/../../../../../H-x86_64-mingw32/nios2-elf/lib/mno-hw-mul\libsmallc.a(lib_a-signal.o) (_kill_r)
d:/softwares/intelfpga_lite/18.1/nios2eds/bin/gnu/h-x86_64-mingw32/bin/../lib/gcc/nios2-elf/5.3.0/../../../../../H-x86_64-mingw32/nios2-elf/lib/mno-hw-mul\libsmallc.a(lib_a-snprintf.o)
                              obj/default/gamelogic.o (snprintf)
d:/softwares/intelfpga_lite/18.1/nios2eds/bin/gnu/h-x86_64-mingw32/bin/../lib/gcc/nios2-elf/5.3.0/../../../../../H-x86_64-mingw32/nios2-elf/lib/mno-hw-mul\libsmallc.a(lib_a-strlen.o)
                              obj/default/lwip/core/def.o (strlen)
d:/softwares/intelfpga_lite/18.1/nios2eds/bin/gnu/h-x86_64-mingw32/bin/../lib/gcc/nios2-elf/5.3.0/../../../../../H-x86_64-mingw32/nios2-elf/lib/mno-hw-mul\libsmallc.a(lib_a-strncmp.o)
                              obj/default/lwip/core/def.o (strncmp)
[...]
Memory Configuration

Name             Origin             Length             Attributes
vga_sprite_7     0x0000000000000000 0x0000000000001000
vga_sprite_6     0x0000000000001000 0x0000000000001000
vga_sprite_5     0x0000000000002000 0x0000000000001000
vga_sprite_4     0x0000000000003000 0x0000000000001000
vga_sprite_3     0x0000000000004000 0x0000000000001000
vga_sprite_2     0x0000000000005000 0x0000000000001000
vga_sprite_1     0x0000000000006000 0x0000000000001000
vga_sprite_0     0x0000000000007000 0x0000000000001000
usb_keycode      0x0000000000009000 0x0000000000000400
reset            0x0000000000040000 0x0000000000000020
nios2_onchip_mem 0x0000000000040020 0x000000000003ffe0
sdram            0x0000000008000000 0x0000000008000000
*default*        0x0000000000000000 0xffffffffffffffff

Linker script and memory map

LOAD ../ECE385_bsp//obj/HAL/src/crt0.o
LOAD obj/default/audio.o
LOAD obj/default/comm.o
LOAD obj/default/ethernet.o
LOAD obj/default/gamelogic.o
LOAD obj/default/lwip/core/altcp.o
LOAD obj/default/lwip/core/altcp_alloc.o
LOAD obj/default/lwip/core/altcp_tcp.o
LOAD obj/default/lwip/core/def.o
LOAD obj/default/lwip/core/dns.o
LOAD obj/default/lwip/core/inet_chksum.o
LOAD obj/default/lwip/core/init.o
LOAD obj/default/lwip/core/ip.o
LOAD obj/default/lwip/core/ipv4/autoip.o
LOAD obj/default/lwip/core/ipv4/dhcp.o
LOAD obj/default/lwip/core/ipv4/etharp.o
LOAD obj/default/lwip/core/ipv4/icmp.o
LOAD obj/default/lwip/core/ipv4/igmp.o
LOAD obj/default/lwip/core/ipv4/ip4.o
LOAD obj/default/lwip/core/ipv4/ip4_addr.o
LOAD obj/default/lwip/core/ipv4/ip4_frag.o
LOAD obj/default/lwip/core/ipv6/dhcp6.o
LOAD obj/default/lwip/core/ipv6/ethip6.o
LOAD obj/default/lwip/core/ipv6/icmp6.o
LOAD obj/default/lwip/core/ipv6/inet6.o
LOAD obj/default/lwip/core/ipv6/ip6.o
LOAD obj/default/lwip/core/ipv6/ip6_addr.o
LOAD obj/default/lwip/core/ipv6/ip6_frag.o
LOAD obj/default/lwip/core/ipv6/mld6.o
LOAD obj/default/lwip/core/ipv6/nd6.o
LOAD obj/default/lwip/core/mem.o
LOAD obj/default/lwip/core/memp.o
LOAD obj/default/lwip/core/netif.o
LOAD obj/default/lwip/core/pbuf.o
LOAD obj/default/lwip/core/raw.o
LOAD obj/default/lwip/core/stats.o
LOAD obj/default/lwip/core/sys.o
LOAD obj/default/lwip/core/tcp.o
LOAD obj/default/lwip/core/tcp_in.o
LOAD obj/default/lwip/core/tcp_out.o
LOAD obj/default/lwip/core/timeouts.o
LOAD obj/default/lwip/core/udp.o
LOAD obj/default/lwip/netif/ethernet.o
LOAD obj/default/lwip_port/compat.o
LOAD obj/default/main.o
LOAD obj/default/memcpy_dma.o
LOAD obj/default/resources/chinese.o
LOAD obj/default/resources/music.o
LOAD obj/default/resources/resource.o
LOAD obj/default/resources/vga_fonts.o
LOAD obj/default/rng.o
LOAD obj/default/sprites.o
LOAD obj/default/vga.o
LOAD d:/softwares/intelfpga_lite/18.1/nios2eds/bin/gnu/h-x86_64-mingw32/bin/../lib/gcc/nios2-elf/5.3.0/../../../../../H-x86_64-mingw32/nios2-elf/lib/mno-hw-mul\libstdc++.a
LOAD d:/softwares/intelfpga_lite/18.1/nios2eds/bin/gnu/h-x86_64-mingw32/bin/../lib/gcc/nios2-elf/5.3.0/../../../../../H-x86_64-mingw32/nios2-elf/lib/mno-hw-mul\libm.a
LOAD d:/softwares/intelfpga_lite/18.1/nios2eds/bin/gnu/h-x86_64-mingw32/bin/../lib/gcc/nios2-elf/5.3.0/mno-hw-mul\libgcc.a
START GROUP
LOAD d:/softwares/intelfpga_lite/18.1/nios2eds/bin/gnu/h-x86_64-mingw32/bin/../lib/gcc/nios2-elf/5.3.0/../../../../../H-x86_64-mingw32/nios2-elf/lib/mno-hw-mul\libsmallc.a
LOAD d:/softwares/intelfpga_lite/18.1/nios2eds/bin/gnu/h-x86_64-mingw32/bin/../lib/gcc/nios2-elf/5.3.0/mno-hw-mul\libgcc.a
LOAD ../ECE385_bsp/\libhal_bsp.a
LOAD d:/softwares/intelfpga_lite/18.1/nios2eds/bin/gnu/h-x86_64-mingw32/bin/../lib/gcc/nios2-elf/5.3.0/../../../../../H-x86_64-mingw32/nios2-elf/lib/mno-hw-mul\libm.a
END GROUP
LOAD d:/softwares/intelfpga_lite/18.1/nios2eds/bin/gnu/h-x86_64-mingw32/bin/../lib/gcc/nios2-elf/5.3.0/mno-hw-mul\libgcc.a
                0x0000000000000000                __alt_mem_vga_sprite_7 = 0x0
                0x0000000000001000                __alt_mem_vga_sprite_6 = 0x1000
                0x0000000000002000                __alt_mem_vga_sprite_5 = 0x2000
                0x0000000000003000                __alt_mem_vga_sprite_4 = 0x3000
                0x0000000000004000                __alt_mem_vga_sprite_3 = 0x4000
                0x0000000000005000                __alt_mem_vga_sprite_2 = 0x5000
                0x0000000000006000                __alt_mem_vga_sprite_1 = 0x6000
                0x0000000000007000                __alt_mem_vga_sprite_0 = 0x7000
                0x0000000000009000                __alt_mem_usb_keycode = 0x9000
                0x0000000000040000                __alt_mem_nios2_onchip_mem = 0x40000
                0x0000000008000000                __alt_mem_sdram = 0x8000000

.entry          0x0000000000040000       0x20
 *(.entry)
 .entry         0x0000000000040000       0x20 ../ECE385_bsp//obj/HAL/src/crt0.o
                0x0000000000040000                __reset

.exceptions     0x0000000000040020      0x164
                0x0000000000040020                PROVIDE (__ram_exceptions_start, ABSOLUTE (.))
                0x0000000000040020                . = ALIGN (0x20)
 *(.irq)
 *(.exceptions.entry.label)
 .exceptions.entry.label
                0x0000000000040020        0x0 ../ECE385_bsp/\libhal_bsp.a(alt_irq_entry.o)
                0x0000000000040020                alt_irq_entry
 .exceptions.entry.label
                0x0000000000040020        0x0 ../ECE385_bsp/\libhal_bsp.a(alt_exception_entry.o)
                0x0000000000040020                alt_exception
 *(.exceptions.entry.user)
 *(.exceptions.entry.ecc_fatal)
 *(.exceptions.entry)
 .exceptions.entry
                0x0000000000040020       0x54 ../ECE385_bsp/\libhal_bsp.a(alt_exception_entry.o)
 *(.exceptions.irqtest.user)
 *(.exceptions.irqtest)
 .exceptions.irqtest
                0x0000000000040074       0x10 ../ECE385_bsp/\libhal_bsp.a(alt_irq_entry.o)
 *(.exceptions.irqhandler.user)
 *(.exceptions.irqhandler)
 .exceptions.irqhandler
                0x0000000000040084        0x4 ../ECE385_bsp/\libhal_bsp.a(alt_irq_entry.o)
 *(.exceptions.irqreturn.user)
 *(.exceptions.irqreturn)
 .exceptions.irqreturn
                0x0000000000040088        0x4 ../ECE385_bsp/\libhal_bsp.a(alt_irq_entry.o)
 *(.exceptions.notirq.label)
 .exceptions.notirq.label
                0x000000000004008c        0x0 ../ECE385_bsp/\libhal_bsp.a(alt_irq_entry.o)
 *(.exceptions.notirq.user)
 *(.exceptions.notirq)
 .exceptions.notirq
                0x000000000004008c        0x8 ../ECE385_bsp/\libhal_bsp.a(alt_exception_entry.o)
 *(.exceptions.soft.user)
 *(.exceptions.soft)
 *(.exceptions.unknown.user)
 *(.exceptions.unknown)
 .exceptions.unknown
                0x0000000000040094       0x14 ../ECE385_bsp/\libhal_bsp.a(alt_exception_entry.o)
 *(.exceptions.exit.label)
 .exceptions.exit.label
                0x00000000000400a8        0x0 ../ECE385_bsp/\libhal_bsp.a(alt_irq_entry.o)
 .exceptions.exit.label
                0x00000000000400a8        0x0 ../ECE385_bsp/\libhal_bsp.a(alt_exception_entry.o)
 *(.exceptions.exit.user)
 *(.exceptions.exit)
 .exceptions.exit
                0x00000000000400a8       0x54 ../ECE385_bsp/\libhal_bsp.a(alt_exception_entry.o)
 *(.exceptions)
 .exceptions    0x00000000000400fc       0x64 ../ECE385_bsp/\libhal_bsp.a(alt_irq_handler.o)
                0x00000000000400fc                alt_irq_handler
 .exceptions    0x0000000000040160       0x24 ../ECE385_bsp/\libhal_bsp.a(alt_instruction_exception_entry.o)
                0x0000000000040160                alt_instruction_exception_entry
                0x0000000000040184                PROVIDE (__ram_exceptions_end, ABSOLUTE (.))
                0x0000000000040020                PROVIDE (__flash_exceptions_start, LOADADDR (.exceptions))

.resources      0x0000000008000000   0xa719f4
                [!provide]                        PROVIDE (_alt_partition_resources_start, ABSOLUTE (.))
 *(.resources .resources.*)
 .resources     0x0000000008000000    0xa34a0 obj/default/resources/chinese.o
                0x0000000008000000                chinese_font
 .resources     0x00000000080a34a0   0x893552 obj/default/resources/music.o
                0x00000000080a34a0                music_data
 .resources     0x00000000089369f2   0x13a000 obj/default/resources/resource.o
                0x00000000089369f2                background
                0x0000000008a629f2                explosion21
                0x0000000008a631f2                explosion20
                0x0000000008a639f2                explosion19
                0x0000000008a641f2                explosion18
                0x0000000008a649f2                explosion17
                0x0000000008a651f2                explosion16
                0x0000000008a659f2                explosion15
                0x0000000008a661f2                explosion14
                0x0000000008a669f2                explosion13
                0x0000000008a671f2                explosion12
                0x0000000008a679f2                explosion11
                0x0000000008a681f2                explosion10
                0x0000000008a689f2                explosion9
                0x0000000008a691f2                explosion8
                0x0000000008a699f2                explosion7
                0x0000000008a6a1f2                explosion6
                0x0000000008a6a9f2                explosion5
                0x0000000008a6b1f2                explosion4
                0x0000000008a6b9f2                explosion3
                0x0000000008a6c1f2                explosion2
                0x0000000008a6c9f2                explosion1
                0x0000000008a6d1f2                explosion0
                0x0000000008a6d9f2                enemy2
                0x0000000008a6e5f2                enemy1
                0x0000000008a6f1f2                enemy0
                0x0000000008a6fdf2                plane
 .resources     0x0000000008a709f2     0x1000 obj/default/resources/vga_fonts.o
                0x0000000008a709f2                font_data
                0x0000000008a719f4                . = ALIGN (0x4)
 *fill*         0x0000000008a719f2        0x2 
                [!provide]                        PROVIDE (_alt_partition_resources_end, ABSOLUTE (.))

.onchip         0x0000000000040184     0x1940
                [!provide]                        PROVIDE (_alt_partition_onchip_start, ABSOLUTE (.))
 *(.onchip .onchip.*)
 .onchip        0x0000000000040184     0x1900 obj/default/ethernet.o
                0x0000000000040184                eth1_rx_frame
                0x0000000000040984                eth0_rx_frame
                0x0000000000041184                tx_frame
                0x0000000000041984                eth1_rx_descriptor_end
                0x00000000000419a4                eth1_rx_descriptor
                0x00000000000419c4                eth1_tx_descriptor_end
                0x00000000000419e4                eth1_tx_descriptor
                0x0000000000041a04                eth0_rx_descriptor_end
                0x0000000000041a24                eth0_rx_descriptor
                0x0000000000041a44                eth0_tx_descriptor_end
                0x0000000000041a64                eth0_tx_descriptor
 .onchip        0x0000000000041a84       0x40 obj/default/memcpy_dma.o
                0x0000000000041a84                dma_descriptor_end
                0x0000000000041aa4                dma_descriptor
                0x0000000000041ac4                . = ALIGN (0x4)
                [!provide]                        PROVIDE (_alt_partition_onchip_end, ABSOLUTE (.))

.text           0x0000000000041ac4    0x24f80
                [!provide]                        PROVIDE (stext, ABSOLUTE (.))
 *(.interp)
 *(.hash)
 *(.dynsym)
 *(.dynstr)
 *(.gnu.version)
 *(.gnu.version_d)
 *(.gnu.version_r)
 *(.rel.init)
 *(.rela.init)
 *(.rel.text .rel.text.* .rel.gnu.linkonce.t.*)
 *(.rela.text .rela.text.* .rela.gnu.linkonce.t.*)
 *(.rel.fini)
 *(.rela.fini)
 *(.rel.rodata .rel.rodata.* .rel.gnu.linkonce.r.*)
 *(.rela.rodata .rela.rodata.* .rela.gnu.linkonce.r.*)
 *(.rel.data .rel.data.* .rel.gnu.linkonce.d.*)
 *(.rela.data .rela.data.* .rela.gnu.linkonce.d.*)
 *(.rel.tdata .rel.tdata.* .rel.gnu.linkonce.td.*)
 *(.rela.tdata .rela.tdata.* .rela.gnu.linkonce.td.*)
 *(.rel.tbss .rel.tbss.* .rel.gnu.linkonce.tb.*)
 *(.rela.tbss .rela.tbss.* .rela.gnu.linkonce.tb.*)
 *(.rel.ctors)
 *(.rela.ctors)
 *(.rel.dtors)
 *(.rela.dtors)
 *(.rel.got)
 *(.rela.got)
 *(.rel.sdata .rel.sdata.* .rel.gnu.linkonce.s.*)
 *(.rela.sdata .rela.sdata.* .rela.gnu.linkonce.s.*)
 *(.rel.sbss .rel.sbss.* .rel.gnu.linkonce.sb.*)
 *(.rela.sbss .rela.sbss.* .rela.gnu.linkonce.sb.*)
 *(.rel.sdata2 .rel.sdata2.* .rel.gnu.linkonce.s2.*)
 *(.rela.sdata2 .rela.sdata2.* .rela.gnu.linkonce.s2.*)
 *(.rel.sbss2 .rel.sbss2.* .rel.gnu.linkonce.sb2.*)
 *(.rela.sbss2 .rela.sbss2.* .rela.gnu.linkonce.sb2.*)
 *(.rel.bss .rel.bss.* .rel.gnu.linkonce.b.*)
 *(.rela.bss .rela.bss.* .rela.gnu.linkonce.b.*)
 *(.rel.plt)
 *(.rela.plt)
 *(.rel.dyn)
 *(.init)
 *(.plt)
 *(.text .stub .text.* .gnu.linkonce.t.*)
 .text          0x0000000000041ac4       0x3c ../ECE385_bsp//obj/HAL/src/crt0.o
                0x0000000000041ac4                _start
 .text          0x0000000000041b00       0xb0 obj/default/audio.o
                0x0000000000041b00                audio_interrupt
                0x0000000000041b4c                audio_init
 .text          0x0000000000041bb0        0x0 obj/default/comm.o
 .text          0x0000000000041bb0      0x7d4 obj/default/ethernet.o
                0x0000000000041bb0                eth0_rx_interrupt
                0x0000000000041bf4                eth1_rx_interrupt
                0x0000000000041c38                eth0_tx
                0x0000000000041cc8                eth1_tx
                0x0000000000041d58                eth_init
                0x0000000000041e6c                eth_ip_reverse
                0x0000000000041e94                eth0_rx_start
                0x0000000000041ee4                eth0_init
                0x0000000000041ff0                eth0_ip
                0x0000000000042024                eth1_rx_start
                0x0000000000042074                eth_loop
                0x0000000000042244                eth1_init
                0x0000000000042350                eth1_ip
 .text          0x0000000000042384      0xcd8 obj/default/gamelogic.o
                0x00000000000426a4                game_init
                0x000000000004284c                handle_player_plane_keyboard
                0x0000000000042c80                handle_enemy_planes_spawn
                0x0000000000042c94                handle_enemy_planes_firing
                0x0000000000042e58                game_loop
                0x0000000000042fc4                game_over
 .text          0x000000000004305c        0x0 obj/default/lwip/core/altcp.o
 .text          0x000000000004305c        0x0 obj/default/lwip/core/altcp_alloc.o
 .text          0x000000000004305c        0x0 obj/default/lwip/core/altcp_tcp.o
 .text          0x000000000004305c      0x2e8 obj/default/lwip/core/def.o
                0x000000000004305c                lwip_htons
                0x0000000000043070                lwip_htonl
                0x0000000000043098                lwip_strnstr
                0x0000000000043140                lwip_stricmp
                0x00000000000431b0                lwip_strnicmp
                0x0000000000043234                lwip_itoa
 .text          0x0000000000043344     0x1688 obj/default/lwip/core/dns.o
                0x0000000000044370                dns_init
                0x0000000000044374                dns_setserver
                0x0000000000044438                dns_getserver
                0x0000000000044478                dns_tmr
                0x00000000000444a8                dns_gethostbyname_addrtype
                0x00000000000449ac                dns_gethostbyname
 .text.unlikely
                0x00000000000449cc       0xcc obj/default/lwip/core/dns.o
 .text          0x0000000000044a98      0x608 obj/default/lwip/core/inet_chksum.o
                0x0000000000044a98                lwip_standard_chksum
                0x0000000000044dd0                inet_chksum_pseudo
                0x0000000000044e1c                ip6_chksum_pseudo
                0x0000000000044e80                ip_chksum_pseudo
                0x0000000000044ec0                inet_chksum_pseudo_partial
                0x0000000000044f18                ip6_chksum_pseudo_partial
                0x0000000000044f88                ip_chksum_pseudo_partial
                0x0000000000044fd0                inet_chksum
                0x0000000000044ff0                inet_chksum_pbuf
 .text          0x00000000000450a0       0x30 obj/default/lwip/core/init.o
                0x00000000000450a0                lwip_init
 .text          0x00000000000450d0       0xc4 obj/default/lwip/core/ip.o
                0x00000000000450d0                ipaddr_ntoa
                0x00000000000450f0                ipaddr_ntoa_r
                0x0000000000045110                ipaddr_aton
                0x000000000004516c                ip_input
 .text          0x0000000000045194      0x670 obj/default/lwip/core/ipv4/autoip.o
                0x0000000000045220                autoip_set_struct
                0x00000000000452fc                autoip_start
                0x000000000004543c                autoip_network_changed
                0x0000000000045454                autoip_stop
                0x00000000000454a0                autoip_tmr
                0x0000000000045668                autoip_arp_reply
                0x00000000000457bc                autoip_supplied_address
                0x00000000000457e4                autoip_accept_packet
 .text          0x0000000000045804     0x2a74 obj/default/lwip/core/ipv4/dhcp.o
                0x00000000000473c8                dhcp_set_struct
                0x000000000004749c                dhcp_cleanup
                0x00000000000474fc                dhcp_inform
                0x0000000000047658                dhcp_network_changed
                0x0000000000047728                dhcp_arp_reply
                0x00000000000478a8                dhcp_renew
                0x0000000000047a94                dhcp_release_and_stop
                0x0000000000047cb8                dhcp_start
                0x0000000000047e0c                dhcp_coarse_tmr
                0x0000000000048100                dhcp_fine_tmr
                0x000000000004821c                dhcp_release
                0x0000000000048238                dhcp_stop
                0x000000000004823c                dhcp_supplied_address
 .text.unlikely
                0x0000000000048278      0x1f4 obj/default/lwip/core/ipv4/dhcp.o
 .text          0x000000000004846c     0x14b0 obj/default/lwip/core/ipv4/etharp.o
                0x0000000000048c44                etharp_tmr
                0x0000000000048d68                etharp_cleanup_netif
                0x0000000000048df8                etharp_find_addr
                0x0000000000048ed8                etharp_get_entry
                0x000000000004901c                etharp_input
                0x0000000000049338                etharp_query
                0x000000000004967c                etharp_output
                0x00000000000498dc                etharp_request
 .text          0x000000000004991c      0x3d4 obj/default/lwip/core/ipv4/icmp.o
                0x0000000000049a5c                icmp_input
                0x0000000000049cd8                icmp_dest_unreach
                0x0000000000049ce4                icmp_time_exceeded
 .text          0x0000000000049cf0      0xc44 obj/default/lwip/core/ipv4/igmp.o
                0x000000000004a048                igmp_init
                0x000000000004a064                igmp_start
                0x000000000004a0e0                igmp_stop
                0x000000000004a150                igmp_report_groups
                0x000000000004a190                igmp_lookfor_group
                0x000000000004a1c8                igmp_input
                0x000000000004a368                igmp_joingroup_netif
                0x000000000004a4cc                igmp_joingroup
                0x000000000004a5cc                igmp_leavegroup_netif
                0x000000000004a770                igmp_leavegroup
                0x000000000004a888                igmp_tmr
 .text          0x000000000004a934      0x998 obj/default/lwip/core/ipv4/ip4.o
                0x000000000004a9b8                ip4_set_default_multicast_netif
                0x000000000004a9c0                ip4_route
                0x000000000004aa60                ip4_input
                0x000000000004ae38                ip4_output_if_opt_src
                0x000000000004b118                ip4_output_if_opt
                0x000000000004b168                ip4_output_if
                0x000000000004b1c0                ip4_output_if_src
                0x000000000004b1fc                ip4_output
 .text          0x000000000004b2cc      0x534 obj/default/lwip/core/ipv4/ip4_addr.o
                0x000000000004b2cc                ip4_addr_isbroadcast_u32
                0x000000000004b31c                ip4_addr_netmask_valid
                0x000000000004b37c                ip4addr_aton
                0x000000000004b668                ipaddr_addr
                0x000000000004b69c                ip4addr_ntoa_r
                0x000000000004b7f0                ip4addr_ntoa
 .text          0x000000000004b800     0x1048 obj/default/lwip/core/ipv4/ip4_frag.o
                0x000000000004bc34                ip_reass_tmr
                0x000000000004bc9c                ip4_reass
                0x000000000004c4b4                ip4_frag
 .text.unlikely
                0x000000000004c848       0x34 obj/default/lwip/core/ipv4/ip4_frag.o
 .text          0x000000000004c87c        0x0 obj/default/lwip/core/ipv6/dhcp6.o
 .text          0x000000000004c87c       0xf0 obj/default/lwip/core/ipv6/ethip6.o
                0x000000000004c87c                ethip6_output
 .text          0x000000000004c96c      0x4bc obj/default/lwip/core/ipv6/icmp6.o
                0x000000000004cb9c                icmp6_input
                0x000000000004cd08                icmp6_dest_unreach
                0x000000000004cd18                icmp6_packet_too_big
                0x000000000004cd28                icmp6_time_exceeded
                0x000000000004cd38                icmp6_time_exceeded_with_addrs
                0x000000000004ce0c                icmp6_param_problem
 .text          0x000000000004ce28        0x0 obj/default/lwip/core/ipv6/inet6.o
 .text          0x000000000004ce28     0x16ec obj/default/lwip/core/ipv6/ip6.o
                0x000000000004cec0                ip6_route
                0x000000000004d238                ip6_select_source_address
                0x000000000004d4a0                ip6_input
                0x000000000004dd48                ip6_output_if_src
                0x000000000004e150                ip6_output_if
                0x000000000004e23c                ip6_output
                0x000000000004e490                ip6_options_add_hbh_ra
 .text          0x000000000004e514      0x610 obj/default/lwip/core/ipv6/ip6_addr.o
                0x000000000004e514                ip6addr_aton
                0x000000000004e82c                ip6addr_ntoa_r
                0x000000000004eb14                ip6addr_ntoa
 .text          0x000000000004eb24     0x1018 obj/default/lwip/core/ipv6/ip6_frag.o
                0x000000000004eeb4                ip6_reass_tmr
                0x000000000004ef08                ip6_reass
                0x000000000004f804                ip6_frag
 .text.unlikely
                0x000000000004fb3c       0x34 obj/default/lwip/core/ipv6/ip6_frag.o
 .text          0x000000000004fb70      0xb20 obj/default/lwip/core/ipv6/mld6.o
                0x000000000004fde8                mld6_stop
                0x000000000004fe58                mld6_report_groups
                0x000000000004fe90                mld6_lookfor_group
                0x000000000004fef0                mld6_input
                0x000000000005010c                mld6_joingroup_netif
                0x00000000000502c4                mld6_joingroup
                0x0000000000050384                mld6_leavegroup_netif
                0x0000000000050530                mld6_leavegroup
                0x00000000000505f8                mld6_tmr
 .text          0x0000000000050690     0x3828 obj/default/lwip/core/ipv6/nd6.o
                0x00000000000515dc                nd6_input
                0x0000000000052c30                nd6_tmr
                0x0000000000053114                nd6_clear_destination_cache
                0x0000000000053160                nd6_find_route
                0x0000000000053250                nd6_get_next_hop_addr_or_queue
                0x0000000000053a0c                nd6_get_destination_mtu
                0x0000000000053a7c                nd6_reachability_hint
                0x0000000000053c4c                nd6_cleanup_netif
                0x0000000000053d78                nd6_adjust_mld_membership
                0x0000000000053eac                nd6_restart_netif
 .text.unlikely
                0x0000000000053eb8       0xa0 obj/default/lwip/core/ipv6/nd6.o
 .text          0x0000000000053f58      0x66c obj/default/lwip/core/mem.o
                0x0000000000053f58                mem_init
                0x0000000000053f9c                mem_free
                0x0000000000054194                mem_trim
                0x0000000000054374                mem_malloc
                0x000000000005455c                mem_calloc
 .text          0x00000000000545c4      0x2a0 obj/default/lwip/core/memp.o
                0x00000000000545c4                memp_init_pool
                0x000000000005460c                memp_init
                0x0000000000054684                memp_malloc_pool
                0x00000000000546f8                memp_malloc
                0x0000000000054780                memp_free_pool
                0x00000000000547e4                memp_free
 .text.unlikely
                0x0000000000054864       0x68 obj/default/lwip/core/memp.o
 .text          0x00000000000548cc     0x158c obj/default/lwip/core/netif.o
                0x0000000000054b04                netif_init
                0x0000000000054b08                netif_input
                0x0000000000054b94                netif_set_ipaddr
                0x0000000000054bf0                netif_set_netmask
                0x0000000000054c5c                netif_set_gw
                0x0000000000054cc8                netif_set_addr
                0x0000000000054dc0                netif_add
                0x0000000000055108                netif_add_noaddr
                0x0000000000055138                netif_set_default
                0x0000000000055140                netif_set_up
                0x00000000000551c0                netif_set_down
                0x0000000000055248                netif_remove
                0x0000000000055368                netif_set_link_up
                0x00000000000553f8                netif_set_link_down
                0x0000000000055448                netif_ip6_addr_set_parts
                0x0000000000055680                netif_ip6_addr_set
                0x000000000005571c                netif_ip6_addr_set_state
                0x0000000000055870                netif_get_ip6_addr_match
                0x0000000000055978                netif_create_ip6_linklocal_address
                0x0000000000055afc                netif_add_ip6_address
                0x0000000000055cc0                netif_index_to_name
                0x0000000000055d58                netif_get_by_index
                0x0000000000055dac                netif_find
                0x0000000000055e24                netif_name_to_index
 .text          0x0000000000055e58     0x1688 obj/default/lwip/core/pbuf.o
                0x0000000000055ffc                pbuf_free_ooseq
                0x0000000000056024                pbuf_alloc_reference
                0x00000000000560cc                pbuf_alloced_custom
                0x0000000000056138                pbuf_add_header
                0x0000000000056140                pbuf_add_header_force
                0x0000000000056148                pbuf_remove_header
                0x0000000000056218                pbuf_header
                0x0000000000056238                pbuf_header_force
                0x0000000000056258                pbuf_free
                0x00000000000563d8                pbuf_alloc
                0x0000000000056644                pbuf_realloc
                0x000000000005678c                pbuf_free_header
                0x0000000000056824                pbuf_clen
                0x0000000000056840                pbuf_ref
                0x0000000000056868                pbuf_cat
                0x0000000000056930                pbuf_chain
                0x0000000000056970                pbuf_dechain
                0x0000000000056a58                pbuf_copy
                0x0000000000056c7c                pbuf_copy_partial
                0x0000000000056db4                pbuf_get_contiguous
                0x0000000000056ec4                pbuf_skip
                0x0000000000056f0c                pbuf_take
                0x0000000000057090                pbuf_take_at
                0x00000000000571a4                pbuf_clone
                0x0000000000057234                pbuf_coalesce
                0x0000000000057290                pbuf_get_at
                0x00000000000572e4                pbuf_try_get_at
                0x0000000000057334                pbuf_put_at
                0x0000000000057380                pbuf_memcmp
                0x00000000000573a0                pbuf_memfind
                0x0000000000057458                pbuf_strstr
 .text.unlikely
                0x00000000000574e0       0x34 obj/default/lwip/core/pbuf.o
 .text          0x0000000000057514      0xcec obj/default/lwip/core/raw.o
                0x0000000000057514                raw_input
                0x00000000000577d8                raw_bind
                0x00000000000578d8                raw_bind_netif
                0x00000000000578f4                raw_connect
                0x0000000000057a10                raw_disconnect
                0x0000000000057ae0                raw_recv
                0x0000000000057aec                raw_sendto_if_src
                0x0000000000057e2c                raw_sendto
                0x0000000000057fa8                raw_send
                0x0000000000057fb0                raw_remove
                0x0000000000058004                raw_new
                0x000000000005806c                raw_new_ip_type
                0x00000000000580a0                raw_netif_ip_addr_changed
 .text          0x0000000000058200        0x0 obj/default/lwip/core/stats.o
 .text          0x0000000000058200        0x0 obj/default/lwip/core/sys.o
 .text          0x0000000000058200     0x2a94 obj/default/lwip/core/tcp.o
                0x0000000000058364                tcp_init
                0x0000000000058388                tcp_free
                0x00000000000583d4                tcp_bind
                0x0000000000058758                tcp_bind_netif
                0x0000000000058774                tcp_listen_with_backlog_and_err
                0x0000000000058940                tcp_listen_with_backlog
                0x000000000005894c                tcp_update_rcv_ann_wnd
                0x0000000000058a3c                tcp_recved
                0x0000000000058b2c                tcp_txnow
                0x0000000000058b78                tcp_seg_free
                0x0000000000058bb4                tcp_segs_free
                0x0000000000058be4                tcp_setprio
                0x0000000000058c24                tcp_seg_copy
                0x0000000000058ca8                tcp_arg
                0x0000000000058cb4                tcp_recv
                0x0000000000058d00                tcp_sent
                0x0000000000058d4c                tcp_err
                0x0000000000058d98                tcp_accept
                0x0000000000058db0                tcp_poll
                0x0000000000058e34                tcp_pcb_purge
                0x0000000000058f10                tcp_slowtmr
                0x0000000000059680                tcp_pcb_remove
                0x0000000000059ac8                tcp_close
                0x0000000000059b20                tcp_recv_null
                0x0000000000059bac                tcp_process_refused_data
                0x0000000000059ccc                tcp_fasttmr
                0x0000000000059dac                tcp_tmr
                0x0000000000059de4                tcp_shutdown
                0x0000000000059eb8                tcp_abandon
                0x000000000005a12c                tcp_abort
                0x000000000005a31c                tcp_alloc
                0x000000000005a538                tcp_new
                0x000000000005a540                tcp_new_ip_type
                0x000000000005a574                tcp_next_iss
                0x000000000005a598                tcp_eff_send_mss_netif
                0x000000000005a670                tcp_connect
                0x000000000005a9fc                tcp_netif_ip_addr_changed
                0x000000000005ab8c                tcp_debug_state_str
                0x000000000005aba8                tcp_tcp_get_tcp_addrinfo
                0x000000000005ac50                tcp_free_ooseq
 .text.unlikely
                0x000000000005ac94       0x34 obj/default/lwip/core/tcp.o
 .text          0x000000000005acc8     0x2c54 obj/default/lwip/core/tcp_in.o
                0x000000000005c398                tcp_input
                0x000000000005d90c                tcp_trigger_input_pcb_close
 .text          0x000000000005d91c     0x28e4 obj/default/lwip/core/tcp_out.o
                0x000000000005e08c                tcp_write
                0x000000000005ea84                tcp_split_unsent_seg
                0x000000000005ed90                tcp_enqueue_flags
                0x000000000005efd4                tcp_send_fin
                0x000000000005f0cc                tcp_rexmit_rto_prepare
                0x000000000005f1f4                tcp_rexmit
                0x000000000005f348                tcp_rexmit_fast
                0x000000000005f430                tcp_rst
                0x000000000005f56c                tcp_send_empty_ack
                0x000000000005f644                tcp_output
                0x000000000005fe68                tcp_rexmit_rto_commit
                0x000000000005febc                tcp_rexmit_rto
                0x000000000005ff34                tcp_keepalive
                0x000000000005ffe0                tcp_zero_window_probe
 .text          0x0000000000060200      0x418 obj/default/lwip/core/timeouts.o
                0x0000000000060380                tcp_timer_needed
                0x00000000000603d4                sys_timeout
                0x0000000000060444                sys_timeouts_init
                0x0000000000060498                sys_untimeout
                0x00000000000604ec                sys_check_timeouts
                0x0000000000060588                sys_restart_timeouts
                0x00000000000605d0                sys_timeouts_sleeptime
 .text          0x0000000000060618     0x1668 obj/default/lwip/core/udp.o
                0x0000000000060618                udp_init
                0x000000000006063c                udp_input
                0x0000000000060b40                udp_bind
                0x0000000000060e9c                udp_sendto_if_src
                0x000000000006127c                udp_sendto_if
                0x0000000000061478                udp_sendto
                0x0000000000061644                udp_send
                0x00000000000616dc                udp_bind_netif
                0x00000000000616f8                udp_connect
                0x00000000000618d8                udp_disconnect
                0x00000000000619d4                udp_recv
                0x0000000000061a18                udp_remove
                0x0000000000061aa4                udp_new
                0x0000000000061af0                udp_new_ip_type
                0x0000000000061b20                udp_netif_ip_addr_changed
 .text          0x0000000000061c80      0x2cc obj/default/lwip/netif/ethernet.o
                0x0000000000061c80                ethernet_input
                0x0000000000061e00                ethernet_output
 .text          0x0000000000061f4c        0xc obj/default/lwip_port/compat.o
                0x0000000000061f4c                sys_now
                0x0000000000061f50                fflush
 .text          0x0000000000061f58        0x0 obj/default/main.o
 .text.startup  0x0000000000061f58       0xd8 obj/default/main.o
                0x0000000000061f58                main
 .text          0x0000000000062030      0x17c obj/default/memcpy_dma.o
                0x0000000000062030                memcpy_dma
                0x00000000000620d0                memset_dma
                0x000000000006216c                memset32_dma
                0x0000000000062174                memset16_dma
                0x0000000000062188                memset8_dma
 .text          0x00000000000621ac        0x0 obj/default/resources/chinese.o
 .text          0x00000000000621ac        0x0 obj/default/resources/music.o
 .text          0x00000000000621ac        0x0 obj/default/resources/resource.o
 .text          0x00000000000621ac        0x0 obj/default/resources/vga_fonts.o
 .text          0x00000000000621ac       0x38 obj/default/rng.o
                0x00000000000621ac                rng_generate
 .text          0x00000000000621e4      0xf78 obj/default/sprites.o
                0x0000000000062428                sprites_init
                0x0000000000062514                sprites_allocate
                0x000000000006264c                sprites_get
                0x00000000000626a4                sprites_deallocate
                0x00000000000626bc                sprites_visible
                0x00000000000626d4                sprites_load_data
                0x00000000000626ec                sprites_limit_speed
                0x00000000000628e8                sprites_tick
                0x0000000000062bf4                sprites_collision_detect
 .text          0x000000000006315c      0x6f4 obj/default/vga.o
                0x000000000006315c                vga_erase
                0x000000000006320c                vga_fill
                0x00000000000632c8                vga_set
                0x000000000006339c                vga_scroll_init
                0x00000000000633a8                vga_scroll
                0x00000000000634b0                utf8_to_code
                0x0000000000063524                utf8_len
                0x000000000006356c                vga_english
                0x0000000000063640                vga_chinese
                0x0000000000063744                vga_statusbar_english
                0x0000000000063754                vga_statusbar_chinese
                0x0000000000063764                vga_statusbar_string
 .text          0x0000000000063850      0x1b4 d:/softwares/intelfpga_lite/18.1/nios2eds/bin/gnu/h-x86_64-mingw32/bin/../lib/gcc/nios2-elf/5.3.0/mno-hw-mul\libgcc.a(lib2-divmod.o)
                0x0000000000063850                __divsi3
                0x00000000000638d4                __modsi3
                0x0000000000063948                __udivsi3
                0x00000000000639ac                __umodsi3
 .text          0x0000000000063a04       0x28 d:/softwares/intelfpga_lite/18.1/nios2eds/bin/gnu/h-x86_64-mingw32/bin/../lib/gcc/nios2-elf/5.3.0/mno-hw-mul\libgcc.a(lib2-mul.o)
                0x0000000000063a04                __mulsi3
 .text          0x0000000000063a2c        0x0 d:/softwares/intelfpga_lite/18.1/nios2eds/bin/gnu/h-x86_64-mingw32/bin/../lib/gcc/nios2-elf/5.3.0/../../../../../H-x86_64-mingw32/nios2-elf/lib/mno-hw-mul\libsmallc.a(lib_a-abort.o)
 .text.abort    0x0000000000063a2c       0x18 d:/softwares/intelfpga_lite/18.1/nios2eds/bin/gnu/h-x86_64-mingw32/bin/../lib/gcc/nios2-elf/5.3.0/../../../../../H-x86_64-mingw32/nios2-elf/lib/mno-hw-mul\libsmallc.a(lib_a-abort.o)
                0x0000000000063a2c                abort
 .text          0x0000000000063a44        0x0 d:/softwares/intelfpga_lite/18.1/nios2eds/bin/gnu/h-x86_64-mingw32/bin/../lib/gcc/nios2-elf/5.3.0/../../../../../H-x86_64-mingw32/nios2-elf/lib/mno-hw-mul\libsmallc.a(lib_a-atoi.o)
 .text.atoi     0x0000000000063a44        0xc d:/softwares/intelfpga_lite/18.1/nios2eds/bin/gnu/h-x86_64-mingw32/bin/../lib/gcc/nios2-elf/5.3.0/../../../../../H-x86_64-mingw32/nios2-elf/lib/mno-hw-mul\libsmallc.a(lib_a-atoi.o)
                0x0000000000063a44                atoi
 .text._atoi_r  0x0000000000063a50        0xc d:/softwares/intelfpga_lite/18.1/nios2eds/bin/gnu/h-x86_64-mingw32/bin/../lib/gcc/nios2-elf/5.3.0/../../../../../H-x86_64-mingw32/nios2-elf/lib/mno-hw-mul\libsmallc.a(lib_a-atoi.o)
                0x0000000000063a50                _atoi_r
 .text          0x0000000000063a5c        0x0 d:/softwares/intelfpga_lite/18.1/nios2eds/bin/gnu/h-x86_64-mingw32/bin/../lib/gcc/nios2-elf/5.3.0/../../../../../H-x86_64-mingw32/nios2-elf/lib/mno-hw-mul\libsmallc.a(lib_a-clock.o)
 .text.clock    0x0000000000063a5c       0x4c d:/softwares/intelfpga_lite/18.1/nios2eds/bin/gnu/h-x86_64-mingw32/bin/../lib/gcc/nios2-elf/5.3.0/../../../../../H-x86_64-mingw32/nios2-elf/lib/mno-hw-mul\libsmallc.a(lib_a-clock.o)
                0x0000000000063a5c                clock
 .text          0x0000000000063aa8        0x0 d:/softwares/intelfpga_lite/18.1/nios2eds/bin/gnu/h-x86_64-mingw32/bin/../lib/gcc/nios2-elf/5.3.0/../../../../../H-x86_64-mingw32/nios2-elf/lib/mno-hw-mul\libsmallc.a(lib_a-ctype_.o)
 .text          0x0000000000063aa8        0x0 d:/softwares/intelfpga_lite/18.1/nios2eds/bin/gnu/h-x86_64-mingw32/bin/../lib/gcc/nios2-elf/5.3.0/../../../../../H-x86_64-mingw32/nios2-elf/lib/mno-hw-mul\libsmallc.a(lib_a-impure.o)
 .text          0x0000000000063aa8        0x0 d:/softwares/intelfpga_lite/18.1/nios2eds/bin/gnu/h-x86_64-mingw32/bin/../lib/gcc/nios2-elf/5.3.0/../../../../../H-x86_64-mingw32/nios2-elf/lib/mno-hw-mul\libsmallc.a(lib_a-memcmp.o)
 .text.memcmp   0x0000000000063aa8       0x30 d:/softwares/intelfpga_lite/18.1/nios2eds/bin/gnu/h-x86_64-mingw32/bin/../lib/gcc/nios2-elf/5.3.0/../../../../../H-x86_64-mingw32/nios2-elf/lib/mno-hw-mul\libsmallc.a(lib_a-memcmp.o)
                0x0000000000063aa8                memcmp
 .text          0x0000000000063ad8        0x0 d:/softwares/intelfpga_lite/18.1/nios2eds/bin/gnu/h-x86_64-mingw32/bin/../lib/gcc/nios2-elf/5.3.0/../../../../../H-x86_64-mingw32/nios2-elf/lib/mno-hw-mul\libsmallc.a(lib_a-memcpy.o)
 .text.memcpy   0x0000000000063ad8       0x28 d:/softwares/intelfpga_lite/18.1/nios2eds/bin/gnu/h-x86_64-mingw32/bin/../lib/gcc/nios2-elf/5.3.0/../../../../../H-x86_64-mingw32/nios2-elf/lib/mno-hw-mul\libsmallc.a(lib_a-memcpy.o)
                0x0000000000063ad8                memcpy
 .text          0x0000000000063b00        0x0 d:/softwares/intelfpga_lite/18.1/nios2eds/bin/gnu/h-x86_64-mingw32/bin/../lib/gcc/nios2-elf/5.3.0/../../../../../H-x86_64-mingw32/nios2-elf/lib/mno-hw-mul\libsmallc.a(lib_a-memmove.o)
 .text.memmove  0x0000000000063b00       0x60 d:/softwares/intelfpga_lite/18.1/nios2eds/bin/gnu/h-x86_64-mingw32/bin/../lib/gcc/nios2-elf/5.3.0/../../../../../H-x86_64-mingw32/nios2-elf/lib/mno-hw-mul\libsmallc.a(lib_a-memmove.o)
                0x0000000000063b00                memmove
 .text          0x0000000000063b60        0x0 d:/softwares/intelfpga_lite/18.1/nios2eds/bin/gnu/h-x86_64-mingw32/bin/../lib/gcc/nios2-elf/5.3.0/../../../../../H-x86_64-mingw32/nios2-elf/lib/mno-hw-mul\libsmallc.a(lib_a-memset.o)
 .text.memset   0x0000000000063b60       0x20 d:/softwares/intelfpga_lite/18.1/nios2eds/bin/gnu/h-x86_64-mingw32/bin/../lib/gcc/nios2-elf/5.3.0/../../../../../H-x86_64-mingw32/nios2-elf/lib/mno-hw-mul\libsmallc.a(lib_a-memset.o)
                0x0000000000063b60                memset
 .text          0x0000000000063b80        0x0 d:/softwares/intelfpga_lite/18.1/nios2eds/bin/gnu/h-x86_64-mingw32/bin/../lib/gcc/nios2-elf/5.3.0/../../../../../H-x86_64-mingw32/nios2-elf/lib/mno-hw-mul\libsmallc.a(lib_a-printf.o)
 .text._printf_r
                0x0000000000063b80       0x3c d:/softwares/intelfpga_lite/18.1/nios2eds/bin/gnu/h-x86_64-mingw32/bin/../lib/gcc/nios2-elf/5.3.0/../../../../../H-x86_64-mingw32/nios2-elf/lib/mno-hw-mul\libsmallc.a(lib_a-printf.o)
                0x0000000000063b80                _printf_r
 .text.printf   0x0000000000063bbc       0x4c d:/softwares/intelfpga_lite/18.1/nios2eds/bin/gnu/h-x86_64-mingw32/bin/../lib/gcc/nios2-elf/5.3.0/../../../../../H-x86_64-mingw32/nios2-elf/lib/mno-hw-mul\libsmallc.a(lib_a-printf.o)
                0x0000000000063bbc                printf
 .text          0x0000000000063c08        0x0 d:/softwares/intelfpga_lite/18.1/nios2eds/bin/gnu/h-x86_64-mingw32/bin/../lib/gcc/nios2-elf/5.3.0/../../../../../H-x86_64-mingw32/nios2-elf/lib/mno-hw-mul\libsmallc.a(lib_a-puts.o)
 .text._puts_r  0x0000000000063c08       0x80 d:/softwares/intelfpga_lite/18.1/nios2eds/bin/gnu/h-x86_64-mingw32/bin/../lib/gcc/nios2-elf/5.3.0/../../../../../H-x86_64-mingw32/nios2-elf/lib/mno-hw-mul\libsmallc.a(lib_a-puts.o)
                0x0000000000063c08                _puts_r
 .text.puts     0x0000000000063c88       0x14 d:/softwares/intelfpga_lite/18.1/nios2eds/bin/gnu/h-x86_64-mingw32/bin/../lib/gcc/nios2-elf/5.3.0/../../../../../H-x86_64-mingw32/nios2-elf/lib/mno-hw-mul\libsmallc.a(lib_a-puts.o)
                0x0000000000063c88                puts
 .text          0x0000000000063c9c        0x0 d:/softwares/intelfpga_lite/18.1/nios2eds/bin/gnu/h-x86_64-mingw32/bin/../lib/gcc/nios2-elf/5.3.0/../../../../../H-x86_64-mingw32/nios2-elf/lib/mno-hw-mul\libsmallc.a(lib_a-signal.o)
 .text._init_signal_r
                0x0000000000063c9c       0x68 d:/softwares/intelfpga_lite/18.1/nios2eds/bin/gnu/h-x86_64-mingw32/bin/../lib/gcc/nios2-elf/5.3.0/../../../../../H-x86_64-mingw32/nios2-elf/lib/mno-hw-mul\libsmallc.a(lib_a-signal.o)
                0x0000000000063c9c                _init_signal_r
 .text._signal_r
                0x0000000000063d04       0x7c d:/softwares/intelfpga_lite/18.1/nios2eds/bin/gnu/h-x86_64-mingw32/bin/../lib/gcc/nios2-elf/5.3.0/../../../../../H-x86_64-mingw32/nios2-elf/lib/mno-hw-mul\libsmallc.a(lib_a-signal.o)
                0x0000000000063d04                _signal_r
 .text._raise_r
                0x0000000000063d80       0xb4 d:/softwares/intelfpga_lite/18.1/nios2eds/bin/gnu/h-x86_64-mingw32/bin/../lib/gcc/nios2-elf/5.3.0/../../../../../H-x86_64-mingw32/nios2-elf/lib/mno-hw-mul\libsmallc.a(lib_a-signal.o)
                0x0000000000063d80                _raise_r
 .text.__sigtramp_r
                0x0000000000063e34       0xa8 d:/softwares/intelfpga_lite/18.1/nios2eds/bin/gnu/h-x86_64-mingw32/bin/../lib/gcc/nios2-elf/5.3.0/../../../../../H-x86_64-mingw32/nios2-elf/lib/mno-hw-mul\libsmallc.a(lib_a-signal.o)
                0x0000000000063e34                __sigtramp_r
 .text.raise    0x0000000000063edc       0x14 d:/softwares/intelfpga_lite/18.1/nios2eds/bin/gnu/h-x86_64-mingw32/bin/../lib/gcc/nios2-elf/5.3.0/../../../../../H-x86_64-mingw32/nios2-elf/lib/mno-hw-mul\libsmallc.a(lib_a-signal.o)
                0x0000000000063edc                raise
 .text.signal   0x0000000000063ef0       0x18 d:/softwares/intelfpga_lite/18.1/nios2eds/bin/gnu/h-x86_64-mingw32/bin/../lib/gcc/nios2-elf/5.3.0/../../../../../H-x86_64-mingw32/nios2-elf/lib/mno-hw-mul\libsmallc.a(lib_a-signal.o)
                0x0000000000063ef0                signal
 .text._init_signal
                0x0000000000063f08       0x10 d:/softwares/intelfpga_lite/18.1/nios2eds/bin/gnu/h-x86_64-mingw32/bin/../lib/gcc/nios2-elf/5.3.0/../../../../../H-x86_64-mingw32/nios2-elf/lib/mno-hw-mul\libsmallc.a(lib_a-signal.o)
                0x0000000000063f08                _init_signal
 .text.__sigtramp
                0x0000000000063f18       0x14 d:/softwares/intelfpga_lite/18.1/nios2eds/bin/gnu/h-x86_64-mingw32/bin/../lib/gcc/nios2-elf/5.3.0/../../../../../H-x86_64-mingw32/nios2-elf/lib/mno-hw-mul\libsmallc.a(lib_a-signal.o)
                0x0000000000063f18                __sigtramp
 .text          0x0000000000063f2c        0x0 d:/softwares/intelfpga_lite/18.1/nios2eds/bin/gnu/h-x86_64-mingw32/bin/../lib/gcc/nios2-elf/5.3.0/../../../../../H-x86_64-mingw32/nios2-elf/lib/mno-hw-mul\libsmallc.a(lib_a-signalr.o)
 .text._kill_r  0x0000000000063f2c       0x54 d:/softwares/intelfpga_lite/18.1/nios2eds/bin/gnu/h-x86_64-mingw32/bin/../lib/gcc/nios2-elf/5.3.0/../../../../../H-x86_64-mingw32/nios2-elf/lib/mno-hw-mul\libsmallc.a(lib_a-signalr.o)
                0x0000000000063f2c                _kill_r
 .text._getpid_r
                0x0000000000063f80        0x4 d:/softwares/intelfpga_lite/18.1/nios2eds/bin/gnu/h-x86_64-mingw32/bin/../lib/gcc/nios2-elf/5.3.0/../../../../../H-x86_64-mingw32/nios2-elf/lib/mno-hw-mul\libsmallc.a(lib_a-signalr.o)
                0x0000000000063f80                _getpid_r
 .text          0x0000000000063f84        0x0 d:/softwares/intelfpga_lite/18.1/nios2eds/bin/gnu/h-x86_64-mingw32/bin/../lib/gcc/nios2-elf/5.3.0/../../../../../H-x86_64-mingw32/nios2-elf/lib/mno-hw-mul\libsmallc.a(lib_a-snprintf.o)
 .text._snprintf_r
                0x0000000000063f84       0xb0 d:/softwares/intelfpga_lite/18.1/nios2eds/bin/gnu/h-x86_64-mingw32/bin/../lib/gcc/nios2-elf/5.3.0/../../../../../H-x86_64-mingw32/nios2-elf/lib/mno-hw-mul\libsmallc.a(lib_a-snprintf.o)
                0x0000000000063f84                _snprintf_r
 .text.snprintf
                0x0000000000064034       0xb8 d:/softwares/intelfpga_lite/18.1/nios2eds/bin/gnu/h-x86_64-mingw32/bin/../lib/gcc/nios2-elf/5.3.0/../../../../../H-x86_64-mingw32/nios2-elf/lib/mno-hw-mul\libsmallc.a(lib_a-snprintf.o)
                0x0000000000064034                snprintf
 .text          0x00000000000640ec        0x0 d:/softwares/intelfpga_lite/18.1/nios2eds/bin/gnu/h-x86_64-mingw32/bin/../lib/gcc/nios2-elf/5.3.0/../../../../../H-x86_64-mingw32/nios2-elf/lib/mno-hw-mul\libsmallc.a(lib_a-strlen.o)
 .text.strlen   0x00000000000640ec       0x1c d:/softwares/intelfpga_lite/18.1/nios2eds/bin/gnu/h-x86_64-mingw32/bin/../lib/gcc/nios2-elf/5.3.0/../../../../../H-x86_64-mingw32/nios2-elf/lib/mno-hw-mul\libsmallc.a(lib_a-strlen.o)
                0x00000000000640ec                strlen
 .text          0x0000000000064108        0x0 d:/softwares/intelfpga_lite/18.1/nios2eds/bin/gnu/h-x86_64-mingw32/bin/../lib/gcc/nios2-elf/5.3.0/../../../../../H-x86_64-mingw32/nios2-elf/lib/mno-hw-mul\libsmallc.a(lib_a-strncmp.o)
 .text.strncmp  0x0000000000064108       0x60 d:/softwares/intelfpga_lite/18.1/nios2eds/bin/gnu/h-x86_64-mingw32/bin/../lib/gcc/nios2-elf/5.3.0/../../../../../H-x86_64-mingw32/nios2-elf/lib/mno-hw-mul\libsmallc.a(lib_a-strncmp.o)
                0x0000000000064108                strncmp
 .text          0x0000000000064168        0x0 d:/softwares/intelfpga_lite/18.1/nios2eds/bin/gnu/h-x86_64-mingw32/bin/../lib/gcc/nios2-elf/5.3.0/../../../../../H-x86_64-mingw32/nios2-elf/lib/mno-hw-mul\libsmallc.a(lib_a-strtol.o)
 .text._strtol_r
                0x0000000000064168      0x234 d:/softwares/intelfpga_lite/18.1/nios2eds/bin/gnu/h-x86_64-mingw32/bin/../lib/gcc/nios2-elf/5.3.0/../../../../../H-x86_64-mingw32/nios2-elf/lib/mno-hw-mul\libsmallc.a(lib_a-strtol.o)
                0x0000000000064168                _strtol_r
 .text.strtol   0x000000000006439c       0x1c d:/softwares/intelfpga_lite/18.1/nios2eds/bin/gnu/h-x86_64-mingw32/bin/../lib/gcc/nios2-elf/5.3.0/../../../../../H-x86_64-mingw32/nios2-elf/lib/mno-hw-mul\libsmallc.a(lib_a-strtol.o)
                0x000000000006439c                strtol
 .text          0x00000000000643b8        0x0 d:/softwares/intelfpga_lite/18.1/nios2eds/bin/gnu/h-x86_64-mingw32/bin/../lib/gcc/nios2-elf/5.3.0/../../../../../H-x86_64-mingw32/nios2-elf/lib/mno-hw-mul\libsmallc.a(lib_a-svfprintf.o)
 .text.print_repeat
                0x00000000000643b8       0x6c d:/softwares/intelfpga_lite/18.1/nios2eds/bin/gnu/h-x86_64-mingw32/bin/../lib/gcc/nios2-elf/5.3.0/../../../../../H-x86_64-mingw32/nios2-elf/lib/mno-hw-mul\libsmallc.a(lib_a-svfprintf.o)
 .text.___svfprintf_internal_r
                0x0000000000064424      0x52c d:/softwares/intelfpga_lite/18.1/nios2eds/bin/gnu/h-x86_64-mingw32/bin/../lib/gcc/nios2-elf/5.3.0/../../../../../H-x86_64-mingw32/nios2-elf/lib/mno-hw-mul\libsmallc.a(lib_a-svfprintf.o)
                0x0000000000064424                ___svfprintf_internal_r
 .text.__vfprintf_internal_unused
                0x0000000000064950       0x1c d:/softwares/intelfpga_lite/18.1/nios2eds/bin/gnu/h-x86_64-mingw32/bin/../lib/gcc/nios2-elf/5.3.0/../../../../../H-x86_64-mingw32/nios2-elf/lib/mno-hw-mul\libsmallc.a(lib_a-svfprintf.o)
                0x0000000000064950                __vfprintf_internal_unused
 .text          0x000000000006496c        0x0 d:/softwares/intelfpga_lite/18.1/nios2eds/bin/gnu/h-x86_64-mingw32/bin/../lib/gcc/nios2-elf/5.3.0/../../../../../H-x86_64-mingw32/nios2-elf/lib/mno-hw-mul\libsmallc.a(lib_a-timesr.o)
 .text._times_r
                0x000000000006496c        0x8 d:/softwares/intelfpga_lite/18.1/nios2eds/bin/gnu/h-x86_64-mingw32/bin/../lib/gcc/nios2-elf/5.3.0/../../../../../H-x86_64-mingw32/nios2-elf/lib/mno-hw-mul\libsmallc.a(lib_a-timesr.o)
                0x000000000006496c                _times_r
 .text          0x0000000000064974        0x0 d:/softwares/intelfpga_lite/18.1/nios2eds/bin/gnu/h-x86_64-mingw32/bin/../lib/gcc/nios2-elf/5.3.0/../../../../../H-x86_64-mingw32/nios2-elf/lib/mno-hw-mul\libsmallc.a(lib_a-vfprintf.o)
 .text.print_repeat
                0x0000000000064974       0x6c d:/softwares/intelfpga_lite/18.1/nios2eds/bin/gnu/h-x86_64-mingw32/bin/../lib/gcc/nios2-elf/5.3.0/../../../../../H-x86_64-mingw32/nios2-elf/lib/mno-hw-mul\libsmallc.a(lib_a-vfprintf.o)
 .text.___vfprintf_internal_r
                0x00000000000649e0      0x52c d:/softwares/intelfpga_lite/18.1/nios2eds/bin/gnu/h-x86_64-mingw32/bin/../lib/gcc/nios2-elf/5.3.0/../../../../../H-x86_64-mingw32/nios2-elf/lib/mno-hw-mul\libsmallc.a(lib_a-vfprintf.o)
                0x00000000000649e0                ___vfprintf_internal_r
 .text.__vfprintf_internal
                0x0000000000064f0c       0x1c d:/softwares/intelfpga_lite/18.1/nios2eds/bin/gnu/h-x86_64-mingw32/bin/../lib/gcc/nios2-elf/5.3.0/../../../../../H-x86_64-mingw32/nios2-elf/lib/mno-hw-mul\libsmallc.a(lib_a-vfprintf.o)
                0x0000000000064f0c                __vfprintf_internal
 .text          0x0000000000064f28        0x0 d:/softwares/intelfpga_lite/18.1/nios2eds/bin/gnu/h-x86_64-mingw32/bin/../lib/gcc/nios2-elf/5.3.0/../../../../../H-x86_64-mingw32/nios2-elf/lib/mno-hw-mul\libsmallc.a(lib_a-fvwrite_small_dev.o)
 .text.__sfvwrite_small_dev
                0x0000000000064f28       0xb8 d:/softwares/intelfpga_lite/18.1/nios2eds/bin/gnu/h-x86_64-mingw32/bin/../lib/gcc/nios2-elf/5.3.0/../../../../../H-x86_64-mingw32/nios2-elf/lib/mno-hw-mul\libsmallc.a(lib_a-fvwrite_small_dev.o)
                0x0000000000064f28                __sfvwrite_small_dev
 .text          0x0000000000064fe0        0x0 d:/softwares/intelfpga_lite/18.1/nios2eds/bin/gnu/h-x86_64-mingw32/bin/../lib/gcc/nios2-elf/5.3.0/../../../../../H-x86_64-mingw32/nios2-elf/lib/mno-hw-mul\libsmallc.a(lib_a-fvwrite_small_str.o)
 .text.__sfvwrite_small_str
                0x0000000000064fe0       0xa8 d:/softwares/intelfpga_lite/18.1/nios2eds/bin/gnu/h-x86_64-mingw32/bin/../lib/gcc/nios2-elf/5.3.0/../../../../../H-x86_64-mingw32/nios2-elf/lib/mno-hw-mul\libsmallc.a(lib_a-fvwrite_small_str.o)
                0x0000000000064fe0                __sfvwrite_small_str
 .text          0x0000000000065088        0x0 d:/softwares/intelfpga_lite/18.1/nios2eds/bin/gnu/h-x86_64-mingw32/bin/../lib/gcc/nios2-elf/5.3.0/../../../../../H-x86_64-mingw32/nios2-elf/lib/mno-hw-mul\libsmallc.a(lib_a-int_errno.o)
 .text          0x0000000000065088        0x0 d:/softwares/intelfpga_lite/18.1/nios2eds/bin/gnu/h-x86_64-mingw32/bin/../lib/gcc/nios2-elf/5.3.0/../../../../../H-x86_64-mingw32/nios2-elf/lib/mno-hw-mul\libsmallc.a(lib_a-nano-mallocr.o)
 .text._malloc_r
                0x0000000000065088      0x158 d:/softwares/intelfpga_lite/18.1/nios2eds/bin/gnu/h-x86_64-mingw32/bin/../lib/gcc/nios2-elf/5.3.0/../../../../../H-x86_64-mingw32/nios2-elf/lib/mno-hw-mul\libsmallc.a(lib_a-nano-mallocr.o)
                0x0000000000065088                _malloc_r
 .text          0x00000000000651e0        0x0 d:/softwares/intelfpga_lite/18.1/nios2eds/bin/gnu/h-x86_64-mingw32/bin/../lib/gcc/nios2-elf/5.3.0/../../../../../H-x86_64-mingw32/nios2-elf/lib/mno-hw-mul\libsmallc.a(lib_a-sbrkr.o)
 .text._sbrk_r  0x00000000000651e0       0x50 d:/softwares/intelfpga_lite/18.1/nios2eds/bin/gnu/h-x86_64-mingw32/bin/../lib/gcc/nios2-elf/5.3.0/../../../../../H-x86_64-mingw32/nios2-elf/lib/mno-hw-mul\libsmallc.a(lib_a-sbrkr.o)
                0x00000000000651e0                _sbrk_r
 .text          0x0000000000065230        0x0 d:/softwares/intelfpga_lite/18.1/nios2eds/bin/gnu/h-x86_64-mingw32/bin/../lib/gcc/nios2-elf/5.3.0/../../../../../H-x86_64-mingw32/nios2-elf/lib/mno-hw-mul\libsmallc.a(lib_a-writer.o)
 .text._write_r
                0x0000000000065230       0x58 d:/softwares/intelfpga_lite/18.1/nios2eds/bin/gnu/h-x86_64-mingw32/bin/../lib/gcc/nios2-elf/5.3.0/../../../../../H-x86_64-mingw32/nios2-elf/lib/mno-hw-mul\libsmallc.a(lib_a-writer.o)
                0x0000000000065230                _write_r
 .text          0x0000000000065288       0x14 ../ECE385_bsp/\libhal_bsp.a(alt_exit.o)
                0x0000000000065288                _exit
 .text          0x000000000006529c        0x8 ../ECE385_bsp/\libhal_bsp.a(alt_getpid.o)
                0x000000000006529c                getpid
 .text          0x00000000000652a4       0x8c ../ECE385_bsp/\libhal_bsp.a(alt_iic.o)
                0x00000000000652a4                alt_ic_isr_register
                0x00000000000652a8                alt_ic_irq_enable
                0x00000000000652e0                alt_ic_irq_disable
                0x0000000000065318                alt_ic_irq_enabled
 .text          0x0000000000065330       0x68 ../ECE385_bsp/\libhal_bsp.a(alt_iic_isr_register.o)
                0x0000000000065330                alt_iic_isr_register
 .text          0x0000000000065398        0x0 ../ECE385_bsp/\libhal_bsp.a(alt_irq_entry.o)
 .text          0x0000000000065398        0x0 ../ECE385_bsp/\libhal_bsp.a(alt_irq_handler.o)
 .text          0x0000000000065398        0x0 ../ECE385_bsp/\libhal_bsp.a(alt_irq_vars.o)
 .text          0x0000000000065398       0xfc ../ECE385_bsp/\libhal_bsp.a(alt_kill.o)
                0x0000000000065398                kill
 .text          0x0000000000065494       0xe0 ../ECE385_bsp/\libhal_bsp.a(alt_load.o)
                0x0000000000065494                alt_load
 .text          0x0000000000065574       0x50 ../ECE385_bsp/\libhal_bsp.a(alt_main.o)
                0x0000000000065574                alt_main
 .text          0x00000000000655c4       0x4c ../ECE385_bsp/\libhal_bsp.a(alt_sbrk.o)
                0x00000000000655c4                sbrk
 .text          0x0000000000065610       0x60 ../ECE385_bsp/\libhal_bsp.a(alt_times.o)
                0x0000000000065610                times
 .text          0x0000000000065670      0x110 ../ECE385_bsp/\libhal_bsp.a(alt_write.o)
                0x0000000000065670                write
 .text          0x0000000000065780       0xb8 ../ECE385_bsp/\libhal_bsp.a(alt_sys_init.o)
                0x0000000000065780                alt_irq_init
                0x00000000000657a0                alt_sys_init
 .text          0x0000000000065838       0x20 ../ECE385_bsp/\libhal_bsp.a(altera_avalon_jtag_uart_fd.o)
                0x0000000000065838                altera_avalon_jtag_uart_read_fd
                0x0000000000065848                altera_avalon_jtag_uart_write_fd
 .text          0x0000000000065858       0x74 ../ECE385_bsp/\libhal_bsp.a(altera_avalon_jtag_uart_read.o)
                0x0000000000065858                altera_avalon_jtag_uart_read
 .text          0x00000000000658cc       0x34 ../ECE385_bsp/\libhal_bsp.a(altera_avalon_jtag_uart_write.o)
                0x00000000000658cc                altera_avalon_jtag_uart_write
 .text          0x0000000000065900      0x79c ../ECE385_bsp/\libhal_bsp.a(altera_avalon_sgdma.o)
                0x000000000006595c                alt_avalon_sgdma_do_async_transfer
                0x00000000000659e4                alt_avalon_sgdma_do_sync_transfer
                0x0000000000065a68                alt_avalon_sgdma_construct_mem_to_mem_desc_burst
                0x0000000000065b90                alt_avalon_sgdma_construct_mem_to_mem_desc
                0x0000000000065bc8                alt_avalon_sgdma_construct_stream_to_mem_desc_burst
                0x0000000000065c9c                alt_avalon_sgdma_construct_stream_to_mem_desc
                0x0000000000065cc4                alt_avalon_sgdma_register_callback
                0x0000000000065cd4                alt_avalon_sgdma_start
                0x0000000000065cec                alt_avalon_sgdma_stop
                0x0000000000065d08                alt_avalon_sgdma_check_descriptor_status
                0x0000000000065d34                alt_avalon_sgdma_open
                0x0000000000065d84                alt_avalon_sgdma_enable_desc_poll
                0x0000000000065db4                alt_avalon_sgdma_disable_desc_poll
                0x0000000000065dd4                alt_avalon_sgdma_construct_descriptor_burst
                0x0000000000065f34                alt_avalon_sgdma_construct_mem_to_stream_desc_burst
                0x0000000000065f84                alt_avalon_sgdma_construct_mem_to_stream_desc
                0x0000000000065fd0                alt_avalon_sgdma_construct_descriptor
                0x0000000000066018                alt_avalon_sgdma_init
 .text          0x000000000006609c       0x84 ../ECE385_bsp/\libhal_bsp.a(altera_avalon_timer_sc.o)
                0x00000000000660d8                alt_avalon_timer_sc_init
 .text          0x0000000000066120       0xc0 ../ECE385_bsp/\libhal_bsp.a(alt_close.o)
                0x0000000000066120                close
 .text          0x00000000000661e0        0x4 ../ECE385_bsp/\libhal_bsp.a(alt_dcache_flush.o)
                0x00000000000661e0                alt_dcache_flush
 .text          0x00000000000661e4        0x4 ../ECE385_bsp/\libhal_bsp.a(alt_dcache_flush_all.o)
                0x00000000000661e4                alt_dcache_flush_all
 .text          0x00000000000661e8        0x8 ../ECE385_bsp/\libhal_bsp.a(alt_dev.o)
 .text          0x00000000000661f0       0x6c ../ECE385_bsp/\libhal_bsp.a(alt_dev_llist_insert.o)
                0x00000000000661f0                alt_dev_llist_insert
 .text          0x000000000006625c        0x0 ../ECE385_bsp/\libhal_bsp.a(alt_errno.o)
 .text          0x000000000006625c        0x0 ../ECE385_bsp/\libhal_bsp.a(alt_exception_entry.o)
 .text          0x000000000006625c       0x78 ../ECE385_bsp/\libhal_bsp.a(alt_find_dev.o)
                0x000000000006625c                alt_find_dev
 .text          0x00000000000662d4        0x4 ../ECE385_bsp/\libhal_bsp.a(alt_icache_flush_all.o)
                0x00000000000662d4                alt_icache_flush_all
 .text          0x00000000000662d8       0x74 ../ECE385_bsp/\libhal_bsp.a(alt_instruction_exception_entry.o)
                0x00000000000662d8                alt_exception_cause_generated_bad_addr
 .text          0x000000000006634c      0x100 ../ECE385_bsp/\libhal_bsp.a(alt_io_redirect.o)
                0x00000000000663d8                alt_io_redirect
 .text          0x000000000006644c      0x188 ../ECE385_bsp/\libhal_bsp.a(alt_open.o)
                0x000000000006644c                open
 .text          0x00000000000665d4       0x5c ../ECE385_bsp/\libhal_bsp.a(alt_release_fd.o)
                0x00000000000665d4                alt_release_fd
 .text          0x0000000000066630      0x128 ../ECE385_bsp/\libhal_bsp.a(alt_tick.o)
                0x0000000000066630                alt_alarm_stop
                0x0000000000066664                alt_tick
 .text          0x0000000000066758        0x8 ../ECE385_bsp/\libhal_bsp.a(altera_nios2_gen2_irq.o)
                0x0000000000066758                altera_nios2_gen2_irq_init
 .text          0x0000000000066760       0xac ../ECE385_bsp/\libhal_bsp.a(alt_find_file.o)
                0x0000000000066760                alt_find_file
 .text          0x000000000006680c       0x88 ../ECE385_bsp/\libhal_bsp.a(alt_get_fd.o)
                0x000000000006680c                alt_get_fd
 .text          0x0000000000066894        0x0 d:/softwares/intelfpga_lite/18.1/nios2eds/bin/gnu/h-x86_64-mingw32/bin/../lib/gcc/nios2-elf/5.3.0/../../../../../H-x86_64-mingw32/nios2-elf/lib/mno-hw-mul\libsmallc.a(lib_a-exit.o)
 .text.exit     0x0000000000066894       0x20 d:/softwares/intelfpga_lite/18.1/nios2eds/bin/gnu/h-x86_64-mingw32/bin/../lib/gcc/nios2-elf/5.3.0/../../../../../H-x86_64-mingw32/nios2-elf/lib/mno-hw-mul\libsmallc.a(lib_a-exit.o)
                0x0000000000066894                exit
 .text          0x00000000000668b4        0x0 d:/softwares/intelfpga_lite/18.1/nios2eds/bin/gnu/h-x86_64-mingw32/bin/../lib/gcc/nios2-elf/5.3.0/../../../../../H-x86_64-mingw32/nios2-elf/lib/mno-hw-mul\libsmallc.a(lib_a-__call_atexit.o)
 .text.__call_exitprocs
                0x00000000000668b4      0x190 d:/softwares/intelfpga_lite/18.1/nios2eds/bin/gnu/h-x86_64-mingw32/bin/../lib/gcc/nios2-elf/5.3.0/../../../../../H-x86_64-mingw32/nios2-elf/lib/mno-hw-mul\libsmallc.a(lib_a-__call_atexit.o)
                0x00000000000668b4                __call_exitprocs
 *(.gnu.warning.*)
 *(.fini)
                [!provide]                        PROVIDE (__etext, ABSOLUTE (.))
                [!provide]                        PROVIDE (_etext, ABSOLUTE (.))
                [!provide]                        PROVIDE (etext, ABSOLUTE (.))
 *(.eh_frame_hdr)
                0x0000000000066a44                . = ALIGN (0x4)
                [!provide]                        PROVIDE (__preinit_array_start, ABSOLUTE (.))
 *(.preinit_array)
                [!provide]                        PROVIDE (__preinit_array_end, ABSOLUTE (.))
                [!provide]                        PROVIDE (__init_array_start, ABSOLUTE (.))
 *(.init_array)
                [!provide]                        PROVIDE (__init_array_end, ABSOLUTE (.))
                [!provide]                        PROVIDE (__fini_array_start, ABSOLUTE (.))
 *(.fini_array)
                [!provide]                        PROVIDE (__fini_array_end, ABSOLUTE (.))
 *(.eh_frame)
 *(.gcc_except_table .gcc_except_table.*)
 *(.dynamic)
                [!provide]                        PROVIDE (__CTOR_LIST__, ABSOLUTE (.))
 *(.ctors)
 *(SORT(.ctors.*))
                [!provide]                        PROVIDE (__CTOR_END__, ABSOLUTE (.))
                [!provide]                        PROVIDE (__DTOR_LIST__, ABSOLUTE (.))
 *(.dtors)
 *(SORT(.dtors.*))
                [!provide]                        PROVIDE (__DTOR_END__, ABSOLUTE (.))
 *(.jcr)
                0x0000000000066a44                . = ALIGN (0x4)

.rodata         0x0000000000066a44     0x3470
                0x0000000000066a44                PROVIDE (__ram_rodata_start, ABSOLUTE (.))
                0x0000000000066a44                . = ALIGN (0x4)
 *(.rodata .rodata.* .gnu.linkonce.r.*)
 .rodata.str1.4
                0x0000000000066a44       0x1c obj/default/audio.o
 .rodata.str1.4
                0x0000000000066a60       0x9e obj/default/ethernet.o
 *fill*         0x0000000000066afe        0x2 
 .rodata.str1.4
                0x0000000000066b00       0x85 obj/default/gamelogic.o
 *fill*         0x0000000000066b85        0x3 
 .rodata.str1.4
                0x0000000000066b88       0x9f obj/default/lwip/core/dns.o
 *fill*         0x0000000000066c27        0x1 
 .rodata        0x0000000000066c28       0x30 obj/default/lwip/core/dns.o
                0x0000000000066c28                dns_mquery_v6group
                0x0000000000066c40                dns_mquery_v4group
 .rodata.str1.4
                0x0000000000066c58       0x22 obj/default/lwip/core/inet_chksum.o
                                         0x4c (size before relaxing)
 *fill*         0x0000000000066c7a        0x2 
 .rodata        0x0000000000066c7c       0x18 obj/default/lwip/core/ip.o
                0x0000000000066c7c                ip_addr_any_type
 .rodata.str1.4
                0x0000000000066c94       0x81 obj/default/lwip/core/ipv4/autoip.o
                                         0xa9 (size before relaxing)
 *fill*         0x0000000000066d15        0x3 
 .rodata.str1.4
                0x0000000000066d18      0x350 obj/default/lwip/core/ipv4/dhcp.o
                                        0x3a9 (size before relaxing)
 .rodata.str1.4
                0x0000000000067068      0x1b2 obj/default/lwip/core/ipv4/etharp.o
                                        0x1ea (size before relaxing)
 *fill*         0x000000000006721a        0x2 
 .rodata.str1.4
                0x000000000006721c       0xae obj/default/lwip/core/ipv4/icmp.o
                                         0xd6 (size before relaxing)
 *fill*         0x00000000000672ca        0x2 
 .rodata.str1.4
                0x00000000000672cc      0x30d obj/default/lwip/core/ipv4/igmp.o
                                        0x335 (size before relaxing)
 *fill*         0x00000000000675d9        0x3 
 .rodata.str1.4
                0x00000000000675dc       0x51 obj/default/lwip/core/ipv4/ip4.o
                                         0x79 (size before relaxing)
 *fill*         0x000000000006762d        0x3 
 .rodata.str1.4
                0x0000000000067630       0x26 obj/default/lwip/core/ipv4/ip4_addr.o
                                         0x50 (size before relaxing)
 *fill*         0x0000000000067656        0x2 
 .rodata        0x0000000000067658       0x30 obj/default/lwip/core/ipv4/ip4_addr.o
                0x0000000000067658                ip_addr_broadcast
                0x0000000000067670                ip_addr_any
 .rodata.str1.4
                0x0000000000067688      0x197 obj/default/lwip/core/ipv4/ip4_frag.o
                                        0x1cb (size before relaxing)
 *fill*         0x000000000006781f        0x1 
 .rodata.str1.4
                0x0000000000067820       0x95 obj/default/lwip/core/ipv6/icmp6.o
                                         0xbd (size before relaxing)
 *fill*         0x00000000000678b5        0x3 
 .rodata.str1.4
                0x00000000000678b8       0x46 obj/default/lwip/core/ipv6/ip6.o
                                         0x7a (size before relaxing)
 *fill*         0x00000000000678fe        0x2 
 .rodata        0x0000000000067900       0x18 obj/default/lwip/core/ipv6/ip6_addr.o
                0x0000000000067900                ip6_addr_any
 .rodata.str1.4
                0x0000000000067918      0x117 obj/default/lwip/core/ipv6/ip6_frag.o
                                        0x228 (size before relaxing)
 *fill*         0x0000000000067a2f        0x1 
 .rodata.str1.4
                0x0000000000067a30       0x83 obj/default/lwip/core/ipv6/nd6.o
                                         0xd6 (size before relaxing)
 *fill*         0x0000000000067ab3        0x1 
 .rodata.str1.4
                0x0000000000067ab4      0x173 obj/default/lwip/core/mem.o
                                        0x19b (size before relaxing)
 *fill*         0x0000000000067c27        0x1 
 .rodata.str1.4
                0x0000000000067c28       0xa7 obj/default/lwip/core/memp.o
                                         0xcf (size before relaxing)
 *fill*         0x0000000000067ccf        0x1 
 .rodata        0x0000000000067cd0       0xf0 obj/default/lwip/core/memp.o
                0x0000000000067cd0                memp_pools
                0x0000000000067d0c                memp_PBUF_POOL
                0x0000000000067d18                memp_PBUF
                0x0000000000067d24                memp_MLD6_GROUP
                0x0000000000067d30                memp_IP6_REASSDATA
                0x0000000000067d3c                memp_ND6_QUEUE
                0x0000000000067d48                memp_SYS_TIMEOUT
                0x0000000000067d54                memp_IGMP_GROUP
                0x0000000000067d60                memp_ARP_QUEUE
                0x0000000000067d6c                memp_FRAG_PBUF
                0x0000000000067d78                memp_REASSDATA
                0x0000000000067d84                memp_TCP_SEG
                0x0000000000067d90                memp_TCP_PCB_LISTEN
                0x0000000000067d9c                memp_TCP_PCB
                0x0000000000067da8                memp_UDP_PCB
                0x0000000000067db4                memp_RAW_PCB
 .rodata.str1.4
                0x0000000000067dc0      0x317 obj/default/lwip/core/netif.o
                                        0x34f (size before relaxing)
 *fill*         0x00000000000680d7        0x1 
 .rodata.str1.4
                0x00000000000680d8      0x3b1 obj/default/lwip/core/pbuf.o
                                        0x3e5 (size before relaxing)
 *fill*         0x0000000000068489        0x3 
 .rodata.str1.4
                0x000000000006848c       0xa6 obj/default/lwip/core/raw.o
                                         0xce (size before relaxing)
 *fill*         0x0000000000068532        0x2 
 .rodata.str1.4
                0x0000000000068534      0x746 obj/default/lwip/core/tcp.o
                                        0x77e (size before relaxing)
 *fill*         0x0000000000068c7a        0x2 
 .rodata        0x0000000000068c7c       0x4c obj/default/lwip/core/tcp.o
                0x0000000000068c7c                tcp_pcb_lists
 .rodata.str1.4
                0x0000000000068cc8      0x3ca obj/default/lwip/core/tcp_in.o
                                        0x3f2 (size before relaxing)
 *fill*         0x0000000000069092        0x2 
 .rodata.str1.4
                0x0000000000069094      0x743 obj/default/lwip/core/tcp_out.o
                                        0x76b (size before relaxing)
 *fill*         0x00000000000697d7        0x1 
 .rodata.str1.4
                0x00000000000697d8       0x8e obj/default/lwip/core/timeouts.o
                                         0xb6 (size before relaxing)
 *fill*         0x0000000000069866        0x2 
 .rodata        0x0000000000069868       0x58 obj/default/lwip/core/timeouts.o
                0x0000000000069868                lwip_cyclic_timers
 .rodata.str1.4
                0x00000000000698c0      0x2d0 obj/default/lwip/core/udp.o
                                        0x2f8 (size before relaxing)
 .rodata.str1.4
                0x0000000000069b90       0x49 obj/default/lwip/netif/ethernet.o
                                         0x74 (size before relaxing)
 *fill*         0x0000000000069bd9        0x3 
 .rodata.str1.4
                0x0000000000069bdc        0xf obj/default/memcpy_dma.o
 *fill*         0x0000000000069beb        0x1 
 .rodata        0x0000000000069bec       0x20 obj/default/resources/resource.o
                0x0000000000069bec                planes
 .rodata._ctype_
                0x0000000000069c0c      0x101 d:/softwares/intelfpga_lite/18.1/nios2eds/bin/gnu/h-x86_64-mingw32/bin/../lib/gcc/nios2-elf/5.3.0/../../../../../H-x86_64-mingw32/nios2-elf/lib/mno-hw-mul\libsmallc.a(lib_a-ctype_.o)
                0x0000000000069c0c                _ctype_
 .rodata._ctype_b
                0x0000000000069d0d      0x180 d:/softwares/intelfpga_lite/18.1/nios2eds/bin/gnu/h-x86_64-mingw32/bin/../lib/gcc/nios2-elf/5.3.0/../../../../../H-x86_64-mingw32/nios2-elf/lib/mno-hw-mul\libsmallc.a(lib_a-ctype_.o)
 .rodata.str1.4
                0x0000000000069e8d        0xf d:/softwares/intelfpga_lite/18.1/nios2eds/bin/gnu/h-x86_64-mingw32/bin/../lib/gcc/nios2-elf/5.3.0/../../../../../H-x86_64-mingw32/nios2-elf/lib/mno-hw-mul\libsmallc.a(lib_a-puts.o)
                                          0x2 (size before relaxing)
 *fill*         0x0000000000069e8d        0x3 
 .rodata.str1.4
                0x0000000000069e90       0x15 ../ECE385_bsp/\libhal_bsp.a(alt_main.o)
 .rodata.str1.4
                0x0000000000069ea5       0x75 ../ECE385_bsp/\libhal_bsp.a(alt_sys_init.o)
 *fill*         0x0000000000069ea5        0x3 
 .rodata.str1.4
                0x0000000000069ea8        0xc ../ECE385_bsp/\libhal_bsp.a(alt_dev.o)
                                          0xa (size before relaxing)
 *(.rodata1)
                0x0000000000069eb4                . = ALIGN (0x4)
                0x0000000000069eb4                PROVIDE (__ram_rodata_end, ABSOLUTE (.))
                0x0000000000066a44                PROVIDE (__flash_rodata_start, LOADADDR (.rodata))

.rwdata         0x0000000000069eb4      0x4d4 load address 0x000000000006a388
                0x0000000000069eb4                PROVIDE (__ram_rwdata_start, ABSOLUTE (.))
                0x0000000000069eb4                . = ALIGN (0x4)
 *(.got.plt)
 *(.got)
 *(.data1)
 *(.data .data.* .gnu.linkonce.d.*)
 .data          0x0000000000069eb4        0x0 ../ECE385_bsp//obj/HAL/src/crt0.o
 .data          0x0000000000069eb4        0x0 obj/default/audio.o
 .data          0x0000000000069eb4        0x0 obj/default/comm.o
 .data          0x0000000000069eb4        0x0 obj/default/ethernet.o
 .data          0x0000000000069eb4        0x0 obj/default/gamelogic.o
 .data          0x0000000000069eb4        0x0 obj/default/lwip/core/altcp.o
 .data          0x0000000000069eb4        0x0 obj/default/lwip/core/altcp_alloc.o
 .data          0x0000000000069eb4        0x0 obj/default/lwip/core/altcp_tcp.o
 .data          0x0000000000069eb4        0x0 obj/default/lwip/core/def.o
 .data          0x0000000000069eb4        0x0 obj/default/lwip/core/dns.o
 .data          0x0000000000069eb4        0x0 obj/default/lwip/core/inet_chksum.o
 .data          0x0000000000069eb4        0x0 obj/default/lwip/core/init.o
 .data          0x0000000000069eb4        0x0 obj/default/lwip/core/ip.o
 .data          0x0000000000069eb4        0x0 obj/default/lwip/core/ipv4/autoip.o
 .data          0x0000000000069eb4        0x0 obj/default/lwip/core/ipv4/dhcp.o
 .data          0x0000000000069eb4        0x0 obj/default/lwip/core/ipv4/etharp.o
 .data          0x0000000000069eb4        0x0 obj/default/lwip/core/ipv4/icmp.o
 .data          0x0000000000069eb4        0x0 obj/default/lwip/core/ipv4/igmp.o
 .data          0x0000000000069eb4        0x0 obj/default/lwip/core/ipv4/ip4.o
 .data          0x0000000000069eb4        0x0 obj/default/lwip/core/ipv4/ip4_addr.o
 .data          0x0000000000069eb4        0x0 obj/default/lwip/core/ipv4/ip4_frag.o
 .data          0x0000000000069eb4        0x0 obj/default/lwip/core/ipv6/dhcp6.o
 .data          0x0000000000069eb4        0x0 obj/default/lwip/core/ipv6/ethip6.o
 .data          0x0000000000069eb4        0x0 obj/default/lwip/core/ipv6/icmp6.o
 .data          0x0000000000069eb4        0x0 obj/default/lwip/core/ipv6/inet6.o
 .data          0x0000000000069eb4        0x0 obj/default/lwip/core/ipv6/ip6.o
 .data          0x0000000000069eb4        0x0 obj/default/lwip/core/ipv6/ip6_addr.o
 .data          0x0000000000069eb4        0x0 obj/default/lwip/core/ipv6/ip6_frag.o
 .data          0x0000000000069eb4        0x0 obj/default/lwip/core/ipv6/mld6.o
 .data          0x0000000000069eb4        0x0 obj/default/lwip/core/ipv6/nd6.o
 .data          0x0000000000069eb4        0x0 obj/default/lwip/core/mem.o
 .data          0x0000000000069eb4        0x0 obj/default/lwip/core/memp.o
 .data          0x0000000000069eb4        0x0 obj/default/lwip/core/netif.o
 .data          0x0000000000069eb4        0x0 obj/default/lwip/core/pbuf.o
 .data          0x0000000000069eb4        0x0 obj/default/lwip/core/raw.o
 .data          0x0000000000069eb4        0x0 obj/default/lwip/core/stats.o
 .data          0x0000000000069eb4        0x0 obj/default/lwip/core/sys.o
 .data          0x0000000000069eb4        0x0 obj/default/lwip/core/tcp.o
 .data          0x0000000000069eb4        0x0 obj/default/lwip/core/tcp_in.o
 .data          0x0000000000069eb4        0x0 obj/default/lwip/core/tcp_out.o
 .data          0x0000000000069eb4        0x0 obj/default/lwip/core/timeouts.o
 .data          0x0000000000069eb4        0x0 obj/default/lwip/core/udp.o
 .data          0x0000000000069eb4        0x0 obj/default/lwip/netif/ethernet.o
 .data          0x0000000000069eb4        0x0 obj/default/lwip_port/compat.o
 .data          0x0000000000069eb4        0x0 obj/default/main.o
 .data          0x0000000000069eb4        0x0 obj/default/memcpy_dma.o
 .data          0x0000000000069eb4        0x0 obj/default/resources/chinese.o
 .data          0x0000000000069eb4        0x0 obj/default/resources/music.o
 .data          0x0000000000069eb4       0x5c obj/default/resources/resource.o
                0x0000000000069eb4                explosion_sequence
 .data          0x0000000000069f10        0x0 obj/default/resources/vga_fonts.o
 .data          0x0000000000069f10        0x0 obj/default/rng.o
 .data          0x0000000000069f10       0x40 obj/default/sprites.o
                0x0000000000069f10                vga_bullets
                0x0000000000069f20                vga_planes
                0x0000000000069f30                vga_planes_sprite_data
 .data          0x0000000000069f50        0x0 obj/default/vga.o
 .data          0x0000000000069f50        0x0 d:/softwares/intelfpga_lite/18.1/nios2eds/bin/gnu/h-x86_64-mingw32/bin/../lib/gcc/nios2-elf/5.3.0/mno-hw-mul\libgcc.a(lib2-divmod.o)
 .data          0x0000000000069f50        0x0 d:/softwares/intelfpga_lite/18.1/nios2eds/bin/gnu/h-x86_64-mingw32/bin/../lib/gcc/nios2-elf/5.3.0/mno-hw-mul\libgcc.a(lib2-mul.o)
 .data          0x0000000000069f50        0x0 d:/softwares/intelfpga_lite/18.1/nios2eds/bin/gnu/h-x86_64-mingw32/bin/../lib/gcc/nios2-elf/5.3.0/../../../../../H-x86_64-mingw32/nios2-elf/lib/mno-hw-mul\libsmallc.a(lib_a-abort.o)
 .data          0x0000000000069f50        0x0 d:/softwares/intelfpga_lite/18.1/nios2eds/bin/gnu/h-x86_64-mingw32/bin/../lib/gcc/nios2-elf/5.3.0/../../../../../H-x86_64-mingw32/nios2-elf/lib/mno-hw-mul\libsmallc.a(lib_a-atoi.o)
 .data          0x0000000000069f50        0x0 d:/softwares/intelfpga_lite/18.1/nios2eds/bin/gnu/h-x86_64-mingw32/bin/../lib/gcc/nios2-elf/5.3.0/../../../../../H-x86_64-mingw32/nios2-elf/lib/mno-hw-mul\libsmallc.a(lib_a-clock.o)
 .data          0x0000000000069f50        0x0 d:/softwares/intelfpga_lite/18.1/nios2eds/bin/gnu/h-x86_64-mingw32/bin/../lib/gcc/nios2-elf/5.3.0/../../../../../H-x86_64-mingw32/nios2-elf/lib/mno-hw-mul\libsmallc.a(lib_a-ctype_.o)
 .data          0x0000000000069f50        0x0 d:/softwares/intelfpga_lite/18.1/nios2eds/bin/gnu/h-x86_64-mingw32/bin/../lib/gcc/nios2-elf/5.3.0/../../../../../H-x86_64-mingw32/nios2-elf/lib/mno-hw-mul\libsmallc.a(lib_a-impure.o)
 .data.impure_data
                0x0000000000069f50       0xe0 d:/softwares/intelfpga_lite/18.1/nios2eds/bin/gnu/h-x86_64-mingw32/bin/../lib/gcc/nios2-elf/5.3.0/../../../../../H-x86_64-mingw32/nios2-elf/lib/mno-hw-mul\libsmallc.a(lib_a-impure.o)
 .data          0x000000000006a030        0x0 d:/softwares/intelfpga_lite/18.1/nios2eds/bin/gnu/h-x86_64-mingw32/bin/../lib/gcc/nios2-elf/5.3.0/../../../../../H-x86_64-mingw32/nios2-elf/lib/mno-hw-mul\libsmallc.a(lib_a-memcmp.o)
 .data          0x000000000006a030        0x0 d:/softwares/intelfpga_lite/18.1/nios2eds/bin/gnu/h-x86_64-mingw32/bin/../lib/gcc/nios2-elf/5.3.0/../../../../../H-x86_64-mingw32/nios2-elf/lib/mno-hw-mul\libsmallc.a(lib_a-memcpy.o)
 .data          0x000000000006a030        0x0 d:/softwares/intelfpga_lite/18.1/nios2eds/bin/gnu/h-x86_64-mingw32/bin/../lib/gcc/nios2-elf/5.3.0/../../../../../H-x86_64-mingw32/nios2-elf/lib/mno-hw-mul\libsmallc.a(lib_a-memmove.o)
 .data          0x000000000006a030        0x0 d:/softwares/intelfpga_lite/18.1/nios2eds/bin/gnu/h-x86_64-mingw32/bin/../lib/gcc/nios2-elf/5.3.0/../../../../../H-x86_64-mingw32/nios2-elf/lib/mno-hw-mul\libsmallc.a(lib_a-memset.o)
 .data          0x000000000006a030        0x0 d:/softwares/intelfpga_lite/18.1/nios2eds/bin/gnu/h-x86_64-mingw32/bin/../lib/gcc/nios2-elf/5.3.0/../../../../../H-x86_64-mingw32/nios2-elf/lib/mno-hw-mul\libsmallc.a(lib_a-printf.o)
 .data          0x000000000006a030        0x0 d:/softwares/intelfpga_lite/18.1/nios2eds/bin/gnu/h-x86_64-mingw32/bin/../lib/gcc/nios2-elf/5.3.0/../../../../../H-x86_64-mingw32/nios2-elf/lib/mno-hw-mul\libsmallc.a(lib_a-puts.o)
 .data          0x000000000006a030        0x0 d:/softwares/intelfpga_lite/18.1/nios2eds/bin/gnu/h-x86_64-mingw32/bin/../lib/gcc/nios2-elf/5.3.0/../../../../../H-x86_64-mingw32/nios2-elf/lib/mno-hw-mul\libsmallc.a(lib_a-signal.o)
 .data          0x000000000006a030        0x0 d:/softwares/intelfpga_lite/18.1/nios2eds/bin/gnu/h-x86_64-mingw32/bin/../lib/gcc/nios2-elf/5.3.0/../../../../../H-x86_64-mingw32/nios2-elf/lib/mno-hw-mul\libsmallc.a(lib_a-signalr.o)
 .data          0x000000000006a030        0x0 d:/softwares/intelfpga_lite/18.1/nios2eds/bin/gnu/h-x86_64-mingw32/bin/../lib/gcc/nios2-elf/5.3.0/../../../../../H-x86_64-mingw32/nios2-elf/lib/mno-hw-mul\libsmallc.a(lib_a-snprintf.o)
 .data          0x000000000006a030        0x0 d:/softwares/intelfpga_lite/18.1/nios2eds/bin/gnu/h-x86_64-mingw32/bin/../lib/gcc/nios2-elf/5.3.0/../../../../../H-x86_64-mingw32/nios2-elf/lib/mno-hw-mul\libsmallc.a(lib_a-strlen.o)
 .data          0x000000000006a030        0x0 d:/softwares/intelfpga_lite/18.1/nios2eds/bin/gnu/h-x86_64-mingw32/bin/../lib/gcc/nios2-elf/5.3.0/../../../../../H-x86_64-mingw32/nios2-elf/lib/mno-hw-mul\libsmallc.a(lib_a-strncmp.o)
 .data          0x000000000006a030        0x0 d:/softwares/intelfpga_lite/18.1/nios2eds/bin/gnu/h-x86_64-mingw32/bin/../lib/gcc/nios2-elf/5.3.0/../../../../../H-x86_64-mingw32/nios2-elf/lib/mno-hw-mul\libsmallc.a(lib_a-strtol.o)
 .data          0x000000000006a030        0x0 d:/softwares/intelfpga_lite/18.1/nios2eds/bin/gnu/h-x86_64-mingw32/bin/../lib/gcc/nios2-elf/5.3.0/../../../../../H-x86_64-mingw32/nios2-elf/lib/mno-hw-mul\libsmallc.a(lib_a-svfprintf.o)
 .data          0x000000000006a030        0x0 d:/softwares/intelfpga_lite/18.1/nios2eds/bin/gnu/h-x86_64-mingw32/bin/../lib/gcc/nios2-elf/5.3.0/../../../../../H-x86_64-mingw32/nios2-elf/lib/mno-hw-mul\libsmallc.a(lib_a-timesr.o)
 .data          0x000000000006a030        0x0 d:/softwares/intelfpga_lite/18.1/nios2eds/bin/gnu/h-x86_64-mingw32/bin/../lib/gcc/nios2-elf/5.3.0/../../../../../H-x86_64-mingw32/nios2-elf/lib/mno-hw-mul\libsmallc.a(lib_a-vfprintf.o)
 .data          0x000000000006a030        0x0 d:/softwares/intelfpga_lite/18.1/nios2eds/bin/gnu/h-x86_64-mingw32/bin/../lib/gcc/nios2-elf/5.3.0/../../../../../H-x86_64-mingw32/nios2-elf/lib/mno-hw-mul\libsmallc.a(lib_a-fvwrite_small_dev.o)
 .data          0x000000000006a030        0x0 d:/softwares/intelfpga_lite/18.1/nios2eds/bin/gnu/h-x86_64-mingw32/bin/../lib/gcc/nios2-elf/5.3.0/../../../../../H-x86_64-mingw32/nios2-elf/lib/mno-hw-mul\libsmallc.a(lib_a-fvwrite_small_str.o)
 .data          0x000000000006a030        0x0 d:/softwares/intelfpga_lite/18.1/nios2eds/bin/gnu/h-x86_64-mingw32/bin/../lib/gcc/nios2-elf/5.3.0/../../../../../H-x86_64-mingw32/nios2-elf/lib/mno-hw-mul\libsmallc.a(lib_a-int_errno.o)
 .data          0x000000000006a030        0x0 d:/softwares/intelfpga_lite/18.1/nios2eds/bin/gnu/h-x86_64-mingw32/bin/../lib/gcc/nios2-elf/5.3.0/../../../../../H-x86_64-mingw32/nios2-elf/lib/mno-hw-mul\libsmallc.a(lib_a-nano-mallocr.o)
 .data          0x000000000006a030        0x0 d:/softwares/intelfpga_lite/18.1/nios2eds/bin/gnu/h-x86_64-mingw32/bin/../lib/gcc/nios2-elf/5.3.0/../../../../../H-x86_64-mingw32/nios2-elf/lib/mno-hw-mul\libsmallc.a(lib_a-sbrkr.o)
 .data          0x000000000006a030        0x0 d:/softwares/intelfpga_lite/18.1/nios2eds/bin/gnu/h-x86_64-mingw32/bin/../lib/gcc/nios2-elf/5.3.0/../../../../../H-x86_64-mingw32/nios2-elf/lib/mno-hw-mul\libsmallc.a(lib_a-writer.o)
 .data          0x000000000006a030        0x0 ../ECE385_bsp/\libhal_bsp.a(alt_exit.o)
 .data          0x000000000006a030        0x0 ../ECE385_bsp/\libhal_bsp.a(alt_getpid.o)
 .data          0x000000000006a030        0x0 ../ECE385_bsp/\libhal_bsp.a(alt_iic.o)
 .data          0x000000000006a030        0x0 ../ECE385_bsp/\libhal_bsp.a(alt_iic_isr_register.o)
 .data          0x000000000006a030        0x0 ../ECE385_bsp/\libhal_bsp.a(alt_irq_entry.o)
 .data          0x000000000006a030        0x0 ../ECE385_bsp/\libhal_bsp.a(alt_irq_handler.o)
 .data          0x000000000006a030        0x0 ../ECE385_bsp/\libhal_bsp.a(alt_irq_vars.o)
 .data          0x000000000006a030        0x0 ../ECE385_bsp/\libhal_bsp.a(alt_kill.o)
 .data          0x000000000006a030        0x0 ../ECE385_bsp/\libhal_bsp.a(alt_load.o)
 .data          0x000000000006a030        0x0 ../ECE385_bsp/\libhal_bsp.a(alt_main.o)
 .data          0x000000000006a030        0x0 ../ECE385_bsp/\libhal_bsp.a(alt_sbrk.o)
 .data          0x000000000006a030        0x0 ../ECE385_bsp/\libhal_bsp.a(alt_times.o)
 .data          0x000000000006a030        0x0 ../ECE385_bsp/\libhal_bsp.a(alt_write.o)
 .data          0x000000000006a030      0x11c ../ECE385_bsp/\libhal_bsp.a(alt_sys_init.o)
 .data          0x000000000006a14c        0x0 ../ECE385_bsp/\libhal_bsp.a(altera_avalon_jtag_uart_fd.o)
 .data          0x000000000006a14c        0x0 ../ECE385_bsp/\libhal_bsp.a(altera_avalon_jtag_uart_read.o)
 .data          0x000000000006a14c        0x0 ../ECE385_bsp/\libhal_bsp.a(altera_avalon_jtag_uart_write.o)
 .data          0x000000000006a14c        0x0 ../ECE385_bsp/\libhal_bsp.a(altera_avalon_sgdma.o)
 .data          0x000000000006a14c        0x0 ../ECE385_bsp/\libhal_bsp.a(altera_avalon_timer_sc.o)
 .data          0x000000000006a14c        0x0 ../ECE385_bsp/\libhal_bsp.a(alt_close.o)
 .data          0x000000000006a14c        0x0 ../ECE385_bsp/\libhal_bsp.a(alt_dcache_flush.o)
 .data          0x000000000006a14c        0x0 ../ECE385_bsp/\libhal_bsp.a(alt_dcache_flush_all.o)
 .data          0x000000000006a14c      0x1a8 ../ECE385_bsp/\libhal_bsp.a(alt_dev.o)
                0x000000000006a14c                alt_fd_list
                0x000000000006a2cc                alt_dev_null
 .data          0x000000000006a2f4        0x0 ../ECE385_bsp/\libhal_bsp.a(alt_dev_llist_insert.o)
 .data          0x000000000006a2f4        0x0 ../ECE385_bsp/\libhal_bsp.a(alt_errno.o)
 .data          0x000000000006a2f4        0x0 ../ECE385_bsp/\libhal_bsp.a(alt_exception_entry.o)
 .data          0x000000000006a2f4        0x0 ../ECE385_bsp/\libhal_bsp.a(alt_find_dev.o)
 .data          0x000000000006a2f4        0x0 ../ECE385_bsp/\libhal_bsp.a(alt_icache_flush_all.o)
 .data          0x000000000006a2f4        0x0 ../ECE385_bsp/\libhal_bsp.a(alt_instruction_exception_entry.o)
 .data          0x000000000006a2f4        0x0 ../ECE385_bsp/\libhal_bsp.a(alt_io_redirect.o)
 .data          0x000000000006a2f4        0x0 ../ECE385_bsp/\libhal_bsp.a(alt_open.o)
 .data          0x000000000006a2f4        0x0 ../ECE385_bsp/\libhal_bsp.a(alt_release_fd.o)
 .data          0x000000000006a2f4        0x0 ../ECE385_bsp/\libhal_bsp.a(alt_tick.o)
 .data          0x000000000006a2f4        0x0 ../ECE385_bsp/\libhal_bsp.a(altera_nios2_gen2_irq.o)
 .data          0x000000000006a2f4        0x0 ../ECE385_bsp/\libhal_bsp.a(alt_find_file.o)
 .data          0x000000000006a2f4        0x0 ../ECE385_bsp/\libhal_bsp.a(alt_get_fd.o)
 .data          0x000000000006a2f4        0x0 d:/softwares/intelfpga_lite/18.1/nios2eds/bin/gnu/h-x86_64-mingw32/bin/../lib/gcc/nios2-elf/5.3.0/../../../../../H-x86_64-mingw32/nios2-elf/lib/mno-hw-mul\libsmallc.a(lib_a-exit.o)
 .data          0x000000000006a2f4        0x0 d:/softwares/intelfpga_lite/18.1/nios2eds/bin/gnu/h-x86_64-mingw32/bin/../lib/gcc/nios2-elf/5.3.0/../../../../../H-x86_64-mingw32/nios2-elf/lib/mno-hw-mul\libsmallc.a(lib_a-__call_atexit.o)
                0x00000000000722f4                _gp = ABSOLUTE ((. + 0x8000))
                [!provide]                        PROVIDE (gp, _gp)
 *(.rwdata .rwdata.*)
 *(.sdata .sdata.* .gnu.linkonce.s.*)
 .sdata         0x000000000006a2f4        0x8 obj/default/audio.o
                0x000000000006a2f4                audio_timer_ptr
                0x000000000006a2f8                audio_pio
 .sdata         0x000000000006a2fc        0x4 obj/default/comm.o
                0x000000000006a2fc                keycode_comm
 .sdata         0x000000000006a300        0x8 obj/default/ethernet.o
                0x000000000006a300                eth1_mdio
                0x000000000006a304                eth0_mdio
 .sdata         0x000000000006a308        0x4 obj/default/lwip/core/ipv4/dhcp.o
 .sdata         0x000000000006a30c        0x8 obj/default/lwip/core/ipv6/nd6.o
                0x000000000006a30c                retrans_timer
                0x000000000006a310                reachable_time
 .sdata         0x000000000006a314        0xe obj/default/lwip/core/tcp.o
 *fill*         0x000000000006a322        0x2 
 .sdata         0x000000000006a324        0x4 obj/default/lwip/core/timeouts.o
                0x000000000006a324                lwip_num_cyclic_timers
 .sdata         0x000000000006a328        0x2 obj/default/lwip/core/udp.o
 .sdata         0x000000000006a32a        0xc obj/default/lwip/netif/ethernet.o
                0x000000000006a32a                ethzero
                0x000000000006a330                ethbroadcast
 *fill*         0x000000000006a336        0x2 
 .sdata         0x000000000006a338       0x14 obj/default/main.o
                0x000000000006a338                io_vga_background_offset
                0x000000000006a33c                io_vga_sync
                0x000000000006a340                io_hex