Archive member included to satisfy reference by file (symbol)

d:/softwares/intelfpga_lite/18.1/nios2eds/bin/gnu/h-x86_64-mingw32/bin/../lib/gcc/nios2-elf/5.3.0/mno-hw-mul\libgcc.a(lib2-divmod.o)
                              obj/default/gamelogic.o (__divsi3)
d:/softwares/intelfpga_lite/18.1/nios2eds/bin/gnu/h-x86_64-mingw32/bin/../lib/gcc/nios2-elf/5.3.0/mno-hw-mul\libgcc.a(lib2-mul.o)
                              obj/default/gamelogic.o (__mulsi3)
d:/softwares/intelfpga_lite/18.1/nios2eds/bin/gnu/h-x86_64-mingw32/bin/../lib/gcc/nios2-elf/5.3.0/../../../../../H-x86_64-mingw32/nios2-elf/lib/mno-hw-mul\libsmallc.a(lib_a-abort.o)
                              obj/default/lwip/core/dns.o (abort)
d:/softwares/intelfpga_lite/18.1/nios2eds/bin/gnu/h-x86_64-mingw32/bin/../lib/gcc/nios2-elf/5.3.0/../../../../../H-x86_64-mingw32/nios2-elf/lib/mno-hw-mul\libsmallc.a(lib_a-atoi.o)
                              obj/default/lwip/core/netif.o (atoi)
d:/softwares/intelfpga_lite/18.1/nios2eds/bin/gnu/h-x86_64-mingw32/bin/../lib/gcc/nios2-elf/5.3.0/../../../../../H-x86_64-mingw32/nios2-elf/lib/mno-hw-mul\libsmallc.a(lib_a-clock.o)
                              obj/default/lwip_port/compat.o (clock)
d:/softwares/intelfpga_lite/18.1/nios2eds/bin/gnu/h-x86_64-mingw32/bin/../lib/gcc/nios2-elf/5.3.0/../../../../../H-x86_64-mingw32/nios2-elf/lib/mno-hw-mul\libsmallc.a(lib_a-ctype_.o)
                              obj/default/lwip/core/dns.o (__ctype_ptr__)
d:/softwares/intelfpga_lite/18.1/nios2eds/bin/gnu/h-x86_64-mingw32/bin/../lib/gcc/nios2-elf/5.3.0/../../../../../H-x86_64-mingw32/nios2-elf/lib/mno-hw-mul\libsmallc.a(lib_a-impure.o)
                              d:/softwares/intelfpga_lite/18.1/nios2eds/bin/gnu/h-x86_64-mingw32/bin/../lib/gcc/nios2-elf/5.3.0/../../../../../H-x86_64-mingw32/nios2-elf/lib/mno-hw-mul\libsmallc.a(lib_a-clock.o) (_impure_ptr)
d:/softwares/intelfpga_lite/18.1/nios2eds/bin/gnu/h-x86_64-mingw32/bin/../lib/gcc/nios2-elf/5.3.0/../../../../../H-x86_64-mingw32/nios2-elf/lib/mno-hw-mul\libsmallc.a(lib_a-memcmp.o)
                              obj/default/lwip/core/ipv4/autoip.o (memcmp)
d:/softwares/intelfpga_lite/18.1/nios2eds/bin/gnu/h-x86_64-mingw32/bin/../lib/gcc/nios2-elf/5.3.0/../../../../../H-x86_64-mingw32/nios2-elf/lib/mno-hw-mul\libsmallc.a(lib_a-memcpy.o)
                              obj/default/lwip/core/dns.o (memcpy)
d:/softwares/intelfpga_lite/18.1/nios2eds/bin/gnu/h-x86_64-mingw32/bin/../lib/gcc/nios2-elf/5.3.0/../../../../../H-x86_64-mingw32/nios2-elf/lib/mno-hw-mul\libsmallc.a(lib_a-memmove.o)
                              obj/default/lwip/core/def.o (memmove)
d:/softwares/intelfpga_lite/18.1/nios2eds/bin/gnu/h-x86_64-mingw32/bin/../lib/gcc/nios2-elf/5.3.0/../../../../../H-x86_64-mingw32/nios2-elf/lib/mno-hw-mul\libsmallc.a(lib_a-memset.o)
                              obj/default/lwip/core/ipv4/dhcp.o (memset)
d:/softwares/intelfpga_lite/18.1/nios2eds/bin/gnu/h-x86_64-mingw32/bin/../lib/gcc/nios2-elf/5.3.0/../../../../../H-x86_64-mingw32/nios2-elf/lib/mno-hw-mul\libsmallc.a(lib_a-printf.o)
                              obj/default/gamelogic.o (printf)
d:/softwares/intelfpga_lite/18.1/nios2eds/bin/gnu/h-x86_64-mingw32/bin/../lib/gcc/nios2-elf/5.3.0/../../../../../H-x86_64-mingw32/nios2-elf/lib/mno-hw-mul\libsmallc.a(lib_a-puts.o)
                              obj/default/ethernet.o (puts)
d:/softwares/intelfpga_lite/18.1/nios2eds/bin/gnu/h-x86_64-mingw32/bin/../lib/gcc/nios2-elf/5.3.0/../../../../../H-x86_64-mingw32/nios2-elf/lib/mno-hw-mul\libsmallc.a(lib_a-signal.o)
                              d:/softwares/intelfpga_lite/18.1/nios2eds/bin/gnu/h-x86_64-mingw32/bin/../lib/gcc/nios2-elf/5.3.0/../../../../../H-x86_64-mingw32/nios2-elf/lib/mno-hw-mul\libsmallc.a(lib_a-abort.o) (raise)
d:/softwares/intelfpga_lite/18.1/nios2eds/bin/gnu/h-x86_64-mingw32/bin/../lib/gcc/nios2-elf/5.3.0/../../../../../H-x86_64-mingw32/nios2-elf/lib/mno-hw-mul\libsmallc.a(lib_a-signalr.o)
                              d:/softwares/intelfpga_lite/18.1/nios2eds/bin/gnu/h-x86_64-mingw32/bin/../lib/gcc/nios2-elf/5.3.0/../../../../../H-x86_64-mingw32/nios2-elf/lib/mno-hw-mul\libsmallc.a(lib_a-signal.o) (_kill_r)
d:/softwares/intelfpga_lite/18.1/nios2eds/bin/gnu/h-x86_64-mingw32/bin/../lib/gcc/nios2-elf/5.3.0/../../../../../H-x86_64-mingw32/nios2-elf/lib/mno-hw-mul\libsmallc.a(lib_a-snprintf.o)
                              obj/default/gamelogic.o (snprintf)
d:/softwares/intelfpga_lite/18.1/nios2eds/bin/gnu/h-x86_64-mingw32/bin/../lib/gcc/nios2-elf/5.3.0/../../../../../H-x86_64-mingw32/nios2-elf/lib/mno-hw-mul\libsmallc.a(lib_a-strlen.o)
                              obj/default/lwip/core/def.o (strlen)
d:/softwares/intelfpga_lite/18.1/nios2eds/bin/gnu/h-x86_64-mingw32/bin/../lib/gcc/nios2-elf/5.3.0/../../../../../H-x86_64-mingw32/nios2-elf/lib/mno-hw-mul\libsmallc.a(lib_a-strncmp.o)
                              obj/default/lwip/core/def.o (strncmp)
[...]
Memory Configuration

Name             Origin             Length             Attributes
vga_sprite_7     0x0000000000000000 0x0000000000002000
vga_sprite_6     0x0000000000002000 0x0000000000002000
audio_mem        0x0000000000004000 0x0000000000004000
vga_sprite_5     0x0000000000008000 0x0000000000002000
vga_sprite_4     0x000000000000a000 0x0000000000002000
vga_sprite_3     0x000000000000c000 0x0000000000002000
vga_sprite_2     0x000000000000e000 0x0000000000002000
vga_sprite_1     0x0000000000010000 0x0000000000002000
vga_sprite_0     0x0000000000012000 0x0000000000002000
usb_keycode      0x0000000000015000 0x0000000000000400
reset            0x0000000000040000 0x0000000000000020
nios2_onchip_mem 0x0000000000040020 0x000000000003ffe0
sdram            0x0000000008000000 0x0000000008000000
*default*        0x0000000000000000 0xffffffffffffffff

Linker script and memory map

LOAD ../ECE385_bsp//obj/HAL/src/crt0.o
LOAD obj/default/comm.o
LOAD obj/default/ethernet.o
LOAD obj/default/gamelogic.o
LOAD obj/default/lwip/core/altcp.o
LOAD obj/default/lwip/core/altcp_alloc.o
LOAD obj/default/lwip/core/altcp_tcp.o
LOAD obj/default/lwip/core/def.o
LOAD obj/default/lwip/core/dns.o
LOAD obj/default/lwip/core/inet_chksum.o
LOAD obj/default/lwip/core/init.o
LOAD obj/default/lwip/core/ip.o
LOAD obj/default/lwip/core/ipv4/autoip.o
LOAD obj/default/lwip/core/ipv4/dhcp.o
LOAD obj/default/lwip/core/ipv4/etharp.o
LOAD obj/default/lwip/core/ipv4/icmp.o
LOAD obj/default/lwip/core/ipv4/igmp.o
LOAD obj/default/lwip/core/ipv4/ip4.o
LOAD obj/default/lwip/core/ipv4/ip4_addr.o
LOAD obj/default/lwip/core/ipv4/ip4_frag.o
LOAD obj/default/lwip/core/ipv6/dhcp6.o
LOAD obj/default/lwip/core/ipv6/ethip6.o
LOAD obj/default/lwip/core/ipv6/icmp6.o
LOAD obj/default/lwip/core/ipv6/inet6.o
LOAD obj/default/lwip/core/ipv6/ip6.o
LOAD obj/default/lwip/core/ipv6/ip6_addr.o
LOAD obj/default/lwip/core/ipv6/ip6_frag.o
LOAD obj/default/lwip/core/ipv6/mld6.o
LOAD obj/default/lwip/core/ipv6/nd6.o
LOAD obj/default/lwip/core/mem.o
LOAD obj/default/lwip/core/memp.o
LOAD obj/default/lwip/core/netif.o
LOAD obj/default/lwip/core/pbuf.o
LOAD obj/default/lwip/core/raw.o
LOAD obj/default/lwip/core/stats.o
LOAD obj/default/lwip/core/sys.o
LOAD obj/default/lwip/core/tcp.o
LOAD obj/default/lwip/core/tcp_in.o
LOAD obj/default/lwip/core/tcp_out.o
LOAD obj/default/lwip/core/timeouts.o
LOAD obj/default/lwip/core/udp.o
LOAD obj/default/lwip/netif/ethernet.o
LOAD obj/default/lwip_port/compat.o
LOAD obj/default/main.o
LOAD obj/default/resources/chinese.o
LOAD obj/default/resources/resource.o
LOAD obj/default/resources/vga_fonts.o
LOAD obj/default/rng.o
LOAD obj/default/sprites.o
LOAD obj/default/vga.o
LOAD d:/softwares/intelfpga_lite/18.1/nios2eds/bin/gnu/h-x86_64-mingw32/bin/../lib/gcc/nios2-elf/5.3.0/../../../../../H-x86_64-mingw32/nios2-elf/lib/mno-hw-mul\libstdc++.a
LOAD d:/softwares/intelfpga_lite/18.1/nios2eds/bin/gnu/h-x86_64-mingw32/bin/../lib/gcc/nios2-elf/5.3.0/../../../../../H-x86_64-mingw32/nios2-elf/lib/mno-hw-mul\libm.a
LOAD d:/softwares/intelfpga_lite/18.1/nios2eds/bin/gnu/h-x86_64-mingw32/bin/../lib/gcc/nios2-elf/5.3.0/mno-hw-mul\libgcc.a
START GROUP
LOAD d:/softwares/intelfpga_lite/18.1/nios2eds/bin/gnu/h-x86_64-mingw32/bin/../lib/gcc/nios2-elf/5.3.0/../../../../../H-x86_64-mingw32/nios2-elf/lib/mno-hw-mul\libsmallc.a
LOAD d:/softwares/intelfpga_lite/18.1/nios2eds/bin/gnu/h-x86_64-mingw32/bin/../lib/gcc/nios2-elf/5.3.0/mno-hw-mul\libgcc.a
LOAD ../ECE385_bsp/\libhal_bsp.a
LOAD d:/softwares/intelfpga_lite/18.1/nios2eds/bin/gnu/h-x86_64-mingw32/bin/../lib/gcc/nios2-elf/5.3.0/../../../../../H-x86_64-mingw32/nios2-elf/lib/mno-hw-mul\libm.a
END GROUP
LOAD d:/softwares/intelfpga_lite/18.1/nios2eds/bin/gnu/h-x86_64-mingw32/bin/../lib/gcc/nios2-elf/5.3.0/mno-hw-mul\libgcc.a
                0x0000000000000000                __alt_mem_vga_sprite_7 = 0x0
                0x0000000000002000                __alt_mem_vga_sprite_6 = 0x2000
                0x0000000000004000                __alt_mem_audio_mem = 0x4000
                0x0000000000008000                __alt_mem_vga_sprite_5 = 0x8000
                0x000000000000a000                __alt_mem_vga_sprite_4 = 0xa000
                0x000000000000c000                __alt_mem_vga_sprite_3 = 0xc000
                0x000000000000e000                __alt_mem_vga_sprite_2 = 0xe000
                0x0000000000010000                __alt_mem_vga_sprite_1 = 0x10000
                0x0000000000012000                __alt_mem_vga_sprite_0 = 0x12000
                0x0000000000015000                __alt_mem_usb_keycode = 0x15000
                0x0000000000040000                __alt_mem_nios2_onchip_mem = 0x40000
                0x0000000008000000                __alt_mem_sdram = 0x8000000

.entry          0x0000000000040000       0x20
 *(.entry)
 .entry         0x0000000000040000       0x20 ../ECE385_bsp//obj/HAL/src/crt0.o
                0x0000000000040000                __reset

.exceptions     0x0000000000040020      0x164
                0x0000000000040020                PROVIDE (__ram_exceptions_start, ABSOLUTE (.))
                0x0000000000040020                . = ALIGN (0x20)
 *(.irq)
 *(.exceptions.entry.label)
 .exceptions.entry.label
                0x0000000000040020        0x0 ../ECE385_bsp/\libhal_bsp.a(alt_irq_entry.o)
                0x0000000000040020                alt_irq_entry
 .exceptions.entry.label
                0x0000000000040020        0x0 ../ECE385_bsp/\libhal_bsp.a(alt_exception_entry.o)
                0x0000000000040020                alt_exception
 *(.exceptions.entry.user)
 *(.exceptions.entry.ecc_fatal)
 *(.exceptions.entry)
 .exceptions.entry
                0x0000000000040020       0x54 ../ECE385_bsp/\libhal_bsp.a(alt_exception_entry.o)
 *(.exceptions.irqtest.user)
 *(.exceptions.irqtest)
 .exceptions.irqtest
                0x0000000000040074       0x10 ../ECE385_bsp/\libhal_bsp.a(alt_irq_entry.o)
 *(.exceptions.irqhandler.user)
 *(.exceptions.irqhandler)
 .exceptions.irqhandler
                0x0000000000040084        0x4 ../ECE385_bsp/\libhal_bsp.a(alt_irq_entry.o)
 *(.exceptions.irqreturn.user)
 *(.exceptions.irqreturn)
 .exceptions.irqreturn
                0x0000000000040088        0x4 ../ECE385_bsp/\libhal_bsp.a(alt_irq_entry.o)
 *(.exceptions.notirq.label)
 .exceptions.notirq.label
                0x000000000004008c        0x0 ../ECE385_bsp/\libhal_bsp.a(alt_irq_entry.o)
 *(.exceptions.notirq.user)
 *(.exceptions.notirq)
 .exceptions.notirq
                0x000000000004008c        0x8 ../ECE385_bsp/\libhal_bsp.a(alt_exception_entry.o)
 *(.exceptions.soft.user)
 *(.exceptions.soft)
 *(.exceptions.unknown.user)
 *(.exceptions.unknown)
 .exceptions.unknown
                0x0000000000040094       0x14 ../ECE385_bsp/\libhal_bsp.a(alt_exception_entry.o)
 *(.exceptions.exit.label)
 .exceptions.exit.label
                0x00000000000400a8        0x0 ../ECE385_bsp/\libhal_bsp.a(alt_irq_entry.o)
 .exceptions.exit.label
                0x00000000000400a8        0x0 ../ECE385_bsp/\libhal_bsp.a(alt_exception_entry.o)
 *(.exceptions.exit.user)
 *(.exceptions.exit)
 .exceptions.exit
                0x00000000000400a8       0x54 ../ECE385_bsp/\libhal_bsp.a(alt_exception_entry.o)
 *(.exceptions)
 .exceptions    0x00000000000400fc       0x64 ../ECE385_bsp/\libhal_bsp.a(alt_irq_handler.o)
                0x00000000000400fc                alt_irq_handler
 .exceptions    0x0000000000040160       0x24 ../ECE385_bsp/\libhal_bsp.a(alt_instruction_exception_entry.o)
                0x0000000000040160                alt_instruction_exception_entry
                0x0000000000040184                PROVIDE (__ram_exceptions_end, ABSOLUTE (.))
                0x0000000000040020                PROVIDE (__flash_exceptions_start, LOADADDR (.exceptions))

.resources      0x0000000008000000   0x1de4a0
                [!provide]                        PROVIDE (_alt_partition_resources_start, ABSOLUTE (.))
 *(.resources .resources.*)
 .resources     0x0000000008000000    0xa34a0 obj/default/resources/chinese.o
                0x0000000008000000                chinese_font
 .resources     0x00000000080a34a0   0x13a000 obj/default/resources/resource.o
                0x00000000080a34a0                background
                0x00000000081cf4a0                explosion21
                0x00000000081cfca0                explosion20
                0x00000000081d04a0                explosion19
                0x00000000081d0ca0                explosion18
                0x00000000081d14a0                explosion17
                0x00000000081d1ca0                explosion16
                0x00000000081d24a0                explosion15
                0x00000000081d2ca0                explosion14
                0x00000000081d34a0                explosion13
                0x00000000081d3ca0                explosion12
                0x00000000081d44a0                explosion11
                0x00000000081d4ca0                explosion10
                0x00000000081d54a0                explosion9
                0x00000000081d5ca0                explosion8
                0x00000000081d64a0                explosion7
                0x00000000081d6ca0                explosion6
                0x00000000081d74a0                explosion5
                0x00000000081d7ca0                explosion4
                0x00000000081d84a0                explosion3
                0x00000000081d8ca0                explosion2
                0x00000000081d94a0                explosion1
                0x00000000081d9ca0                explosion0
                0x00000000081da4a0                enemy2
                0x00000000081db0a0                enemy1
                0x00000000081dbca0                enemy0
                0x00000000081dc8a0                plane
 .resources     0x00000000081dd4a0     0x1000 obj/default/resources/vga_fonts.o
                0x00000000081dd4a0                font_data
                0x00000000081de4a0                . = ALIGN (0x4)
                [!provide]                        PROVIDE (_alt_partition_resources_end, ABSOLUTE (.))

.onchip         0x0000000000040184     0x1900
                [!provide]                        PROVIDE (_alt_partition_onchip_start, ABSOLUTE (.))
 *(.onchip .onchip.*)
 .onchip        0x0000000000040184     0x1900 obj/default/ethernet.o
                0x0000000000040184                eth1_rx_frame
                0x0000000000040984                eth0_rx_frame
                0x0000000000041184                tx_frame
                0x0000000000041984                eth1_rx_descriptor_end
                0x00000000000419a4                eth1_rx_descriptor
                0x00000000000419c4                eth1_tx_descriptor_end
                0x00000000000419e4                eth1_tx_descriptor
                0x0000000000041a04                eth0_rx_descriptor_end
                0x0000000000041a24                eth0_rx_descriptor
                0x0000000000041a44                eth0_tx_descriptor_end
                0x0000000000041a64                eth0_tx_descriptor
                0x0000000000041a84                . = ALIGN (0x4)
                [!provide]                        PROVIDE (_alt_partition_onchip_end, ABSOLUTE (.))

.text           0x0000000000041a84    0x24d3c
                [!provide]                        PROVIDE (stext, ABSOLUTE (.))
 *(.interp)
 *(.hash)
 *(.dynsym)
 *(.dynstr)
 *(.gnu.version)
 *(.gnu.version_d)
 *(.gnu.version_r)
 *(.rel.init)
 *(.rela.init)
 *(.rel.text .rel.text.* .rel.gnu.linkonce.t.*)
 *(.rela.text .rela.text.* .rela.gnu.linkonce.t.*)
 *(.rel.fini)
 *(.rela.fini)
 *(.rel.rodata .rel.rodata.* .rel.gnu.linkonce.r.*)
 *(.rela.rodata .rela.rodata.* .rela.gnu.linkonce.r.*)
 *(.rel.data .rel.data.* .rel.gnu.linkonce.d.*)
 *(.rela.data .rela.data.* .rela.gnu.linkonce.d.*)
 *(.rel.tdata .rel.tdata.* .rel.gnu.linkonce.td.*)
 *(.rela.tdata .rela.tdata.* .rela.gnu.linkonce.td.*)
 *(.rel.tbss .rel.tbss.* .rel.gnu.linkonce.tb.*)
 *(.rela.tbss .rela.tbss.* .rela.gnu.linkonce.tb.*)
 *(.rel.ctors)
 *(.rela.ctors)
 *(.rel.dtors)
 *(.rela.dtors)
 *(.rel.got)
 *(.rela.got)
 *(.rel.sdata .rel.sdata.* .rel.gnu.linkonce.s.*)
 *(.rela.sdata .rela.sdata.* .rela.gnu.linkonce.s.*)
 *(.rel.sbss .rel.sbss.* .rel.gnu.linkonce.sb.*)
 *(.rela.sbss .rela.sbss.* .rela.gnu.linkonce.sb.*)
 *(.rel.sdata2 .rel.sdata2.* .rel.gnu.linkonce.s2.*)
 *(.rela.sdata2 .rela.sdata2.* .rela.gnu.linkonce.s2.*)
 *(.rel.sbss2 .rel.sbss2.* .rel.gnu.linkonce.sb2.*)
 *(.rela.sbss2 .rela.sbss2.* .rela.gnu.linkonce.sb2.*)
 *(.rel.bss .rel.bss.* .rel.gnu.linkonce.b.*)
 *(.rela.bss .rela.bss.* .rela.gnu.linkonce.b.*)
 *(.rel.plt)
 *(.rela.plt)
 *(.rel.dyn)
 *(.init)
 *(.plt)
 *(.text .stub .text.* .gnu.linkonce.t.*)
 .text          0x0000000000041a84       0x3c ../ECE385_bsp//obj/HAL/src/crt0.o
                0x0000000000041a84                _start
 .text          0x0000000000041ac0        0x0 obj/default/comm.o
 .text          0x0000000000041ac0      0x7d4 obj/default/ethernet.o
                0x0000000000041ac0                eth0_rx_interrupt
                0x0000000000041b04                eth1_rx_interrupt
                0x0000000000041b48                eth0_tx
                0x0000000000041bd8                eth1_tx
                0x0000000000041c68                eth_init
                0x0000000000041d7c                eth_ip_reverse
                0x0000000000041da4                eth0_rx_start
                0x0000000000041df4                eth0_init
                0x0000000000041f00                eth0_ip
                0x0000000000041f34                eth1_rx_start
                0x0000000000041f84                eth_loop
                0x0000000000042154                eth1_init
                0x0000000000042260                eth1_ip
 .text          0x0000000000042294      0xcd8 obj/default/gamelogic.o
                0x00000000000425b4                game_init
                0x000000000004275c                handle_player_plane_keyboard
                0x0000000000042b90                handle_enemy_planes_spawn
                0x0000000000042ba4                handle_enemy_planes_firing
                0x0000000000042d68                game_loop
                0x0000000000042ed4                game_over
 .text          0x0000000000042f6c        0x0 obj/default/lwip/core/altcp.o
 .text          0x0000000000042f6c        0x0 obj/default/lwip/core/altcp_alloc.o
 .text          0x0000000000042f6c        0x0 obj/default/lwip/core/altcp_tcp.o
 .text          0x0000000000042f6c      0x2e8 obj/default/lwip/core/def.o
                0x0000000000042f6c                lwip_htons
                0x0000000000042f80                lwip_htonl
                0x0000000000042fa8                lwip_strnstr
                0x0000000000043050                lwip_stricmp
                0x00000000000430c0                lwip_strnicmp
                0x0000000000043144                lwip_itoa
 .text          0x0000000000043254     0x1688 obj/default/lwip/core/dns.o
                0x0000000000044280                dns_init
                0x0000000000044284                dns_setserver
                0x0000000000044348                dns_getserver
                0x0000000000044388                dns_tmr
                0x00000000000443b8                dns_gethostbyname_addrtype
                0x00000000000448bc                dns_gethostbyname
 .text.unlikely
                0x00000000000448dc       0xcc obj/default/lwip/core/dns.o
 .text          0x00000000000449a8      0x608 obj/default/lwip/core/inet_chksum.o
                0x00000000000449a8                lwip_standard_chksum
                0x0000000000044ce0                inet_chksum_pseudo
                0x0000000000044d2c                ip6_chksum_pseudo
                0x0000000000044d90                ip_chksum_pseudo
                0x0000000000044dd0                inet_chksum_pseudo_partial
                0x0000000000044e28                ip6_chksum_pseudo_partial
                0x0000000000044e98                ip_chksum_pseudo_partial
                0x0000000000044ee0                inet_chksum
                0x0000000000044f00                inet_chksum_pbuf
 .text          0x0000000000044fb0       0x30 obj/default/lwip/core/init.o
                0x0000000000044fb0                lwip_init
 .text          0x0000000000044fe0       0xc4 obj/default/lwip/core/ip.o
                0x0000000000044fe0                ipaddr_ntoa
                0x0000000000045000                ipaddr_ntoa_r
                0x0000000000045020                ipaddr_aton
                0x000000000004507c                ip_input
 .text          0x00000000000450a4      0x670 obj/default/lwip/core/ipv4/autoip.o
                0x0000000000045130                autoip_set_struct
                0x000000000004520c                autoip_start
                0x000000000004534c                autoip_network_changed
                0x0000000000045364                autoip_stop
                0x00000000000453b0                autoip_tmr
                0x0000000000045578                autoip_arp_reply
                0x00000000000456cc                autoip_supplied_address
                0x00000000000456f4                autoip_accept_packet
 .text          0x0000000000045714     0x2a74 obj/default/lwip/core/ipv4/dhcp.o
                0x00000000000472d8                dhcp_set_struct
                0x00000000000473ac                dhcp_cleanup
                0x000000000004740c                dhcp_inform
                0x0000000000047568                dhcp_network_changed
                0x0000000000047638                dhcp_arp_reply
                0x00000000000477b8                dhcp_renew
                0x00000000000479a4                dhcp_release_and_stop
                0x0000000000047bc8                dhcp_start
                0x0000000000047d1c                dhcp_coarse_tmr
                0x0000000000048010                dhcp_fine_tmr
                0x000000000004812c                dhcp_release
                0x0000000000048148                dhcp_stop
                0x000000000004814c                dhcp_supplied_address
 .text.unlikely
                0x0000000000048188      0x1f4 obj/default/lwip/core/ipv4/dhcp.o
 .text          0x000000000004837c     0x14b0 obj/default/lwip/core/ipv4/etharp.o
                0x0000000000048b54                etharp_tmr
                0x0000000000048c78                etharp_cleanup_netif
                0x0000000000048d08                etharp_find_addr
                0x0000000000048de8                etharp_get_entry
                0x0000000000048f2c                etharp_input
                0x0000000000049248                etharp_query
                0x000000000004958c                etharp_output
                0x00000000000497ec                etharp_request
 .text          0x000000000004982c      0x3d4 obj/default/lwip/core/ipv4/icmp.o
                0x000000000004996c                icmp_input
                0x0000000000049be8                icmp_dest_unreach
                0x0000000000049bf4                icmp_time_exceeded
 .text          0x0000000000049c00      0xc44 obj/default/lwip/core/ipv4/igmp.o
                0x0000000000049f58                igmp_init
                0x0000000000049f74                igmp_start
                0x0000000000049ff0                igmp_stop
                0x000000000004a060                igmp_report_groups
                0x000000000004a0a0                igmp_lookfor_group
                0x000000000004a0d8                igmp_input
                0x000000000004a278                igmp_joingroup_netif
                0x000000000004a3dc                igmp_joingroup
                0x000000000004a4dc                igmp_leavegroup_netif
                0x000000000004a680                igmp_leavegroup
                0x000000000004a798                igmp_tmr
 .text          0x000000000004a844      0x998 obj/default/lwip/core/ipv4/ip4.o
                0x000000000004a8c8                ip4_set_default_multicast_netif
                0x000000000004a8d0                ip4_route
                0x000000000004a970                ip4_input
                0x000000000004ad48                ip4_output_if_opt_src
                0x000000000004b028                ip4_output_if_opt
                0x000000000004b078                ip4_output_if
                0x000000000004b0d0                ip4_output_if_src
                0x000000000004b10c                ip4_output
 .text          0x000000000004b1dc      0x534 obj/default/lwip/core/ipv4/ip4_addr.o
                0x000000000004b1dc                ip4_addr_isbroadcast_u32
                0x000000000004b22c                ip4_addr_netmask_valid
                0x000000000004b28c                ip4addr_aton
                0x000000000004b578                ipaddr_addr
                0x000000000004b5ac                ip4addr_ntoa_r
                0x000000000004b700                ip4addr_ntoa
 .text          0x000000000004b710     0x1048 obj/default/lwip/core/ipv4/ip4_frag.o
                0x000000000004bb44                ip_reass_tmr
                0x000000000004bbac                ip4_reass
                0x000000000004c3c4                ip4_frag
 .text.unlikely
                0x000000000004c758       0x34 obj/default/lwip/core/ipv4/ip4_frag.o
 .text          0x000000000004c78c        0x0 obj/default/lwip/core/ipv6/dhcp6.o
 .text          0x000000000004c78c       0xf0 obj/default/lwip/core/ipv6/ethip6.o
                0x000000000004c78c                ethip6_output
 .text          0x000000000004c87c      0x4bc obj/default/lwip/core/ipv6/icmp6.o
                0x000000000004caac                icmp6_input
                0x000000000004cc18                icmp6_dest_unreach
                0x000000000004cc28                icmp6_packet_too_big
                0x000000000004cc38                icmp6_time_exceeded
                0x000000000004cc48                icmp6_time_exceeded_with_addrs
                0x000000000004cd1c                icmp6_param_problem
 .text          0x000000000004cd38        0x0 obj/default/lwip/core/ipv6/inet6.o
 .text          0x000000000004cd38     0x16ec obj/default/lwip/core/ipv6/ip6.o
                0x000000000004cdd0                ip6_route
                0x000000000004d148                ip6_select_source_address
                0x000000000004d3b0                ip6_input
                0x000000000004dc58                ip6_output_if_src
                0x000000000004e060                ip6_output_if
                0x000000000004e14c                ip6_output
                0x000000000004e3a0                ip6_options_add_hbh_ra
 .text          0x000000000004e424      0x610 obj/default/lwip/core/ipv6/ip6_addr.o
                0x000000000004e424                ip6addr_aton
                0x000000000004e73c                ip6addr_ntoa_r
                0x000000000004ea24                ip6addr_ntoa
 .text          0x000000000004ea34     0x1018 obj/default/lwip/core/ipv6/ip6_frag.o
                0x000000000004edc4                ip6_reass_tmr
                0x000000000004ee18                ip6_reass
                0x000000000004f714                ip6_frag
 .text.unlikely
                0x000000000004fa4c       0x34 obj/default/lwip/core/ipv6/ip6_frag.o
 .text          0x000000000004fa80      0xb20 obj/default/lwip/core/ipv6/mld6.o
                0x000000000004fcf8                mld6_stop
                0x000000000004fd68                mld6_report_groups
                0x000000000004fda0                mld6_lookfor_group
                0x000000000004fe00                mld6_input
                0x000000000005001c                mld6_joingroup_netif
                0x00000000000501d4                mld6_joingroup
                0x0000000000050294                mld6_leavegroup_netif
                0x0000000000050440                mld6_leavegroup
                0x0000000000050508                mld6_tmr
 .text          0x00000000000505a0     0x3828 obj/default/lwip/core/ipv6/nd6.o
                0x00000000000514ec                nd6_input
                0x0000000000052b40                nd6_tmr
                0x0000000000053024                nd6_clear_destination_cache
                0x0000000000053070                nd6_find_route
                0x0000000000053160                nd6_get_next_hop_addr_or_queue
                0x000000000005391c                nd6_get_destination_mtu
                0x000000000005398c                nd6_reachability_hint
                0x0000000000053b5c                nd6_cleanup_netif
                0x0000000000053c88                nd6_adjust_mld_membership
                0x0000000000053dbc                nd6_restart_netif
 .text.unlikely
                0x0000000000053dc8       0xa0 obj/default/lwip/core/ipv6/nd6.o
 .text          0x0000000000053e68      0x66c obj/default/lwip/core/mem.o
                0x0000000000053e68                mem_init
                0x0000000000053eac                mem_free
                0x00000000000540a4                mem_trim
                0x0000000000054284                mem_malloc
                0x000000000005446c                mem_calloc
 .text          0x00000000000544d4      0x2a0 obj/default/lwip/core/memp.o
                0x00000000000544d4                memp_init_pool
                0x000000000005451c                memp_init
                0x0000000000054594                memp_malloc_pool
                0x0000000000054608                memp_malloc
                0x0000000000054690                memp_free_pool
                0x00000000000546f4                memp_free
 .text.unlikely
                0x0000000000054774       0x68 obj/default/lwip/core/memp.o
 .text          0x00000000000547dc     0x158c obj/default/lwip/core/netif.o
                0x0000000000054a14                netif_init
                0x0000000000054a18                netif_input
                0x0000000000054aa4                netif_set_ipaddr
                0x0000000000054b00                netif_set_netmask
                0x0000000000054b6c                netif_set_gw
                0x0000000000054bd8                netif_set_addr
                0x0000000000054cd0                netif_add
                0x0000000000055018                netif_add_noaddr
                0x0000000000055048                netif_set_default
                0x0000000000055050                netif_set_up
                0x00000000000550d0                netif_set_down
                0x0000000000055158                netif_remove
                0x0000000000055278                netif_set_link_up
                0x0000000000055308                netif_set_link_down
                0x0000000000055358                netif_ip6_addr_set_parts
                0x0000000000055590                netif_ip6_addr_set
                0x000000000005562c                netif_ip6_addr_set_state
                0x0000000000055780                netif_get_ip6_addr_match
                0x0000000000055888                netif_create_ip6_linklocal_address
                0x0000000000055a0c                netif_add_ip6_address
                0x0000000000055bd0                netif_index_to_name
                0x0000000000055c68                netif_get_by_index
                0x0000000000055cbc                netif_find
                0x0000000000055d34                netif_name_to_index
 .text          0x0000000000055d68     0x1688 obj/default/lwip/core/pbuf.o
                0x0000000000055f0c                pbuf_free_ooseq
                0x0000000000055f34                pbuf_alloc_reference
                0x0000000000055fdc                pbuf_alloced_custom
                0x0000000000056048                pbuf_add_header
                0x0000000000056050                pbuf_add_header_force
                0x0000000000056058                pbuf_remove_header
                0x0000000000056128                pbuf_header
                0x0000000000056148                pbuf_header_force
                0x0000000000056168                pbuf_free
                0x00000000000562e8                pbuf_alloc
                0x0000000000056554                pbuf_realloc
                0x000000000005669c                pbuf_free_header
                0x0000000000056734                pbuf_clen
                0x0000000000056750                pbuf_ref
                0x0000000000056778                pbuf_cat
                0x0000000000056840                pbuf_chain
                0x0000000000056880                pbuf_dechain
                0x0000000000056968                pbuf_copy
                0x0000000000056b8c                pbuf_copy_partial
                0x0000000000056cc4                pbuf_get_contiguous
                0x0000000000056dd4                pbuf_skip
                0x0000000000056e1c                pbuf_take
                0x0000000000056fa0                pbuf_take_at
                0x00000000000570b4                pbuf_clone
                0x0000000000057144                pbuf_coalesce
                0x00000000000571a0                pbuf_get_at
                0x00000000000571f4                pbuf_try_get_at
                0x0000000000057244                pbuf_put_at
                0x0000000000057290                pbuf_memcmp
                0x00000000000572b0                pbuf_memfind
                0x0000000000057368                pbuf_strstr
 .text.unlikely
                0x00000000000573f0       0x34 obj/default/lwip/core/pbuf.o
 .text          0x0000000000057424      0xcec obj/default/lwip/core/raw.o
                0x0000000000057424                raw_input
                0x00000000000576e8                raw_bind
                0x00000000000577e8                raw_bind_netif
                0x0000000000057804                raw_connect
                0x0000000000057920                raw_disconnect
                0x00000000000579f0                raw_recv
                0x00000000000579fc                raw_sendto_if_src
                0x0000000000057d3c                raw_sendto
                0x0000000000057eb8                raw_send
                0x0000000000057ec0                raw_remove
                0x0000000000057f14                raw_new
                0x0000000000057f7c                raw_new_ip_type
                0x0000000000057fb0                raw_netif_ip_addr_changed
 .text          0x0000000000058110        0x0 obj/default/lwip/core/stats.o
 .text          0x0000000000058110        0x0 obj/default/lwip/core/sys.o
 .text          0x0000000000058110     0x2a94 obj/default/lwip/core/tcp.o
                0x0000000000058274                tcp_init
                0x0000000000058298                tcp_free
                0x00000000000582e4                tcp_bind
                0x0000000000058668                tcp_bind_netif
                0x0000000000058684                tcp_listen_with_backlog_and_err
                0x0000000000058850                tcp_listen_with_backlog
                0x000000000005885c                tcp_update_rcv_ann_wnd
                0x000000000005894c                tcp_recved
                0x0000000000058a3c                tcp_txnow
                0x0000000000058a88                tcp_seg_free
                0x0000000000058ac4                tcp_segs_free
                0x0000000000058af4                tcp_setprio
                0x0000000000058b34                tcp_seg_copy
                0x0000000000058bb8                tcp_arg
                0x0000000000058bc4                tcp_recv
                0x0000000000058c10                tcp_sent
                0x0000000000058c5c                tcp_err
                0x0000000000058ca8                tcp_accept
                0x0000000000058cc0                tcp_poll
                0x0000000000058d44                tcp_pcb_purge
                0x0000000000058e20                tcp_slowtmr
                0x0000000000059590                tcp_pcb_remove
                0x00000000000599d8                tcp_close
                0x0000000000059a30                tcp_recv_null
                0x0000000000059abc                tcp_process_refused_data
                0x0000000000059bdc                tcp_fasttmr
                0x0000000000059cbc                tcp_tmr
                0x0000000000059cf4                tcp_shutdown
                0x0000000000059dc8                tcp_abandon
                0x000000000005a03c                tcp_abort
                0x000000000005a22c                tcp_alloc
                0x000000000005a448                tcp_new
                0x000000000005a450                tcp_new_ip_type
                0x000000000005a484                tcp_next_iss
                0x000000000005a4a8                tcp_eff_send_mss_netif
                0x000000000005a580                tcp_connect
                0x000000000005a90c                tcp_netif_ip_addr_changed
                0x000000000005aa9c                tcp_debug_state_str
                0x000000000005aab8                tcp_tcp_get_tcp_addrinfo
                0x000000000005ab60                tcp_free_ooseq
 .text.unlikely
                0x000000000005aba4       0x34 obj/default/lwip/core/tcp.o
 .text          0x000000000005abd8     0x2c54 obj/default/lwip/core/tcp_in.o
                0x000000000005c2a8                tcp_input
                0x000000000005d81c                tcp_trigger_input_pcb_close
 .text          0x000000000005d82c     0x28e4 obj/default/lwip/core/tcp_out.o
                0x000000000005df9c                tcp_write
                0x000000000005e994                tcp_split_unsent_seg
                0x000000000005eca0                tcp_enqueue_flags
                0x000000000005eee4                tcp_send_fin
                0x000000000005efdc                tcp_rexmit_rto_prepare
                0x000000000005f104                tcp_rexmit
                0x000000000005f258                tcp_rexmit_fast
                0x000000000005f340                tcp_rst
                0x000000000005f47c                tcp_send_empty_ack
                0x000000000005f554                tcp_output
                0x000000000005fd78                tcp_rexmit_rto_commit
                0x000000000005fdcc                tcp_rexmit_rto
                0x000000000005fe44                tcp_keepalive
                0x000000000005fef0                tcp_zero_window_probe
 .text          0x0000000000060110      0x418 obj/default/lwip/core/timeouts.o
                0x0000000000060290                tcp_timer_needed
                0x00000000000602e4                sys_timeout
                0x0000000000060354                sys_timeouts_init
                0x00000000000603a8                sys_untimeout
                0x00000000000603fc                sys_check_timeouts
                0x0000000000060498                sys_restart_timeouts
                0x00000000000604e0                sys_timeouts_sleeptime
 .text          0x0000000000060528     0x1668 obj/default/lwip/core/udp.o
                0x0000000000060528                udp_init
                0x000000000006054c                udp_input
                0x0000000000060a50                udp_bind
                0x0000000000060dac                udp_sendto_if_src
                0x000000000006118c                udp_sendto_if
                0x0000000000061388                udp_sendto
                0x0000000000061554                udp_send
                0x00000000000615ec                udp_bind_netif
                0x0000000000061608                udp_connect
                0x00000000000617e8                udp_disconnect
                0x00000000000618e4                udp_recv
                0x0000000000061928                udp_remove
                0x00000000000619b4                udp_new
                0x0000000000061a00                udp_new_ip_type
                0x0000000000061a30                udp_netif_ip_addr_changed
 .text          0x0000000000061b90      0x2cc obj/default/lwip/netif/ethernet.o
                0x0000000000061b90                ethernet_input
                0x0000000000061d10                ethernet_output
 .text          0x0000000000061e5c        0xc obj/default/lwip_port/compat.o
                0x0000000000061e5c                sys_now
                0x0000000000061e60                fflush
 .text          0x0000000000061e68        0x0 obj/default/main.o
 .text.startup  0x0000000000061e68       0xbc obj/default/main.o
                0x0000000000061e68                main
 .text          0x0000000000061f24        0x0 obj/default/resources/chinese.o
 .text          0x0000000000061f24        0x0 obj/default/resources/resource.o
 .text          0x0000000000061f24        0x0 obj/default/resources/vga_fonts.o
 .text          0x0000000000061f24       0x38 obj/default/rng.o
                0x0000000000061f24                rng_generate
 .text          0x0000000000061f5c      0xf8c obj/default/sprites.o
                0x00000000000621b4                sprites_init
                0x00000000000622a0                sprites_allocate
                0x00000000000623d8                sprites_get
                0x0000000000062430                sprites_deallocate
                0x0000000000062448                sprites_visible
                0x0000000000062460                sprites_load_data
                0x0000000000062478                sprites_limit_speed
                0x0000000000062674                sprites_tick
                0x0000000000062980                sprites_collision_detect
 .text          0x0000000000062ee8      0x6f4 obj/default/vga.o
                0x0000000000062ee8                vga_erase
                0x0000000000062f98                vga_fill
                0x0000000000063054                vga_set
                0x0000000000063128                vga_scroll_init
                0x0000000000063134                vga_scroll
                0x000000000006323c                utf8_to_code
                0x00000000000632b0                utf8_len
                0x00000000000632f8                vga_english
                0x00000000000633cc                vga_chinese
                0x00000000000634d0                vga_statusbar_english
                0x00000000000634e0                vga_statusbar_chinese
                0x00000000000634f0                vga_statusbar_string
 .text          0x00000000000635dc      0x1b4 d:/softwares/intelfpga_lite/18.1/nios2eds/bin/gnu/h-x86_64-mingw32/bin/../lib/gcc/nios2-elf/5.3.0/mno-hw-mul\libgcc.a(lib2-divmod.o)
                0x00000000000635dc                __divsi3
                0x0000000000063660                __modsi3
                0x00000000000636d4                __udivsi3
                0x0000000000063738                __umodsi3
 .text          0x0000000000063790       0x28 d:/softwares/intelfpga_lite/18.1/nios2eds/bin/gnu/h-x86_64-mingw32/bin/../lib/gcc/nios2-elf/5.3.0/mno-hw-mul\libgcc.a(lib2-mul.o)
                0x0000000000063790                __mulsi3
 .text          0x00000000000637b8        0x0 d:/softwares/intelfpga_lite/18.1/nios2eds/bin/gnu/h-x86_64-mingw32/bin/../lib/gcc/nios2-elf/5.3.0/../../../../../H-x86_64-mingw32/nios2-elf/lib/mno-hw-mul\libsmallc.a(lib_a-abort.o)
 .text.abort    0x00000000000637b8       0x18 d:/softwares/intelfpga_lite/18.1/nios2eds/bin/gnu/h-x86_64-mingw32/bin/../lib/gcc/nios2-elf/5.3.0/../../../../../H-x86_64-mingw32/nios2-elf/lib/mno-hw-mul\libsmallc.a(lib_a-abort.o)
                0x00000000000637b8                abort
 .text          0x00000000000637d0        0x0 d:/softwares/intelfpga_lite/18.1/nios2eds/bin/gnu/h-x86_64-mingw32/bin/../lib/gcc/nios2-elf/5.3.0/../../../../../H-x86_64-mingw32/nios2-elf/lib/mno-hw-mul\libsmallc.a(lib_a-atoi.o)
 .text.atoi     0x00000000000637d0        0xc d:/softwares/intelfpga_lite/18.1/nios2eds/bin/gnu/h-x86_64-mingw32/bin/../lib/gcc/nios2-elf/5.3.0/../../../../../H-x86_64-mingw32/nios2-elf/lib/mno-hw-mul\libsmallc.a(lib_a-atoi.o)
                0x00000000000637d0                atoi
 .text._atoi_r  0x00000000000637dc        0xc d:/softwares/intelfpga_lite/18.1/nios2eds/bin/gnu/h-x86_64-mingw32/bin/../lib/gcc/nios2-elf/5.3.0/../../../../../H-x86_64-mingw32/nios2-elf/lib/mno-hw-mul\libsmallc.a(lib_a-atoi.o)
                0x00000000000637dc                _atoi_r
 .text          0x00000000000637e8        0x0 d:/softwares/intelfpga_lite/18.1/nios2eds/bin/gnu/h-x86_64-mingw32/bin/../lib/gcc/nios2-elf/5.3.0/../../../../../H-x86_64-mingw32/nios2-elf/lib/mno-hw-mul\libsmallc.a(lib_a-clock.o)
 .text.clock    0x00000000000637e8       0x4c d:/softwares/intelfpga_lite/18.1/nios2eds/bin/gnu/h-x86_64-mingw32/bin/../lib/gcc/nios2-elf/5.3.0/../../../../../H-x86_64-mingw32/nios2-elf/lib/mno-hw-mul\libsmallc.a(lib_a-clock.o)
                0x00000000000637e8                clock
 .text          0x0000000000063834        0x0 d:/softwares/intelfpga_lite/18.1/nios2eds/bin/gnu/h-x86_64-mingw32/bin/../lib/gcc/nios2-elf/5.3.0/../../../../../H-x86_64-mingw32/nios2-elf/lib/mno-hw-mul\libsmallc.a(lib_a-ctype_.o)
 .text          0x0000000000063834        0x0 d:/softwares/intelfpga_lite/18.1/nios2eds/bin/gnu/h-x86_64-mingw32/bin/../lib/gcc/nios2-elf/5.3.0/../../../../../H-x86_64-mingw32/nios2-elf/lib/mno-hw-mul\libsmallc.a(lib_a-impure.o)
 .text          0x0000000000063834        0x0 d:/softwares/intelfpga_lite/18.1/nios2eds/bin/gnu/h-x86_64-mingw32/bin/../lib/gcc/nios2-elf/5.3.0/../../../../../H-x86_64-mingw32/nios2-elf/lib/mno-hw-mul\libsmallc.a(lib_a-memcmp.o)
 .text.memcmp   0x0000000000063834       0x30 d:/softwares/intelfpga_lite/18.1/nios2eds/bin/gnu/h-x86_64-mingw32/bin/../lib/gcc/nios2-elf/5.3.0/../../../../../H-x86_64-mingw32/nios2-elf/lib/mno-hw-mul\libsmallc.a(lib_a-memcmp.o)
                0x0000000000063834                memcmp
 .text          0x0000000000063864        0x0 d:/softwares/intelfpga_lite/18.1/nios2eds/bin/gnu/h-x86_64-mingw32/bin/../lib/gcc/nios2-elf/5.3.0/../../../../../H-x86_64-mingw32/nios2-elf/lib/mno-hw-mul\libsmallc.a(lib_a-memcpy.o)
 .text.memcpy   0x0000000000063864       0x28 d:/softwares/intelfpga_lite/18.1/nios2eds/bin/gnu/h-x86_64-mingw32/bin/../lib/gcc/nios2-elf/5.3.0/../../../../../H-x86_64-mingw32/nios2-elf/lib/mno-hw-mul\libsmallc.a(lib_a-memcpy.o)
                0x0000000000063864                memcpy
 .text          0x000000000006388c        0x0 d:/softwares/intelfpga_lite/18.1/nios2eds/bin/gnu/h-x86_64-mingw32/bin/../lib/gcc/nios2-elf/5.3.0/../../../../../H-x86_64-mingw32/nios2-elf/lib/mno-hw-mul\libsmallc.a(lib_a-memmove.o)
 .text.memmove  0x000000000006388c       0x60 d:/softwares/intelfpga_lite/18.1/nios2eds/bin/gnu/h-x86_64-mingw32/bin/../lib/gcc/nios2-elf/5.3.0/../../../../../H-x86_64-mingw32/nios2-elf/lib/mno-hw-mul\libsmallc.a(lib_a-memmove.o)
                0x000000000006388c                memmove
 .text          0x00000000000638ec        0x0 d:/softwares/intelfpga_lite/18.1/nios2eds/bin/gnu/h-x86_64-mingw32/bin/../lib/gcc/nios2-elf/5.3.0/../../../../../H-x86_64-mingw32/nios2-elf/lib/mno-hw-mul\libsmallc.a(lib_a-memset.o)
 .text.memset   0x00000000000638ec       0x20 d:/softwares/intelfpga_lite/18.1/nios2eds/bin/gnu/h-x86_64-mingw32/bin/../lib/gcc/nios2-elf/5.3.0/../../../../../H-x86_64-mingw32/nios2-elf/lib/mno-hw-mul\libsmallc.a(lib_a-memset.o)
                0x00000000000638ec                memset
 .text          0x000000000006390c        0x0 d:/softwares/intelfpga_lite/18.1/nios2eds/bin/gnu/h-x86_64-mingw32/bin/../lib/gcc/nios2-elf/5.3.0/../../../../../H-x86_64-mingw32/nios2-elf/lib/mno-hw-mul\libsmallc.a(lib_a-printf.o)
 .text._printf_r
                0x000000000006390c       0x3c d:/softwares/intelfpga_lite/18.1/nios2eds/bin/gnu/h-x86_64-mingw32/bin/../lib/gcc/nios2-elf/5.3.0/../../../../../H-x86_64-mingw32/nios2-elf/lib/mno-hw-mul\libsmallc.a(lib_a-printf.o)
                0x000000000006390c                _printf_r
 .text.printf   0x0000000000063948       0x4c d:/softwares/intelfpga_lite/18.1/nios2eds/bin/gnu/h-x86_64-mingw32/bin/../lib/gcc/nios2-elf/5.3.0/../../../../../H-x86_64-mingw32/nios2-elf/lib/mno-hw-mul\libsmallc.a(lib_a-printf.o)
                0x0000000000063948                printf
 .text          0x0000000000063994        0x0 d:/softwares/intelfpga_lite/18.1/nios2eds/bin/gnu/h-x86_64-mingw32/bin/../lib/gcc/nios2-elf/5.3.0/../../../../../H-x86_64-mingw32/nios2-elf/lib/mno-hw-mul\libsmallc.a(lib_a-puts.o)
 .text._puts_r  0x0000000000063994       0x80 d:/softwares/intelfpga_lite/18.1/nios2eds/bin/gnu/h-x86_64-mingw32/bin/../lib/gcc/nios2-elf/5.3.0/../../../../../H-x86_64-mingw32/nios2-elf/lib/mno-hw-mul\libsmallc.a(lib_a-puts.o)
                0x0000000000063994                _puts_r
 .text.puts     0x0000000000063a14       0x14 d:/softwares/intelfpga_lite/18.1/nios2eds/bin/gnu/h-x86_64-mingw32/bin/../lib/gcc/nios2-elf/5.3.0/../../../../../H-x86_64-mingw32/nios2-elf/lib/mno-hw-mul\libsmallc.a(lib_a-puts.o)
                0x0000000000063a14                puts
 .text          0x0000000000063a28        0x0 d:/softwares/intelfpga_lite/18.1/nios2eds/bin/gnu/h-x86_64-mingw32/bin/../lib/gcc/nios2-elf/5.3.0/../../../../../H-x86_64-mingw32/nios2-elf/lib/mno-hw-mul\libsmallc.a(lib_a-signal.o)
 .text._init_signal_r
                0x0000000000063a28       0x68 d:/softwares/intelfpga_lite/18.1/nios2eds/bin/gnu/h-x86_64-mingw32/bin/../lib/gcc/nios2-elf/5.3.0/../../../../../H-x86_64-mingw32/nios2-elf/lib/mno-hw-mul\libsmallc.a(lib_a-signal.o)
                0x0000000000063a28                _init_signal_r
 .text._signal_r
                0x0000000000063a90       0x7c d:/softwares/intelfpga_lite/18.1/nios2eds/bin/gnu/h-x86_64-mingw32/bin/../lib/gcc/nios2-elf/5.3.0/../../../../../H-x86_64-mingw32/nios2-elf/lib/mno-hw-mul\libsmallc.a(lib_a-signal.o)
                0x0000000000063a90                _signal_r
 .text._raise_r
                0x0000000000063b0c       0xb4 d:/softwares/intelfpga_lite/18.1/nios2eds/bin/gnu/h-x86_64-mingw32/bin/../lib/gcc/nios2-elf/5.3.0/../../../../../H-x86_64-mingw32/nios2-elf/lib/mno-hw-mul\libsmallc.a(lib_a-signal.o)
                0x0000000000063b0c                _raise_r
 .text.__sigtramp_r
                0x0000000000063bc0       0xa8 d:/softwares/intelfpga_lite/18.1/nios2eds/bin/gnu/h-x86_64-mingw32/bin/../lib/gcc/nios2-elf/5.3.0/../../../../../H-x86_64-mingw32/nios2-elf/lib/mno-hw-mul\libsmallc.a(lib_a-signal.o)
                0x0000000000063bc0                __sigtramp_r
 .text.raise    0x0000000000063c68       0x14 d:/softwares/intelfpga_lite/18.1/nios2eds/bin/gnu/h-x86_64-mingw32/bin/../lib/gcc/nios2-elf/5.3.0/../../../../../H-x86_64-mingw32/nios2-elf/lib/mno-hw-mul\libsmallc.a(lib_a-signal.o)
                0x0000000000063c68                raise
 .text.signal   0x0000000000063c7c       0x18 d:/softwares/intelfpga_lite/18.1/nios2eds/bin/gnu/h-x86_64-mingw32/bin/../lib/gcc/nios2-elf/5.3.0/../../../../../H-x86_64-mingw32/nios2-elf/lib/mno-hw-mul\libsmallc.a(lib_a-signal.o)
                0x0000000000063c7c                signal
 .text._init_signal
                0x0000000000063c94       0x10 d:/softwares/intelfpga_lite/18.1/nios2eds/bin/gnu/h-x86_64-mingw32/bin/../lib/gcc/nios2-elf/5.3.0/../../../../../H-x86_64-mingw32/nios2-elf/lib/mno-hw-mul\libsmallc.a(lib_a-signal.o)
                0x0000000000063c94                _init_signal
 .text.__sigtramp
                0x0000000000063ca4       0x14 d:/softwares/intelfpga_lite/18.1/nios2eds/bin/gnu/h-x86_64-mingw32/bin/../lib/gcc/nios2-elf/5.3.0/../../../../../H-x86_64-mingw32/nios2-elf/lib/mno-hw-mul\libsmallc.a(lib_a-signal.o)
                0x0000000000063ca4                __sigtramp
 .text          0x0000000000063cb8        0x0 d:/softwares/intelfpga_lite/18.1/nios2eds/bin/gnu/h-x86_64-mingw32/bin/../lib/gcc/nios2-elf/5.3.0/../../../../../H-x86_64-mingw32/nios2-elf/lib/mno-hw-mul\libsmallc.a(lib_a-signalr.o)
 .text._kill_r  0x0000000000063cb8       0x54 d:/softwares/intelfpga_lite/18.1/nios2eds/bin/gnu/h-x86_64-mingw32/bin/../lib/gcc/nios2-elf/5.3.0/../../../../../H-x86_64-mingw32/nios2-elf/lib/mno-hw-mul\libsmallc.a(lib_a-signalr.o)
                0x0000000000063cb8                _kill_r
 .text._getpid_r
                0x0000000000063d0c        0x4 d:/softwares/intelfpga_lite/18.1/nios2eds/bin/gnu/h-x86_64-mingw32/bin/../lib/gcc/nios2-elf/5.3.0/../../../../../H-x86_64-mingw32/nios2-elf/lib/mno-hw-mul\libsmallc.a(lib_a-signalr.o)
                0x0000000000063d0c                _getpid_r
 .text          0x0000000000063d10        0x0 d:/softwares/intelfpga_lite/18.1/nios2eds/bin/gnu/h-x86_64-mingw32/bin/../lib/gcc/nios2-elf/5.3.0/../../../../../H-x86_64-mingw32/nios2-elf/lib/mno-hw-mul\libsmallc.a(lib_a-snprintf.o)
 .text._snprintf_r
                0x0000000000063d10       0xb0 d:/softwares/intelfpga_lite/18.1/nios2eds/bin/gnu/h-x86_64-mingw32/bin/../lib/gcc/nios2-elf/5.3.0/../../../../../H-x86_64-mingw32/nios2-elf/lib/mno-hw-mul\libsmallc.a(lib_a-snprintf.o)
                0x0000000000063d10                _snprintf_r
 .text.snprintf
                0x0000000000063dc0       0xb8 d:/softwares/intelfpga_lite/18.1/nios2eds/bin/gnu/h-x86_64-mingw32/bin/../lib/gcc/nios2-elf/5.3.0/../../../../../H-x86_64-mingw32/nios2-elf/lib/mno-hw-mul\libsmallc.a(lib_a-snprintf.o)
                0x0000000000063dc0                snprintf
 .text          0x0000000000063e78        0x0 d:/softwares/intelfpga_lite/18.1/nios2eds/bin/gnu/h-x86_64-mingw32/bin/../lib/gcc/nios2-elf/5.3.0/../../../../../H-x86_64-mingw32/nios2-elf/lib/mno-hw-mul\libsmallc.a(lib_a-strlen.o)
 .text.strlen   0x0000000000063e78       0x1c d:/softwares/intelfpga_lite/18.1/nios2eds/bin/gnu/h-x86_64-mingw32/bin/../lib/gcc/nios2-elf/5.3.0/../../../../../H-x86_64-mingw32/nios2-elf/lib/mno-hw-mul\libsmallc.a(lib_a-strlen.o)
                0x0000000000063e78                strlen
 .text          0x0000000000063e94        0x0 d:/softwares/intelfpga_lite/18.1/nios2eds/bin/gnu/h-x86_64-mingw32/bin/../lib/gcc/nios2-elf/5.3.0/../../../../../H-x86_64-mingw32/nios2-elf/lib/mno-hw-mul\libsmallc.a(lib_a-strncmp.o)
 .text.strncmp  0x0000000000063e94       0x60 d:/softwares/intelfpga_lite/18.1/nios2eds/bin/gnu/h-x86_64-mingw32/bin/../lib/gcc/nios2-elf/5.3.0/../../../../../H-x86_64-mingw32/nios2-elf/lib/mno-hw-mul\libsmallc.a(lib_a-strncmp.o)
                0x0000000000063e94                strncmp
 .text          0x0000000000063ef4        0x0 d:/softwares/intelfpga_lite/18.1/nios2eds/bin/gnu/h-x86_64-mingw32/bin/../lib/gcc/nios2-elf/5.3.0/../../../../../H-x86_64-mingw32/nios2-elf/lib/mno-hw-mul\libsmallc.a(lib_a-strtol.o)
 .text._strtol_r
                0x0000000000063ef4      0x234 d:/softwares/intelfpga_lite/18.1/nios2eds/bin/gnu/h-x86_64-mingw32/bin/../lib/gcc/nios2-elf/5.3.0/../../../../../H-x86_64-mingw32/nios2-elf/lib/mno-hw-mul\libsmallc.a(lib_a-strtol.o)
                0x0000000000063ef4                _strtol_r
 .text.strtol   0x0000000000064128       0x1c d:/softwares/intelfpga_lite/18.1/nios2eds/bin/gnu/h-x86_64-mingw32/bin/../lib/gcc/nios2-elf/5.3.0/../../../../../H-x86_64-mingw32/nios2-elf/lib/mno-hw-mul\libsmallc.a(lib_a-strtol.o)
                0x0000000000064128                strtol
 .text          0x0000000000064144        0x0 d:/softwares/intelfpga_lite/18.1/nios2eds/bin/gnu/h-x86_64-mingw32/bin/../lib/gcc/nios2-elf/5.3.0/../../../../../H-x86_64-mingw32/nios2-elf/lib/mno-hw-mul\libsmallc.a(lib_a-svfprintf.o)
 .text.print_repeat
                0x0000000000064144       0x6c d:/softwares/intelfpga_lite/18.1/nios2eds/bin/gnu/h-x86_64-mingw32/bin/../lib/gcc/nios2-elf/5.3.0/../../../../../H-x86_64-mingw32/nios2-elf/lib/mno-hw-mul\libsmallc.a(lib_a-svfprintf.o)
 .text.___svfprintf_internal_r
                0x00000000000641b0      0x52c d:/softwares/intelfpga_lite/18.1/nios2eds/bin/gnu/h-x86_64-mingw32/bin/../lib/gcc/nios2-elf/5.3.0/../../../../../H-x86_64-mingw32/nios2-elf/lib/mno-hw-mul\libsmallc.a(lib_a-svfprintf.o)
                0x00000000000641b0                ___svfprintf_internal_r
 .text.__vfprintf_internal_unused
                0x00000000000646dc       0x1c d:/softwares/intelfpga_lite/18.1/nios2eds/bin/gnu/h-x86_64-mingw32/bin/../lib/gcc/nios2-elf/5.3.0/../../../../../H-x86_64-mingw32/nios2-elf/lib/mno-hw-mul\libsmallc.a(lib_a-svfprintf.o)
                0x00000000000646dc                __vfprintf_internal_unused
 .text          0x00000000000646f8        0x0 d:/softwares/intelfpga_lite/18.1/nios2eds/bin/gnu/h-x86_64-mingw32/bin/../lib/gcc/nios2-elf/5.3.0/../../../../../H-x86_64-mingw32/nios2-elf/lib/mno-hw-mul\libsmallc.a(lib_a-timesr.o)
 .text._times_r
                0x00000000000646f8        0x8 d:/softwares/intelfpga_lite/18.1/nios2eds/bin/gnu/h-x86_64-mingw32/bin/../lib/gcc/nios2-elf/5.3.0/../../../../../H-x86_64-mingw32/nios2-elf/lib/mno-hw-mul\libsmallc.a(lib_a-timesr.o)
                0x00000000000646f8                _times_r
 .text          0x0000000000064700        0x0 d:/softwares/intelfpga_lite/18.1/nios2eds/bin/gnu/h-x86_64-mingw32/bin/../lib/gcc/nios2-elf/5.3.0/../../../../../H-x86_64-mingw32/nios2-elf/lib/mno-hw-mul\libsmallc.a(lib_a-vfprintf.o)
 .text.print_repeat
                0x0000000000064700       0x6c d:/softwares/intelfpga_lite/18.1/nios2eds/bin/gnu/h-x86_64-mingw32/bin/../lib/gcc/nios2-elf/5.3.0/../../../../../H-x86_64-mingw32/nios2-elf/lib/mno-hw-mul\libsmallc.a(lib_a-vfprintf.o)
 .text.___vfprintf_internal_r
                0x000000000006476c      0x52c d:/softwares/intelfpga_lite/18.1/nios2eds/bin/gnu/h-x86_64-mingw32/bin/../lib/gcc/nios2-elf/5.3.0/../../../../../H-x86_64-mingw32/nios2-elf/lib/mno-hw-mul\libsmallc.a(lib_a-vfprintf.o)
                0x000000000006476c                ___vfprintf_internal_r
 .text.__vfprintf_internal
                0x0000000000064c98       0x1c d:/softwares/intelfpga_lite/18.1/nios2eds/bin/gnu/h-x86_64-mingw32/bin/../lib/gcc/nios2-elf/5.3.0/../../../../../H-x86_64-mingw32/nios2-elf/lib/mno-hw-mul\libsmallc.a(lib_a-vfprintf.o)
                0x0000000000064c98                __vfprintf_internal
 .text          0x0000000000064cb4        0x0 d:/softwares/intelfpga_lite/18.1/nios2eds/bin/gnu/h-x86_64-mingw32/bin/../lib/gcc/nios2-elf/5.3.0/../../../../../H-x86_64-mingw32/nios2-elf/lib/mno-hw-mul\libsmallc.a(lib_a-fvwrite_small_dev.o)
 .text.__sfvwrite_small_dev
                0x0000000000064cb4       0xb8 d:/softwares/intelfpga_lite/18.1/nios2eds/bin/gnu/h-x86_64-mingw32/bin/../lib/gcc/nios2-elf/5.3.0/../../../../../H-x86_64-mingw32/nios2-elf/lib/mno-hw-mul\libsmallc.a(lib_a-fvwrite_small_dev.o)
                0x0000000000064cb4                __sfvwrite_small_dev
 .text          0x0000000000064d6c        0x0 d:/softwares/intelfpga_lite/18.1/nios2eds/bin/gnu/h-x86_64-mingw32/bin/../lib/gcc/nios2-elf/5.3.0/../../../../../H-x86_64-mingw32/nios2-elf/lib/mno-hw-mul\libsmallc.a(lib_a-fvwrite_small_str.o)
 .text.__sfvwrite_small_str
                0x0000000000064d6c       0xa8 d:/softwares/intelfpga_lite/18.1/nios2eds/bin/gnu/h-x86_64-mingw32/bin/../lib/gcc/nios2-elf/5.3.0/../../../../../H-x86_64-mingw32/nios2-elf/lib/mno-hw-mul\libsmallc.a(lib_a-fvwrite_small_str.o)
                0x0000000000064d6c                __sfvwrite_small_str
 .text          0x0000000000064e14        0x0 d:/softwares/intelfpga_lite/18.1/nios2eds/bin/gnu/h-x86_64-mingw32/bin/../lib/gcc/nios2-elf/5.3.0/../../../../../H-x86_64-mingw32/nios2-elf/lib/mno-hw-mul\libsmallc.a(lib_a-int_errno.o)
 .text          0x0000000000064e14        0x0 d:/softwares/intelfpga_lite/18.1/nios2eds/bin/gnu/h-x86_64-mingw32/bin/../lib/gcc/nios2-elf/5.3.0/../../../../../H-x86_64-mingw32/nios2-elf/lib/mno-hw-mul\libsmallc.a(lib_a-nano-mallocr.o)
 .text._malloc_r
                0x0000000000064e14      0x158 d:/softwares/intelfpga_lite/18.1/nios2eds/bin/gnu/h-x86_64-mingw32/bin/../lib/gcc/nios2-elf/5.3.0/../../../../../H-x86_64-mingw32/nios2-elf/lib/mno-hw-mul\libsmallc.a(lib_a-nano-mallocr.o)
                0x0000000000064e14                _malloc_r
 .text          0x0000000000064f6c        0x0 d:/softwares/intelfpga_lite/18.1/nios2eds/bin/gnu/h-x86_64-mingw32/bin/../lib/gcc/nios2-elf/5.3.0/../../../../../H-x86_64-mingw32/nios2-elf/lib/mno-hw-mul\libsmallc.a(lib_a-sbrkr.o)
 .text._sbrk_r  0x0000000000064f6c       0x50 d:/softwares/intelfpga_lite/18.1/nios2eds/bin/gnu/h-x86_64-mingw32/bin/../lib/gcc/nios2-elf/5.3.0/../../../../../H-x86_64-mingw32/nios2-elf/lib/mno-hw-mul\libsmallc.a(lib_a-sbrkr.o)
                0x0000000000064f6c                _sbrk_r
 .text          0x0000000000064fbc        0x0 d:/softwares/intelfpga_lite/18.1/nios2eds/bin/gnu/h-x86_64-mingw32/bin/../lib/gcc/nios2-elf/5.3.0/../../../../../H-x86_64-mingw32/nios2-elf/lib/mno-hw-mul\libsmallc.a(lib_a-writer.o)
 .text._write_r
                0x0000000000064fbc       0x58 d:/softwares/intelfpga_lite/18.1/nios2eds/bin/gnu/h-x86_64-mingw32/bin/../lib/gcc/nios2-elf/5.3.0/../../../../../H-x86_64-mingw32/nios2-elf/lib/mno-hw-mul\libsmallc.a(lib_a-writer.o)
                0x0000000000064fbc                _write_r
 .text          0x0000000000065014       0x14 ../ECE385_bsp/\libhal_bsp.a(alt_exit.o)
                0x0000000000065014                _exit
 .text          0x0000000000065028        0x8 ../ECE385_bsp/\libhal_bsp.a(alt_getpid.o)
                0x0000000000065028                getpid
 .text          0x0000000000065030       0xfc ../ECE385_bsp/\libhal_bsp.a(alt_kill.o)
                0x0000000000065030                kill
 .text          0x000000000006512c       0xe0 ../ECE385_bsp/\libhal_bsp.a(alt_load.o)
                0x000000000006512c                alt_load
 .text          0x000000000006520c       0x50 ../ECE385_bsp/\libhal_bsp.a(alt_main.o)
                0x000000000006520c                alt_main
 .text          0x000000000006525c       0x4c ../ECE385_bsp/\libhal_bsp.a(alt_sbrk.o)
                0x000000000006525c                sbrk
 .text          0x00000000000652a8       0x60 ../ECE385_bsp/\libhal_bsp.a(alt_times.o)
                0x00000000000652a8                times
 .text          0x0000000000065308      0x110 ../ECE385_bsp/\libhal_bsp.a(alt_write.o)
                0x0000000000065308                write
 .text          0x0000000000065418       0xa8 ../ECE385_bsp/\libhal_bsp.a(alt_sys_init.o)
                0x0000000000065418                alt_irq_init
                0x0000000000065438                alt_sys_init
 .text          0x00000000000654c0       0x20 ../ECE385_bsp/\libhal_bsp.a(altera_avalon_jtag_uart_fd.o)
                0x00000000000654c0                altera_avalon_jtag_uart_read_fd
                0x00000000000654d0                altera_avalon_jtag_uart_write_fd
 .text          0x00000000000654e0       0x74 ../ECE385_bsp/\libhal_bsp.a(altera_avalon_jtag_uart_read.o)
                0x00000000000654e0                altera_avalon_jtag_uart_read
 .text          0x0000000000065554       0x34 ../ECE385_bsp/\libhal_bsp.a(altera_avalon_jtag_uart_write.o)
                0x0000000000065554                altera_avalon_jtag_uart_write
 .text          0x0000000000065588      0x79c ../ECE385_bsp/\libhal_bsp.a(altera_avalon_sgdma.o)
                0x00000000000655e4                alt_avalon_sgdma_do_async_transfer
                0x000000000006566c                alt_avalon_sgdma_do_sync_transfer
                0x00000000000656f0                alt_avalon_sgdma_construct_mem_to_mem_desc_burst
                0x0000000000065818                alt_avalon_sgdma_construct_mem_to_mem_desc
                0x0000000000065850                alt_avalon_sgdma_construct_stream_to_mem_desc_burst
                0x0000000000065924                alt_avalon_sgdma_construct_stream_to_mem_desc
                0x000000000006594c                alt_avalon_sgdma_register_callback
                0x000000000006595c                alt_avalon_sgdma_start
                0x0000000000065974                alt_avalon_sgdma_stop
                0x0000000000065990                alt_avalon_sgdma_check_descriptor_status
                0x00000000000659bc                alt_avalon_sgdma_open
                0x0000000000065a0c                alt_avalon_sgdma_enable_desc_poll
                0x0000000000065a3c                alt_avalon_sgdma_disable_desc_poll
                0x0000000000065a5c                alt_avalon_sgdma_construct_descriptor_burst
                0x0000000000065bbc                alt_avalon_sgdma_construct_mem_to_stream_desc_burst
                0x0000000000065c0c                alt_avalon_sgdma_construct_mem_to_stream_desc
                0x0000000000065c58                alt_avalon_sgdma_construct_descriptor
                0x0000000000065ca0                alt_avalon_sgdma_init
 .text          0x0000000000065d24       0x84 ../ECE385_bsp/\libhal_bsp.a(altera_avalon_timer_sc.o)
                0x0000000000065d60                alt_avalon_timer_sc_init
 .text          0x0000000000065da8       0xc0 ../ECE385_bsp/\libhal_bsp.a(alt_close.o)
                0x0000000000065da8                close
 .text          0x0000000000065e68        0x4 ../ECE385_bsp/\libhal_bsp.a(alt_dcache_flush.o)
                0x0000000000065e68                alt_dcache_flush
 .text          0x0000000000065e6c        0x4 ../ECE385_bsp/\libhal_bsp.a(alt_dcache_flush_all.o)
                0x0000000000065e6c                alt_dcache_flush_all
 .text          0x0000000000065e70        0x8 ../ECE385_bsp/\libhal_bsp.a(alt_dev.o)
 .text          0x0000000000065e78       0x6c ../ECE385_bsp/\libhal_bsp.a(alt_dev_llist_insert.o)
                0x0000000000065e78                alt_dev_llist_insert
 .text          0x0000000000065ee4        0x0 ../ECE385_bsp/\libhal_bsp.a(alt_errno.o)
 .text          0x0000000000065ee4       0x78 ../ECE385_bsp/\libhal_bsp.a(alt_find_dev.o)
                0x0000000000065ee4                alt_find_dev
 .text          0x0000000000065f5c        0x4 ../ECE385_bsp/\libhal_bsp.a(alt_icache_flush_all.o)
                0x0000000000065f5c                alt_icache_flush_all
 .text          0x0000000000065f60       0x8c ../ECE385_bsp/\libhal_bsp.a(alt_iic.o)
                0x0000000000065f60                alt_ic_isr_register
                0x0000000000065f64                alt_ic_irq_enable
                0x0000000000065f9c                alt_ic_irq_disable
                0x0000000000065fd4                alt_ic_irq_enabled
 .text          0x0000000000065fec       0x68 ../ECE385_bsp/\libhal_bsp.a(alt_iic_isr_register.o)
                0x0000000000065fec                alt_iic_isr_register
 .text          0x0000000000066054      0x100 ../ECE385_bsp/\libhal_bsp.a(alt_io_redirect.o)
                0x00000000000660e0                alt_io_redirect
 .text          0x0000000000066154        0x0 ../ECE385_bsp/\libhal_bsp.a(alt_irq_entry.o)
 .text          0x0000000000066154        0x0 ../ECE385_bsp/\libhal_bsp.a(alt_irq_handler.o)
 .text          0x0000000000066154        0x0 ../ECE385_bsp/\libhal_bsp.a(alt_irq_vars.o)
 .text          0x0000000000066154      0x188 ../ECE385_bsp/\libhal_bsp.a(alt_open.o)
                0x0000000000066154                open
 .text          0x00000000000662dc       0x5c ../ECE385_bsp/\libhal_bsp.a(alt_release_fd.o)
                0x00000000000662dc                alt_release_fd
 .text          0x0000000000066338      0x128 ../ECE385_bsp/\libhal_bsp.a(alt_tick.o)
                0x0000000000066338                alt_alarm_stop
                0x000000000006636c                alt_tick
 .text          0x0000000000066460        0x8 ../ECE385_bsp/\libhal_bsp.a(altera_nios2_gen2_irq.o)
                0x0000000000066460                altera_nios2_gen2_irq_init
 .text          0x0000000000066468        0x0 ../ECE385_bsp/\libhal_bsp.a(alt_exception_entry.o)
 .text          0x0000000000066468       0xac ../ECE385_bsp/\libhal_bsp.a(alt_find_file.o)
                0x0000000000066468                alt_find_file
 .text          0x0000000000066514       0x88 ../ECE385_bsp/\libhal_bsp.a(alt_get_fd.o)
                0x0000000000066514                alt_get_fd
 .text          0x000000000006659c       0x74 ../ECE385_bsp/\libhal_bsp.a(alt_instruction_exception_entry.o)
                0x000000000006659c                alt_exception_cause_generated_bad_addr
 .text          0x0000000000066610        0x0 d:/softwares/intelfpga_lite/18.1/nios2eds/bin/gnu/h-x86_64-mingw32/bin/../lib/gcc/nios2-elf/5.3.0/../../../../../H-x86_64-mingw32/nios2-elf/lib/mno-hw-mul\libsmallc.a(lib_a-exit.o)
 .text.exit     0x0000000000066610       0x20 d:/softwares/intelfpga_lite/18.1/nios2eds/bin/gnu/h-x86_64-mingw32/bin/../lib/gcc/nios2-elf/5.3.0/../../../../../H-x86_64-mingw32/nios2-elf/lib/mno-hw-mul\libsmallc.a(lib_a-exit.o)
                0x0000000000066610                exit
 .text          0x0000000000066630        0x0 d:/softwares/intelfpga_lite/18.1/nios2eds/bin/gnu/h-x86_64-mingw32/bin/../lib/gcc/nios2-elf/5.3.0/../../../../../H-x86_64-mingw32/nios2-elf/lib/mno-hw-mul\libsmallc.a(lib_a-__call_atexit.o)
 .text.__call_exitprocs
                0x0000000000066630      0x190 d:/softwares/intelfpga_lite/18.1/nios2eds/bin/gnu/h-x86_64-mingw32/bin/../lib/gcc/nios2-elf/5.3.0/../../../../../H-x86_64-mingw32/nios2-elf/lib/mno-hw-mul\libsmallc.a(lib_a-__call_atexit.o)
                0x0000000000066630                __call_exitprocs
 *(.gnu.warning.*)
 *(.fini)
                [!provide]                        PROVIDE (__etext, ABSOLUTE (.))
                [!provide]                        PROVIDE (_etext, ABSOLUTE (.))
                [!provide]                        PROVIDE (etext, ABSOLUTE (.))
 *(.eh_frame_hdr)
                0x00000000000667c0                . = ALIGN (0x4)
                [!provide]                        PROVIDE (__preinit_array_start, ABSOLUTE (.))
 *(.preinit_array)
                [!provide]                        PROVIDE (__preinit_array_end, ABSOLUTE (.))
                [!provide]                        PROVIDE (__init_array_start, ABSOLUTE (.))
 *(.init_array)
                [!provide]                        PROVIDE (__init_array_end, ABSOLUTE (.))
                [!provide]                        PROVIDE (__fini_array_start, ABSOLUTE (.))
 *(.fini_array)
                [!provide]                        PROVIDE (__fini_array_end, ABSOLUTE (.))
 *(.eh_frame)
 *(.gcc_except_table .gcc_except_table.*)
 *(.dynamic)
                [!provide]                        PROVIDE (__CTOR_LIST__, ABSOLUTE (.))
 *(.ctors)
 *(SORT(.ctors.*))
                [!provide]                        PROVIDE (__CTOR_END__, ABSOLUTE (.))
                [!provide]                        PROVIDE (__DTOR_LIST__, ABSOLUTE (.))
 *(.dtors)
 *(SORT(.dtors.*))
                [!provide]                        PROVIDE (__DTOR_END__, ABSOLUTE (.))
 *(.jcr)
                0x00000000000667c0                . = ALIGN (0x4)

.rodata         0x00000000000667c0     0x3444
                0x00000000000667c0                PROVIDE (__ram_rodata_start, ABSOLUTE (.))
                0x00000000000667c0                . = ALIGN (0x4)
 *(.rodata .rodata.* .gnu.linkonce.r.*)
 .rodata.str1.4
                0x00000000000667c0       0x9e obj/default/ethernet.o
 *fill*         0x000000000006685e        0x2 
 .rodata.str1.4
                0x0000000000066860       0x85 obj/default/gamelogic.o
 *fill*         0x00000000000668e5        0x3 
 .rodata.str1.4
                0x00000000000668e8       0x9f obj/default/lwip/core/dns.o
 *fill*         0x0000000000066987        0x1 
 .rodata        0x0000000000066988       0x30 obj/default/lwip/core/dns.o
                0x0000000000066988                dns_mquery_v6group
                0x00000000000669a0                dns_mquery_v4group
 .rodata.str1.4
                0x00000000000669b8       0x22 obj/default/lwip/core/inet_chksum.o
                                         0x4c (size before relaxing)
 *fill*         0x00000000000669da        0x2 
 .rodata        0x00000000000669dc       0x18 obj/default/lwip/core/ip.o
                0x00000000000669dc                ip_addr_any_type
 .rodata.str1.4
                0x00000000000669f4       0x81 obj/default/lwip/core/ipv4/autoip.o
                                         0xa9 (size before relaxing)
 *fill*         0x0000000000066a75        0x3 
 .rodata.str1.4
                0x0000000000066a78      0x350 obj/default/lwip/core/ipv4/dhcp.o
                                        0x3a9 (size before relaxing)
 .rodata.str1.4
                0x0000000000066dc8      0x1b2 obj/default/lwip/core/ipv4/etharp.o
                                        0x1ea (size before relaxing)
 *fill*         0x0000000000066f7a        0x2 
 .rodata.str1.4
                0x0000000000066f7c       0xae obj/default/lwip/core/ipv4/icmp.o
                                         0xd6 (size before relaxing)
 *fill*         0x000000000006702a        0x2 
 .rodata.str1.4
                0x000000000006702c      0x30d obj/default/lwip/core/ipv4/igmp.o
                                        0x335 (size before relaxing)
 *fill*         0x0000000000067339        0x3 
 .rodata.str1.4
                0x000000000006733c       0x51 obj/default/lwip/core/ipv4/ip4.o
                                         0x79 (size before relaxing)
 *fill*         0x000000000006738d        0x3 
 .rodata.str1.4
                0x0000000000067390       0x26 obj/default/lwip/core/ipv4/ip4_addr.o
                                         0x50 (size before relaxing)
 *fill*         0x00000000000673b6        0x2 
 .rodata        0x00000000000673b8       0x30 obj/default/lwip/core/ipv4/ip4_addr.o
                0x00000000000673b8                ip_addr_broadcast
                0x00000000000673d0                ip_addr_any
 .rodata.str1.4
                0x00000000000673e8      0x197 obj/default/lwip/core/ipv4/ip4_frag.o
                                        0x1cb (size before relaxing)
 *fill*         0x000000000006757f        0x1 
 .rodata.str1.4
                0x0000000000067580       0x95 obj/default/lwip/core/ipv6/icmp6.o
                                         0xbd (size before relaxing)
 *fill*         0x0000000000067615        0x3 
 .rodata.str1.4
                0x0000000000067618       0x46 obj/default/lwip/core/ipv6/ip6.o
                                         0x7a (size before relaxing)
 *fill*         0x000000000006765e        0x2 
 .rodata        0x0000000000067660       0x18 obj/default/lwip/core/ipv6/ip6_addr.o
                0x0000000000067660                ip6_addr_any
 .rodata.str1.4
                0x0000000000067678      0x117 obj/default/lwip/core/ipv6/ip6_frag.o
                                        0x228 (size before relaxing)
 *fill*         0x000000000006778f        0x1 
 .rodata.str1.4
                0x0000000000067790       0x83 obj/default/lwip/core/ipv6/nd6.o
                                         0xd6 (size before relaxing)
 *fill*         0x0000000000067813        0x1 
 .rodata.str1.4
                0x0000000000067814      0x173 obj/default/lwip/core/mem.o
                                        0x19b (size before relaxing)
 *fill*         0x0000000000067987        0x1 
 .rodata.str1.4
                0x0000000000067988       0xa7 obj/default/lwip/core/memp.o
                                         0xcf (size before relaxing)
 *fill*         0x0000000000067a2f        0x1 
 .rodata        0x0000000000067a30       0xf0 obj/default/lwip/core/memp.o
                0x0000000000067a30                memp_pools
                0x0000000000067a6c                memp_PBUF_POOL
                0x0000000000067a78                memp_PBUF
                0x0000000000067a84                memp_MLD6_GROUP
                0x0000000000067a90                memp_IP6_REASSDATA
                0x0000000000067a9c                memp_ND6_QUEUE
                0x0000000000067aa8                memp_SYS_TIMEOUT
                0x0000000000067ab4                memp_IGMP_GROUP
                0x0000000000067ac0                memp_ARP_QUEUE
                0x0000000000067acc                memp_FRAG_PBUF
                0x0000000000067ad8                memp_REASSDATA
                0x0000000000067ae4                memp_TCP_SEG
                0x0000000000067af0                memp_TCP_PCB_LISTEN
                0x0000000000067afc                memp_TCP_PCB
                0x0000000000067b08                memp_UDP_PCB
                0x0000000000067b14                memp_RAW_PCB
 .rodata.str1.4
                0x0000000000067b20      0x317 obj/default/lwip/core/netif.o
                                        0x34f (size before relaxing)
 *fill*         0x0000000000067e37        0x1 
 .rodata.str1.4
                0x0000000000067e38      0x3b1 obj/default/lwip/core/pbuf.o
                                        0x3e5 (size before relaxing)
 *fill*         0x00000000000681e9        0x3 
 .rodata.str1.4
                0x00000000000681ec       0xa6 obj/default/lwip/core/raw.o
                                         0xce (size before relaxing)
 *fill*         0x0000000000068292        0x2 
 .rodata.str1.4
                0x0000000000068294      0x746 obj/default/lwip/core/tcp.o
                                        0x77e (size before relaxing)
 *fill*         0x00000000000689da        0x2 
 .rodata        0x00000000000689dc       0x4c obj/default/lwip/core/tcp.o
                0x00000000000689dc                tcp_pcb_lists
 .rodata.str1.4
                0x0000000000068a28      0x3ca obj/default/lwip/core/tcp_in.o
                                        0x3f2 (size before relaxing)
 *fill*         0x0000000000068df2        0x2 
 .rodata.str1.4
                0x0000000000068df4      0x743 obj/default/lwip/core/tcp_out.o
                                        0x76b (size before relaxing)
 *fill*         0x0000000000069537        0x1 
 .rodata.str1.4
                0x0000000000069538       0x8e obj/default/lwip/core/timeouts.o
                                         0xb6 (size before relaxing)
 *fill*         0x00000000000695c6        0x2 
 .rodata        0x00000000000695c8       0x58 obj/default/lwip/core/timeouts.o
                0x00000000000695c8                lwip_cyclic_timers
 .rodata.str1.4
                0x0000000000069620      0x2d0 obj/default/lwip/core/udp.o
                                        0x2f8 (size before relaxing)
 .rodata.str1.4
                0x00000000000698f0       0x49 obj/default/lwip/netif/ethernet.o
                                         0x74 (size before relaxing)
 *fill*         0x0000000000069939        0x3 
 .rodata        0x000000000006993c       0x20 obj/default/resources/resource.o
                0x000000000006993c                planes
 .rodata._ctype_
                0x000000000006995c      0x101 d:/softwares/intelfpga_lite/18.1/nios2eds/bin/gnu/h-x86_64-mingw32/bin/../lib/gcc/nios2-elf/5.3.0/../../../../../H-x86_64-mingw32/nios2-elf/lib/mno-hw-mul\libsmallc.a(lib_a-ctype_.o)
                0x000000000006995c                _ctype_
 .rodata._ctype_b
                0x0000000000069a5d      0x180 d:/softwares/intelfpga_lite/18.1/nios2eds/bin/gnu/h-x86_64-mingw32/bin/../lib/gcc/nios2-elf/5.3.0/../../../../../H-x86_64-mingw32/nios2-elf/lib/mno-hw-mul\libsmallc.a(lib_a-ctype_.o)
 .rodata.str1.4
                0x0000000000069bdd       0x49 d:/softwares/intelfpga_lite/18.1/nios2eds/bin/gnu/h-x86_64-mingw32/bin/../lib/gcc/nios2-elf/5.3.0/../../../../../H-x86_64-mingw32/nios2-elf/lib/mno-hw-mul\libsmallc.a(lib_a-puts.o)
                                          0x2 (size before relaxing)
 *fill*         0x0000000000069bdd        0x3 
 .rodata.str1.4
                0x0000000000069be0       0x15 ../ECE385_bsp/\libhal_bsp.a(alt_main.o)
 .rodata.str1.4
                0x0000000000069bf5       0x65 ../ECE385_bsp/\libhal_bsp.a(alt_sys_init.o)
 *fill*         0x0000000000069bf5        0x3 
 .rodata.str1.4
                0x0000000000069bf8        0xc ../ECE385_bsp/\libhal_bsp.a(alt_dev.o)
                                          0xa (size before relaxing)
 *(.rodata1)
                0x0000000000069c04                . = ALIGN (0x4)
                0x0000000000069c04                PROVIDE (__ram_rodata_end, ABSOLUTE (.))
                0x00000000000667c0                PROVIDE (__flash_rodata_start, LOADADDR (.rodata))

.rwdata         0x0000000000069c04      0x4a0 load address 0x000000000006a0a4
                0x0000000000069c04                PROVIDE (__ram_rwdata_start, ABSOLUTE (.))
                0x0000000000069c04                . = ALIGN (0x4)
 *(.got.plt)
 *(.got)
 *(.data1)
 *(.data .data.* .gnu.linkonce.d.*)
 .data          0x0000000000069c04        0x0 ../ECE385_bsp//obj/HAL/src/crt0.o
 .data          0x0000000000069c04        0x0 obj/default/comm.o
 .data          0x0000000000069c04        0x0 obj/default/ethernet.o
 .data          0x0000000000069c04        0x0 obj/default/gamelogic.o
 .data          0x0000000000069c04        0x0 obj/default/lwip/core/altcp.o
 .data          0x0000000000069c04        0x0 obj/default/lwip/core/altcp_alloc.o
 .data          0x0000000000069c04        0x0 obj/default/lwip/core/altcp_tcp.o
 .data          0x0000000000069c04        0x0 obj/default/lwip/core/def.o
 .data          0x0000000000069c04        0x0 obj/default/lwip/core/dns.o
 .data          0x0000000000069c04        0x0 obj/default/lwip/core/inet_chksum.o
 .data          0x0000000000069c04        0x0 obj/default/lwip/core/init.o
 .data          0x0000000000069c04        0x0 obj/default/lwip/core/ip.o
 .data          0x0000000000069c04        0x0 obj/default/lwip/core/ipv4/autoip.o
 .data          0x0000000000069c04        0x0 obj/default/lwip/core/ipv4/dhcp.o
 .data          0x0000000000069c04        0x0 obj/default/lwip/core/ipv4/etharp.o
 .data          0x0000000000069c04        0x0 obj/default/lwip/core/ipv4/icmp.o
 .data          0x0000000000069c04        0x0 obj/default/lwip/core/ipv4/igmp.o
 .data          0x0000000000069c04        0x0 obj/default/lwip/core/ipv4/ip4.o
 .data          0x0000000000069c04        0x0 obj/default/lwip/core/ipv4/ip4_addr.o
 .data          0x0000000000069c04        0x0 obj/default/lwip/core/ipv4/ip4_frag.o
 .data          0x0000000000069c04        0x0 obj/default/lwip/core/ipv6/dhcp6.o
 .data          0x0000000000069c04        0x0 obj/default/lwip/core/ipv6/ethip6.o
 .data          0x0000000000069c04        0x0 obj/default/lwip/core/ipv6/icmp6.o
 .data          0x0000000000069c04        0x0 obj/default/lwip/core/ipv6/inet6.o
 .data          0x0000000000069c04        0x0 obj/default/lwip/core/ipv6/ip6.o
 .data          0x0000000000069c04        0x0 obj/default/lwip/core/ipv6/ip6_addr.o
 .data          0x0000000000069c04        0x0 obj/default/lwip/core/ipv6/ip6_frag.o
 .data          0x0000000000069c04        0x0 obj/default/lwip/core/ipv6/mld6.o
 .data          0x0000000000069c04        0x0 obj/default/lwip/core/ipv6/nd6.o
 .data          0x0000000000069c04        0x0 obj/default/lwip/core/mem.o
 .data          0x0000000000069c04        0x0 obj/default/lwip/core/memp.o
 .data          0x0000000000069c04        0x0 obj/default/lwip/core/netif.o
 .data          0x0000000000069c04        0x0 obj/default/lwip/core/pbuf.o
 .data          0x0000000000069c04        0x0 obj/default/lwip/core/raw.o
 .data          0x0000000000069c04        0x0 obj/default/lwip/core/stats.o
 .data          0x0000000000069c04        0x0 obj/default/lwip/core/sys.o
 .data          0x0000000000069c04        0x0 obj/default/lwip/core/tcp.o
 .data          0x0000000000069c04        0x0 obj/default/lwip/core/tcp_in.o
 .data          0x0000000000069c04        0x0 obj/default/lwip/core/tcp_out.o
 .data          0x0000000000069c04        0x0 obj/default/lwip/core/timeouts.o
 .data          0x0000000000069c04        0x0 obj/default/lwip/core/udp.o
 .data          0x0000000000069c04        0x0 obj/default/lwip/netif/ethernet.o
 .data          0x0000000000069c04        0x0 obj/default/lwip_port/compat.o
 .data          0x0000000000069c04        0x0 obj/default/main.o
 .data          0x0000000000069c04        0x0 obj/default/resources/chinese.o
 .data          0x0000000000069c04       0x5c obj/default/resources/resource.o
                0x0000000000069c04                explosion_sequence
 .data          0x0000000000069c60        0x0 obj/default/resources/vga_fonts.o
 .data          0x0000000000069c60        0x0 obj/default/rng.o
 .data          0x0000000000069c60       0x40 obj/default/sprites.o
                0x0000000000069c60                vga_bullets
                0x0000000000069c70                vga_planes
                0x0000000000069c80                vga_planes_sprite_data
 .data          0x0000000000069ca0        0x0 obj/default/vga.o
 .data          0x0000000000069ca0        0x0 d:/softwares/intelfpga_lite/18.1/nios2eds/bin/gnu/h-x86_64-mingw32/bin/../lib/gcc/nios2-elf/5.3.0/mno-hw-mul\libgcc.a(lib2-divmod.o)
 .data          0x0000000000069ca0        0x0 d:/softwares/intelfpga_lite/18.1/nios2eds/bin/gnu/h-x86_64-mingw32/bin/../lib/gcc/nios2-elf/5.3.0/mno-hw-mul\libgcc.a(lib2-mul.o)
 .data          0x0000000000069ca0        0x0 d:/softwares/intelfpga_lite/18.1/nios2eds/bin/gnu/h-x86_64-mingw32/bin/../lib/gcc/nios2-elf/5.3.0/../../../../../H-x86_64-mingw32/nios2-elf/lib/mno-hw-mul\libsmallc.a(lib_a-abort.o)
 .data          0x0000000000069ca0        0x0 d:/softwares/intelfpga_lite/18.1/nios2eds/bin/gnu/h-x86_64-mingw32/bin/../lib/gcc/nios2-elf/5.3.0/../../../../../H-x86_64-mingw32/nios2-elf/lib/mno-hw-mul\libsmallc.a(lib_a-atoi.o)
 .data          0x0000000000069ca0        0x0 d:/softwares/intelfpga_lite/18.1/nios2eds/bin/gnu/h-x86_64-mingw32/bin/../lib/gcc/nios2-elf/5.3.0/../../../../../H-x86_64-mingw32/nios2-elf/lib/mno-hw-mul\libsmallc.a(lib_a-clock.o)
 .data          0x0000000000069ca0        0x0 d:/softwares/intelfpga_lite/18.1/nios2eds/bin/gnu/h-x86_64-mingw32/bin/../lib/gcc/nios2-elf/5.3.0/../../../../../H-x86_64-mingw32/nios2-elf/lib/mno-hw-mul\libsmallc.a(lib_a-ctype_.o)
 .data          0x0000000000069ca0        0x0 d:/softwares/intelfpga_lite/18.1/nios2eds/bin/gnu/h-x86_64-mingw32/bin/../lib/gcc/nios2-elf/5.3.0/../../../../../H-x86_64-mingw32/nios2-elf/lib/mno-hw-mul\libsmallc.a(lib_a-impure.o)
 .data.impure_data
                0x0000000000069ca0       0xe0 d:/softwares/intelfpga_lite/18.1/nios2eds/bin/gnu/h-x86_64-mingw32/bin/../lib/gcc/nios2-elf/5.3.0/../../../../../H-x86_64-mingw32/nios2-elf/lib/mno-hw-mul\libsmallc.a(lib_a-impure.o)
 .data          0x0000000000069d80        0x0 d:/softwares/intelfpga_lite/18.1/nios2eds/bin/gnu/h-x86_64-mingw32/bin/../lib/gcc/nios2-elf/5.3.0/../../../../../H-x86_64-mingw32/nios2-elf/lib/mno-hw-mul\libsmallc.a(lib_a-memcmp.o)
 .data          0x0000000000069d80        0x0 d:/softwares/intelfpga_lite/18.1/nios2eds/bin/gnu/h-x86_64-mingw32/bin/../lib/gcc/nios2-elf/5.3.0/../../../../../H-x86_64-mingw32/nios2-elf/lib/mno-hw-mul\libsmallc.a(lib_a-memcpy.o)
 .data          0x0000000000069d80        0x0 d:/softwares/intelfpga_lite/18.1/nios2eds/bin/gnu/h-x86_64-mingw32/bin/../lib/gcc/nios2-elf/5.3.0/../../../../../H-x86_64-mingw32/nios2-elf/lib/mno-hw-mul\libsmallc.a(lib_a-memmove.o)
 .data          0x0000000000069d80        0x0 d:/softwares/intelfpga_lite/18.1/nios2eds/bin/gnu/h-x86_64-mingw32/bin/../lib/gcc/nios2-elf/5.3.0/../../../../../H-x86_64-mingw32/nios2-elf/lib/mno-hw-mul\libsmallc.a(lib_a-memset.o)
 .data          0x0000000000069d80        0x0 d:/softwares/intelfpga_lite/18.1/nios2eds/bin/gnu/h-x86_64-mingw32/bin/../lib/gcc/nios2-elf/5.3.0/../../../../../H-x86_64-mingw32/nios2-elf/lib/mno-hw-mul\libsmallc.a(lib_a-printf.o)
 .data          0x0000000000069d80        0x0 d:/softwares/intelfpga_lite/18.1/nios2eds/bin/gnu/h-x86_64-mingw32/bin/../lib/gcc/nios2-elf/5.3.0/../../../../../H-x86_64-mingw32/nios2-elf/lib/mno-hw-mul\libsmallc.a(lib_a-puts.o)
 .data          0x0000000000069d80        0x0 d:/softwares/intelfpga_lite/18.1/nios2eds/bin/gnu/h-x86_64-mingw32/bin/../lib/gcc/nios2-elf/5.3.0/../../../../../H-x86_64-mingw32/nios2-elf/lib/mno-hw-mul\libsmallc.a(lib_a-signal.o)
 .data          0x0000000000069d80        0x0 d:/softwares/intelfpga_lite/18.1/nios2eds/bin/gnu/h-x86_64-mingw32/bin/../lib/gcc/nios2-elf/5.3.0/../../../../../H-x86_64-mingw32/nios2-elf/lib/mno-hw-mul\libsmallc.a(lib_a-signalr.o)
 .data          0x0000000000069d80        0x0 d:/softwares/intelfpga_lite/18.1/nios2eds/bin/gnu/h-x86_64-mingw32/bin/../lib/gcc/nios2-elf/5.3.0/../../../../../H-x86_64-mingw32/nios2-elf/lib/mno-hw-mul\libsmallc.a(lib_a-snprintf.o)
 .data          0x0000000000069d80        0x0 d:/softwares/intelfpga_lite/18.1/nios2eds/bin/gnu/h-x86_64-mingw32/bin/../lib/gcc/nios2-elf/5.3.0/../../../../../H-x86_64-mingw32/nios2-elf/lib/mno-hw-mul\libsmallc.a(lib_a-strlen.o)
 .data          0x0000000000069d80        0x0 d:/softwares/intelfpga_lite/18.1/nios2eds/bin/gnu/h-x86_64-mingw32/bin/../lib/gcc/nios2-elf/5.3.0/../../../../../H-x86_64-mingw32/nios2-elf/lib/mno-hw-mul\libsmallc.a(lib_a-strncmp.o)
 .data          0x0000000000069d80        0x0 d:/softwares/intelfpga_lite/18.1/nios2eds/bin/gnu/h-x86_64-mingw32/bin/../lib/gcc/nios2-elf/5.3.0/../../../../../H-x86_64-mingw32/nios2-elf/lib/mno-hw-mul\libsmallc.a(lib_a-strtol.o)
 .data          0x0000000000069d80        0x0 d:/softwares/intelfpga_lite/18.1/nios2eds/bin/gnu/h-x86_64-mingw32/bin/../lib/gcc/nios2-elf/5.3.0/../../../../../H-x86_64-mingw32/nios2-elf/lib/mno-hw-mul\libsmallc.a(lib_a-svfprintf.o)
 .data          0x0000000000069d80        0x0 d:/softwares/intelfpga_lite/18.1/nios2eds/bin/gnu/h-x86_64-mingw32/bin/../lib/gcc/nios2-elf/5.3.0/../../../../../H-x86_64-mingw32/nios2-elf/lib/mno-hw-mul\libsmallc.a(lib_a-timesr.o)
 .data          0x0000000000069d80        0x0 d:/softwares/intelfpga_lite/18.1/nios2eds/bin/gnu/h-x86_64-mingw32/bin/../lib/gcc/nios2-elf/5.3.0/../../../../../H-x86_64-mingw32/nios2-elf/lib/mno-hw-mul\libsmallc.a(lib_a-vfprintf.o)
 .data          0x0000000000069d80        0x0 d:/softwares/intelfpga_lite/18.1/nios2eds/bin/gnu/h-x86_64-mingw32/bin/../lib/gcc/nios2-elf/5.3.0/../../../../../H-x86_64-mingw32/nios2-elf/lib/mno-hw-mul\libsmallc.a(lib_a-fvwrite_small_dev.o)
 .data          0x0000000000069d80        0x0 d:/softwares/intelfpga_lite/18.1/nios2eds/bin/gnu/h-x86_64-mingw32/bin/../lib/gcc/nios2-elf/5.3.0/../../../../../H-x86_64-mingw32/nios2-elf/lib/mno-hw-mul\libsmallc.a(lib_a-fvwrite_small_str.o)
 .data          0x0000000000069d80        0x0 d:/softwares/intelfpga_lite/18.1/nios2eds/bin/gnu/h-x86_64-mingw32/bin/../lib/gcc/nios2-elf/5.3.0/../../../../../H-x86_64-mingw32/nios2-elf/lib/mno-hw-mul\libsmallc.a(lib_a-int_errno.o)
 .data          0x0000000000069d80        0x0 d:/softwares/intelfpga_lite/18.1/nios2eds/bin/gnu/h-x86_64-mingw32/bin/../lib/gcc/nios2-elf/5.3.0/../../../../../H-x86_64-mingw32/nios2-elf/lib/mno-hw-mul\libsmallc.a(lib_a-nano-mallocr.o)
 .data          0x0000000000069d80        0x0 d:/softwares/intelfpga_lite/18.1/nios2eds/bin/gnu/h-x86_64-mingw32/bin/../lib/gcc/nios2-elf/5.3.0/../../../../../H-x86_64-mingw32/nios2-elf/lib/mno-hw-mul\libsmallc.a(lib_a-sbrkr.o)
 .data          0x0000000000069d80        0x0 d:/softwares/intelfpga_lite/18.1/nios2eds/bin/gnu/h-x86_64-mingw32/bin/../lib/gcc/nios2-elf/5.3.0/../../../../../H-x86_64-mingw32/nios2-elf/lib/mno-hw-mul\libsmallc.a(lib_a-writer.o)
 .data          0x0000000000069d80        0x0 ../ECE385_bsp/\libhal_bsp.a(alt_exit.o)
 .data          0x0000000000069d80        0x0 ../ECE385_bsp/\libhal_bsp.a(alt_getpid.o)
 .data          0x0000000000069d80        0x0 ../ECE385_bsp/\libhal_bsp.a(alt_kill.o)
 .data          0x0000000000069d80        0x0 ../ECE385_bsp/\libhal_bsp.a(alt_load.o)
 .data          0x0000000000069d80        0x0 ../ECE385_bsp/\libhal_bsp.a(alt_main.o)
 .data          0x0000000000069d80        0x0 ../ECE385_bsp/\libhal_bsp.a(alt_sbrk.o)
 .data          0x0000000000069d80        0x0 ../ECE385_bsp/\libhal_bsp.a(alt_times.o)
 .data          0x0000000000069d80        0x0 ../ECE385_bsp/\libhal_bsp.a(alt_write.o)
 .data          0x0000000000069d80       0xec ../ECE385_bsp/\libhal_bsp.a(alt_sys_init.o)
 .data          0x0000000000069e6c        0x0 ../ECE385_bsp/\libhal_bsp.a(altera_avalon_jtag_uart_fd.o)
 .data          0x0000000000069e6c        0x0 ../ECE385_bsp/\libhal_bsp.a(altera_avalon_jtag_uart_read.o)
 .data          0x0000000000069e6c        0x0 ../ECE385_bsp/\libhal_bsp.a(altera_avalon_jtag_uart_write.o)
 .data          0x0000000000069e6c        0x0 ../ECE385_bsp/\libhal_bsp.a(altera_avalon_sgdma.o)
 .data          0x0000000000069e6c        0x0 ../ECE385_bsp/\libhal_bsp.a(altera_avalon_timer_sc.o)
 .data          0x0000000000069e6c        0x0 ../ECE385_bsp/\libhal_bsp.a(alt_close.o)
 .data          0x0000000000069e6c        0x0 ../ECE385_bsp/\libhal_bsp.a(alt_dcache_flush.o)
 .data          0x0000000000069e6c        0x0 ../ECE385_bsp/\libhal_bsp.a(alt_dcache_flush_all.o)
 .data          0x0000000000069e6c      0x1a8 ../ECE385_bsp/\libhal_bsp.a(alt_dev.o)
                0x0000000000069e6c                alt_fd_list
                0x0000000000069fec                alt_dev_null
 .data          0x000000000006a014        0x0 ../ECE385_bsp/\libhal_bsp.a(alt_dev_llist_insert.o)
 .data          0x000000000006a014        0x0 ../ECE385_bsp/\libhal_bsp.a(alt_errno.o)
 .data          0x000000000006a014        0x0 ../ECE385_bsp/\libhal_bsp.a(alt_find_dev.o)
 .data          0x000000000006a014        0x0 ../ECE385_bsp/\libhal_bsp.a(alt_icache_flush_all.o)
 .data          0x000000000006a014        0x0 ../ECE385_bsp/\libhal_bsp.a(alt_iic.o)
 .data          0x000000000006a014        0x0 ../ECE385_bsp/\libhal_bsp.a(alt_iic_isr_register.o)
 .data          0x000000000006a014        0x0 ../ECE385_bsp/\libhal_bsp.a(alt_io_redirect.o)
 .data          0x000000000006a014        0x0 ../ECE385_bsp/\libhal_bsp.a(alt_irq_entry.o)
 .data          0x000000000006a014        0x0 ../ECE385_bsp/\libhal_bsp.a(alt_irq_handler.o)
 .data          0x000000000006a014        0x0 ../ECE385_bsp/\libhal_bsp.a(alt_irq_vars.o)
 .data          0x000000000006a014        0x0 ../ECE385_bsp/\libhal_bsp.a(alt_open.o)
 .data          0x000000000006a014        0x0 ../ECE385_bsp/\libhal_bsp.a(alt_release_fd.o)
 .data          0x000000000006a014        0x0 ../ECE385_bsp/\libhal_bsp.a(alt_tick.o)
 .data          0x000000000006a014        0x0 ../ECE385_bsp/\libhal_bsp.a(altera_nios2_gen2_irq.o)
 .data          0x000000000006a014        0x0 ../ECE385_bsp/\libhal_bsp.a(alt_exception_entry.o)
 .data          0x000000000006a014        0x0 ../ECE385_bsp/\libhal_bsp.a(alt_find_file.o)
 .data          0x000000000006a014        0x0 ../ECE385_bsp/\libhal_bsp.a(alt_get_fd.o)
 .data          0x000000000006a014        0x0 ../ECE385_bsp/\libhal_bsp.a(alt_instruction_exception_entry.o)
 .data          0x000000000006a014        0x0 d:/softwares/intelfpga_lite/18.1/nios2eds/bin/gnu/h-x86_64-mingw32/bin/../lib/gcc/nios2-elf/5.3.0/../../../../../H-x86_64-mingw32/nios2-elf/lib/mno-hw-mul\libsmallc.a(lib_a-exit.o)
 .data          0x000000000006a014        0x0 d:/softwares/intelfpga_lite/18.1/nios2eds/bin/gnu/h-x86_64-mingw32/bin/../lib/gcc/nios2-elf/5.3.0/../../../../../H-x86_64-mingw32/nios2-elf/lib/mno-hw-mul\libsmallc.a(lib_a-__call_atexit.o)
                0x0000000000072014                _gp = ABSOLUTE ((. + 0x8000))
                [!provide]                        PROVIDE (gp, _gp)
 *(.rwdata .rwdata.*)
 *(.sdata .sdata.* .gnu.linkonce.s.*)
 .sdata         0x000000000006a014        0x4 obj/default/comm.o
                0x000000000006a014                keycode_comm
 .sdata         0x000000000006a018        0x8 obj/default/ethernet.o
                0x000000000006a018                eth1_mdio
                0x000000000006a01c                eth0_mdio
 .sdata         0x000000000006a020        0x4 obj/default/lwip/core/ipv4/dhcp.o
 .sdata         0x000000000006a024        0x8 obj/default/lwip/core/ipv6/nd6.o
                0x000000000006a024                retrans_timer
                0x000000000006a028                reachable_time
 .sdata         0x000000000006a02c        0xe obj/default/lwip/core/tcp.o
 *fill*         0x000000000006a03a        0x2 
 .sdata         0x000000000006a03c        0x4 obj/default/lwip/core/timeouts.o
                0x000000000006a03c                lwip_num_cyclic_timers
 .sdata         0x000000000006a040        0x2 obj/default/lwip/core/udp.o
 .sdata         0x000000000006a042        0xc obj/default/lwip/netif/ethernet.o
                0x000000000006a042                ethzero
                0x000000000006a048                ethbroadcast
 *fill*         0x000000000006a04e        0x2 
 .sdata         0x000000000006a050       0x18 obj/default/main.o
                0x000000000006a050                game_state
                0x000000000006a054                io_vga_background_offset
                0x000000000006a058                io_vga_sync
                0x000000000006a05c                io_hex
                0x000000000006a060                io_led_green
                0x000000000006a064                io_led_red
 .sdata.__ctype_ptr__
                0x000000000006a068        0x4 d:/softwares/intelfpga_lite/18.1/nios2eds/bin/gnu/h-x86_64-mingw32/bin/../lib/gcc/nios2-elf/5.3.0/../../../../../H-x86_64-mingw32/nios2-elf/lib/mno-hw-mul\libsmallc.a(lib_a-ctype_.o)
                0x000000000006a068                __ctype_ptr__
 .sdata._global_impure_ptr
                0x000000000006a06c        0x4 d:/softwares/intelfpga_lite/18.1/nios2eds/bin/gnu/h-x86_64-mingw32/bin/../lib/gcc/nios2-elf/5.3.0/../../../../../H-x86_64-mingw32/nios2-elf/lib/mno-hw-mul\libsmallc.a(lib_a-impure.o)
                0x000000000006a06c                _global_impure_ptr
 .sdata._impure_ptr
                0x000000000006a070        0x4 d:/softwares/intelfpga_lite/18.1/nios2eds/bin/gnu/h-x86_64-mingw32/bin/../lib/gcc/nios2-elf/5.3.0/../../../../../H-x86_64-mingw32/nios2-elf/lib/mno-hw-mul\libsmallc.a(lib_a-impure.o)
                0x000000000006a070                _impure_ptr
 .sdata         0x000000000006a074        0x4 ../ECE385_bsp/\libhal_bsp.a(alt_sbrk.o)
 .sdata         0x000000000006a078        0x8 ../ECE385_bsp/\libhal_bsp.a(altera_avalon_sgdma.o)
                0x000000000006a078                alt_sgdma_list
 .sdata         0x000000000006a080       0x14 ../ECE385_bsp/\libhal_bsp.a(alt_dev.o)
                0x000000000006a080                alt_max_fd
                0x000000000006a084                alt_dev_list