Archive member included to satisfy reference by file (symbol)

d:/softwares/intelfpga_lite/18.1/nios2eds/bin/gnu/h-x86_64-mingw32/bin/../lib/gcc/nios2-elf/5.3.0/mno-hw-mul\libgcc.a(lib2-divmod.o)
                              obj/default/lwip/core/def.o (__divsi3)
d:/softwares/intelfpga_lite/18.1/nios2eds/bin/gnu/h-x86_64-mingw32/bin/../lib/gcc/nios2-elf/5.3.0/mno-hw-mul\libgcc.a(lib2-mul.o)
                              obj/default/lwip/core/dns.o (__mulsi3)
d:/softwares/intelfpga_lite/18.1/nios2eds/bin/gnu/h-x86_64-mingw32/bin/../lib/gcc/nios2-elf/5.3.0/../../../../../H-x86_64-mingw32/nios2-elf/lib/mno-hw-mul\libsmallc.a(lib_a-abort.o)
                              obj/default/lwip/core/dns.o (abort)
d:/softwares/intelfpga_lite/18.1/nios2eds/bin/gnu/h-x86_64-mingw32/bin/../lib/gcc/nios2-elf/5.3.0/../../../../../H-x86_64-mingw32/nios2-elf/lib/mno-hw-mul\libsmallc.a(lib_a-atoi.o)
                              obj/default/lwip/core/netif.o (atoi)
d:/softwares/intelfpga_lite/18.1/nios2eds/bin/gnu/h-x86_64-mingw32/bin/../lib/gcc/nios2-elf/5.3.0/../../../../../H-x86_64-mingw32/nios2-elf/lib/mno-hw-mul\libsmallc.a(lib_a-clock.o)
                              obj/default/lwip_port/compat.o (clock)
d:/softwares/intelfpga_lite/18.1/nios2eds/bin/gnu/h-x86_64-mingw32/bin/../lib/gcc/nios2-elf/5.3.0/../../../../../H-x86_64-mingw32/nios2-elf/lib/mno-hw-mul\libsmallc.a(lib_a-ctype_.o)
                              obj/default/lwip/core/dns.o (__ctype_ptr__)
d:/softwares/intelfpga_lite/18.1/nios2eds/bin/gnu/h-x86_64-mingw32/bin/../lib/gcc/nios2-elf/5.3.0/../../../../../H-x86_64-mingw32/nios2-elf/lib/mno-hw-mul\libsmallc.a(lib_a-impure.o)
                              d:/softwares/intelfpga_lite/18.1/nios2eds/bin/gnu/h-x86_64-mingw32/bin/../lib/gcc/nios2-elf/5.3.0/../../../../../H-x86_64-mingw32/nios2-elf/lib/mno-hw-mul\libsmallc.a(lib_a-clock.o) (_impure_ptr)
d:/softwares/intelfpga_lite/18.1/nios2eds/bin/gnu/h-x86_64-mingw32/bin/../lib/gcc/nios2-elf/5.3.0/../../../../../H-x86_64-mingw32/nios2-elf/lib/mno-hw-mul\libsmallc.a(lib_a-memcmp.o)
                              obj/default/lwip/core/ipv4/autoip.o (memcmp)
d:/softwares/intelfpga_lite/18.1/nios2eds/bin/gnu/h-x86_64-mingw32/bin/../lib/gcc/nios2-elf/5.3.0/../../../../../H-x86_64-mingw32/nios2-elf/lib/mno-hw-mul\libsmallc.a(lib_a-memcpy.o)
                              obj/default/lwip/core/dns.o (memcpy)
d:/softwares/intelfpga_lite/18.1/nios2eds/bin/gnu/h-x86_64-mingw32/bin/../lib/gcc/nios2-elf/5.3.0/../../../../../H-x86_64-mingw32/nios2-elf/lib/mno-hw-mul\libsmallc.a(lib_a-memmove.o)
                              obj/default/lwip/core/def.o (memmove)
d:/softwares/intelfpga_lite/18.1/nios2eds/bin/gnu/h-x86_64-mingw32/bin/../lib/gcc/nios2-elf/5.3.0/../../../../../H-x86_64-mingw32/nios2-elf/lib/mno-hw-mul\libsmallc.a(lib_a-memset.o)
                              obj/default/lwip/core/ipv4/dhcp.o (memset)
d:/softwares/intelfpga_lite/18.1/nios2eds/bin/gnu/h-x86_64-mingw32/bin/../lib/gcc/nios2-elf/5.3.0/../../../../../H-x86_64-mingw32/nios2-elf/lib/mno-hw-mul\libsmallc.a(lib_a-printf.o)
                              obj/default/lwip/core/dns.o (printf)
d:/softwares/intelfpga_lite/18.1/nios2eds/bin/gnu/h-x86_64-mingw32/bin/../lib/gcc/nios2-elf/5.3.0/../../../../../H-x86_64-mingw32/nios2-elf/lib/mno-hw-mul\libsmallc.a(lib_a-puts.o)
                              obj/default/ethernet.o (puts)
d:/softwares/intelfpga_lite/18.1/nios2eds/bin/gnu/h-x86_64-mingw32/bin/../lib/gcc/nios2-elf/5.3.0/../../../../../H-x86_64-mingw32/nios2-elf/lib/mno-hw-mul\libsmallc.a(lib_a-signal.o)
                              d:/softwares/intelfpga_lite/18.1/nios2eds/bin/gnu/h-x86_64-mingw32/bin/../lib/gcc/nios2-elf/5.3.0/../../../../../H-x86_64-mingw32/nios2-elf/lib/mno-hw-mul\libsmallc.a(lib_a-abort.o) (raise)
d:/softwares/intelfpga_lite/18.1/nios2eds/bin/gnu/h-x86_64-mingw32/bin/../lib/gcc/nios2-elf/5.3.0/../../../../../H-x86_64-mingw32/nios2-elf/lib/mno-hw-mul\libsmallc.a(lib_a-signalr.o)
                              d:/softwares/intelfpga_lite/18.1/nios2eds/bin/gnu/h-x86_64-mingw32/bin/../lib/gcc/nios2-elf/5.3.0/../../../../../H-x86_64-mingw32/nios2-elf/lib/mno-hw-mul\libsmallc.a(lib_a-signal.o) (_kill_r)
d:/softwares/intelfpga_lite/18.1/nios2eds/bin/gnu/h-x86_64-mingw32/bin/../lib/gcc/nios2-elf/5.3.0/../../../../../H-x86_64-mingw32/nios2-elf/lib/mno-hw-mul\libsmallc.a(lib_a-strcmp.o)
                              obj/default/lwip/core/dns.o (strcmp)
d:/softwares/intelfpga_lite/18.1/nios2eds/bin/gnu/h-x86_64-mingw32/bin/../lib/gcc/nios2-elf/5.3.0/../../../../../H-x86_64-mingw32/nios2-elf/lib/mno-hw-mul\libsmallc.a(lib_a-strlen.o)
                              obj/default/lwip/core/def.o (strlen)
d:/softwares/intelfpga_lite/18.1/nios2eds/bin/gnu/h-x86_64-mingw32/bin/../lib/gcc/nios2-elf/5.3.0/../../../../../H-x86_64-mingw32/nios2-elf/lib/mno-hw-mul\libsmallc.a(lib_a-strncmp.o)
                              obj/default/lwip/core/def.o (strncmp)
[...]
Memory Configuration

Name             Origin             Length             Attributes
vga_sprite_7     0x0000000000000000 0x0000000000002000
vga_sprite_6     0x0000000000002000 0x0000000000002000
audio_mem        0x0000000000004000 0x0000000000004000
vga_sprite_5     0x0000000000008000 0x0000000000002000
vga_sprite_4     0x000000000000a000 0x0000000000002000
vga_sprite_3     0x000000000000c000 0x0000000000002000
vga_sprite_2     0x000000000000e000 0x0000000000002000
vga_sprite_1     0x0000000000010000 0x0000000000002000
vga_sprite_0     0x0000000000012000 0x0000000000002000
usb_keycode      0x0000000000015000 0x0000000000000400
reset            0x0000000000040000 0x0000000000000020
nios2_onchip_mem 0x0000000000040020 0x000000000003ffe0
sdram            0x0000000008000000 0x0000000008000000
*default*        0x0000000000000000 0xffffffffffffffff

Linker script and memory map

LOAD ../ECE385_bsp//obj/HAL/src/crt0.o
LOAD obj/default/ethernet.o
LOAD obj/default/lwip/core/altcp.o
LOAD obj/default/lwip/core/altcp_alloc.o
LOAD obj/default/lwip/core/altcp_tcp.o
LOAD obj/default/lwip/core/def.o
LOAD obj/default/lwip/core/dns.o
LOAD obj/default/lwip/core/inet_chksum.o
LOAD obj/default/lwip/core/init.o
LOAD obj/default/lwip/core/ip.o
LOAD obj/default/lwip/core/ipv4/autoip.o
LOAD obj/default/lwip/core/ipv4/dhcp.o
LOAD obj/default/lwip/core/ipv4/etharp.o
LOAD obj/default/lwip/core/ipv4/icmp.o
LOAD obj/default/lwip/core/ipv4/igmp.o
LOAD obj/default/lwip/core/ipv4/ip4.o
LOAD obj/default/lwip/core/ipv4/ip4_addr.o
LOAD obj/default/lwip/core/ipv4/ip4_frag.o
LOAD obj/default/lwip/core/ipv6/dhcp6.o
LOAD obj/default/lwip/core/ipv6/ethip6.o
LOAD obj/default/lwip/core/ipv6/icmp6.o
LOAD obj/default/lwip/core/ipv6/inet6.o
LOAD obj/default/lwip/core/ipv6/ip6.o
LOAD obj/default/lwip/core/ipv6/ip6_addr.o
LOAD obj/default/lwip/core/ipv6/ip6_frag.o
LOAD obj/default/lwip/core/ipv6/mld6.o
LOAD obj/default/lwip/core/ipv6/nd6.o
LOAD obj/default/lwip/core/mem.o
LOAD obj/default/lwip/core/memp.o
LOAD obj/default/lwip/core/netif.o
LOAD obj/default/lwip/core/pbuf.o
LOAD obj/default/lwip/core/raw.o
LOAD obj/default/lwip/core/stats.o
LOAD obj/default/lwip/core/sys.o
LOAD obj/default/lwip/core/tcp.o
LOAD obj/default/lwip/core/tcp_in.o
LOAD obj/default/lwip/core/tcp_out.o
LOAD obj/default/lwip/core/timeouts.o
LOAD obj/default/lwip/core/udp.o
LOAD obj/default/lwip/netif/ethernet.o
LOAD obj/default/lwip_port/compat.o
LOAD obj/default/main.o
LOAD obj/default/rng.o
LOAD obj/default/sprites.o
LOAD obj/default/vga.o
LOAD d:/softwares/intelfpga_lite/18.1/nios2eds/bin/gnu/h-x86_64-mingw32/bin/../lib/gcc/nios2-elf/5.3.0/../../../../../H-x86_64-mingw32/nios2-elf/lib/mno-hw-mul\libstdc++.a
LOAD d:/softwares/intelfpga_lite/18.1/nios2eds/bin/gnu/h-x86_64-mingw32/bin/../lib/gcc/nios2-elf/5.3.0/../../../../../H-x86_64-mingw32/nios2-elf/lib/mno-hw-mul\libm.a
LOAD d:/softwares/intelfpga_lite/18.1/nios2eds/bin/gnu/h-x86_64-mingw32/bin/../lib/gcc/nios2-elf/5.3.0/mno-hw-mul\libgcc.a
START GROUP
LOAD d:/softwares/intelfpga_lite/18.1/nios2eds/bin/gnu/h-x86_64-mingw32/bin/../lib/gcc/nios2-elf/5.3.0/../../../../../H-x86_64-mingw32/nios2-elf/lib/mno-hw-mul\libsmallc.a
LOAD d:/softwares/intelfpga_lite/18.1/nios2eds/bin/gnu/h-x86_64-mingw32/bin/../lib/gcc/nios2-elf/5.3.0/mno-hw-mul\libgcc.a
LOAD ../ECE385_bsp/\libhal_bsp.a
LOAD d:/softwares/intelfpga_lite/18.1/nios2eds/bin/gnu/h-x86_64-mingw32/bin/../lib/gcc/nios2-elf/5.3.0/../../../../../H-x86_64-mingw32/nios2-elf/lib/mno-hw-mul\libm.a
END GROUP
LOAD d:/softwares/intelfpga_lite/18.1/nios2eds/bin/gnu/h-x86_64-mingw32/bin/../lib/gcc/nios2-elf/5.3.0/mno-hw-mul\libgcc.a
                0x0000000000000000                __alt_mem_vga_sprite_7 = 0x0
                0x0000000000002000                __alt_mem_vga_sprite_6 = 0x2000
                0x0000000000004000                __alt_mem_audio_mem = 0x4000
                0x0000000000008000                __alt_mem_vga_sprite_5 = 0x8000
                0x000000000000a000                __alt_mem_vga_sprite_4 = 0xa000
                0x000000000000c000                __alt_mem_vga_sprite_3 = 0xc000
                0x000000000000e000                __alt_mem_vga_sprite_2 = 0xe000
                0x0000000000010000                __alt_mem_vga_sprite_1 = 0x10000
                0x0000000000012000                __alt_mem_vga_sprite_0 = 0x12000
                0x0000000000015000                __alt_mem_usb_keycode = 0x15000
                0x0000000000040000                __alt_mem_nios2_onchip_mem = 0x40000
                0x0000000008000000                __alt_mem_sdram = 0x8000000

.entry          0x0000000000040000       0x20
 *(.entry)
 .entry         0x0000000000040000       0x20 ../ECE385_bsp//obj/HAL/src/crt0.o
                0x0000000000040000                __reset

.exceptions     0x0000000000040020      0x164
                0x0000000000040020                PROVIDE (__ram_exceptions_start, ABSOLUTE (.))
                0x0000000000040020                . = ALIGN (0x20)
 *(.irq)
 *(.exceptions.entry.label)
 .exceptions.entry.label
                0x0000000000040020        0x0 ../ECE385_bsp/\libhal_bsp.a(alt_irq_entry.o)
                0x0000000000040020                alt_irq_entry
 .exceptions.entry.label
                0x0000000000040020        0x0 ../ECE385_bsp/\libhal_bsp.a(alt_exception_entry.o)
                0x0000000000040020                alt_exception
 *(.exceptions.entry.user)
 *(.exceptions.entry.ecc_fatal)
 *(.exceptions.entry)
 .exceptions.entry
                0x0000000000040020       0x54 ../ECE385_bsp/\libhal_bsp.a(alt_exception_entry.o)
 *(.exceptions.irqtest.user)
 *(.exceptions.irqtest)
 .exceptions.irqtest
                0x0000000000040074       0x10 ../ECE385_bsp/\libhal_bsp.a(alt_irq_entry.o)
 *(.exceptions.irqhandler.user)
 *(.exceptions.irqhandler)
 .exceptions.irqhandler
                0x0000000000040084        0x4 ../ECE385_bsp/\libhal_bsp.a(alt_irq_entry.o)
 *(.exceptions.irqreturn.user)
 *(.exceptions.irqreturn)
 .exceptions.irqreturn
                0x0000000000040088        0x4 ../ECE385_bsp/\libhal_bsp.a(alt_irq_entry.o)
 *(.exceptions.notirq.label)
 .exceptions.notirq.label
                0x000000000004008c        0x0 ../ECE385_bsp/\libhal_bsp.a(alt_irq_entry.o)
 *(.exceptions.notirq.user)
 *(.exceptions.notirq)
 .exceptions.notirq
                0x000000000004008c        0x8 ../ECE385_bsp/\libhal_bsp.a(alt_exception_entry.o)
 *(.exceptions.soft.user)
 *(.exceptions.soft)
 *(.exceptions.unknown.user)
 *(.exceptions.unknown)
 .exceptions.unknown
                0x0000000000040094       0x14 ../ECE385_bsp/\libhal_bsp.a(alt_exception_entry.o)
 *(.exceptions.exit.label)
 .exceptions.exit.label
                0x00000000000400a8        0x0 ../ECE385_bsp/\libhal_bsp.a(alt_irq_entry.o)
 .exceptions.exit.label
                0x00000000000400a8        0x0 ../ECE385_bsp/\libhal_bsp.a(alt_exception_entry.o)
 *(.exceptions.exit.user)
 *(.exceptions.exit)
 .exceptions.exit
                0x00000000000400a8       0x54 ../ECE385_bsp/\libhal_bsp.a(alt_exception_entry.o)
 *(.exceptions)
 .exceptions    0x00000000000400fc       0x64 ../ECE385_bsp/\libhal_bsp.a(alt_irq_handler.o)
                0x00000000000400fc                alt_irq_handler
 .exceptions    0x0000000000040160       0x24 ../ECE385_bsp/\libhal_bsp.a(alt_instruction_exception_entry.o)
                0x0000000000040160                alt_instruction_exception_entry
                0x0000000000040184                PROVIDE (__ram_exceptions_end, ABSOLUTE (.))
                0x0000000000040020                PROVIDE (__flash_exceptions_start, LOADADDR (.exceptions))

.resources      0x0000000008000000        0x0
                [!provide]                        PROVIDE (_alt_partition_resources_start, ABSOLUTE (.))
 *(.resources .resources.*)
                0x0000000008000000                . = ALIGN (0x4)
                [!provide]                        PROVIDE (_alt_partition_resources_end, ABSOLUTE (.))

.onchip         0x0000000000040184     0x1900
                [!provide]                        PROVIDE (_alt_partition_onchip_start, ABSOLUTE (.))
 *(.onchip .onchip.*)
 .onchip        0x0000000000040184     0x1900 obj/default/ethernet.o
                0x0000000000040184                eth1_rx_frame
                0x0000000000040984                eth0_rx_frame
                0x0000000000041184                tx_frame
                0x0000000000041984                eth1_rx_descriptor_end
                0x00000000000419a4                eth1_rx_descriptor
                0x00000000000419c4                eth1_tx_descriptor_end
                0x00000000000419e4                eth1_tx_descriptor
                0x0000000000041a04                eth0_rx_descriptor_end
                0x0000000000041a24                eth0_rx_descriptor
                0x0000000000041a44                eth0_tx_descriptor_end
                0x0000000000041a64                eth0_tx_descriptor
                0x0000000000041a84                . = ALIGN (0x4)
                [!provide]                        PROVIDE (_alt_partition_onchip_end, ABSOLUTE (.))

.text           0x0000000000041a84    0x2487c
                [!provide]                        PROVIDE (stext, ABSOLUTE (.))
 *(.interp)
 *(.hash)
 *(.dynsym)
 *(.dynstr)
 *(.gnu.version)
 *(.gnu.version_d)
 *(.gnu.version_r)
 *(.rel.init)
 *(.rela.init)
 *(.rel.text .rel.text.* .rel.gnu.linkonce.t.*)
 *(.rela.text .rela.text.* .rela.gnu.linkonce.t.*)
 *(.rel.fini)
 *(.rela.fini)
 *(.rel.rodata .rel.rodata.* .rel.gnu.linkonce.r.*)
 *(.rela.rodata .rela.rodata.* .rela.gnu.linkonce.r.*)
 *(.rel.data .rel.data.* .rel.gnu.linkonce.d.*)
 *(.rela.data .rela.data.* .rela.gnu.linkonce.d.*)
 *(.rel.tdata .rel.tdata.* .rel.gnu.linkonce.td.*)
 *(.rela.tdata .rela.tdata.* .rela.gnu.linkonce.td.*)
 *(.rel.tbss .rel.tbss.* .rel.gnu.linkonce.tb.*)
 *(.rela.tbss .rela.tbss.* .rela.gnu.linkonce.tb.*)
 *(.rel.ctors)
 *(.rela.ctors)
 *(.rel.dtors)
 *(.rela.dtors)
 *(.rel.got)
 *(.rela.got)
 *(.rel.sdata .rel.sdata.* .rel.gnu.linkonce.s.*)
 *(.rela.sdata .rela.sdata.* .rela.gnu.linkonce.s.*)
 *(.rel.sbss .rel.sbss.* .rel.gnu.linkonce.sb.*)
 *(.rela.sbss .rela.sbss.* .rela.gnu.linkonce.sb.*)
 *(.rel.sdata2 .rel.sdata2.* .rel.gnu.linkonce.s2.*)
 *(.rela.sdata2 .rela.sdata2.* .rela.gnu.linkonce.s2.*)
 *(.rel.sbss2 .rel.sbss2.* .rel.gnu.linkonce.sb2.*)
 *(.rela.sbss2 .rela.sbss2.* .rela.gnu.linkonce.sb2.*)
 *(.rel.bss .rel.bss.* .rel.gnu.linkonce.b.*)
 *(.rela.bss .rela.bss.* .rela.gnu.linkonce.b.*)
 *(.rel.plt)
 *(.rela.plt)
 *(.rel.dyn)
 *(.init)
 *(.plt)
 *(.text .stub .text.* .gnu.linkonce.t.*)
 .text          0x0000000000041a84       0x3c ../ECE385_bsp//obj/HAL/src/crt0.o
                0x0000000000041a84                _start
 .text          0x0000000000041ac0      0x7d4 obj/default/ethernet.o
                0x0000000000041ac0                eth0_rx_interrupt
                0x0000000000041b04                eth1_rx_interrupt
                0x0000000000041b48                eth0_tx
                0x0000000000041bd8                eth1_tx
                0x0000000000041c68                eth_init
                0x0000000000041d7c                eth_ip_reverse
                0x0000000000041da4                eth0_rx_start
                0x0000000000041df4                eth0_init
                0x0000000000041f00                eth0_ip
                0x0000000000041f34                eth1_rx_start
                0x0000000000041f84                eth_loop
                0x0000000000042154                eth1_init
                0x0000000000042260                eth1_ip
 .text          0x0000000000042294        0x0 obj/default/lwip/core/altcp.o
 .text          0x0000000000042294        0x0 obj/default/lwip/core/altcp_alloc.o
 .text          0x0000000000042294        0x0 obj/default/lwip/core/altcp_tcp.o
 .text          0x0000000000042294      0x2e8 obj/default/lwip/core/def.o
                0x0000000000042294                lwip_htons
                0x00000000000422a8                lwip_htonl
                0x00000000000422d0                lwip_strnstr
                0x0000000000042378                lwip_stricmp
                0x00000000000423e8                lwip_strnicmp
                0x000000000004246c                lwip_itoa
 .text          0x000000000004257c     0x16f0 obj/default/lwip/core/dns.o
                0x00000000000435a8                dns_init
                0x00000000000435ac                dns_setserver
                0x0000000000043670                dns_getserver
                0x00000000000436b0                dns_tmr
                0x00000000000436e0                dns_gethostbyname_addrtype
                0x0000000000043c4c                dns_gethostbyname
 .text.unlikely
                0x0000000000043c6c       0xcc obj/default/lwip/core/dns.o
 .text          0x0000000000043d38      0x608 obj/default/lwip/core/inet_chksum.o
                0x0000000000043d38                lwip_standard_chksum
                0x0000000000044070                inet_chksum_pseudo
                0x00000000000440bc                ip6_chksum_pseudo
                0x0000000000044120                ip_chksum_pseudo
                0x0000000000044160                inet_chksum_pseudo_partial
                0x00000000000441b8                ip6_chksum_pseudo_partial
                0x0000000000044228                ip_chksum_pseudo_partial
                0x0000000000044270                inet_chksum
                0x0000000000044290                inet_chksum_pbuf
 .text          0x0000000000044340       0x30 obj/default/lwip/core/init.o
                0x0000000000044340                lwip_init
 .text          0x0000000000044370       0xc4 obj/default/lwip/core/ip.o
                0x0000000000044370                ipaddr_ntoa
                0x0000000000044390                ipaddr_ntoa_r
                0x00000000000443b0                ipaddr_aton
                0x000000000004440c                ip_input
 .text          0x0000000000044434      0x670 obj/default/lwip/core/ipv4/autoip.o
                0x00000000000444c0                autoip_set_struct
                0x000000000004459c                autoip_start
                0x00000000000446dc                autoip_network_changed
                0x00000000000446f4                autoip_stop
                0x0000000000044740                autoip_tmr
                0x0000000000044908                autoip_arp_reply
                0x0000000000044a5c                autoip_supplied_address
                0x0000000000044a84                autoip_accept_packet
 .text          0x0000000000044aa4     0x2a74 obj/default/lwip/core/ipv4/dhcp.o
                0x0000000000046668                dhcp_set_struct
                0x000000000004673c                dhcp_cleanup
                0x000000000004679c                dhcp_inform
                0x00000000000468f8                dhcp_network_changed
                0x00000000000469c8                dhcp_arp_reply
                0x0000000000046b48                dhcp_renew
                0x0000000000046d34                dhcp_release_and_stop
                0x0000000000046f58                dhcp_start
                0x00000000000470ac                dhcp_coarse_tmr
                0x00000000000473a0                dhcp_fine_tmr
                0x00000000000474bc                dhcp_release
                0x00000000000474d8                dhcp_stop
                0x00000000000474dc                dhcp_supplied_address
 .text.unlikely
                0x0000000000047518      0x1f4 obj/default/lwip/core/ipv4/dhcp.o
 .text          0x000000000004770c     0x14b0 obj/default/lwip/core/ipv4/etharp.o
                0x0000000000047ee4                etharp_tmr
                0x0000000000048008                etharp_cleanup_netif
                0x0000000000048098                etharp_find_addr
                0x0000000000048178                etharp_get_entry
                0x00000000000482bc                etharp_input
                0x00000000000485d8                etharp_query
                0x000000000004891c                etharp_output
                0x0000000000048b7c                etharp_request
 .text          0x0000000000048bbc      0x45c obj/default/lwip/core/ipv4/icmp.o
                0x0000000000048d1c                icmp_input
                0x0000000000049000                icmp_dest_unreach
                0x000000000004900c                icmp_time_exceeded
 .text          0x0000000000049018      0xc44 obj/default/lwip/core/ipv4/igmp.o
                0x0000000000049370                igmp_init
                0x000000000004938c                igmp_start
                0x0000000000049408                igmp_stop
                0x0000000000049478                igmp_report_groups
                0x00000000000494b8                igmp_lookfor_group
                0x00000000000494f0                igmp_input
                0x0000000000049690                igmp_joingroup_netif
                0x00000000000497f4                igmp_joingroup
                0x00000000000498f4                igmp_leavegroup_netif
                0x0000000000049a98                igmp_leavegroup
                0x0000000000049bb0                igmp_tmr
 .text          0x0000000000049c5c      0xa78 obj/default/lwip/core/ipv4/ip4.o
                0x0000000000049ce0                ip4_set_default_multicast_netif
                0x0000000000049ce8                ip4_route
                0x0000000000049d88                ip4_input
                0x000000000004a16c                ip4_output_if_opt_src
                0x000000000004a520                ip4_output_if_opt
                0x000000000004a570                ip4_output_if
                0x000000000004a5c8                ip4_output_if_src
                0x000000000004a604                ip4_output
 .text          0x000000000004a6d4      0x534 obj/default/lwip/core/ipv4/ip4_addr.o
                0x000000000004a6d4                ip4_addr_isbroadcast_u32
                0x000000000004a724                ip4_addr_netmask_valid
                0x000000000004a784                ip4addr_aton
                0x000000000004aa70                ipaddr_addr
                0x000000000004aaa4                ip4addr_ntoa_r
                0x000000000004abf8                ip4addr_ntoa
 .text          0x000000000004ac08     0x1084 obj/default/lwip/core/ipv4/ip4_frag.o
                0x000000000004b03c                ip_reass_tmr
                0x000000000004b0a4                ip4_reass
                0x000000000004b8d8                ip4_frag
 .text.unlikely
                0x000000000004bc8c       0x34 obj/default/lwip/core/ipv4/ip4_frag.o
 .text          0x000000000004bcc0        0x0 obj/default/lwip/core/ipv6/dhcp6.o
 .text          0x000000000004bcc0       0xf0 obj/default/lwip/core/ipv6/ethip6.o
                0x000000000004bcc0                ethip6_output
 .text          0x000000000004bdb0      0x564 obj/default/lwip/core/ipv6/icmp6.o
                0x000000000004c008                icmp6_input
                0x000000000004c1f4                icmp6_dest_unreach
                0x000000000004c204                icmp6_packet_too_big
                0x000000000004c214                icmp6_time_exceeded
                0x000000000004c224                icmp6_time_exceeded_with_addrs
                0x000000000004c2f8                icmp6_param_problem
 .text          0x000000000004c314        0x0 obj/default/lwip/core/ipv6/inet6.o
 .text          0x000000000004c314     0x1798 obj/default/lwip/core/ipv6/ip6.o
                0x000000000004c3ac                ip6_route
                0x000000000004c724                ip6_select_source_address
                0x000000000004c98c                ip6_input
                0x000000000004d234                ip6_output_if_src
                0x000000000004d6e8                ip6_output_if
                0x000000000004d7d4                ip6_output
                0x000000000004da28                ip6_options_add_hbh_ra
 .text          0x000000000004daac      0x610 obj/default/lwip/core/ipv6/ip6_addr.o
                0x000000000004daac                ip6addr_aton
                0x000000000004ddc4                ip6addr_ntoa_r
                0x000000000004e0ac                ip6addr_ntoa
 .text          0x000000000004e0bc     0x1018 obj/default/lwip/core/ipv6/ip6_frag.o
                0x000000000004e44c                ip6_reass_tmr
                0x000000000004e4a0                ip6_reass
                0x000000000004ed9c                ip6_frag
 .text.unlikely
                0x000000000004f0d4       0x34 obj/default/lwip/core/ipv6/ip6_frag.o
 .text          0x000000000004f108      0xb64 obj/default/lwip/core/ipv6/mld6.o
                0x000000000004f3c4                mld6_stop
                0x000000000004f434                mld6_report_groups
                0x000000000004f46c                mld6_lookfor_group
                0x000000000004f4cc                mld6_input
                0x000000000004f6e8                mld6_joingroup_netif
                0x000000000004f8a0                mld6_joingroup
                0x000000000004f960                mld6_leavegroup_netif
                0x000000000004fb0c                mld6_leavegroup
                0x000000000004fbd4                mld6_tmr
 .text          0x000000000004fc6c     0x38fc obj/default/lwip/core/ipv6/nd6.o
                0x0000000000050c8c                nd6_input
                0x00000000000522e0                nd6_tmr
                0x00000000000527c4                nd6_clear_destination_cache
                0x0000000000052810                nd6_find_route
                0x0000000000052900                nd6_get_next_hop_addr_or_queue
                0x00000000000530bc                nd6_get_destination_mtu
                0x000000000005312c                nd6_reachability_hint
                0x00000000000532fc                nd6_cleanup_netif
                0x0000000000053428                nd6_adjust_mld_membership
                0x000000000005355c                nd6_restart_netif
 .text.unlikely
                0x0000000000053568       0xa0 obj/default/lwip/core/ipv6/nd6.o
 .text          0x0000000000053608      0x66c obj/default/lwip/core/mem.o
                0x0000000000053608                mem_init
                0x000000000005364c                mem_free
                0x0000000000053844                mem_trim
                0x0000000000053a24                mem_malloc
                0x0000000000053c0c                mem_calloc
 .text          0x0000000000053c74      0x2a0 obj/default/lwip/core/memp.o
                0x0000000000053c74                memp_init_pool
                0x0000000000053cbc                memp_init
                0x0000000000053d34                memp_malloc_pool
                0x0000000000053da8                memp_malloc
                0x0000000000053e30                memp_free_pool
                0x0000000000053e94                memp_free
 .text.unlikely
                0x0000000000053f14       0x68 obj/default/lwip/core/memp.o
 .text          0x0000000000053f7c     0x1a0c obj/default/lwip/core/netif.o
                0x000000000005421c                netif_input
                0x00000000000542a8                netif_set_ipaddr
                0x0000000000054304                netif_set_netmask
                0x0000000000054370                netif_set_gw
                0x00000000000543dc                netif_set_addr
                0x00000000000544d4                netif_add
                0x0000000000054828                netif_add_noaddr
                0x0000000000054858                netif_set_default
                0x0000000000054860                netif_set_up
                0x00000000000548e0                netif_set_down
                0x0000000000054968                netif_remove
                0x0000000000054a88                netif_set_link_up
                0x0000000000054b18                netif_init
                0x0000000000054bbc                netif_set_link_down
                0x0000000000054c0c                netif_loop_output
                0x0000000000054da0                netif_poll
                0x0000000000054f44                netif_poll_all
                0x0000000000054f78                netif_ip6_addr_set_parts
                0x00000000000551b0                netif_ip6_addr_set
                0x000000000005524c                netif_ip6_addr_set_state
                0x00000000000553a0                netif_get_ip6_addr_match
                0x00000000000554a8                netif_create_ip6_linklocal_address
                0x000000000005562c                netif_add_ip6_address
                0x00000000000557f0                netif_index_to_name
                0x0000000000055888                netif_get_by_index
                0x00000000000558dc                netif_find
                0x0000000000055954                netif_name_to_index
 .text          0x0000000000055988     0x1688 obj/default/lwip/core/pbuf.o
                0x0000000000055b2c                pbuf_free_ooseq
                0x0000000000055b54                pbuf_alloc_reference
                0x0000000000055bfc                pbuf_alloced_custom
                0x0000000000055c68                pbuf_add_header
                0x0000000000055c70                pbuf_add_header_force
                0x0000000000055c78                pbuf_remove_header
                0x0000000000055d48                pbuf_header
                0x0000000000055d68                pbuf_header_force
                0x0000000000055d88                pbuf_free
                0x0000000000055f08                pbuf_alloc
                0x0000000000056174                pbuf_realloc
                0x00000000000562bc                pbuf_free_header
                0x0000000000056354                pbuf_clen
                0x0000000000056370                pbuf_ref
                0x0000000000056398                pbuf_cat
                0x0000000000056460                pbuf_chain
                0x00000000000564a0                pbuf_dechain
                0x0000000000056588                pbuf_copy
                0x00000000000567ac                pbuf_copy_partial
                0x00000000000568e4                pbuf_get_contiguous
                0x00000000000569f4                pbuf_skip
                0x0000000000056a3c                pbuf_take
                0x0000000000056bc0                pbuf_take_at
                0x0000000000056cd4                pbuf_clone
                0x0000000000056d64                pbuf_coalesce
                0x0000000000056dc0                pbuf_get_at
                0x0000000000056e14                pbuf_try_get_at
                0x0000000000056e64                pbuf_put_at
                0x0000000000056eb0                pbuf_memcmp
                0x0000000000056ed0                pbuf_memfind
                0x0000000000056f88                pbuf_strstr
 .text.unlikely
                0x0000000000057010       0x34 obj/default/lwip/core/pbuf.o
 .text          0x0000000000057044      0xcec obj/default/lwip/core/raw.o
                0x0000000000057044                raw_input
                0x0000000000057308                raw_bind
                0x0000000000057408                raw_bind_netif
                0x0000000000057424                raw_connect
                0x0000000000057540                raw_disconnect
                0x0000000000057610                raw_recv
                0x000000000005761c                raw_sendto_if_src
                0x000000000005795c                raw_sendto
                0x0000000000057ad8                raw_send
                0x0000000000057ae0                raw_remove
                0x0000000000057b34                raw_new
                0x0000000000057b9c                raw_new_ip_type
                0x0000000000057bd0                raw_netif_ip_addr_changed
 .text          0x0000000000057d30        0x0 obj/default/lwip/core/stats.o
 .text          0x0000000000057d30        0x0 obj/default/lwip/core/sys.o
 .text          0x0000000000057d30     0x2c6c obj/default/lwip/core/tcp.o
                0x0000000000057db4                tcp_init
                0x0000000000057dd8                tcp_free
                0x0000000000057e24                tcp_backlog_delayed
                0x0000000000057ecc                tcp_backlog_accepted
                0x0000000000058078                tcp_bind
                0x00000000000583fc                tcp_bind_netif
                0x0000000000058418                tcp_listen_with_backlog_and_err
                0x000000000005863c                tcp_listen_with_backlog
                0x0000000000058648                tcp_update_rcv_ann_wnd
                0x0000000000058738                tcp_recved
                0x0000000000058828                tcp_txnow
                0x0000000000058874                tcp_seg_free
                0x00000000000588b0                tcp_segs_free
                0x00000000000588e0                tcp_setprio
                0x0000000000058920                tcp_seg_copy
                0x00000000000589a4                tcp_arg
                0x00000000000589b0                tcp_recv
                0x00000000000589fc                tcp_sent
                0x0000000000058a48                tcp_err
                0x0000000000058a94                tcp_accept
                0x0000000000058aac                tcp_poll
                0x0000000000058b30                tcp_pcb_purge
                0x0000000000058c10                tcp_slowtmr
                0x0000000000059380                tcp_pcb_remove
                0x00000000000597c8                tcp_close
                0x0000000000059820                tcp_recv_null
                0x00000000000598ac                tcp_process_refused_data
                0x00000000000599cc                tcp_fasttmr
                0x0000000000059aac                tcp_tmr
                0x0000000000059ae4                tcp_shutdown
                0x0000000000059bb8                tcp_abandon
                0x0000000000059e34                tcp_abort
                0x000000000005a024                tcp_alloc
                0x000000000005a240                tcp_new
                0x000000000005a248                tcp_new_ip_type
                0x000000000005a27c                tcp_next_iss
                0x000000000005a2a0                tcp_eff_send_mss_netif
                0x000000000005a378                tcp_connect
                0x000000000005a704                tcp_netif_ip_addr_changed
                0x000000000005a894                tcp_debug_state_str
                0x000000000005a8b0                tcp_tcp_get_tcp_addrinfo
                0x000000000005a958                tcp_free_ooseq
 .text.unlikely
                0x000000000005a99c       0x34 obj/default/lwip/core/tcp.o
 .text          0x000000000005a9d0     0x2cd0 obj/default/lwip/core/tcp_in.o
                0x000000000005c0a0                tcp_input
                0x000000000005d690                tcp_trigger_input_pcb_close
 .text          0x000000000005d6a0     0x2938 obj/default/lwip/core/tcp_out.o
                0x000000000005de50                tcp_write
                0x000000000005e848                tcp_split_unsent_seg
                0x000000000005eb54                tcp_enqueue_flags
                0x000000000005ed98                tcp_send_fin
                0x000000000005ee90                tcp_rexmit_rto_prepare
                0x000000000005efb8                tcp_rexmit
                0x000000000005f10c                tcp_rexmit_fast
                0x000000000005f1f4                tcp_rst
                0x000000000005f330                tcp_send_empty_ack
                0x000000000005f408                tcp_output
                0x000000000005fc40                tcp_rexmit_rto_commit
                0x000000000005fc94                tcp_rexmit_rto
                0x000000000005fd0c                tcp_keepalive
                0x000000000005fdb8                tcp_zero_window_probe
 .text          0x000000000005ffd8      0x418 obj/default/lwip/core/timeouts.o
                0x0000000000060158                tcp_timer_needed
                0x00000000000601ac                sys_timeout
                0x000000000006021c                sys_timeouts_init
                0x0000000000060270                sys_untimeout
                0x00000000000602c4                sys_check_timeouts
                0x0000000000060360                sys_restart_timeouts
                0x00000000000603a8                sys_timeouts_sleeptime
 .text          0x00000000000603f0     0x17b8 obj/default/lwip/core/udp.o
                0x00000000000603f0                udp_init
                0x0000000000060414                udp_input
                0x00000000000609c8                udp_bind
                0x0000000000060d24                udp_sendto_if_src
                0x00000000000611a4                udp_sendto_if
                0x00000000000613a0                udp_sendto
                0x000000000006156c                udp_send
                0x0000000000061604                udp_bind_netif
                0x0000000000061620                udp_connect
                0x0000000000061800                udp_disconnect
                0x00000000000618fc                udp_recv
                0x0000000000061940                udp_remove
                0x00000000000619cc                udp_new
                0x0000000000061a18                udp_new_ip_type
                0x0000000000061a48                udp_netif_ip_addr_changed
 .text          0x0000000000061ba8      0x2cc obj/default/lwip/netif/ethernet.o
                0x0000000000061ba8                ethernet_input
                0x0000000000061d28                ethernet_output
 .text          0x0000000000061e74        0xc obj/default/lwip_port/compat.o
                0x0000000000061e74                sys_now
                0x0000000000061e78                fflush
 .text          0x0000000000061e80      0xa14 obj/default/main.o
                0x0000000000061e80                handle_player_plane_keyboard
                0x0000000000062430                handle_enemy_planes_spawn
                0x00000000000626d0                handle_enemy_planes_firing
 .text.startup  0x0000000000062894       0x24 obj/default/main.o
                0x0000000000062894                main
 .text          0x00000000000628b8       0x38 obj/default/rng.o
                0x00000000000628b8                rng_generate
 .text          0x00000000000628f0      0xd30 obj/default/sprites.o
                0x0000000000062ab4                sprites_init
                0x0000000000062ba0                sprites_allocate
                0x0000000000062cd8                sprites_get
                0x0000000000062d30                sprites_deallocate
                0x0000000000062d48                sprites_visible
                0x0000000000062d60                sprites_load_data
                0x0000000000062e04                sprites_limit_speed
                0x0000000000063000                sprites_tick
                0x00000000000631a4                sprites_collision_detect
 .text          0x0000000000063620      0x288 obj/default/vga.o
                0x0000000000063620                vga_erase
                0x00000000000636e8                vga_fill
                0x00000000000637bc                vga_set
 .text          0x00000000000638a8      0x1b4 d:/softwares/intelfpga_lite/18.1/nios2eds/bin/gnu/h-x86_64-mingw32/bin/../lib/gcc/nios2-elf/5.3.0/mno-hw-mul\libgcc.a(lib2-divmod.o)
                0x00000000000638a8                __divsi3
                0x000000000006392c                __modsi3
                0x00000000000639a0                __udivsi3
                0x0000000000063a04                __umodsi3
 .text          0x0000000000063a5c       0x28 d:/softwares/intelfpga_lite/18.1/nios2eds/bin/gnu/h-x86_64-mingw32/bin/../lib/gcc/nios2-elf/5.3.0/mno-hw-mul\libgcc.a(lib2-mul.o)
                0x0000000000063a5c                __mulsi3
 .text          0x0000000000063a84        0x0 d:/softwares/intelfpga_lite/18.1/nios2eds/bin/gnu/h-x86_64-mingw32/bin/../lib/gcc/nios2-elf/5.3.0/../../../../../H-x86_64-mingw32/nios2-elf/lib/mno-hw-mul\libsmallc.a(lib_a-abort.o)
 .text.abort    0x0000000000063a84       0x18 d:/softwares/intelfpga_lite/18.1/nios2eds/bin/gnu/h-x86_64-mingw32/bin/../lib/gcc/nios2-elf/5.3.0/../../../../../H-x86_64-mingw32/nios2-elf/lib/mno-hw-mul\libsmallc.a(lib_a-abort.o)
                0x0000000000063a84                abort
 .text          0x0000000000063a9c        0x0 d:/softwares/intelfpga_lite/18.1/nios2eds/bin/gnu/h-x86_64-mingw32/bin/../lib/gcc/nios2-elf/5.3.0/../../../../../H-x86_64-mingw32/nios2-elf/lib/mno-hw-mul\libsmallc.a(lib_a-atoi.o)
 .text.atoi     0x0000000000063a9c        0xc d:/softwares/intelfpga_lite/18.1/nios2eds/bin/gnu/h-x86_64-mingw32/bin/../lib/gcc/nios2-elf/5.3.0/../../../../../H-x86_64-mingw32/nios2-elf/lib/mno-hw-mul\libsmallc.a(lib_a-atoi.o)
                0x0000000000063a9c                atoi
 .text._atoi_r  0x0000000000063aa8        0xc d:/softwares/intelfpga_lite/18.1/nios2eds/bin/gnu/h-x86_64-mingw32/bin/../lib/gcc/nios2-elf/5.3.0/../../../../../H-x86_64-mingw32/nios2-elf/lib/mno-hw-mul\libsmallc.a(lib_a-atoi.o)
                0x0000000000063aa8                _atoi_r
 .text          0x0000000000063ab4        0x0 d:/softwares/intelfpga_lite/18.1/nios2eds/bin/gnu/h-x86_64-mingw32/bin/../lib/gcc/nios2-elf/5.3.0/../../../../../H-x86_64-mingw32/nios2-elf/lib/mno-hw-mul\libsmallc.a(lib_a-clock.o)
 .text.clock    0x0000000000063ab4       0x4c d:/softwares/intelfpga_lite/18.1/nios2eds/bin/gnu/h-x86_64-mingw32/bin/../lib/gcc/nios2-elf/5.3.0/../../../../../H-x86_64-mingw32/nios2-elf/lib/mno-hw-mul\libsmallc.a(lib_a-clock.o)
                0x0000000000063ab4                clock
 .text          0x0000000000063b00        0x0 d:/softwares/intelfpga_lite/18.1/nios2eds/bin/gnu/h-x86_64-mingw32/bin/../lib/gcc/nios2-elf/5.3.0/../../../../../H-x86_64-mingw32/nios2-elf/lib/mno-hw-mul\libsmallc.a(lib_a-ctype_.o)
 .text          0x0000000000063b00        0x0 d:/softwares/intelfpga_lite/18.1/nios2eds/bin/gnu/h-x86_64-mingw32/bin/../lib/gcc/nios2-elf/5.3.0/../../../../../H-x86_64-mingw32/nios2-elf/lib/mno-hw-mul\libsmallc.a(lib_a-impure.o)
 .text          0x0000000000063b00        0x0 d:/softwares/intelfpga_lite/18.1/nios2eds/bin/gnu/h-x86_64-mingw32/bin/../lib/gcc/nios2-elf/5.3.0/../../../../../H-x86_64-mingw32/nios2-elf/lib/mno-hw-mul\libsmallc.a(lib_a-memcmp.o)
 .text.memcmp   0x0000000000063b00       0x30 d:/softwares/intelfpga_lite/18.1/nios2eds/bin/gnu/h-x86_64-mingw32/bin/../lib/gcc/nios2-elf/5.3.0/../../../../../H-x86_64-mingw32/nios2-elf/lib/mno-hw-mul\libsmallc.a(lib_a-memcmp.o)
                0x0000000000063b00                memcmp
 .text          0x0000000000063b30        0x0 d:/softwares/intelfpga_lite/18.1/nios2eds/bin/gnu/h-x86_64-mingw32/bin/../lib/gcc/nios2-elf/5.3.0/../../../../../H-x86_64-mingw32/nios2-elf/lib/mno-hw-mul\libsmallc.a(lib_a-memcpy.o)
 .text.memcpy   0x0000000000063b30       0x28 d:/softwares/intelfpga_lite/18.1/nios2eds/bin/gnu/h-x86_64-mingw32/bin/../lib/gcc/nios2-elf/5.3.0/../../../../../H-x86_64-mingw32/nios2-elf/lib/mno-hw-mul\libsmallc.a(lib_a-memcpy.o)
                0x0000000000063b30                memcpy
 .text          0x0000000000063b58        0x0 d:/softwares/intelfpga_lite/18.1/nios2eds/bin/gnu/h-x86_64-mingw32/bin/../lib/gcc/nios2-elf/5.3.0/../../../../../H-x86_64-mingw32/nios2-elf/lib/mno-hw-mul\libsmallc.a(lib_a-memmove.o)
 .text.memmove  0x0000000000063b58       0x60 d:/softwares/intelfpga_lite/18.1/nios2eds/bin/gnu/h-x86_64-mingw32/bin/../lib/gcc/nios2-elf/5.3.0/../../../../../H-x86_64-mingw32/nios2-elf/lib/mno-hw-mul\libsmallc.a(lib_a-memmove.o)
                0x0000000000063b58                memmove
 .text          0x0000000000063bb8        0x0 d:/softwares/intelfpga_lite/18.1/nios2eds/bin/gnu/h-x86_64-mingw32/bin/../lib/gcc/nios2-elf/5.3.0/../../../../../H-x86_64-mingw32/nios2-elf/lib/mno-hw-mul\libsmallc.a(lib_a-memset.o)
 .text.memset   0x0000000000063bb8       0x20 d:/softwares/intelfpga_lite/18.1/nios2eds/bin/gnu/h-x86_64-mingw32/bin/../lib/gcc/nios2-elf/5.3.0/../../../../../H-x86_64-mingw32/nios2-elf/lib/mno-hw-mul\libsmallc.a(lib_a-memset.o)
                0x0000000000063bb8                memset
 .text          0x0000000000063bd8        0x0 d:/softwares/intelfpga_lite/18.1/nios2eds/bin/gnu/h-x86_64-mingw32/bin/../lib/gcc/nios2-elf/5.3.0/../../../../../H-x86_64-mingw32/nios2-elf/lib/mno-hw-mul\libsmallc.a(lib_a-printf.o)
 .text._printf_r
                0x0000000000063bd8       0x3c d:/softwares/intelfpga_lite/18.1/nios2eds/bin/gnu/h-x86_64-mingw32/bin/../lib/gcc/nios2-elf/5.3.0/../../../../../H-x86_64-mingw32/nios2-elf/lib/mno-hw-mul\libsmallc.a(lib_a-printf.o)
                0x0000000000063bd8                _printf_r
 .text.printf   0x0000000000063c14       0x4c d:/softwares/intelfpga_lite/18.1/nios2eds/bin/gnu/h-x86_64-mingw32/bin/../lib/gcc/nios2-elf/5.3.0/../../../../../H-x86_64-mingw32/nios2-elf/lib/mno-hw-mul\libsmallc.a(lib_a-printf.o)
                0x0000000000063c14                printf
 .text          0x0000000000063c60        0x0 d:/softwares/intelfpga_lite/18.1/nios2eds/bin/gnu/h-x86_64-mingw32/bin/../lib/gcc/nios2-elf/5.3.0/../../../../../H-x86_64-mingw32/nios2-elf/lib/mno-hw-mul\libsmallc.a(lib_a-puts.o)
 .text._puts_r  0x0000000000063c60       0x80 d:/softwares/intelfpga_lite/18.1/nios2eds/bin/gnu/h-x86_64-mingw32/bin/../lib/gcc/nios2-elf/5.3.0/../../../../../H-x86_64-mingw32/nios2-elf/lib/mno-hw-mul\libsmallc.a(lib_a-puts.o)
                0x0000000000063c60                _puts_r
 .text.puts     0x0000000000063ce0       0x14 d:/softwares/intelfpga_lite/18.1/nios2eds/bin/gnu/h-x86_64-mingw32/bin/../lib/gcc/nios2-elf/5.3.0/../../../../../H-x86_64-mingw32/nios2-elf/lib/mno-hw-mul\libsmallc.a(lib_a-puts.o)
                0x0000000000063ce0                puts
 .text          0x0000000000063cf4        0x0 d:/softwares/intelfpga_lite/18.1/nios2eds/bin/gnu/h-x86_64-mingw32/bin/../lib/gcc/nios2-elf/5.3.0/../../../../../H-x86_64-mingw32/nios2-elf/lib/mno-hw-mul\libsmallc.a(lib_a-signal.o)
 .text._init_signal_r
                0x0000000000063cf4       0x68 d:/softwares/intelfpga_lite/18.1/nios2eds/bin/gnu/h-x86_64-mingw32/bin/../lib/gcc/nios2-elf/5.3.0/../../../../../H-x86_64-mingw32/nios2-elf/lib/mno-hw-mul\libsmallc.a(lib_a-signal.o)
                0x0000000000063cf4                _init_signal_r
 .text._signal_r
                0x0000000000063d5c       0x7c d:/softwares/intelfpga_lite/18.1/nios2eds/bin/gnu/h-x86_64-mingw32/bin/../lib/gcc/nios2-elf/5.3.0/../../../../../H-x86_64-mingw32/nios2-elf/lib/mno-hw-mul\libsmallc.a(lib_a-signal.o)
                0x0000000000063d5c                _signal_r
 .text._raise_r
                0x0000000000063dd8       0xb4 d:/softwares/intelfpga_lite/18.1/nios2eds/bin/gnu/h-x86_64-mingw32/bin/../lib/gcc/nios2-elf/5.3.0/../../../../../H-x86_64-mingw32/nios2-elf/lib/mno-hw-mul\libsmallc.a(lib_a-signal.o)
                0x0000000000063dd8                _raise_r
 .text.__sigtramp_r
                0x0000000000063e8c       0xa8 d:/softwares/intelfpga_lite/18.1/nios2eds/bin/gnu/h-x86_64-mingw32/bin/../lib/gcc/nios2-elf/5.3.0/../../../../../H-x86_64-mingw32/nios2-elf/lib/mno-hw-mul\libsmallc.a(lib_a-signal.o)
                0x0000000000063e8c                __sigtramp_r
 .text.raise    0x0000000000063f34       0x14 d:/softwares/intelfpga_lite/18.1/nios2eds/bin/gnu/h-x86_64-mingw32/bin/../lib/gcc/nios2-elf/5.3.0/../../../../../H-x86_64-mingw32/nios2-elf/lib/mno-hw-mul\libsmallc.a(lib_a-signal.o)
                0x0000000000063f34                raise
 .text.signal   0x0000000000063f48       0x18 d:/softwares/intelfpga_lite/18.1/nios2eds/bin/gnu/h-x86_64-mingw32/bin/../lib/gcc/nios2-elf/5.3.0/../../../../../H-x86_64-mingw32/nios2-elf/lib/mno-hw-mul\libsmallc.a(lib_a-signal.o)
                0x0000000000063f48                signal
 .text._init_signal
                0x0000000000063f60       0x10 d:/softwares/intelfpga_lite/18.1/nios2eds/bin/gnu/h-x86_64-mingw32/bin/../lib/gcc/nios2-elf/5.3.0/../../../../../H-x86_64-mingw32/nios2-elf/lib/mno-hw-mul\libsmallc.a(lib_a-signal.o)
                0x0000000000063f60                _init_signal
 .text.__sigtramp
                0x0000000000063f70       0x14 d:/softwares/intelfpga_lite/18.1/nios2eds/bin/gnu/h-x86_64-mingw32/bin/../lib/gcc/nios2-elf/5.3.0/../../../../../H-x86_64-mingw32/nios2-elf/lib/mno-hw-mul\libsmallc.a(lib_a-signal.o)
                0x0000000000063f70                __sigtramp
 .text          0x0000000000063f84        0x0 d:/softwares/intelfpga_lite/18.1/nios2eds/bin/gnu/h-x86_64-mingw32/bin/../lib/gcc/nios2-elf/5.3.0/../../../../../H-x86_64-mingw32/nios2-elf/lib/mno-hw-mul\libsmallc.a(lib_a-signalr.o)
 .text._kill_r  0x0000000000063f84       0x54 d:/softwares/intelfpga_lite/18.1/nios2eds/bin/gnu/h-x86_64-mingw32/bin/../lib/gcc/nios2-elf/5.3.0/../../../../../H-x86_64-mingw32/nios2-elf/lib/mno-hw-mul\libsmallc.a(lib_a-signalr.o)
                0x0000000000063f84                _kill_r
 .text._getpid_r
                0x0000000000063fd8        0x4 d:/softwares/intelfpga_lite/18.1/nios2eds/bin/gnu/h-x86_64-mingw32/bin/../lib/gcc/nios2-elf/5.3.0/../../../../../H-x86_64-mingw32/nios2-elf/lib/mno-hw-mul\libsmallc.a(lib_a-signalr.o)
                0x0000000000063fd8                _getpid_r
 .text          0x0000000000063fdc        0x0 d:/softwares/intelfpga_lite/18.1/nios2eds/bin/gnu/h-x86_64-mingw32/bin/../lib/gcc/nios2-elf/5.3.0/../../../../../H-x86_64-mingw32/nios2-elf/lib/mno-hw-mul\libsmallc.a(lib_a-strcmp.o)
 .text.strcmp   0x0000000000063fdc       0x38 d:/softwares/intelfpga_lite/18.1/nios2eds/bin/gnu/h-x86_64-mingw32/bin/../lib/gcc/nios2-elf/5.3.0/../../../../../H-x86_64-mingw32/nios2-elf/lib/mno-hw-mul\libsmallc.a(lib_a-strcmp.o)
                0x0000000000063fdc                strcmp
 .text          0x0000000000064014        0x0 d:/softwares/intelfpga_lite/18.1/nios2eds/bin/gnu/h-x86_64-mingw32/bin/../lib/gcc/nios2-elf/5.3.0/../../../../../H-x86_64-mingw32/nios2-elf/lib/mno-hw-mul\libsmallc.a(lib_a-strlen.o)
 .text.strlen   0x0000000000064014       0x1c d:/softwares/intelfpga_lite/18.1/nios2eds/bin/gnu/h-x86_64-mingw32/bin/../lib/gcc/nios2-elf/5.3.0/../../../../../H-x86_64-mingw32/nios2-elf/lib/mno-hw-mul\libsmallc.a(lib_a-strlen.o)
                0x0000000000064014                strlen
 .text          0x0000000000064030        0x0 d:/softwares/intelfpga_lite/18.1/nios2eds/bin/gnu/h-x86_64-mingw32/bin/../lib/gcc/nios2-elf/5.3.0/../../../../../H-x86_64-mingw32/nios2-elf/lib/mno-hw-mul\libsmallc.a(lib_a-strncmp.o)
 .text.strncmp  0x0000000000064030       0x60 d:/softwares/intelfpga_lite/18.1/nios2eds/bin/gnu/h-x86_64-mingw32/bin/../lib/gcc/nios2-elf/5.3.0/../../../../../H-x86_64-mingw32/nios2-elf/lib/mno-hw-mul\libsmallc.a(lib_a-strncmp.o)
                0x0000000000064030                strncmp
 .text          0x0000000000064090        0x0 d:/softwares/intelfpga_lite/18.1/nios2eds/bin/gnu/h-x86_64-mingw32/bin/../lib/gcc/nios2-elf/5.3.0/../../../../../H-x86_64-mingw32/nios2-elf/lib/mno-hw-mul\libsmallc.a(lib_a-strtol.o)
 .text._strtol_r
                0x0000000000064090      0x234 d:/softwares/intelfpga_lite/18.1/nios2eds/bin/gnu/h-x86_64-mingw32/bin/../lib/gcc/nios2-elf/5.3.0/../../../../../H-x86_64-mingw32/nios2-elf/lib/mno-hw-mul\libsmallc.a(lib_a-strtol.o)
                0x0000000000064090                _strtol_r
 .text.strtol   0x00000000000642c4       0x1c d:/softwares/intelfpga_lite/18.1/nios2eds/bin/gnu/h-x86_64-mingw32/bin/../lib/gcc/nios2-elf/5.3.0/../../../../../H-x86_64-mingw32/nios2-elf/lib/mno-hw-mul\libsmallc.a(lib_a-strtol.o)
                0x00000000000642c4                strtol
 .text          0x00000000000642e0        0x0 d:/softwares/intelfpga_lite/18.1/nios2eds/bin/gnu/h-x86_64-mingw32/bin/../lib/gcc/nios2-elf/5.3.0/../../../../../H-x86_64-mingw32/nios2-elf/lib/mno-hw-mul\libsmallc.a(lib_a-timesr.o)
 .text._times_r
                0x00000000000642e0        0x8 d:/softwares/intelfpga_lite/18.1/nios2eds/bin/gnu/h-x86_64-mingw32/bin/../lib/gcc/nios2-elf/5.3.0/../../../../../H-x86_64-mingw32/nios2-elf/lib/mno-hw-mul\libsmallc.a(lib_a-timesr.o)
                0x00000000000642e0                _times_r
 .text          0x00000000000642e8        0x0 d:/softwares/intelfpga_lite/18.1/nios2eds/bin/gnu/h-x86_64-mingw32/bin/../lib/gcc/nios2-elf/5.3.0/../../../../../H-x86_64-mingw32/nios2-elf/lib/mno-hw-mul\libsmallc.a(lib_a-vfprintf.o)
 .text.print_repeat
                0x00000000000642e8       0x6c d:/softwares/intelfpga_lite/18.1/nios2eds/bin/gnu/h-x86_64-mingw32/bin/../lib/gcc/nios2-elf/5.3.0/../../../../../H-x86_64-mingw32/nios2-elf/lib/mno-hw-mul\libsmallc.a(lib_a-vfprintf.o)
 .text.___vfprintf_internal_r
                0x0000000000064354      0x52c d:/softwares/intelfpga_lite/18.1/nios2eds/bin/gnu/h-x86_64-mingw32/bin/../lib/gcc/nios2-elf/5.3.0/../../../../../H-x86_64-mingw32/nios2-elf/lib/mno-hw-mul\libsmallc.a(lib_a-vfprintf.o)
                0x0000000000064354                ___vfprintf_internal_r
 .text.__vfprintf_internal
                0x0000000000064880       0x1c d:/softwares/intelfpga_lite/18.1/nios2eds/bin/gnu/h-x86_64-mingw32/bin/../lib/gcc/nios2-elf/5.3.0/../../../../../H-x86_64-mingw32/nios2-elf/lib/mno-hw-mul\libsmallc.a(lib_a-vfprintf.o)
                0x0000000000064880                __vfprintf_internal
 .text          0x000000000006489c        0x0 d:/softwares/intelfpga_lite/18.1/nios2eds/bin/gnu/h-x86_64-mingw32/bin/../lib/gcc/nios2-elf/5.3.0/../../../../../H-x86_64-mingw32/nios2-elf/lib/mno-hw-mul\libsmallc.a(lib_a-fvwrite_small_dev.o)
 .text.__sfvwrite_small_dev
                0x000000000006489c       0xb8 d:/softwares/intelfpga_lite/18.1/nios2eds/bin/gnu/h-x86_64-mingw32/bin/../lib/gcc/nios2-elf/5.3.0/../../../../../H-x86_64-mingw32/nios2-elf/lib/mno-hw-mul\libsmallc.a(lib_a-fvwrite_small_dev.o)
                0x000000000006489c                __sfvwrite_small_dev
 .text          0x0000000000064954        0x0 d:/softwares/intelfpga_lite/18.1/nios2eds/bin/gnu/h-x86_64-mingw32/bin/../lib/gcc/nios2-elf/5.3.0/../../../../../H-x86_64-mingw32/nios2-elf/lib/mno-hw-mul\libsmallc.a(lib_a-int_errno.o)
 .text          0x0000000000064954        0x0 d:/softwares/intelfpga_lite/18.1/nios2eds/bin/gnu/h-x86_64-mingw32/bin/../lib/gcc/nios2-elf/5.3.0/../../../../../H-x86_64-mingw32/nios2-elf/lib/mno-hw-mul\libsmallc.a(lib_a-nano-mallocr.o)
 .text._malloc_r
                0x0000000000064954      0x158 d:/softwares/intelfpga_lite/18.1/nios2eds/bin/gnu/h-x86_64-mingw32/bin/../lib/gcc/nios2-elf/5.3.0/../../../../../H-x86_64-mingw32/nios2-elf/lib/mno-hw-mul\libsmallc.a(lib_a-nano-mallocr.o)
                0x0000000000064954                _malloc_r
 .text          0x0000000000064aac        0x0 d:/softwares/intelfpga_lite/18.1/nios2eds/bin/gnu/h-x86_64-mingw32/bin/../lib/gcc/nios2-elf/5.3.0/../../../../../H-x86_64-mingw32/nios2-elf/lib/mno-hw-mul\libsmallc.a(lib_a-sbrkr.o)
 .text._sbrk_r  0x0000000000064aac       0x50 d:/softwares/intelfpga_lite/18.1/nios2eds/bin/gnu/h-x86_64-mingw32/bin/../lib/gcc/nios2-elf/5.3.0/../../../../../H-x86_64-mingw32/nios2-elf/lib/mno-hw-mul\libsmallc.a(lib_a-sbrkr.o)
                0x0000000000064aac                _sbrk_r
 .text          0x0000000000064afc        0x0 d:/softwares/intelfpga_lite/18.1/nios2eds/bin/gnu/h-x86_64-mingw32/bin/../lib/gcc/nios2-elf/5.3.0/../../../../../H-x86_64-mingw32/nios2-elf/lib/mno-hw-mul\libsmallc.a(lib_a-writer.o)
 .text._write_r
                0x0000000000064afc       0x58 d:/softwares/intelfpga_lite/18.1/nios2eds/bin/gnu/h-x86_64-mingw32/bin/../lib/gcc/nios2-elf/5.3.0/../../../../../H-x86_64-mingw32/nios2-elf/lib/mno-hw-mul\libsmallc.a(lib_a-writer.o)
                0x0000000000064afc                _write_r
 .text          0x0000000000064b54       0x14 ../ECE385_bsp/\libhal_bsp.a(alt_exit.o)
                0x0000000000064b54                _exit
 .text          0x0000000000064b68        0x8 ../ECE385_bsp/\libhal_bsp.a(alt_getpid.o)
                0x0000000000064b68                getpid
 .text          0x0000000000064b70       0xfc ../ECE385_bsp/\libhal_bsp.a(alt_kill.o)
                0x0000000000064b70                kill
 .text          0x0000000000064c6c       0xe0 ../ECE385_bsp/\libhal_bsp.a(alt_load.o)
                0x0000000000064c6c                alt_load
 .text          0x0000000000064d4c       0x50 ../ECE385_bsp/\libhal_bsp.a(alt_main.o)
                0x0000000000064d4c                alt_main
 .text          0x0000000000064d9c       0x4c ../ECE385_bsp/\libhal_bsp.a(alt_sbrk.o)
                0x0000000000064d9c                sbrk
 .text          0x0000000000064de8       0x60 ../ECE385_bsp/\libhal_bsp.a(alt_times.o)
                0x0000000000064de8                times
 .text          0x0000000000064e48      0x110 ../ECE385_bsp/\libhal_bsp.a(alt_write.o)
                0x0000000000064e48                write
 .text          0x0000000000064f58       0xa8 ../ECE385_bsp/\libhal_bsp.a(alt_sys_init.o)
                0x0000000000064f58                alt_irq_init
                0x0000000000064f78                alt_sys_init
 .text          0x0000000000065000       0x20 ../ECE385_bsp/\libhal_bsp.a(altera_avalon_jtag_uart_fd.o)
                0x0000000000065000                altera_avalon_jtag_uart_read_fd
                0x0000000000065010                altera_avalon_jtag_uart_write_fd
 .text          0x0000000000065020       0x74 ../ECE385_bsp/\libhal_bsp.a(altera_avalon_jtag_uart_read.o)
                0x0000000000065020                altera_avalon_jtag_uart_read
 .text          0x0000000000065094       0x34 ../ECE385_bsp/\libhal_bsp.a(altera_avalon_jtag_uart_write.o)
                0x0000000000065094                altera_avalon_jtag_uart_write
 .text          0x00000000000650c8      0x79c ../ECE385_bsp/\libhal_bsp.a(altera_avalon_sgdma.o)
                0x0000000000065124                alt_avalon_sgdma_do_async_transfer
                0x00000000000651ac                alt_avalon_sgdma_do_sync_transfer
                0x0000000000065230                alt_avalon_sgdma_construct_mem_to_mem_desc_burst
                0x0000000000065358                alt_avalon_sgdma_construct_mem_to_mem_desc
                0x0000000000065390                alt_avalon_sgdma_construct_stream_to_mem_desc_burst
                0x0000000000065464                alt_avalon_sgdma_construct_stream_to_mem_desc
                0x000000000006548c                alt_avalon_sgdma_register_callback
                0x000000000006549c                alt_avalon_sgdma_start
                0x00000000000654b4                alt_avalon_sgdma_stop
                0x00000000000654d0                alt_avalon_sgdma_check_descriptor_status
                0x00000000000654fc                alt_avalon_sgdma_open
                0x000000000006554c                alt_avalon_sgdma_enable_desc_poll
                0x000000000006557c                alt_avalon_sgdma_disable_desc_poll
                0x000000000006559c                alt_avalon_sgdma_construct_descriptor_burst
                0x00000000000656fc                alt_avalon_sgdma_construct_mem_to_stream_desc_burst
                0x000000000006574c                alt_avalon_sgdma_construct_mem_to_stream_desc
                0x0000000000065798                alt_avalon_sgdma_construct_descriptor
                0x00000000000657e0                alt_avalon_sgdma_init
 .text          0x0000000000065864       0x84 ../ECE385_bsp/\libhal_bsp.a(altera_avalon_timer_sc.o)
                0x00000000000658a0                alt_avalon_timer_sc_init
 .text          0x00000000000658e8       0xc0 ../ECE385_bsp/\libhal_bsp.a(alt_close.o)
                0x00000000000658e8                close
 .text          0x00000000000659a8        0x4 ../ECE385_bsp/\libhal_bsp.a(alt_dcache_flush.o)
                0x00000000000659a8                alt_dcache_flush
 .text          0x00000000000659ac        0x4 ../ECE385_bsp/\libhal_bsp.a(alt_dcache_flush_all.o)
                0x00000000000659ac                alt_dcache_flush_all
 .text          0x00000000000659b0        0x8 ../ECE385_bsp/\libhal_bsp.a(alt_dev.o)
 .text          0x00000000000659b8       0x6c ../ECE385_bsp/\libhal_bsp.a(alt_dev_llist_insert.o)
                0x00000000000659b8                alt_dev_llist_insert
 .text          0x0000000000065a24        0x0 ../ECE385_bsp/\libhal_bsp.a(alt_errno.o)
 .text          0x0000000000065a24       0x78 ../ECE385_bsp/\libhal_bsp.a(alt_find_dev.o)
                0x0000000000065a24                alt_find_dev
 .text          0x0000000000065a9c        0x4 ../ECE385_bsp/\libhal_bsp.a(alt_icache_flush_all.o)
                0x0000000000065a9c                alt_icache_flush_all
 .text          0x0000000000065aa0       0x8c ../ECE385_bsp/\libhal_bsp.a(alt_iic.o)
                0x0000000000065aa0                alt_ic_isr_register
                0x0000000000065aa4                alt_ic_irq_enable
                0x0000000000065adc                alt_ic_irq_disable
                0x0000000000065b14                alt_ic_irq_enabled
 .text          0x0000000000065b2c       0x68 ../ECE385_bsp/\libhal_bsp.a(alt_iic_isr_register.o)
                0x0000000000065b2c                alt_iic_isr_register
 .text          0x0000000000065b94      0x100 ../ECE385_bsp/\libhal_bsp.a(alt_io_redirect.o)
                0x0000000000065c20                alt_io_redirect
 .text          0x0000000000065c94        0x0 ../ECE385_bsp/\libhal_bsp.a(alt_irq_entry.o)
 .text          0x0000000000065c94        0x0 ../ECE385_bsp/\libhal_bsp.a(alt_irq_handler.o)
 .text          0x0000000000065c94        0x0 ../ECE385_bsp/\libhal_bsp.a(alt_irq_vars.o)
 .text          0x0000000000065c94      0x188 ../ECE385_bsp/\libhal_bsp.a(alt_open.o)
                0x0000000000065c94                open
 .text          0x0000000000065e1c       0x5c ../ECE385_bsp/\libhal_bsp.a(alt_release_fd.o)
                0x0000000000065e1c                alt_release_fd
 .text          0x0000000000065e78      0x128 ../ECE385_bsp/\libhal_bsp.a(alt_tick.o)
                0x0000000000065e78                alt_alarm_stop
                0x0000000000065eac                alt_tick
 .text          0x0000000000065fa0        0x8 ../ECE385_bsp/\libhal_bsp.a(altera_nios2_gen2_irq.o)
                0x0000000000065fa0                altera_nios2_gen2_irq_init
 .text          0x0000000000065fa8        0x0 ../ECE385_bsp/\libhal_bsp.a(alt_exception_entry.o)
 .text          0x0000000000065fa8       0xac ../ECE385_bsp/\libhal_bsp.a(alt_find_file.o)
                0x0000000000065fa8                alt_find_file
 .text          0x0000000000066054       0x88 ../ECE385_bsp/\libhal_bsp.a(alt_get_fd.o)
                0x0000000000066054                alt_get_fd
 .text          0x00000000000660dc       0x74 ../ECE385_bsp/\libhal_bsp.a(alt_instruction_exception_entry.o)
                0x00000000000660dc                alt_exception_cause_generated_bad_addr
 .text          0x0000000000066150        0x0 d:/softwares/intelfpga_lite/18.1/nios2eds/bin/gnu/h-x86_64-mingw32/bin/../lib/gcc/nios2-elf/5.3.0/../../../../../H-x86_64-mingw32/nios2-elf/lib/mno-hw-mul\libsmallc.a(lib_a-exit.o)
 .text.exit     0x0000000000066150       0x20 d:/softwares/intelfpga_lite/18.1/nios2eds/bin/gnu/h-x86_64-mingw32/bin/../lib/gcc/nios2-elf/5.3.0/../../../../../H-x86_64-mingw32/nios2-elf/lib/mno-hw-mul\libsmallc.a(lib_a-exit.o)
                0x0000000000066150                exit
 .text          0x0000000000066170        0x0 d:/softwares/intelfpga_lite/18.1/nios2eds/bin/gnu/h-x86_64-mingw32/bin/../lib/gcc/nios2-elf/5.3.0/../../../../../H-x86_64-mingw32/nios2-elf/lib/mno-hw-mul\libsmallc.a(lib_a-__call_atexit.o)
 .text.__call_exitprocs
                0x0000000000066170      0x190 d:/softwares/intelfpga_lite/18.1/nios2eds/bin/gnu/h-x86_64-mingw32/bin/../lib/gcc/nios2-elf/5.3.0/../../../../../H-x86_64-mingw32/nios2-elf/lib/mno-hw-mul\libsmallc.a(lib_a-__call_atexit.o)
                0x0000000000066170                __call_exitprocs
 *(.gnu.warning.*)
 *(.fini)
                [!provide]                        PROVIDE (__etext, ABSOLUTE (.))
                [!provide]                        PROVIDE (_etext, ABSOLUTE (.))
                [!provide]                        PROVIDE (etext, ABSOLUTE (.))
 *(.eh_frame_hdr)
                0x0000000000066300                . = ALIGN (0x4)
                [!provide]                        PROVIDE (__preinit_array_start, ABSOLUTE (.))
 *(.preinit_array)
                [!provide]                        PROVIDE (__preinit_array_end, ABSOLUTE (.))
                [!provide]                        PROVIDE (__init_array_start, ABSOLUTE (.))
 *(.init_array)
                [!provide]                        PROVIDE (__init_array_end, ABSOLUTE (.))
                [!provide]                        PROVIDE (__fini_array_start, ABSOLUTE (.))
 *(.fini_array)
                [!provide]                        PROVIDE (__fini_array_end, ABSOLUTE (.))
 *(.eh_frame)
 *(.gcc_except_table .gcc_except_table.*)
 *(.dynamic)
                [!provide]                        PROVIDE (__CTOR_LIST__, ABSOLUTE (.))
 *(.ctors)
 *(SORT(.ctors.*))
                [!provide]                        PROVIDE (__CTOR_END__, ABSOLUTE (.))
                [!provide]                        PROVIDE (__DTOR_LIST__, ABSOLUTE (.))
 *(.dtors)
 *(SORT(.dtors.*))
                [!provide]                        PROVIDE (__DTOR_END__, ABSOLUTE (.))
 *(.jcr)
                0x0000000000066300                . = ALIGN (0x4)

.rodata         0x0000000000066300     0x3544
                0x0000000000066300                PROVIDE (__ram_rodata_start, ABSOLUTE (.))
                0x0000000000066300                . = ALIGN (0x4)
 *(.rodata .rodata.* .gnu.linkonce.r.*)
 .rodata.str1.4
                0x0000000000066300       0x9e obj/default/ethernet.o
 *fill*         0x000000000006639e        0x2 
 .rodata.str1.4
                0x00000000000663a0       0xaa obj/default/lwip/core/dns.o
 *fill*         0x000000000006644a        0x2 
 .rodata        0x000000000006644c       0x30 obj/default/lwip/core/dns.o
                0x000000000006644c                dns_mquery_v6group
                0x0000000000066464                dns_mquery_v4group
 .rodata.str1.4
                0x000000000006647c       0x22 obj/default/lwip/core/inet_chksum.o
                                         0x4c (size before relaxing)
 *fill*         0x000000000006649e        0x2 
 .rodata        0x00000000000664a0       0x18 obj/default/lwip/core/ip.o
                0x00000000000664a0                ip_addr_any_type
 .rodata.str1.4
                0x00000000000664b8       0x81 obj/default/lwip/core/ipv4/autoip.o
                                         0xa9 (size before relaxing)
 *fill*         0x0000000000066539        0x3 
 .rodata.str1.4
                0x000000000006653c      0x350 obj/default/lwip/core/ipv4/dhcp.o
                                        0x3a9 (size before relaxing)
 .rodata.str1.4
                0x000000000006688c      0x1b2 obj/default/lwip/core/ipv4/etharp.o
                                        0x1ea (size before relaxing)
 *fill*         0x0000000000066a3e        0x2 
 .rodata.str1.4
                0x0000000000066a40       0xae obj/default/lwip/core/ipv4/icmp.o
                                         0xd6 (size before relaxing)
 *fill*         0x0000000000066aee        0x2 
 .rodata.str1.4
                0x0000000000066af0      0x30d obj/default/lwip/core/ipv4/igmp.o
                                        0x335 (size before relaxing)
 *fill*         0x0000000000066dfd        0x3 
 .rodata.str1.4
                0x0000000000066e00       0x51 obj/default/lwip/core/ipv4/ip4.o
                                         0x79 (size before relaxing)
 *fill*         0x0000000000066e51        0x3 
 .rodata.str1.4
                0x0000000000066e54       0x26 obj/default/lwip/core/ipv4/ip4_addr.o
                                         0x50 (size before relaxing)
 *fill*         0x0000000000066e7a        0x2 
 .rodata        0x0000000000066e7c       0x30 obj/default/lwip/core/ipv4/ip4_addr.o
                0x0000000000066e7c                ip_addr_broadcast
                0x0000000000066e94                ip_addr_any
 .rodata.str1.4
                0x0000000000066eac      0x197 obj/default/lwip/core/ipv4/ip4_frag.o
                                        0x1cb (size before relaxing)
 *fill*         0x0000000000067043        0x1 
 .rodata.str1.4
                0x0000000000067044       0x95 obj/default/lwip/core/ipv6/icmp6.o
                                         0xbd (size before relaxing)
 *fill*         0x00000000000670d9        0x3 
 .rodata.str1.4
                0x00000000000670dc       0x46 obj/default/lwip/core/ipv6/ip6.o
                                         0x7a (size before relaxing)
 *fill*         0x0000000000067122        0x2 
 .rodata        0x0000000000067124       0x18 obj/default/lwip/core/ipv6/ip6_addr.o
                0x0000000000067124                ip6_addr_any
 .rodata.str1.4
                0x000000000006713c      0x117 obj/default/lwip/core/ipv6/ip6_frag.o
                                        0x228 (size before relaxing)
 *fill*         0x0000000000067253        0x1 
 .rodata.str1.4
                0x0000000000067254       0x83 obj/default/lwip/core/ipv6/nd6.o
                                         0xd6 (size before relaxing)
 *fill*         0x00000000000672d7        0x1 
 .rodata.str1.4
                0x00000000000672d8      0x173 obj/default/lwip/core/mem.o
                                        0x19b (size before relaxing)
 *fill*         0x000000000006744b        0x1 
 .rodata.str1.4
                0x000000000006744c       0xa7 obj/default/lwip/core/memp.o
                                         0xcf (size before relaxing)
 *fill*         0x00000000000674f3        0x1 
 .rodata        0x00000000000674f4       0xf0 obj/default/lwip/core/memp.o
                0x00000000000674f4                memp_pools
                0x0000000000067530                memp_PBUF_POOL
                0x000000000006753c                memp_PBUF
                0x0000000000067548                memp_MLD6_GROUP
                0x0000000000067554                memp_IP6_REASSDATA
                0x0000000000067560                memp_ND6_QUEUE
                0x000000000006756c                memp_SYS_TIMEOUT
                0x0000000000067578                memp_IGMP_GROUP
                0x0000000000067584                memp_ARP_QUEUE
                0x0000000000067590                memp_FRAG_PBUF
                0x000000000006759c                memp_REASSDATA
                0x00000000000675a8                memp_TCP_SEG
                0x00000000000675b4                memp_TCP_PCB_LISTEN
                0x00000000000675c0                memp_TCP_PCB
                0x00000000000675cc                memp_UDP_PCB
                0x00000000000675d8                memp_RAW_PCB
 .rodata.str1.4
                0x00000000000675e4      0x443 obj/default/lwip/core/netif.o
                                        0x47b (size before relaxing)
 *fill*         0x0000000000067a27        0x1 
 .rodata.str1.4
                0x0000000000067a28      0x3b1 obj/default/lwip/core/pbuf.o
                                        0x3e5 (size before relaxing)
 *fill*         0x0000000000067dd9        0x3 
 .rodata.str1.4
                0x0000000000067ddc       0xa6 obj/default/lwip/core/raw.o
                                         0xce (size before relaxing)
 *fill*         0x0000000000067e82        0x2 
 .rodata.str1.4
                0x0000000000067e84      0x78e obj/default/lwip/core/tcp.o
                                        0x7c6 (size before relaxing)
 *fill*         0x0000000000068612        0x2 
 .rodata        0x0000000000068614       0x4c obj/default/lwip/core/tcp.o
                0x0000000000068614                tcp_pcb_lists
 .rodata.str1.4
                0x0000000000068660      0x3ca obj/default/lwip/core/tcp_in.o
                                        0x3f2 (size before relaxing)
 *fill*         0x0000000000068a2a        0x2 
 .rodata.str1.4
                0x0000000000068a2c      0x743 obj/default/lwip/core/tcp_out.o
                                        0x76b (size before relaxing)
 *fill*         0x000000000006916f        0x1 
 .rodata.str1.4
                0x0000000000069170       0x8e obj/default/lwip/core/timeouts.o
                                         0xb6 (size before relaxing)
 *fill*         0x00000000000691fe        0x2 
 .rodata        0x0000000000069200       0x58 obj/default/lwip/core/timeouts.o
                0x0000000000069200                lwip_cyclic_timers
 .rodata.str1.4
                0x0000000000069258      0x2d0 obj/default/lwip/core/udp.o
                                        0x2f8 (size before relaxing)
 .rodata.str1.4
                0x0000000000069528       0x49 obj/default/lwip/netif/ethernet.o
                                         0x74 (size before relaxing)
 *fill*         0x0000000000069571        0x3 
 .rodata.str1.4
                0x0000000000069574       0x28 obj/default/main.o
 .rodata._ctype_
                0x000000000006959c      0x101 d:/softwares/intelfpga_lite/18.1/nios2eds/bin/gnu/h-x86_64-mingw32/bin/../lib/gcc/nios2-elf/5.3.0/../../../../../H-x86_64-mingw32/nios2-elf/lib/mno-hw-mul\libsmallc.a(lib_a-ctype_.o)
                0x000000000006959c                _ctype_
 .rodata._ctype_b
                0x000000000006969d      0x180 d:/softwares/intelfpga_lite/18.1/nios2eds/bin/gnu/h-x86_64-mingw32/bin/../lib/gcc/nios2-elf/5.3.0/../../../../../H-x86_64-mingw32/nios2-elf/lib/mno-hw-mul\libsmallc.a(lib_a-ctype_.o)
 .rodata.str1.4
                0x000000000006981d       0x28 d:/softwares/intelfpga_lite/18.1/nios2eds/bin/gnu/h-x86_64-mingw32/bin/../lib/gcc/nios2-elf/5.3.0/../../../../../H-x86_64-mingw32/nios2-elf/lib/mno-hw-mul\libsmallc.a(lib_a-puts.o)
                                          0x2 (size before relaxing)
 *fill*         0x000000000006981d        0x3 
 .rodata.str1.4
                0x0000000000069820       0x15 ../ECE385_bsp/\libhal_bsp.a(alt_main.o)
 .rodata.str1.4
                0x0000000000069835       0x65 ../ECE385_bsp/\libhal_bsp.a(alt_sys_init.o)
 *fill*         0x0000000000069835        0x3 
 .rodata.str1.4
                0x0000000000069838        0xc ../ECE385_bsp/\libhal_bsp.a(alt_dev.o)
                                          0xa (size before relaxing)
 *(.rodata1)
                0x0000000000069844                . = ALIGN (0x4)
                0x0000000000069844                PROVIDE (__ram_rodata_end, ABSOLUTE (.))
                0x0000000000066300                PROVIDE (__flash_rodata_start, LOADADDR (.rodata))

.rwdata         0x0000000000069844      0x43c load address 0x0000000000069c80
                0x0000000000069844                PROVIDE (__ram_rwdata_start, ABSOLUTE (.))
                0x0000000000069844                . = ALIGN (0x4)
 *(.got.plt)
 *(.got)
 *(.data1)
 *(.data .data.* .gnu.linkonce.d.*)
 .data          0x0000000000069844        0x0 ../ECE385_bsp//obj/HAL/src/crt0.o
 .data          0x0000000000069844        0x0 obj/default/ethernet.o
 .data          0x0000000000069844        0x0 obj/default/lwip/core/altcp.o
 .data          0x0000000000069844        0x0 obj/default/lwip/core/altcp_alloc.o
 .data          0x0000000000069844        0x0 obj/default/lwip/core/altcp_tcp.o
 .data          0x0000000000069844        0x0 obj/default/lwip/core/def.o
 .data          0x0000000000069844        0x0 obj/default/lwip/core/dns.o
 .data          0x0000000000069844        0x0 obj/default/lwip/core/inet_chksum.o
 .data          0x0000000000069844        0x0 obj/default/lwip/core/init.o
 .data          0x0000000000069844        0x0 obj/default/lwip/core/ip.o
 .data          0x0000000000069844        0x0 obj/default/lwip/core/ipv4/autoip.o
 .data          0x0000000000069844        0x0 obj/default/lwip/core/ipv4/dhcp.o
 .data          0x0000000000069844        0x0 obj/default/lwip/core/ipv4/etharp.o
 .data          0x0000000000069844        0x0 obj/default/lwip/core/ipv4/icmp.o
 .data          0x0000000000069844        0x0 obj/default/lwip/core/ipv4/igmp.o
 .data          0x0000000000069844        0x0 obj/default/lwip/core/ipv4/ip4.o
 .data          0x0000000000069844        0x0 obj/default/lwip/core/ipv4/ip4_addr.o
 .data          0x0000000000069844        0x0 obj/default/lwip/core/ipv4/ip4_frag.o
 .data          0x0000000000069844        0x0 obj/default/lwip/core/ipv6/dhcp6.o
 .data          0x0000000000069844        0x0 obj/default/lwip/core/ipv6/ethip6.o
 .data          0x0000000000069844        0x0 obj/default/lwip/core/ipv6/icmp6.o
 .data          0x0000000000069844        0x0 obj/default/lwip/core/ipv6/inet6.o
 .data          0x0000000000069844        0x0 obj/default/lwip/core/ipv6/ip6.o
 .data          0x0000000000069844        0x0 obj/default/lwip/core/ipv6/ip6_addr.o
 .data          0x0000000000069844        0x0 obj/default/lwip/core/ipv6/ip6_frag.o
 .data          0x0000000000069844        0x0 obj/default/lwip/core/ipv6/mld6.o
 .data          0x0000000000069844        0x0 obj/default/lwip/core/ipv6/nd6.o
 .data          0x0000000000069844        0x0 obj/default/lwip/core/mem.o
 .data          0x0000000000069844        0x0 obj/default/lwip/core/memp.o
 .data          0x0000000000069844        0x0 obj/default/lwip/core/netif.o
 .data          0x0000000000069844        0x0 obj/default/lwip/core/pbuf.o
 .data          0x0000000000069844        0x0 obj/default/lwip/core/raw.o
 .data          0x0000000000069844        0x0 obj/default/lwip/core/stats.o
 .data          0x0000000000069844        0x0 obj/default/lwip/core/sys.o
 .data          0x0000000000069844        0x0 obj/default/lwip/core/tcp.o
 .data          0x0000000000069844        0x0 obj/default/lwip/core/tcp_in.o
 .data          0x0000000000069844        0x0 obj/default/lwip/core/tcp_out.o
 .data          0x0000000000069844        0x0 obj/default/lwip/core/timeouts.o
 .data          0x0000000000069844        0x0 obj/default/lwip/core/udp.o
 .data          0x0000000000069844        0x0 obj/default/lwip/netif/ethernet.o
 .data          0x0000000000069844        0x0 obj/default/lwip_port/compat.o
 .data          0x0000000000069844        0x0 obj/default/main.o
 .data          0x0000000000069844        0x0 obj/default/rng.o
 .data          0x0000000000069844       0x40 obj/default/sprites.o
                0x0000000000069844                vga_bullets
                0x0000000000069854                vga_planes
                0x0000000000069864                vga_planes_sprite_data
 .data          0x0000000000069884        0x0 obj/default/vga.o
 .data          0x0000000000069884        0x0 d:/softwares/intelfpga_lite/18.1/nios2eds/bin/gnu/h-x86_64-mingw32/bin/../lib/gcc/nios2-elf/5.3.0/mno-hw-mul\libgcc.a(lib2-divmod.o)
 .data          0x0000000000069884        0x0 d:/softwares/intelfpga_lite/18.1/nios2eds/bin/gnu/h-x86_64-mingw32/bin/../lib/gcc/nios2-elf/5.3.0/mno-hw-mul\libgcc.a(lib2-mul.o)
 .data          0x0000000000069884        0x0 d:/softwares/intelfpga_lite/18.1/nios2eds/bin/gnu/h-x86_64-mingw32/bin/../lib/gcc/nios2-elf/5.3.0/../../../../../H-x86_64-mingw32/nios2-elf/lib/mno-hw-mul\libsmallc.a(lib_a-abort.o)
 .data          0x0000000000069884        0x0 d:/softwares/intelfpga_lite/18.1/nios2eds/bin/gnu/h-x86_64-mingw32/bin/../lib/gcc/nios2-elf/5.3.0/../../../../../H-x86_64-mingw32/nios2-elf/lib/mno-hw-mul\libsmallc.a(lib_a-atoi.o)
 .data          0x0000000000069884        0x0 d:/softwares/intelfpga_lite/18.1/nios2eds/bin/gnu/h-x86_64-mingw32/bin/../lib/gcc/nios2-elf/5.3.0/../../../../../H-x86_64-mingw32/nios2-elf/lib/mno-hw-mul\libsmallc.a(lib_a-clock.o)
 .data          0x0000000000069884        0x0 d:/softwares/intelfpga_lite/18.1/nios2eds/bin/gnu/h-x86_64-mingw32/bin/../lib/gcc/nios2-elf/5.3.0/../../../../../H-x86_64-mingw32/nios2-elf/lib/mno-hw-mul\libsmallc.a(lib_a-ctype_.o)
 .data          0x0000000000069884        0x0 d:/softwares/intelfpga_lite/18.1/nios2eds/bin/gnu/h-x86_64-mingw32/bin/../lib/gcc/nios2-elf/5.3.0/../../../../../H-x86_64-mingw32/nios2-elf/lib/mno-hw-mul\libsmallc.a(lib_a-impure.o)
 .data.impure_data
                0x0000000000069884       0xe0 d:/softwares/intelfpga_lite/18.1/nios2eds/bin/gnu/h-x86_64-mingw32/bin/../lib/gcc/nios2-elf/5.3.0/../../../../../H-x86_64-mingw32/nios2-elf/lib/mno-hw-mul\libsmallc.a(lib_a-impure.o)
 .data          0x0000000000069964        0x0 d:/softwares/intelfpga_lite/18.1/nios2eds/bin/gnu/h-x86_64-mingw32/bin/../lib/gcc/nios2-elf/5.3.0/../../../../../H-x86_64-mingw32/nios2-elf/lib/mno-hw-mul\libsmallc.a(lib_a-memcmp.o)
 .data          0x0000000000069964        0x0 d:/softwares/intelfpga_lite/18.1/nios2eds/bin/gnu/h-x86_64-mingw32/bin/../lib/gcc/nios2-elf/5.3.0/../../../../../H-x86_64-mingw32/nios2-elf/lib/mno-hw-mul\libsmallc.a(lib_a-memcpy.o)
 .data          0x0000000000069964        0x0 d:/softwares/intelfpga_lite/18.1/nios2eds/bin/gnu/h-x86_64-mingw32/bin/../lib/gcc/nios2-elf/5.3.0/../../../../../H-x86_64-mingw32/nios2-elf/lib/mno-hw-mul\libsmallc.a(lib_a-memmove.o)
 .data          0x0000000000069964        0x0 d:/softwares/intelfpga_lite/18.1/nios2eds/bin/gnu/h-x86_64-mingw32/bin/../lib/gcc/nios2-elf/5.3.0/../../../../../H-x86_64-mingw32/nios2-elf/lib/mno-hw-mul\libsmallc.a(lib_a-memset.o)
 .data          0x0000000000069964        0x0 d:/softwares/intelfpga_lite/18.1/nios2eds/bin/gnu/h-x86_64-mingw32/bin/../lib/gcc/nios2-elf/5.3.0/../../../../../H-x86_64-mingw32/nios2-elf/lib/mno-hw-mul\libsmallc.a(lib_a-printf.o)
 .data          0x0000000000069964        0x0 d:/softwares/intelfpga_lite/18.1/nios2eds/bin/gnu/h-x86_64-mingw32/bin/../lib/gcc/nios2-elf/5.3.0/../../../../../H-x86_64-mingw32/nios2-elf/lib/mno-hw-mul\libsmallc.a(lib_a-puts.o)
 .data          0x0000000000069964        0x0 d:/softwares/intelfpga_lite/18.1/nios2eds/bin/gnu/h-x86_64-mingw32/bin/../lib/gcc/nios2-elf/5.3.0/../../../../../H-x86_64-mingw32/nios2-elf/lib/mno-hw-mul\libsmallc.a(lib_a-signal.o)
 .data          0x0000000000069964        0x0 d:/softwares/intelfpga_lite/18.1/nios2eds/bin/gnu/h-x86_64-mingw32/bin/../lib/gcc/nios2-elf/5.3.0/../../../../../H-x86_64-mingw32/nios2-elf/lib/mno-hw-mul\libsmallc.a(lib_a-signalr.o)
 .data          0x0000000000069964        0x0 d:/softwares/intelfpga_lite/18.1/nios2eds/bin/gnu/h-x86_64-mingw32/bin/../lib/gcc/nios2-elf/5.3.0/../../../../../H-x86_64-mingw32/nios2-elf/lib/mno-hw-mul\libsmallc.a(lib_a-strcmp.o)
 .data          0x0000000000069964        0x0 d:/softwares/intelfpga_lite/18.1/nios2eds/bin/gnu/h-x86_64-mingw32/bin/../lib/gcc/nios2-elf/5.3.0/../../../../../H-x86_64-mingw32/nios2-elf/lib/mno-hw-mul\libsmallc.a(lib_a-strlen.o)
 .data          0x0000000000069964        0x0 d:/softwares/intelfpga_lite/18.1/nios2eds/bin/gnu/h-x86_64-mingw32/bin/../lib/gcc/nios2-elf/5.3.0/../../../../../H-x86_64-mingw32/nios2-elf/lib/mno-hw-mul\libsmallc.a(lib_a-strncmp.o)
 .data          0x0000000000069964        0x0 d:/softwares/intelfpga_lite/18.1/nios2eds/bin/gnu/h-x86_64-mingw32/bin/../lib/gcc/nios2-elf/5.3.0/../../../../../H-x86_64-mingw32/nios2-elf/lib/mno-hw-mul\libsmallc.a(lib_a-strtol.o)
 .data          0x0000000000069964        0x0 d:/softwares/intelfpga_lite/18.1/nios2eds/bin/gnu/h-x86_64-mingw32/bin/../lib/gcc/nios2-elf/5.3.0/../../../../../H-x86_64-mingw32/nios2-elf/lib/mno-hw-mul\libsmallc.a(lib_a-timesr.o)
 .data          0x0000000000069964        0x0 d:/softwares/intelfpga_lite/18.1/nios2eds/bin/gnu/h-x86_64-mingw32/bin/../lib/gcc/nios2-elf/5.3.0/../../../../../H-x86_64-mingw32/nios2-elf/lib/mno-hw-mul\libsmallc.a(lib_a-vfprintf.o)
 .data          0x0000000000069964        0x0 d:/softwares/intelfpga_lite/18.1/nios2eds/bin/gnu/h-x86_64-mingw32/bin/../lib/gcc/nios2-elf/5.3.0/../../../../../H-x86_64-mingw32/nios2-elf/lib/mno-hw-mul\libsmallc.a(lib_a-fvwrite_small_dev.o)
 .data          0x0000000000069964        0x0 d:/softwares/intelfpga_lite/18.1/nios2eds/bin/gnu/h-x86_64-mingw32/bin/../lib/gcc/nios2-elf/5.3.0/../../../../../H-x86_64-mingw32/nios2-elf/lib/mno-hw-mul\libsmallc.a(lib_a-int_errno.o)
 .data          0x0000000000069964        0x0 d:/softwares/intelfpga_lite/18.1/nios2eds/bin/gnu/h-x86_64-mingw32/bin/../lib/gcc/nios2-elf/5.3.0/../../../../../H-x86_64-mingw32/nios2-elf/lib/mno-hw-mul\libsmallc.a(lib_a-nano-mallocr.o)
 .data          0x0000000000069964        0x0 d:/softwares/intelfpga_lite/18.1/nios2eds/bin/gnu/h-x86_64-mingw32/bin/../lib/gcc/nios2-elf/5.3.0/../../../../../H-x86_64-mingw32/nios2-elf/lib/mno-hw-mul\libsmallc.a(lib_a-sbrkr.o)
 .data          0x0000000000069964        0x0 d:/softwares/intelfpga_lite/18.1/nios2eds/bin/gnu/h-x86_64-mingw32/bin/../lib/gcc/nios2-elf/5.3.0/../../../../../H-x86_64-mingw32/nios2-elf/lib/mno-hw-mul\libsmallc.a(lib_a-writer.o)
 .data          0x0000000000069964        0x0 ../ECE385_bsp/\libhal_bsp.a(alt_exit.o)
 .data          0x0000000000069964        0x0 ../ECE385_bsp/\libhal_bsp.a(alt_getpid.o)
 .data          0x0000000000069964        0x0 ../ECE385_bsp/\libhal_bsp.a(alt_kill.o)
 .data          0x0000000000069964        0x0 ../ECE385_bsp/\libhal_bsp.a(alt_load.o)
 .data          0x0000000000069964        0x0 ../ECE385_bsp/\libhal_bsp.a(alt_main.o)
 .data          0x0000000000069964        0x0 ../ECE385_bsp/\libhal_bsp.a(alt_sbrk.o)
 .data          0x0000000000069964        0x0 ../ECE385_bsp/\libhal_bsp.a(alt_times.o)
 .data          0x0000000000069964        0x0 ../ECE385_bsp/\libhal_bsp.a(alt_write.o)
 .data          0x0000000000069964       0xec ../ECE385_bsp/\libhal_bsp.a(alt_sys_init.o)
 .data          0x0000000000069a50        0x0 ../ECE385_bsp/\libhal_bsp.a(altera_avalon_jtag_uart_fd.o)
 .data          0x0000000000069a50        0x0 ../ECE385_bsp/\libhal_bsp.a(altera_avalon_jtag_uart_read.o)
 .data          0x0000000000069a50        0x0 ../ECE385_bsp/\libhal_bsp.a(altera_avalon_jtag_uart_write.o)
 .data          0x0000000000069a50        0x0 ../ECE385_bsp/\libhal_bsp.a(altera_avalon_sgdma.o)
 .data          0x0000000000069a50        0x0 ../ECE385_bsp/\libhal_bsp.a(altera_avalon_timer_sc.o)
 .data          0x0000000000069a50        0x0 ../ECE385_bsp/\libhal_bsp.a(alt_close.o)
 .data          0x0000000000069a50        0x0 ../ECE385_bsp/\libhal_bsp.a(alt_dcache_flush.o)
 .data          0x0000000000069a50        0x0 ../ECE385_bsp/\libhal_bsp.a(alt_dcache_flush_all.o)
 .data          0x0000000000069a50      0x1a8 ../ECE385_bsp/\libhal_bsp.a(alt_dev.o)
                0x0000000000069a50                alt_fd_list
                0x0000000000069bd0                alt_dev_null
 .data          0x0000000000069bf8        0x0 ../ECE385_bsp/\libhal_bsp.a(alt_dev_llist_insert.o)
 .data          0x0000000000069bf8        0x0 ../ECE385_bsp/\libhal_bsp.a(alt_errno.o)
 .data          0x0000000000069bf8        0x0 ../ECE385_bsp/\libhal_bsp.a(alt_find_dev.o)
 .data          0x0000000000069bf8        0x0 ../ECE385_bsp/\libhal_bsp.a(alt_icache_flush_all.o)
 .data          0x0000000000069bf8        0x0 ../ECE385_bsp/\libhal_bsp.a(alt_iic.o)
 .data          0x0000000000069bf8        0x0 ../ECE385_bsp/\libhal_bsp.a(alt_iic_isr_register.o)
 .data          0x0000000000069bf8        0x0 ../ECE385_bsp/\libhal_bsp.a(alt_io_redirect.o)
 .data          0x0000000000069bf8        0x0 ../ECE385_bsp/\libhal_bsp.a(alt_irq_entry.o)
 .data          0x0000000000069bf8        0x0 ../ECE385_bsp/\libhal_bsp.a(alt_irq_handler.o)
 .data          0x0000000000069bf8        0x0 ../ECE385_bsp/\libhal_bsp.a(alt_irq_vars.o)
 .data          0x0000000000069bf8        0x0 ../ECE385_bsp/\libhal_bsp.a(alt_open.o)
 .data          0x0000000000069bf8        0x0 ../ECE385_bsp/\libhal_bsp.a(alt_release_fd.o)
 .data          0x0000000000069bf8        0x0 ../ECE385_bsp/\libhal_bsp.a(alt_tick.o)
 .data          0x0000000000069bf8        0x0 ../ECE385_bsp/\libhal_bsp.a(altera_nios2_gen2_irq.o)
 .data          0x0000000000069bf8        0x0 ../ECE385_bsp/\libhal_bsp.a(alt_exception_entry.o)
 .data          0x0000000000069bf8        0x0 ../ECE385_bsp/\libhal_bsp.a(alt_find_file.o)
 .data          0x0000000000069bf8        0x0 ../ECE385_bsp/\libhal_bsp.a(alt_get_fd.o)
 .data          0x0000000000069bf8        0x0 ../ECE385_bsp/\libhal_bsp.a(alt_instruction_exception_entry.o)
 .data          0x0000000000069bf8        0x0 d:/softwares/intelfpga_lite/18.1/nios2eds/bin/gnu/h-x86_64-mingw32/bin/../lib/gcc/nios2-elf/5.3.0/../../../../../H-x86_64-mingw32/nios2-elf/lib/mno-hw-mul\libsmallc.a(lib_a-exit.o)
 .data          0x0000000000069bf8        0x0 d:/softwares/intelfpga_lite/18.1/nios2eds/bin/gnu/h-x86_64-mingw32/bin/../lib/gcc/nios2-elf/5.3.0/../../../../../H-x86_64-mingw32/nios2-elf/lib/mno-hw-mul\libsmallc.a(lib_a-__call_atexit.o)
                0x0000000000071bf8                _gp = ABSOLUTE ((. + 0x8000))
                [!provide]                        PROVIDE (gp, _gp)
 *(.rwdata .rwdata.*)
 *(.sdata .sdata.* .gnu.linkonce.s.*)
 .sdata         0x0000000000069bf8        0x8 obj/default/ethernet.o
                0x0000000000069bf8                eth1_mdio
                0x0000000000069bfc                eth0_mdio
 .sdata         0x0000000000069c00        0x4 obj/default/lwip/core/ipv4/dhcp.o
 .sdata         0x0000000000069c04        0x8 obj/default/lwip/core/ipv6/nd6.o
                0x0000000000069c04                retrans_timer
                0x0000000000069c08                reachable_time
 .sdata         0x0000000000069c0c        0xe obj/default/lwip/core/tcp.o
 *fill*         0x0000000000069c1a        0x2 
 .sdata         0x0000000000069c1c        0x4 obj/default/lwip/core/timeouts.o
                0x0000000000069c1c                lwip_num_cyclic_timers
 .sdata         0x0000000000069c20        0x2 obj/default/lwip/core/udp.o
 .sdata         0x0000000000069c22        0xc obj/default/lwip/netif/ethernet.o
                0x0000000000069c22                ethzero
                0x0000000000069c28                ethbroadcast
 *fill*         0x0000000000069c2e        0x2 
 .sdata         0x0000000000069c30       0x14 obj/default/main.o
                0x0000000000069c30                io_vga_sync
                0x0000000000069c34                io_hex
                0x0000000000069c38                keycode_comm
                0x0000000000069c3c                io_led_green
                0x0000000000069c40                io_led_red
 .sdata.__ctype_ptr__
                0x0000000000069c44        0x4 d:/softwares/intelfpga_lite/18.1/nios2eds/bin/gnu/h-x86_64-mingw32/bin/../lib/gcc/nios2-elf/5.3.0/../../../../../H-x86_64-mingw32/nios2-elf/lib/mno-hw-mul\libsmallc.a(lib_a-ctype_.o)
                0x0000000000069c44                __ctype_ptr__
 .sdata._global_impure_ptr
                0x0000000000069c48        0x4 d:/softwares/intelfpga_lite/18.1/nios2eds/bin/gnu/h-x86_64-mingw32/bin/../lib/gcc/nios2-elf/5.3.0/../../../../../H-x86_64-mingw32/nios2-elf/lib/mno-hw-mul\libsmallc.a(lib_a-impure.o)
                0x0000000000069c48                _global_impure_ptr
 .sdata._impure_ptr
                0x0000000000069c4c        0x4 d:/softwares/intelfpga_lite/18.1/nios2eds/bin/gnu/h-x86_64-mingw32/bin/../lib/gcc/nios2-elf/5.3.0/../../../../../H-x86_64-mingw32/nios2-elf/lib/mno-hw-mul\libsmallc.a(lib_a-impure.o)
                0x0000000000069c4c                _impure_ptr
 .sdata         0x0000000000069c50        0x4 ../ECE385_bsp/\libhal_bsp.a(alt_sbrk.o)
 .sdata         0x0000000000069c54        0x8 ../ECE385_bsp/\libhal_bsp.a(altera_avalon_sgdma.o)
                0x0000000000069c54                alt_sgdma_list
 .sdata         0x0000000000069c5c       0x14 ../ECE385_bsp/\libhal_bsp.a(alt_dev.o)
                0x0000000000069c5c                alt_max_fd
                0x0000000000069c60                alt_dev_list
                0x0000000000069c68                alt_fs_list
 .sdata         0x0000000000069c70        0x4 ../ECE385_bsp/\libhal_bsp.a(alt_errno.o)
                0x0000000000069c70                alt_errno
 .sdata         0x0000000000069c74        0x4 ../ECE385_bsp/\libhal_bsp.a(alt_irq_vars.o)
                0x0000000000069c74                alt_priority_mask
 .sdata         0x0000000000069c78        0x8 ../ECE385_bsp/\libhal_bsp.a(alt_tick.o)
                0x0000000000069c78                alt_alarm_list
 *(.sdata2 .sdata2.* .gnu.linkonce.s2.*)
                0x0000000000069c80                . = ALIGN (0x4)
                0x0000000000069c80                _edata = ABSOLUTE (.)
                [!provide]                        PROVIDE (edata, ABSOLUTE (.))
                0x0000000000069c80                PROVIDE (__ram_rwdata_end, ABSOLUTE (.))
                0x0000000000069c80                PROVIDE (__flash_rwdata_start, LOADADDR (.rwdata))

.bss            0x000000000006a0bc     0xa2b8
                0x000000000006a0bc                __bss_start = ABSOLUTE (.)
                [!provide]                        PROVIDE (__sbss_start, ABSOLUTE (.))
                [!provide]                        PROVIDE (___sbss_start, ABSOLUTE (.))
 *(.dynsbss)
 *(.sbss .sbss.* .gnu.linkonce.sb.*)
 .sbss          0x000000000006a0bc       0x10 obj/default/ethernet.o
                0x000000000006a0c4                eth1_rx_len
                0x000000000006a0c8                eth0_rx_len
 .sbss          0x000000000006a0cc       0x10 obj/default/ethernet.o
                0x000000000006a0cc                eth1_dma_tx_dev
                0x000000000006a0d0                eth1_dma_rx_dev
                0x000000000006a0d4                eth0_dma_tx_dev
                0x000000000006a0d8                eth0_dma_rx_dev
 .sbss          0x000000000006a0dc        0x2 obj/default/lwip/core/dns.o
 *fill*         0x000000000006a0de        0x2 
 .sbss          0x000000000006a0e0        0xc obj/default/lwip/core/ipv4/dhcp.o
 .sbss          0x000000000006a0ec        0x1 obj/default/lwip/core/ipv4/etharp.o
 *fill*         0x000000000006a0ed        0x3 
 .sbss          0x000000000006a0f0        0x8 obj/default/lwip/core/ipv4/igmp.o
 .sbss          0x000000000006a0f8        0x6 obj/default/lwip/core/ipv4/ip4.o
 *fill*         0x000000000006a0fe        0x2 
 .sbss          0x000000000006a100        0x8 obj/default/lwip/core/ipv4/ip4_frag.o
 .sbss          0x000000000006a108        0xc obj/default/lwip/core/ipv6/ip6_frag.o
 .sbss          0x000000000006a114        0x4 obj/default/lwip/core/ipv6/nd6.o
 .sbss          0x000000000006a118        0xc obj/default/lwip/core/mem.o
 .sbss          0x000000000006a124       0x3c obj/default/lwip/core/memp.o
 .sbss          0x000000000006a160        0xc obj/default/lwip/core/netif.o
                0x000000000006a164                netif_list
                0x000000000006a168                netif_default
 .sbss          0x000000000006a16c        0x1 obj/default/lwip/core/pbuf.o
                0x000000000006a16c                pbuf_free_ooseq_pending
 *fill*         0x000000000006a16d        0x3 
 .sbss          0x000000000006a170        0x4 obj/default/lwip/core/raw.o
 .sbss          0x000000000006a174       0x18 obj/default/lwip/core/tcp.o
                0x000000000006a176                tcp_active_pcbs_changed
                0x000000000006a178                tcp_active_pcbs
                0x000000000006a17c                tcp_ticks
                0x000000000006a180                tcp_listen_pcbs
                0x000000000006a184                tcp_bound_pcbs
                0x000000000006a188                tcp_tw_pcbs
 .sbss          0x000000000006a18c       0x28 obj/default/lwip/core/tcp_in.o
                0x000000000006a1b0                tcp_input_pcb
 .sbss          0x000000000006a1b4        0xc obj/default/lwip/core/timeouts.o
 .sbss          0x000000000006a1c0        0x4 obj/default/lwip/core/udp.o
                0x000000000006a1c0                udp_pcbs
 .sbss          0x000000000006a1c4        0xc obj/default/main.o
                0x000000000006a1c8                frame_count
                0x000000000006a1cc                tmp
 .sbss          0x000000000006a1d0        0x4 obj/default/rng.o
                0x000000000006a1d0                rng_num
 .sbss          0x000000000006a1d4        0x4 d:/softwares/intelfpga_lite/18.1/nios2eds/bin/gnu/h-x86_64-mingw32/bin/../lib/gcc/nios2-elf/5.3.0/../../../../../H-x86_64-mingw32/nios2-elf/lib/mno-hw-mul\libsmallc.a(lib_a-int_errno.o)
                0x000000000006a1d4                errno
 .sbss.__malloc_sbrk_start
                0x000000000006a1d8        0x4 d:/softwares/intelfpga_lite/18.1/nios2eds/bin/gnu/h-x86_64-mingw32/bin/../lib/gcc/nios2-elf/5.3.0/../../../../../H-x86_64-mingw32/nios2-elf/lib/mno-hw-mul\libsmallc.a(lib_a-nano-mallocr.o)
                0x000000000006a1d8                __malloc_sbrk_start
 .sbss.__malloc_free_list
                0x000000000006a1dc        0x4 d:/softwares/intelfpga_lite/18.1/nios2eds/bin/gnu/h-x86_64-mingw32/bin/../lib/gcc/nios2-elf/5.3.0/../../../../../H-x86_64-mingw32/nios2-elf/lib/mno-hw-mul\libsmallc.a(lib_a-nano-mallocr.o)
                0x000000000006a1dc                __malloc_free_list
 .sbss          0x000000000006a1e0        0xc ../ECE385_bsp/\libhal_bsp.a(alt_main.o)
                0x000000000006a1e0                alt_envp
                0x000000000006a1e4                alt_argv
                0x000000000006a1e8                alt_argc
 .sbss          0x000000000006a1ec        0x4 ../ECE385_bsp/\libhal_bsp.a(alt_irq_vars.o)
                0x000000000006a1ec                alt_irq_active
 .sbss          0x000000000006a1f0        0x8 ../ECE385_bsp/\libhal_bsp.a(alt_tick.o)
                0x000000000006a1f0                _alt_nticks
                0x000000000006a1f4                _alt_tick_rate
 .sbss          0x000000000006a1f8        0x4 ../ECE385_bsp/\libhal_bsp.a(alt_instruction_exception_entry.o)
                0x000000000006a1f8                alt_instruction_exception_handler
 *(.sbss2 .sbss2.* .gnu.linkonce.sb2.*)
 *(.scommon)
                [!provide]                        PROVIDE (__sbss_end, ABSOLUTE (.))
                [!provide]                        PROVIDE (___sbss_end, ABSOLUTE (.))
 *(.dynbss)