Archive member included to satisfy reference by file (symbol)

d:/softwares/intelfpga_lite/18.1/nios2eds/bin/gnu/h-x86_64-mingw32/bin/../lib/gcc/nios2-elf/5.3.0/mno-hw-mul\libgcc.a(lib2-divmod.o)
                              obj/default/lwip/core/def.o (__divsi3)
d:/softwares/intelfpga_lite/18.1/nios2eds/bin/gnu/h-x86_64-mingw32/bin/../lib/gcc/nios2-elf/5.3.0/mno-hw-mul\libgcc.a(lib2-mul.o)
                              obj/default/gamelogic.o (__mulsi3)
d:/softwares/intelfpga_lite/18.1/nios2eds/bin/gnu/h-x86_64-mingw32/bin/../lib/gcc/nios2-elf/5.3.0/../../../../../H-x86_64-mingw32/nios2-elf/lib/mno-hw-mul\libsmallc.a(lib_a-abort.o)
                              obj/default/lwip/core/dns.o (abort)
d:/softwares/intelfpga_lite/18.1/nios2eds/bin/gnu/h-x86_64-mingw32/bin/../lib/gcc/nios2-elf/5.3.0/../../../../../H-x86_64-mingw32/nios2-elf/lib/mno-hw-mul\libsmallc.a(lib_a-atoi.o)
                              obj/default/lwip/core/netif.o (atoi)
d:/softwares/intelfpga_lite/18.1/nios2eds/bin/gnu/h-x86_64-mingw32/bin/../lib/gcc/nios2-elf/5.3.0/../../../../../H-x86_64-mingw32/nios2-elf/lib/mno-hw-mul\libsmallc.a(lib_a-clock.o)
                              obj/default/lwip_port/compat.o (clock)
d:/softwares/intelfpga_lite/18.1/nios2eds/bin/gnu/h-x86_64-mingw32/bin/../lib/gcc/nios2-elf/5.3.0/../../../../../H-x86_64-mingw32/nios2-elf/lib/mno-hw-mul\libsmallc.a(lib_a-ctype_.o)
                              obj/default/lwip/core/dns.o (__ctype_ptr__)
d:/softwares/intelfpga_lite/18.1/nios2eds/bin/gnu/h-x86_64-mingw32/bin/../lib/gcc/nios2-elf/5.3.0/../../../../../H-x86_64-mingw32/nios2-elf/lib/mno-hw-mul\libsmallc.a(lib_a-impure.o)
                              d:/softwares/intelfpga_lite/18.1/nios2eds/bin/gnu/h-x86_64-mingw32/bin/../lib/gcc/nios2-elf/5.3.0/../../../../../H-x86_64-mingw32/nios2-elf/lib/mno-hw-mul\libsmallc.a(lib_a-clock.o) (_impure_ptr)
d:/softwares/intelfpga_lite/18.1/nios2eds/bin/gnu/h-x86_64-mingw32/bin/../lib/gcc/nios2-elf/5.3.0/../../../../../H-x86_64-mingw32/nios2-elf/lib/mno-hw-mul\libsmallc.a(lib_a-memcmp.o)
                              obj/default/lwip/core/ipv4/autoip.o (memcmp)
d:/softwares/intelfpga_lite/18.1/nios2eds/bin/gnu/h-x86_64-mingw32/bin/../lib/gcc/nios2-elf/5.3.0/../../../../../H-x86_64-mingw32/nios2-elf/lib/mno-hw-mul\libsmallc.a(lib_a-memcpy.o)
                              obj/default/lwip/core/dns.o (memcpy)
d:/softwares/intelfpga_lite/18.1/nios2eds/bin/gnu/h-x86_64-mingw32/bin/../lib/gcc/nios2-elf/5.3.0/../../../../../H-x86_64-mingw32/nios2-elf/lib/mno-hw-mul\libsmallc.a(lib_a-memmove.o)
                              obj/default/lwip/core/def.o (memmove)
d:/softwares/intelfpga_lite/18.1/nios2eds/bin/gnu/h-x86_64-mingw32/bin/../lib/gcc/nios2-elf/5.3.0/../../../../../H-x86_64-mingw32/nios2-elf/lib/mno-hw-mul\libsmallc.a(lib_a-memset.o)
                              obj/default/lwip/core/ipv4/dhcp.o (memset)
d:/softwares/intelfpga_lite/18.1/nios2eds/bin/gnu/h-x86_64-mingw32/bin/../lib/gcc/nios2-elf/5.3.0/../../../../../H-x86_64-mingw32/nios2-elf/lib/mno-hw-mul\libsmallc.a(lib_a-printf.o)
                              obj/default/gamelogic.o (printf)
d:/softwares/intelfpga_lite/18.1/nios2eds/bin/gnu/h-x86_64-mingw32/bin/../lib/gcc/nios2-elf/5.3.0/../../../../../H-x86_64-mingw32/nios2-elf/lib/mno-hw-mul\libsmallc.a(lib_a-puts.o)
                              obj/default/ethernet.o (puts)
d:/softwares/intelfpga_lite/18.1/nios2eds/bin/gnu/h-x86_64-mingw32/bin/../lib/gcc/nios2-elf/5.3.0/../../../../../H-x86_64-mingw32/nios2-elf/lib/mno-hw-mul\libsmallc.a(lib_a-signal.o)
                              d:/softwares/intelfpga_lite/18.1/nios2eds/bin/gnu/h-x86_64-mingw32/bin/../lib/gcc/nios2-elf/5.3.0/../../../../../H-x86_64-mingw32/nios2-elf/lib/mno-hw-mul\libsmallc.a(lib_a-abort.o) (raise)
d:/softwares/intelfpga_lite/18.1/nios2eds/bin/gnu/h-x86_64-mingw32/bin/../lib/gcc/nios2-elf/5.3.0/../../../../../H-x86_64-mingw32/nios2-elf/lib/mno-hw-mul\libsmallc.a(lib_a-signalr.o)
                              d:/softwares/intelfpga_lite/18.1/nios2eds/bin/gnu/h-x86_64-mingw32/bin/../lib/gcc/nios2-elf/5.3.0/../../../../../H-x86_64-mingw32/nios2-elf/lib/mno-hw-mul\libsmallc.a(lib_a-signal.o) (_kill_r)
d:/softwares/intelfpga_lite/18.1/nios2eds/bin/gnu/h-x86_64-mingw32/bin/../lib/gcc/nios2-elf/5.3.0/../../../../../H-x86_64-mingw32/nios2-elf/lib/mno-hw-mul\libsmallc.a(lib_a-strlen.o)
                              obj/default/lwip/core/def.o (strlen)
d:/softwares/intelfpga_lite/18.1/nios2eds/bin/gnu/h-x86_64-mingw32/bin/../lib/gcc/nios2-elf/5.3.0/../../../../../H-x86_64-mingw32/nios2-elf/lib/mno-hw-mul\libsmallc.a(lib_a-strncmp.o)
                              obj/default/lwip/core/def.o (strncmp)
d:/softwares/intelfpga_lite/18.1/nios2eds/bin/gnu/h-x86_64-mingw32/bin/../lib/gcc/nios2-elf/5.3.0/../../../../../H-x86_64-mingw32/nios2-elf/lib/mno-hw-mul\libsmallc.a(lib_a-strtol.o)
[...]
Memory Configuration

Name             Origin             Length             Attributes
vga_sprite_7     0x0000000000000000 0x0000000000002000
vga_sprite_6     0x0000000000002000 0x0000000000002000
audio_mem        0x0000000000004000 0x0000000000004000
vga_sprite_5     0x0000000000008000 0x0000000000002000
vga_sprite_4     0x000000000000a000 0x0000000000002000
vga_sprite_3     0x000000000000c000 0x0000000000002000
vga_sprite_2     0x000000000000e000 0x0000000000002000
vga_sprite_1     0x0000000000010000 0x0000000000002000
vga_sprite_0     0x0000000000012000 0x0000000000002000
usb_keycode      0x0000000000015000 0x0000000000000400
reset            0x0000000000040000 0x0000000000000020
nios2_onchip_mem 0x0000000000040020 0x000000000003ffe0
sdram            0x0000000008000000 0x0000000008000000
*default*        0x0000000000000000 0xffffffffffffffff

Linker script and memory map

LOAD ../ECE385_bsp//obj/HAL/src/crt0.o
LOAD obj/default/comm.o
LOAD obj/default/ethernet.o
LOAD obj/default/gamelogic.o
LOAD obj/default/lwip/core/altcp.o
LOAD obj/default/lwip/core/altcp_alloc.o
LOAD obj/default/lwip/core/altcp_tcp.o
LOAD obj/default/lwip/core/def.o
LOAD obj/default/lwip/core/dns.o
LOAD obj/default/lwip/core/inet_chksum.o
LOAD obj/default/lwip/core/init.o
LOAD obj/default/lwip/core/ip.o
LOAD obj/default/lwip/core/ipv4/autoip.o
LOAD obj/default/lwip/core/ipv4/dhcp.o
LOAD obj/default/lwip/core/ipv4/etharp.o
LOAD obj/default/lwip/core/ipv4/icmp.o
LOAD obj/default/lwip/core/ipv4/igmp.o
LOAD obj/default/lwip/core/ipv4/ip4.o
LOAD obj/default/lwip/core/ipv4/ip4_addr.o
LOAD obj/default/lwip/core/ipv4/ip4_frag.o
LOAD obj/default/lwip/core/ipv6/dhcp6.o
LOAD obj/default/lwip/core/ipv6/ethip6.o
LOAD obj/default/lwip/core/ipv6/icmp6.o
LOAD obj/default/lwip/core/ipv6/inet6.o
LOAD obj/default/lwip/core/ipv6/ip6.o
LOAD obj/default/lwip/core/ipv6/ip6_addr.o
LOAD obj/default/lwip/core/ipv6/ip6_frag.o
LOAD obj/default/lwip/core/ipv6/mld6.o
LOAD obj/default/lwip/core/ipv6/nd6.o
LOAD obj/default/lwip/core/mem.o
LOAD obj/default/lwip/core/memp.o
LOAD obj/default/lwip/core/netif.o
LOAD obj/default/lwip/core/pbuf.o
LOAD obj/default/lwip/core/raw.o
LOAD obj/default/lwip/core/stats.o
LOAD obj/default/lwip/core/sys.o
LOAD obj/default/lwip/core/tcp.o
LOAD obj/default/lwip/core/tcp_in.o
LOAD obj/default/lwip/core/tcp_out.o
LOAD obj/default/lwip/core/timeouts.o
LOAD obj/default/lwip/core/udp.o
LOAD obj/default/lwip/netif/ethernet.o
LOAD obj/default/lwip_port/compat.o
LOAD obj/default/main.o
LOAD obj/default/resource.o
LOAD obj/default/rng.o
LOAD obj/default/sprites.o
LOAD obj/default/vga.o
LOAD d:/softwares/intelfpga_lite/18.1/nios2eds/bin/gnu/h-x86_64-mingw32/bin/../lib/gcc/nios2-elf/5.3.0/../../../../../H-x86_64-mingw32/nios2-elf/lib/mno-hw-mul\libstdc++.a
LOAD d:/softwares/intelfpga_lite/18.1/nios2eds/bin/gnu/h-x86_64-mingw32/bin/../lib/gcc/nios2-elf/5.3.0/../../../../../H-x86_64-mingw32/nios2-elf/lib/mno-hw-mul\libm.a
LOAD d:/softwares/intelfpga_lite/18.1/nios2eds/bin/gnu/h-x86_64-mingw32/bin/../lib/gcc/nios2-elf/5.3.0/mno-hw-mul\libgcc.a
START GROUP
LOAD d:/softwares/intelfpga_lite/18.1/nios2eds/bin/gnu/h-x86_64-mingw32/bin/../lib/gcc/nios2-elf/5.3.0/../../../../../H-x86_64-mingw32/nios2-elf/lib/mno-hw-mul\libsmallc.a
LOAD d:/softwares/intelfpga_lite/18.1/nios2eds/bin/gnu/h-x86_64-mingw32/bin/../lib/gcc/nios2-elf/5.3.0/mno-hw-mul\libgcc.a
LOAD ../ECE385_bsp/\libhal_bsp.a
LOAD d:/softwares/intelfpga_lite/18.1/nios2eds/bin/gnu/h-x86_64-mingw32/bin/../lib/gcc/nios2-elf/5.3.0/../../../../../H-x86_64-mingw32/nios2-elf/lib/mno-hw-mul\libm.a
END GROUP
LOAD d:/softwares/intelfpga_lite/18.1/nios2eds/bin/gnu/h-x86_64-mingw32/bin/../lib/gcc/nios2-elf/5.3.0/mno-hw-mul\libgcc.a
                0x0000000000000000                __alt_mem_vga_sprite_7 = 0x0
                0x0000000000002000                __alt_mem_vga_sprite_6 = 0x2000
                0x0000000000004000                __alt_mem_audio_mem = 0x4000
                0x0000000000008000                __alt_mem_vga_sprite_5 = 0x8000
                0x000000000000a000                __alt_mem_vga_sprite_4 = 0xa000
                0x000000000000c000                __alt_mem_vga_sprite_3 = 0xc000
                0x000000000000e000                __alt_mem_vga_sprite_2 = 0xe000
                0x0000000000010000                __alt_mem_vga_sprite_1 = 0x10000
                0x0000000000012000                __alt_mem_vga_sprite_0 = 0x12000
                0x0000000000015000                __alt_mem_usb_keycode = 0x15000
                0x0000000000040000                __alt_mem_nios2_onchip_mem = 0x40000
                0x0000000008000000                __alt_mem_sdram = 0x8000000

.entry          0x0000000000040000       0x20
 *(.entry)
 .entry         0x0000000000040000       0x20 ../ECE385_bsp//obj/HAL/src/crt0.o
                0x0000000000040000                __reset

.exceptions     0x0000000000040020      0x164
                0x0000000000040020                PROVIDE (__ram_exceptions_start, ABSOLUTE (.))
                0x0000000000040020                . = ALIGN (0x20)
 *(.irq)
 *(.exceptions.entry.label)
 .exceptions.entry.label
                0x0000000000040020        0x0 ../ECE385_bsp/\libhal_bsp.a(alt_irq_entry.o)
                0x0000000000040020                alt_irq_entry
 .exceptions.entry.label
                0x0000000000040020        0x0 ../ECE385_bsp/\libhal_bsp.a(alt_exception_entry.o)
                0x0000000000040020                alt_exception
 *(.exceptions.entry.user)
 *(.exceptions.entry.ecc_fatal)
 *(.exceptions.entry)
 .exceptions.entry
                0x0000000000040020       0x54 ../ECE385_bsp/\libhal_bsp.a(alt_exception_entry.o)
 *(.exceptions.irqtest.user)
 *(.exceptions.irqtest)
 .exceptions.irqtest
                0x0000000000040074       0x10 ../ECE385_bsp/\libhal_bsp.a(alt_irq_entry.o)
 *(.exceptions.irqhandler.user)
 *(.exceptions.irqhandler)
 .exceptions.irqhandler
                0x0000000000040084        0x4 ../ECE385_bsp/\libhal_bsp.a(alt_irq_entry.o)
 *(.exceptions.irqreturn.user)
 *(.exceptions.irqreturn)
 .exceptions.irqreturn
                0x0000000000040088        0x4 ../ECE385_bsp/\libhal_bsp.a(alt_irq_entry.o)
 *(.exceptions.notirq.label)
 .exceptions.notirq.label
                0x000000000004008c        0x0 ../ECE385_bsp/\libhal_bsp.a(alt_irq_entry.o)
 *(.exceptions.notirq.user)
 *(.exceptions.notirq)
 .exceptions.notirq
                0x000000000004008c        0x8 ../ECE385_bsp/\libhal_bsp.a(alt_exception_entry.o)
 *(.exceptions.soft.user)
 *(.exceptions.soft)
 *(.exceptions.unknown.user)
 *(.exceptions.unknown)
 .exceptions.unknown
                0x0000000000040094       0x14 ../ECE385_bsp/\libhal_bsp.a(alt_exception_entry.o)
 *(.exceptions.exit.label)
 .exceptions.exit.label
                0x00000000000400a8        0x0 ../ECE385_bsp/\libhal_bsp.a(alt_irq_entry.o)
 .exceptions.exit.label
                0x00000000000400a8        0x0 ../ECE385_bsp/\libhal_bsp.a(alt_exception_entry.o)
 *(.exceptions.exit.user)
 *(.exceptions.exit)
 .exceptions.exit
                0x00000000000400a8       0x54 ../ECE385_bsp/\libhal_bsp.a(alt_exception_entry.o)
 *(.exceptions)
 .exceptions    0x00000000000400fc       0x64 ../ECE385_bsp/\libhal_bsp.a(alt_irq_handler.o)
                0x00000000000400fc                alt_irq_handler
 .exceptions    0x0000000000040160       0x24 ../ECE385_bsp/\libhal_bsp.a(alt_instruction_exception_entry.o)
                0x0000000000040160                alt_instruction_exception_entry
                0x0000000000040184                PROVIDE (__ram_exceptions_end, ABSOLUTE (.))
                0x0000000000040020                PROVIDE (__flash_exceptions_start, LOADADDR (.exceptions))

.resources      0x0000000008000000    0x98880
                [!provide]                        PROVIDE (_alt_partition_resources_start, ABSOLUTE (.))
 *(.resources .resources.*)
 .resources     0x0000000008000000    0x98880 obj/default/resource.o
                0x0000000008000000                background
                0x0000000008096000                plane2
                0x0000000008096c60                plane
                0x0000000008098880                . = ALIGN (0x4)
                [!provide]                        PROVIDE (_alt_partition_resources_end, ABSOLUTE (.))

.onchip         0x0000000000040184     0x1900
                [!provide]                        PROVIDE (_alt_partition_onchip_start, ABSOLUTE (.))
 *(.onchip .onchip.*)
 .onchip        0x0000000000040184     0x1900 obj/default/ethernet.o
                0x0000000000040184                eth1_rx_frame
                0x0000000000040984                eth0_rx_frame
                0x0000000000041184                tx_frame
                0x0000000000041984                eth1_rx_descriptor_end
                0x00000000000419a4                eth1_rx_descriptor
                0x00000000000419c4                eth1_tx_descriptor_end
                0x00000000000419e4                eth1_tx_descriptor
                0x0000000000041a04                eth0_rx_descriptor_end
                0x0000000000041a24                eth0_rx_descriptor
                0x0000000000041a44                eth0_tx_descriptor_end
                0x0000000000041a64                eth0_tx_descriptor
                0x0000000000041a84                . = ALIGN (0x4)
                [!provide]                        PROVIDE (_alt_partition_onchip_end, ABSOLUTE (.))

.text           0x0000000000041a84    0x23d80
                [!provide]                        PROVIDE (stext, ABSOLUTE (.))
 *(.interp)
 *(.hash)
 *(.dynsym)
 *(.dynstr)
 *(.gnu.version)
 *(.gnu.version_d)
 *(.gnu.version_r)
 *(.rel.init)
 *(.rela.init)
 *(.rel.text .rel.text.* .rel.gnu.linkonce.t.*)
 *(.rela.text .rela.text.* .rela.gnu.linkonce.t.*)
 *(.rel.fini)
 *(.rela.fini)
 *(.rel.rodata .rel.rodata.* .rel.gnu.linkonce.r.*)
 *(.rela.rodata .rela.rodata.* .rela.gnu.linkonce.r.*)
 *(.rel.data .rel.data.* .rel.gnu.linkonce.d.*)
 *(.rela.data .rela.data.* .rela.gnu.linkonce.d.*)
 *(.rel.tdata .rel.tdata.* .rel.gnu.linkonce.td.*)
 *(.rela.tdata .rela.tdata.* .rela.gnu.linkonce.td.*)
 *(.rel.tbss .rel.tbss.* .rel.gnu.linkonce.tb.*)
 *(.rela.tbss .rela.tbss.* .rela.gnu.linkonce.tb.*)
 *(.rel.ctors)
 *(.rela.ctors)
 *(.rel.dtors)
 *(.rela.dtors)
 *(.rel.got)
 *(.rela.got)
 *(.rel.sdata .rel.sdata.* .rel.gnu.linkonce.s.*)
 *(.rela.sdata .rela.sdata.* .rela.gnu.linkonce.s.*)
 *(.rel.sbss .rel.sbss.* .rel.gnu.linkonce.sb.*)
 *(.rela.sbss .rela.sbss.* .rela.gnu.linkonce.sb.*)
 *(.rel.sdata2 .rel.sdata2.* .rel.gnu.linkonce.s2.*)
 *(.rela.sdata2 .rela.sdata2.* .rela.gnu.linkonce.s2.*)
 *(.rel.sbss2 .rel.sbss2.* .rel.gnu.linkonce.sb2.*)
 *(.rela.sbss2 .rela.sbss2.* .rela.gnu.linkonce.sb2.*)
 *(.rel.bss .rel.bss.* .rel.gnu.linkonce.b.*)
 *(.rela.bss .rela.bss.* .rela.gnu.linkonce.b.*)
 *(.rel.plt)
 *(.rela.plt)
 *(.rel.dyn)
 *(.init)
 *(.plt)
 *(.text .stub .text.* .gnu.linkonce.t.*)
 .text          0x0000000000041a84       0x3c ../ECE385_bsp//obj/HAL/src/crt0.o
                0x0000000000041a84                _start
 .text          0x0000000000041ac0        0x0 obj/default/comm.o
 .text          0x0000000000041ac0      0x7d4 obj/default/ethernet.o
                0x0000000000041ac0                eth0_rx_interrupt
                0x0000000000041b04                eth1_rx_interrupt
                0x0000000000041b48                eth0_tx
                0x0000000000041bd8                eth1_tx
                0x0000000000041c68                eth_init
                0x0000000000041d7c                eth_ip_reverse
                0x0000000000041da4                eth0_rx_start
                0x0000000000041df4                eth0_init
                0x0000000000041f00                eth0_ip
                0x0000000000041f34                eth1_rx_start
                0x0000000000041f84                eth_loop
                0x0000000000042154                eth1_init
                0x0000000000042260                eth1_ip
 .text          0x0000000000042294      0xc3c obj/default/gamelogic.o
                0x0000000000042524                game_init
                0x0000000000042684                handle_player_plane_keyboard
                0x0000000000042c34                handle_enemy_planes_spawn
                0x0000000000042c48                handle_enemy_planes_firing
                0x0000000000042e0c                game_loop
 .text          0x0000000000042ed0        0x0 obj/default/lwip/core/altcp.o
 .text          0x0000000000042ed0        0x0 obj/default/lwip/core/altcp_alloc.o
 .text          0x0000000000042ed0        0x0 obj/default/lwip/core/altcp_tcp.o
 .text          0x0000000000042ed0      0x2e8 obj/default/lwip/core/def.o
                0x0000000000042ed0                lwip_htons
                0x0000000000042ee4                lwip_htonl
                0x0000000000042f0c                lwip_strnstr
                0x0000000000042fb4                lwip_stricmp
                0x0000000000043024                lwip_strnicmp
                0x00000000000430a8                lwip_itoa
 .text          0x00000000000431b8     0x1688 obj/default/lwip/core/dns.o
                0x00000000000441e4                dns_init
                0x00000000000441e8                dns_setserver
                0x00000000000442ac                dns_getserver
                0x00000000000442ec                dns_tmr
                0x000000000004431c                dns_gethostbyname_addrtype
                0x0000000000044820                dns_gethostbyname
 .text.unlikely
                0x0000000000044840       0xcc obj/default/lwip/core/dns.o
 .text          0x000000000004490c      0x608 obj/default/lwip/core/inet_chksum.o
                0x000000000004490c                lwip_standard_chksum
                0x0000000000044c44                inet_chksum_pseudo
                0x0000000000044c90                ip6_chksum_pseudo
                0x0000000000044cf4                ip_chksum_pseudo
                0x0000000000044d34                inet_chksum_pseudo_partial
                0x0000000000044d8c                ip6_chksum_pseudo_partial
                0x0000000000044dfc                ip_chksum_pseudo_partial
                0x0000000000044e44                inet_chksum
                0x0000000000044e64                inet_chksum_pbuf
 .text          0x0000000000044f14       0x30 obj/default/lwip/core/init.o
                0x0000000000044f14                lwip_init
 .text          0x0000000000044f44       0xc4 obj/default/lwip/core/ip.o
                0x0000000000044f44                ipaddr_ntoa
                0x0000000000044f64                ipaddr_ntoa_r
                0x0000000000044f84                ipaddr_aton
                0x0000000000044fe0                ip_input
 .text          0x0000000000045008      0x670 obj/default/lwip/core/ipv4/autoip.o
                0x0000000000045094                autoip_set_struct
                0x0000000000045170                autoip_start
                0x00000000000452b0                autoip_network_changed
                0x00000000000452c8                autoip_stop
                0x0000000000045314                autoip_tmr
                0x00000000000454dc                autoip_arp_reply
                0x0000000000045630                autoip_supplied_address
                0x0000000000045658                autoip_accept_packet
 .text          0x0000000000045678     0x2a74 obj/default/lwip/core/ipv4/dhcp.o
                0x000000000004723c                dhcp_set_struct
                0x0000000000047310                dhcp_cleanup
                0x0000000000047370                dhcp_inform
                0x00000000000474cc                dhcp_network_changed
                0x000000000004759c                dhcp_arp_reply
                0x000000000004771c                dhcp_renew
                0x0000000000047908                dhcp_release_and_stop
                0x0000000000047b2c                dhcp_start
                0x0000000000047c80                dhcp_coarse_tmr
                0x0000000000047f74                dhcp_fine_tmr
                0x0000000000048090                dhcp_release
                0x00000000000480ac                dhcp_stop
                0x00000000000480b0                dhcp_supplied_address
 .text.unlikely
                0x00000000000480ec      0x1f4 obj/default/lwip/core/ipv4/dhcp.o
 .text          0x00000000000482e0     0x14b0 obj/default/lwip/core/ipv4/etharp.o
                0x0000000000048ab8                etharp_tmr
                0x0000000000048bdc                etharp_cleanup_netif
                0x0000000000048c6c                etharp_find_addr
                0x0000000000048d4c                etharp_get_entry
                0x0000000000048e90                etharp_input
                0x00000000000491ac                etharp_query
                0x00000000000494f0                etharp_output
                0x0000000000049750                etharp_request
 .text          0x0000000000049790      0x3d4 obj/default/lwip/core/ipv4/icmp.o
                0x00000000000498d0                icmp_input
                0x0000000000049b4c                icmp_dest_unreach
                0x0000000000049b58                icmp_time_exceeded
 .text          0x0000000000049b64      0xc44 obj/default/lwip/core/ipv4/igmp.o
                0x0000000000049ebc                igmp_init
                0x0000000000049ed8                igmp_start
                0x0000000000049f54                igmp_stop
                0x0000000000049fc4                igmp_report_groups
                0x000000000004a004                igmp_lookfor_group
                0x000000000004a03c                igmp_input
                0x000000000004a1dc                igmp_joingroup_netif
                0x000000000004a340                igmp_joingroup
                0x000000000004a440                igmp_leavegroup_netif
                0x000000000004a5e4                igmp_leavegroup
                0x000000000004a6fc                igmp_tmr
 .text          0x000000000004a7a8      0x998 obj/default/lwip/core/ipv4/ip4.o
                0x000000000004a82c                ip4_set_default_multicast_netif
                0x000000000004a834                ip4_route
                0x000000000004a8d4                ip4_input
                0x000000000004acac                ip4_output_if_opt_src
                0x000000000004af8c                ip4_output_if_opt
                0x000000000004afdc                ip4_output_if
                0x000000000004b034                ip4_output_if_src
                0x000000000004b070                ip4_output
 .text          0x000000000004b140      0x534 obj/default/lwip/core/ipv4/ip4_addr.o
                0x000000000004b140                ip4_addr_isbroadcast_u32
                0x000000000004b190                ip4_addr_netmask_valid
                0x000000000004b1f0                ip4addr_aton
                0x000000000004b4dc                ipaddr_addr
                0x000000000004b510                ip4addr_ntoa_r
                0x000000000004b664                ip4addr_ntoa
 .text          0x000000000004b674     0x1048 obj/default/lwip/core/ipv4/ip4_frag.o
                0x000000000004baa8                ip_reass_tmr
                0x000000000004bb10                ip4_reass
                0x000000000004c328                ip4_frag
 .text.unlikely
                0x000000000004c6bc       0x34 obj/default/lwip/core/ipv4/ip4_frag.o
 .text          0x000000000004c6f0        0x0 obj/default/lwip/core/ipv6/dhcp6.o
 .text          0x000000000004c6f0       0xf0 obj/default/lwip/core/ipv6/ethip6.o
                0x000000000004c6f0                ethip6_output
 .text          0x000000000004c7e0      0x4bc obj/default/lwip/core/ipv6/icmp6.o
                0x000000000004ca10                icmp6_input
                0x000000000004cb7c                icmp6_dest_unreach
                0x000000000004cb8c                icmp6_packet_too_big
                0x000000000004cb9c                icmp6_time_exceeded
                0x000000000004cbac                icmp6_time_exceeded_with_addrs
                0x000000000004cc80                icmp6_param_problem
 .text          0x000000000004cc9c        0x0 obj/default/lwip/core/ipv6/inet6.o
 .text          0x000000000004cc9c     0x16ec obj/default/lwip/core/ipv6/ip6.o
                0x000000000004cd34                ip6_route
                0x000000000004d0ac                ip6_select_source_address
                0x000000000004d314                ip6_input
                0x000000000004dbbc                ip6_output_if_src
                0x000000000004dfc4                ip6_output_if
                0x000000000004e0b0                ip6_output
                0x000000000004e304                ip6_options_add_hbh_ra
 .text          0x000000000004e388      0x610 obj/default/lwip/core/ipv6/ip6_addr.o
                0x000000000004e388                ip6addr_aton
                0x000000000004e6a0                ip6addr_ntoa_r
                0x000000000004e988                ip6addr_ntoa
 .text          0x000000000004e998     0x1018 obj/default/lwip/core/ipv6/ip6_frag.o
                0x000000000004ed28                ip6_reass_tmr
                0x000000000004ed7c                ip6_reass
                0x000000000004f678                ip6_frag
 .text.unlikely
                0x000000000004f9b0       0x34 obj/default/lwip/core/ipv6/ip6_frag.o
 .text          0x000000000004f9e4      0xb20 obj/default/lwip/core/ipv6/mld6.o
                0x000000000004fc5c                mld6_stop
                0x000000000004fccc                mld6_report_groups
                0x000000000004fd04                mld6_lookfor_group
                0x000000000004fd64                mld6_input
                0x000000000004ff80                mld6_joingroup_netif
                0x0000000000050138                mld6_joingroup
                0x00000000000501f8                mld6_leavegroup_netif
                0x00000000000503a4                mld6_leavegroup
                0x000000000005046c                mld6_tmr
 .text          0x0000000000050504     0x3828 obj/default/lwip/core/ipv6/nd6.o
                0x0000000000051450                nd6_input
                0x0000000000052aa4                nd6_tmr
                0x0000000000052f88                nd6_clear_destination_cache
                0x0000000000052fd4                nd6_find_route
                0x00000000000530c4                nd6_get_next_hop_addr_or_queue
                0x0000000000053880                nd6_get_destination_mtu
                0x00000000000538f0                nd6_reachability_hint
                0x0000000000053ac0                nd6_cleanup_netif
                0x0000000000053bec                nd6_adjust_mld_membership
                0x0000000000053d20                nd6_restart_netif
 .text.unlikely
                0x0000000000053d2c       0xa0 obj/default/lwip/core/ipv6/nd6.o
 .text          0x0000000000053dcc      0x66c obj/default/lwip/core/mem.o
                0x0000000000053dcc                mem_init
                0x0000000000053e10                mem_free
                0x0000000000054008                mem_trim
                0x00000000000541e8                mem_malloc
                0x00000000000543d0                mem_calloc
 .text          0x0000000000054438      0x2a0 obj/default/lwip/core/memp.o
                0x0000000000054438                memp_init_pool
                0x0000000000054480                memp_init
                0x00000000000544f8                memp_malloc_pool
                0x000000000005456c                memp_malloc
                0x00000000000545f4                memp_free_pool
                0x0000000000054658                memp_free
 .text.unlikely
                0x00000000000546d8       0x68 obj/default/lwip/core/memp.o
 .text          0x0000000000054740     0x158c obj/default/lwip/core/netif.o
                0x0000000000054978                netif_init
                0x000000000005497c                netif_input
                0x0000000000054a08                netif_set_ipaddr
                0x0000000000054a64                netif_set_netmask
                0x0000000000054ad0                netif_set_gw
                0x0000000000054b3c                netif_set_addr
                0x0000000000054c34                netif_add
                0x0000000000054f7c                netif_add_noaddr
                0x0000000000054fac                netif_set_default
                0x0000000000054fb4                netif_set_up
                0x0000000000055034                netif_set_down
                0x00000000000550bc                netif_remove
                0x00000000000551dc                netif_set_link_up
                0x000000000005526c                netif_set_link_down
                0x00000000000552bc                netif_ip6_addr_set_parts
                0x00000000000554f4                netif_ip6_addr_set
                0x0000000000055590                netif_ip6_addr_set_state
                0x00000000000556e4                netif_get_ip6_addr_match
                0x00000000000557ec                netif_create_ip6_linklocal_address
                0x0000000000055970                netif_add_ip6_address
                0x0000000000055b34                netif_index_to_name
                0x0000000000055bcc                netif_get_by_index
                0x0000000000055c20                netif_find
                0x0000000000055c98                netif_name_to_index
 .text          0x0000000000055ccc     0x1688 obj/default/lwip/core/pbuf.o
                0x0000000000055e70                pbuf_free_ooseq
                0x0000000000055e98                pbuf_alloc_reference
                0x0000000000055f40                pbuf_alloced_custom
                0x0000000000055fac                pbuf_add_header
                0x0000000000055fb4                pbuf_add_header_force
                0x0000000000055fbc                pbuf_remove_header
                0x000000000005608c                pbuf_header
                0x00000000000560ac                pbuf_header_force
                0x00000000000560cc                pbuf_free
                0x000000000005624c                pbuf_alloc
                0x00000000000564b8                pbuf_realloc
                0x0000000000056600                pbuf_free_header
                0x0000000000056698                pbuf_clen
                0x00000000000566b4                pbuf_ref
                0x00000000000566dc                pbuf_cat
                0x00000000000567a4                pbuf_chain
                0x00000000000567e4                pbuf_dechain
                0x00000000000568cc                pbuf_copy
                0x0000000000056af0                pbuf_copy_partial
                0x0000000000056c28                pbuf_get_contiguous
                0x0000000000056d38                pbuf_skip
                0x0000000000056d80                pbuf_take
                0x0000000000056f04                pbuf_take_at
                0x0000000000057018                pbuf_clone
                0x00000000000570a8                pbuf_coalesce
                0x0000000000057104                pbuf_get_at
                0x0000000000057158                pbuf_try_get_at
                0x00000000000571a8                pbuf_put_at
                0x00000000000571f4                pbuf_memcmp
                0x0000000000057214                pbuf_memfind
                0x00000000000572cc                pbuf_strstr
 .text.unlikely
                0x0000000000057354       0x34 obj/default/lwip/core/pbuf.o
 .text          0x0000000000057388      0xcec obj/default/lwip/core/raw.o
                0x0000000000057388                raw_input
                0x000000000005764c                raw_bind
                0x000000000005774c                raw_bind_netif
                0x0000000000057768                raw_connect
                0x0000000000057884                raw_disconnect
                0x0000000000057954                raw_recv
                0x0000000000057960                raw_sendto_if_src
                0x0000000000057ca0                raw_sendto
                0x0000000000057e1c                raw_send
                0x0000000000057e24                raw_remove
                0x0000000000057e78                raw_new
                0x0000000000057ee0                raw_new_ip_type
                0x0000000000057f14                raw_netif_ip_addr_changed
 .text          0x0000000000058074        0x0 obj/default/lwip/core/stats.o
 .text          0x0000000000058074        0x0 obj/default/lwip/core/sys.o
 .text          0x0000000000058074     0x2a94 obj/default/lwip/core/tcp.o
                0x00000000000581d8                tcp_init
                0x00000000000581fc                tcp_free
                0x0000000000058248                tcp_bind
                0x00000000000585cc                tcp_bind_netif
                0x00000000000585e8                tcp_listen_with_backlog_and_err
                0x00000000000587b4                tcp_listen_with_backlog
                0x00000000000587c0                tcp_update_rcv_ann_wnd
                0x00000000000588b0                tcp_recved
                0x00000000000589a0                tcp_txnow
                0x00000000000589ec                tcp_seg_free
                0x0000000000058a28                tcp_segs_free
                0x0000000000058a58                tcp_setprio
                0x0000000000058a98                tcp_seg_copy
                0x0000000000058b1c                tcp_arg
                0x0000000000058b28                tcp_recv
                0x0000000000058b74                tcp_sent
                0x0000000000058bc0                tcp_err
                0x0000000000058c0c                tcp_accept
                0x0000000000058c24                tcp_poll
                0x0000000000058ca8                tcp_pcb_purge
                0x0000000000058d84                tcp_slowtmr
                0x00000000000594f4                tcp_pcb_remove
                0x000000000005993c                tcp_close
                0x0000000000059994                tcp_recv_null
                0x0000000000059a20                tcp_process_refused_data
                0x0000000000059b40                tcp_fasttmr
                0x0000000000059c20                tcp_tmr
                0x0000000000059c58                tcp_shutdown
                0x0000000000059d2c                tcp_abandon
                0x0000000000059fa0                tcp_abort
                0x000000000005a190                tcp_alloc
                0x000000000005a3ac                tcp_new
                0x000000000005a3b4                tcp_new_ip_type
                0x000000000005a3e8                tcp_next_iss
                0x000000000005a40c                tcp_eff_send_mss_netif
                0x000000000005a4e4                tcp_connect
                0x000000000005a870                tcp_netif_ip_addr_changed
                0x000000000005aa00                tcp_debug_state_str
                0x000000000005aa1c                tcp_tcp_get_tcp_addrinfo
                0x000000000005aac4                tcp_free_ooseq
 .text.unlikely
                0x000000000005ab08       0x34 obj/default/lwip/core/tcp.o
 .text          0x000000000005ab3c     0x2c54 obj/default/lwip/core/tcp_in.o
                0x000000000005c20c                tcp_input
                0x000000000005d780                tcp_trigger_input_pcb_close
 .text          0x000000000005d790     0x28e4 obj/default/lwip/core/tcp_out.o
                0x000000000005df00                tcp_write
                0x000000000005e8f8                tcp_split_unsent_seg
                0x000000000005ec04                tcp_enqueue_flags
                0x000000000005ee48                tcp_send_fin
                0x000000000005ef40                tcp_rexmit_rto_prepare
                0x000000000005f068                tcp_rexmit
                0x000000000005f1bc                tcp_rexmit_fast
                0x000000000005f2a4                tcp_rst
                0x000000000005f3e0                tcp_send_empty_ack
                0x000000000005f4b8                tcp_output
                0x000000000005fcdc                tcp_rexmit_rto_commit
                0x000000000005fd30                tcp_rexmit_rto
                0x000000000005fda8                tcp_keepalive
                0x000000000005fe54                tcp_zero_window_probe
 .text          0x0000000000060074      0x418 obj/default/lwip/core/timeouts.o
                0x00000000000601f4                tcp_timer_needed
                0x0000000000060248                sys_timeout
                0x00000000000602b8                sys_timeouts_init
                0x000000000006030c                sys_untimeout
                0x0000000000060360                sys_check_timeouts
                0x00000000000603fc                sys_restart_timeouts
                0x0000000000060444                sys_timeouts_sleeptime
 .text          0x000000000006048c     0x1668 obj/default/lwip/core/udp.o
                0x000000000006048c                udp_init
                0x00000000000604b0                udp_input
                0x00000000000609b4                udp_bind
                0x0000000000060d10                udp_sendto_if_src
                0x00000000000610f0                udp_sendto_if
                0x00000000000612ec                udp_sendto
                0x00000000000614b8                udp_send
                0x0000000000061550                udp_bind_netif
                0x000000000006156c                udp_connect
                0x000000000006174c                udp_disconnect
                0x0000000000061848                udp_recv
                0x000000000006188c                udp_remove
                0x0000000000061918                udp_new
                0x0000000000061964                udp_new_ip_type
                0x0000000000061994                udp_netif_ip_addr_changed
 .text          0x0000000000061af4      0x2cc obj/default/lwip/netif/ethernet.o
                0x0000000000061af4                ethernet_input
                0x0000000000061c74                ethernet_output
 .text          0x0000000000061dc0        0xc obj/default/lwip_port/compat.o
                0x0000000000061dc0                sys_now
                0x0000000000061dc4                fflush
 .text          0x0000000000061dcc        0x0 obj/default/main.o
 .text.startup  0x0000000000061dcc       0x28 obj/default/main.o
                0x0000000000061dcc                main
 .text          0x0000000000061df4        0x0 obj/default/resource.o
 .text          0x0000000000061df4       0x38 obj/default/rng.o
                0x0000000000061df4                rng_generate
 .text          0x0000000000061e2c      0xd30 obj/default/sprites.o
                0x0000000000061ff0                sprites_init
                0x00000000000620dc                sprites_allocate
                0x0000000000062214                sprites_get
                0x000000000006226c                sprites_deallocate
                0x0000000000062284                sprites_visible
                0x000000000006229c                sprites_load_data
                0x0000000000062340                sprites_limit_speed
                0x000000000006253c                sprites_tick
                0x00000000000626e0                sprites_collision_detect
 .text          0x0000000000062b5c      0x288 obj/default/vga.o
                0x0000000000062b5c                vga_erase
                0x0000000000062c24                vga_fill
                0x0000000000062cf8                vga_set
 .text          0x0000000000062de4      0x1b4 d:/softwares/intelfpga_lite/18.1/nios2eds/bin/gnu/h-x86_64-mingw32/bin/../lib/gcc/nios2-elf/5.3.0/mno-hw-mul\libgcc.a(lib2-divmod.o)
                0x0000000000062de4                __divsi3
                0x0000000000062e68                __modsi3
                0x0000000000062edc                __udivsi3
                0x0000000000062f40                __umodsi3
 .text          0x0000000000062f98       0x28 d:/softwares/intelfpga_lite/18.1/nios2eds/bin/gnu/h-x86_64-mingw32/bin/../lib/gcc/nios2-elf/5.3.0/mno-hw-mul\libgcc.a(lib2-mul.o)
                0x0000000000062f98                __mulsi3
 .text          0x0000000000062fc0        0x0 d:/softwares/intelfpga_lite/18.1/nios2eds/bin/gnu/h-x86_64-mingw32/bin/../lib/gcc/nios2-elf/5.3.0/../../../../../H-x86_64-mingw32/nios2-elf/lib/mno-hw-mul\libsmallc.a(lib_a-abort.o)
 .text.abort    0x0000000000062fc0       0x18 d:/softwares/intelfpga_lite/18.1/nios2eds/bin/gnu/h-x86_64-mingw32/bin/../lib/gcc/nios2-elf/5.3.0/../../../../../H-x86_64-mingw32/nios2-elf/lib/mno-hw-mul\libsmallc.a(lib_a-abort.o)
                0x0000000000062fc0                abort
 .text          0x0000000000062fd8        0x0 d:/softwares/intelfpga_lite/18.1/nios2eds/bin/gnu/h-x86_64-mingw32/bin/../lib/gcc/nios2-elf/5.3.0/../../../../../H-x86_64-mingw32/nios2-elf/lib/mno-hw-mul\libsmallc.a(lib_a-atoi.o)
 .text.atoi     0x0000000000062fd8        0xc d:/softwares/intelfpga_lite/18.1/nios2eds/bin/gnu/h-x86_64-mingw32/bin/../lib/gcc/nios2-elf/5.3.0/../../../../../H-x86_64-mingw32/nios2-elf/lib/mno-hw-mul\libsmallc.a(lib_a-atoi.o)
                0x0000000000062fd8                atoi
 .text._atoi_r  0x0000000000062fe4        0xc d:/softwares/intelfpga_lite/18.1/nios2eds/bin/gnu/h-x86_64-mingw32/bin/../lib/gcc/nios2-elf/5.3.0/../../../../../H-x86_64-mingw32/nios2-elf/lib/mno-hw-mul\libsmallc.a(lib_a-atoi.o)
                0x0000000000062fe4                _atoi_r
 .text          0x0000000000062ff0        0x0 d:/softwares/intelfpga_lite/18.1/nios2eds/bin/gnu/h-x86_64-mingw32/bin/../lib/gcc/nios2-elf/5.3.0/../../../../../H-x86_64-mingw32/nios2-elf/lib/mno-hw-mul\libsmallc.a(lib_a-clock.o)
 .text.clock    0x0000000000062ff0       0x4c d:/softwares/intelfpga_lite/18.1/nios2eds/bin/gnu/h-x86_64-mingw32/bin/../lib/gcc/nios2-elf/5.3.0/../../../../../H-x86_64-mingw32/nios2-elf/lib/mno-hw-mul\libsmallc.a(lib_a-clock.o)
                0x0000000000062ff0                clock
 .text          0x000000000006303c        0x0 d:/softwares/intelfpga_lite/18.1/nios2eds/bin/gnu/h-x86_64-mingw32/bin/../lib/gcc/nios2-elf/5.3.0/../../../../../H-x86_64-mingw32/nios2-elf/lib/mno-hw-mul\libsmallc.a(lib_a-ctype_.o)
 .text          0x000000000006303c        0x0 d:/softwares/intelfpga_lite/18.1/nios2eds/bin/gnu/h-x86_64-mingw32/bin/../lib/gcc/nios2-elf/5.3.0/../../../../../H-x86_64-mingw32/nios2-elf/lib/mno-hw-mul\libsmallc.a(lib_a-impure.o)
 .text          0x000000000006303c        0x0 d:/softwares/intelfpga_lite/18.1/nios2eds/bin/gnu/h-x86_64-mingw32/bin/../lib/gcc/nios2-elf/5.3.0/../../../../../H-x86_64-mingw32/nios2-elf/lib/mno-hw-mul\libsmallc.a(lib_a-memcmp.o)
 .text.memcmp   0x000000000006303c       0x30 d:/softwares/intelfpga_lite/18.1/nios2eds/bin/gnu/h-x86_64-mingw32/bin/../lib/gcc/nios2-elf/5.3.0/../../../../../H-x86_64-mingw32/nios2-elf/lib/mno-hw-mul\libsmallc.a(lib_a-memcmp.o)
                0x000000000006303c                memcmp
 .text          0x000000000006306c        0x0 d:/softwares/intelfpga_lite/18.1/nios2eds/bin/gnu/h-x86_64-mingw32/bin/../lib/gcc/nios2-elf/5.3.0/../../../../../H-x86_64-mingw32/nios2-elf/lib/mno-hw-mul\libsmallc.a(lib_a-memcpy.o)
 .text.memcpy   0x000000000006306c       0x28 d:/softwares/intelfpga_lite/18.1/nios2eds/bin/gnu/h-x86_64-mingw32/bin/../lib/gcc/nios2-elf/5.3.0/../../../../../H-x86_64-mingw32/nios2-elf/lib/mno-hw-mul\libsmallc.a(lib_a-memcpy.o)
                0x000000000006306c                memcpy
 .text          0x0000000000063094        0x0 d:/softwares/intelfpga_lite/18.1/nios2eds/bin/gnu/h-x86_64-mingw32/bin/../lib/gcc/nios2-elf/5.3.0/../../../../../H-x86_64-mingw32/nios2-elf/lib/mno-hw-mul\libsmallc.a(lib_a-memmove.o)
 .text.memmove  0x0000000000063094       0x60 d:/softwares/intelfpga_lite/18.1/nios2eds/bin/gnu/h-x86_64-mingw32/bin/../lib/gcc/nios2-elf/5.3.0/../../../../../H-x86_64-mingw32/nios2-elf/lib/mno-hw-mul\libsmallc.a(lib_a-memmove.o)
                0x0000000000063094                memmove
 .text          0x00000000000630f4        0x0 d:/softwares/intelfpga_lite/18.1/nios2eds/bin/gnu/h-x86_64-mingw32/bin/../lib/gcc/nios2-elf/5.3.0/../../../../../H-x86_64-mingw32/nios2-elf/lib/mno-hw-mul\libsmallc.a(lib_a-memset.o)
 .text.memset   0x00000000000630f4       0x20 d:/softwares/intelfpga_lite/18.1/nios2eds/bin/gnu/h-x86_64-mingw32/bin/../lib/gcc/nios2-elf/5.3.0/../../../../../H-x86_64-mingw32/nios2-elf/lib/mno-hw-mul\libsmallc.a(lib_a-memset.o)
                0x00000000000630f4                memset
 .text          0x0000000000063114        0x0 d:/softwares/intelfpga_lite/18.1/nios2eds/bin/gnu/h-x86_64-mingw32/bin/../lib/gcc/nios2-elf/5.3.0/../../../../../H-x86_64-mingw32/nios2-elf/lib/mno-hw-mul\libsmallc.a(lib_a-printf.o)
 .text._printf_r
                0x0000000000063114       0x3c d:/softwares/intelfpga_lite/18.1/nios2eds/bin/gnu/h-x86_64-mingw32/bin/../lib/gcc/nios2-elf/5.3.0/../../../../../H-x86_64-mingw32/nios2-elf/lib/mno-hw-mul\libsmallc.a(lib_a-printf.o)
                0x0000000000063114                _printf_r
 .text.printf   0x0000000000063150       0x4c d:/softwares/intelfpga_lite/18.1/nios2eds/bin/gnu/h-x86_64-mingw32/bin/../lib/gcc/nios2-elf/5.3.0/../../../../../H-x86_64-mingw32/nios2-elf/lib/mno-hw-mul\libsmallc.a(lib_a-printf.o)
                0x0000000000063150                printf
 .text          0x000000000006319c        0x0 d:/softwares/intelfpga_lite/18.1/nios2eds/bin/gnu/h-x86_64-mingw32/bin/../lib/gcc/nios2-elf/5.3.0/../../../../../H-x86_64-mingw32/nios2-elf/lib/mno-hw-mul\libsmallc.a(lib_a-puts.o)
 .text._puts_r  0x000000000006319c       0x80 d:/softwares/intelfpga_lite/18.1/nios2eds/bin/gnu/h-x86_64-mingw32/bin/../lib/gcc/nios2-elf/5.3.0/../../../../../H-x86_64-mingw32/nios2-elf/lib/mno-hw-mul\libsmallc.a(lib_a-puts.o)
                0x000000000006319c                _puts_r
 .text.puts     0x000000000006321c       0x14 d:/softwares/intelfpga_lite/18.1/nios2eds/bin/gnu/h-x86_64-mingw32/bin/../lib/gcc/nios2-elf/5.3.0/../../../../../H-x86_64-mingw32/nios2-elf/lib/mno-hw-mul\libsmallc.a(lib_a-puts.o)
                0x000000000006321c                puts
 .text          0x0000000000063230        0x0 d:/softwares/intelfpga_lite/18.1/nios2eds/bin/gnu/h-x86_64-mingw32/bin/../lib/gcc/nios2-elf/5.3.0/../../../../../H-x86_64-mingw32/nios2-elf/lib/mno-hw-mul\libsmallc.a(lib_a-signal.o)
 .text._init_signal_r
                0x0000000000063230       0x68 d:/softwares/intelfpga_lite/18.1/nios2eds/bin/gnu/h-x86_64-mingw32/bin/../lib/gcc/nios2-elf/5.3.0/../../../../../H-x86_64-mingw32/nios2-elf/lib/mno-hw-mul\libsmallc.a(lib_a-signal.o)
                0x0000000000063230                _init_signal_r
 .text._signal_r
                0x0000000000063298       0x7c d:/softwares/intelfpga_lite/18.1/nios2eds/bin/gnu/h-x86_64-mingw32/bin/../lib/gcc/nios2-elf/5.3.0/../../../../../H-x86_64-mingw32/nios2-elf/lib/mno-hw-mul\libsmallc.a(lib_a-signal.o)
                0x0000000000063298                _signal_r
 .text._raise_r
                0x0000000000063314       0xb4 d:/softwares/intelfpga_lite/18.1/nios2eds/bin/gnu/h-x86_64-mingw32/bin/../lib/gcc/nios2-elf/5.3.0/../../../../../H-x86_64-mingw32/nios2-elf/lib/mno-hw-mul\libsmallc.a(lib_a-signal.o)
                0x0000000000063314                _raise_r
 .text.__sigtramp_r
                0x00000000000633c8       0xa8 d:/softwares/intelfpga_lite/18.1/nios2eds/bin/gnu/h-x86_64-mingw32/bin/../lib/gcc/nios2-elf/5.3.0/../../../../../H-x86_64-mingw32/nios2-elf/lib/mno-hw-mul\libsmallc.a(lib_a-signal.o)
                0x00000000000633c8                __sigtramp_r
 .text.raise    0x0000000000063470       0x14 d:/softwares/intelfpga_lite/18.1/nios2eds/bin/gnu/h-x86_64-mingw32/bin/../lib/gcc/nios2-elf/5.3.0/../../../../../H-x86_64-mingw32/nios2-elf/lib/mno-hw-mul\libsmallc.a(lib_a-signal.o)
                0x0000000000063470                raise
 .text.signal   0x0000000000063484       0x18 d:/softwares/intelfpga_lite/18.1/nios2eds/bin/gnu/h-x86_64-mingw32/bin/../lib/gcc/nios2-elf/5.3.0/../../../../../H-x86_64-mingw32/nios2-elf/lib/mno-hw-mul\libsmallc.a(lib_a-signal.o)
                0x0000000000063484                signal
 .text._init_signal
                0x000000000006349c       0x10 d:/softwares/intelfpga_lite/18.1/nios2eds/bin/gnu/h-x86_64-mingw32/bin/../lib/gcc/nios2-elf/5.3.0/../../../../../H-x86_64-mingw32/nios2-elf/lib/mno-hw-mul\libsmallc.a(lib_a-signal.o)
                0x000000000006349c                _init_signal
 .text.__sigtramp
                0x00000000000634ac       0x14 d:/softwares/intelfpga_lite/18.1/nios2eds/bin/gnu/h-x86_64-mingw32/bin/../lib/gcc/nios2-elf/5.3.0/../../../../../H-x86_64-mingw32/nios2-elf/lib/mno-hw-mul\libsmallc.a(lib_a-signal.o)
                0x00000000000634ac                __sigtramp
 .text          0x00000000000634c0        0x0 d:/softwares/intelfpga_lite/18.1/nios2eds/bin/gnu/h-x86_64-mingw32/bin/../lib/gcc/nios2-elf/5.3.0/../../../../../H-x86_64-mingw32/nios2-elf/lib/mno-hw-mul\libsmallc.a(lib_a-signalr.o)
 .text._kill_r  0x00000000000634c0       0x54 d:/softwares/intelfpga_lite/18.1/nios2eds/bin/gnu/h-x86_64-mingw32/bin/../lib/gcc/nios2-elf/5.3.0/../../../../../H-x86_64-mingw32/nios2-elf/lib/mno-hw-mul\libsmallc.a(lib_a-signalr.o)
                0x00000000000634c0                _kill_r
 .text._getpid_r
                0x0000000000063514        0x4 d:/softwares/intelfpga_lite/18.1/nios2eds/bin/gnu/h-x86_64-mingw32/bin/../lib/gcc/nios2-elf/5.3.0/../../../../../H-x86_64-mingw32/nios2-elf/lib/mno-hw-mul\libsmallc.a(lib_a-signalr.o)
                0x0000000000063514                _getpid_r
 .text          0x0000000000063518        0x0 d:/softwares/intelfpga_lite/18.1/nios2eds/bin/gnu/h-x86_64-mingw32/bin/../lib/gcc/nios2-elf/5.3.0/../../../../../H-x86_64-mingw32/nios2-elf/lib/mno-hw-mul\libsmallc.a(lib_a-strlen.o)
 .text.strlen   0x0000000000063518       0x1c d:/softwares/intelfpga_lite/18.1/nios2eds/bin/gnu/h-x86_64-mingw32/bin/../lib/gcc/nios2-elf/5.3.0/../../../../../H-x86_64-mingw32/nios2-elf/lib/mno-hw-mul\libsmallc.a(lib_a-strlen.o)
                0x0000000000063518                strlen
 .text          0x0000000000063534        0x0 d:/softwares/intelfpga_lite/18.1/nios2eds/bin/gnu/h-x86_64-mingw32/bin/../lib/gcc/nios2-elf/5.3.0/../../../../../H-x86_64-mingw32/nios2-elf/lib/mno-hw-mul\libsmallc.a(lib_a-strncmp.o)
 .text.strncmp  0x0000000000063534       0x60 d:/softwares/intelfpga_lite/18.1/nios2eds/bin/gnu/h-x86_64-mingw32/bin/../lib/gcc/nios2-elf/5.3.0/../../../../../H-x86_64-mingw32/nios2-elf/lib/mno-hw-mul\libsmallc.a(lib_a-strncmp.o)
                0x0000000000063534                strncmp
 .text          0x0000000000063594        0x0 d:/softwares/intelfpga_lite/18.1/nios2eds/bin/gnu/h-x86_64-mingw32/bin/../lib/gcc/nios2-elf/5.3.0/../../../../../H-x86_64-mingw32/nios2-elf/lib/mno-hw-mul\libsmallc.a(lib_a-strtol.o)
 .text._strtol_r
                0x0000000000063594      0x234 d:/softwares/intelfpga_lite/18.1/nios2eds/bin/gnu/h-x86_64-mingw32/bin/../lib/gcc/nios2-elf/5.3.0/../../../../../H-x86_64-mingw32/nios2-elf/lib/mno-hw-mul\libsmallc.a(lib_a-strtol.o)
                0x0000000000063594                _strtol_r
 .text.strtol   0x00000000000637c8       0x1c d:/softwares/intelfpga_lite/18.1/nios2eds/bin/gnu/h-x86_64-mingw32/bin/../lib/gcc/nios2-elf/5.3.0/../../../../../H-x86_64-mingw32/nios2-elf/lib/mno-hw-mul\libsmallc.a(lib_a-strtol.o)
                0x00000000000637c8                strtol
 .text          0x00000000000637e4        0x0 d:/softwares/intelfpga_lite/18.1/nios2eds/bin/gnu/h-x86_64-mingw32/bin/../lib/gcc/nios2-elf/5.3.0/../../../../../H-x86_64-mingw32/nios2-elf/lib/mno-hw-mul\libsmallc.a(lib_a-timesr.o)
 .text._times_r
                0x00000000000637e4        0x8 d:/softwares/intelfpga_lite/18.1/nios2eds/bin/gnu/h-x86_64-mingw32/bin/../lib/gcc/nios2-elf/5.3.0/../../../../../H-x86_64-mingw32/nios2-elf/lib/mno-hw-mul\libsmallc.a(lib_a-timesr.o)
                0x00000000000637e4                _times_r
 .text          0x00000000000637ec        0x0 d:/softwares/intelfpga_lite/18.1/nios2eds/bin/gnu/h-x86_64-mingw32/bin/../lib/gcc/nios2-elf/5.3.0/../../../../../H-x86_64-mingw32/nios2-elf/lib/mno-hw-mul\libsmallc.a(lib_a-vfprintf.o)
 .text.print_repeat
                0x00000000000637ec       0x6c d:/softwares/intelfpga_lite/18.1/nios2eds/bin/gnu/h-x86_64-mingw32/bin/../lib/gcc/nios2-elf/5.3.0/../../../../../H-x86_64-mingw32/nios2-elf/lib/mno-hw-mul\libsmallc.a(lib_a-vfprintf.o)
 .text.___vfprintf_internal_r
                0x0000000000063858      0x52c d:/softwares/intelfpga_lite/18.1/nios2eds/bin/gnu/h-x86_64-mingw32/bin/../lib/gcc/nios2-elf/5.3.0/../../../../../H-x86_64-mingw32/nios2-elf/lib/mno-hw-mul\libsmallc.a(lib_a-vfprintf.o)
                0x0000000000063858                ___vfprintf_internal_r
 .text.__vfprintf_internal
                0x0000000000063d84       0x1c d:/softwares/intelfpga_lite/18.1/nios2eds/bin/gnu/h-x86_64-mingw32/bin/../lib/gcc/nios2-elf/5.3.0/../../../../../H-x86_64-mingw32/nios2-elf/lib/mno-hw-mul\libsmallc.a(lib_a-vfprintf.o)
                0x0000000000063d84                __vfprintf_internal
 .text          0x0000000000063da0        0x0 d:/softwares/intelfpga_lite/18.1/nios2eds/bin/gnu/h-x86_64-mingw32/bin/../lib/gcc/nios2-elf/5.3.0/../../../../../H-x86_64-mingw32/nios2-elf/lib/mno-hw-mul\libsmallc.a(lib_a-fvwrite_small_dev.o)
 .text.__sfvwrite_small_dev
                0x0000000000063da0       0xb8 d:/softwares/intelfpga_lite/18.1/nios2eds/bin/gnu/h-x86_64-mingw32/bin/../lib/gcc/nios2-elf/5.3.0/../../../../../H-x86_64-mingw32/nios2-elf/lib/mno-hw-mul\libsmallc.a(lib_a-fvwrite_small_dev.o)
                0x0000000000063da0                __sfvwrite_small_dev
 .text          0x0000000000063e58        0x0 d:/softwares/intelfpga_lite/18.1/nios2eds/bin/gnu/h-x86_64-mingw32/bin/../lib/gcc/nios2-elf/5.3.0/../../../../../H-x86_64-mingw32/nios2-elf/lib/mno-hw-mul\libsmallc.a(lib_a-int_errno.o)
 .text          0x0000000000063e58        0x0 d:/softwares/intelfpga_lite/18.1/nios2eds/bin/gnu/h-x86_64-mingw32/bin/../lib/gcc/nios2-elf/5.3.0/../../../../../H-x86_64-mingw32/nios2-elf/lib/mno-hw-mul\libsmallc.a(lib_a-nano-mallocr.o)
 .text._malloc_r
                0x0000000000063e58      0x158 d:/softwares/intelfpga_lite/18.1/nios2eds/bin/gnu/h-x86_64-mingw32/bin/../lib/gcc/nios2-elf/5.3.0/../../../../../H-x86_64-mingw32/nios2-elf/lib/mno-hw-mul\libsmallc.a(lib_a-nano-mallocr.o)
                0x0000000000063e58                _malloc_r
 .text          0x0000000000063fb0        0x0 d:/softwares/intelfpga_lite/18.1/nios2eds/bin/gnu/h-x86_64-mingw32/bin/../lib/gcc/nios2-elf/5.3.0/../../../../../H-x86_64-mingw32/nios2-elf/lib/mno-hw-mul\libsmallc.a(lib_a-sbrkr.o)
 .text._sbrk_r  0x0000000000063fb0       0x50 d:/softwares/intelfpga_lite/18.1/nios2eds/bin/gnu/h-x86_64-mingw32/bin/../lib/gcc/nios2-elf/5.3.0/../../../../../H-x86_64-mingw32/nios2-elf/lib/mno-hw-mul\libsmallc.a(lib_a-sbrkr.o)
                0x0000000000063fb0                _sbrk_r
 .text          0x0000000000064000        0x0 d:/softwares/intelfpga_lite/18.1/nios2eds/bin/gnu/h-x86_64-mingw32/bin/../lib/gcc/nios2-elf/5.3.0/../../../../../H-x86_64-mingw32/nios2-elf/lib/mno-hw-mul\libsmallc.a(lib_a-writer.o)
 .text._write_r
                0x0000000000064000       0x58 d:/softwares/intelfpga_lite/18.1/nios2eds/bin/gnu/h-x86_64-mingw32/bin/../lib/gcc/nios2-elf/5.3.0/../../../../../H-x86_64-mingw32/nios2-elf/lib/mno-hw-mul\libsmallc.a(lib_a-writer.o)
                0x0000000000064000                _write_r
 .text          0x0000000000064058       0x14 ../ECE385_bsp/\libhal_bsp.a(alt_exit.o)
                0x0000000000064058                _exit
 .text          0x000000000006406c        0x8 ../ECE385_bsp/\libhal_bsp.a(alt_getpid.o)
                0x000000000006406c                getpid
 .text          0x0000000000064074       0xfc ../ECE385_bsp/\libhal_bsp.a(alt_kill.o)
                0x0000000000064074                kill
 .text          0x0000000000064170       0xe0 ../ECE385_bsp/\libhal_bsp.a(alt_load.o)
                0x0000000000064170                alt_load
 .text          0x0000000000064250       0x50 ../ECE385_bsp/\libhal_bsp.a(alt_main.o)
                0x0000000000064250                alt_main
 .text          0x00000000000642a0       0x4c ../ECE385_bsp/\libhal_bsp.a(alt_sbrk.o)
                0x00000000000642a0                sbrk
 .text          0x00000000000642ec       0x60 ../ECE385_bsp/\libhal_bsp.a(alt_times.o)
                0x00000000000642ec                times
 .text          0x000000000006434c      0x110 ../ECE385_bsp/\libhal_bsp.a(alt_write.o)
                0x000000000006434c                write
 .text          0x000000000006445c       0xa8 ../ECE385_bsp/\libhal_bsp.a(alt_sys_init.o)
                0x000000000006445c                alt_irq_init
                0x000000000006447c                alt_sys_init
 .text          0x0000000000064504       0x20 ../ECE385_bsp/\libhal_bsp.a(altera_avalon_jtag_uart_fd.o)
                0x0000000000064504                altera_avalon_jtag_uart_read_fd
                0x0000000000064514                altera_avalon_jtag_uart_write_fd
 .text          0x0000000000064524       0x74 ../ECE385_bsp/\libhal_bsp.a(altera_avalon_jtag_uart_read.o)
                0x0000000000064524                altera_avalon_jtag_uart_read
 .text          0x0000000000064598       0x34 ../ECE385_bsp/\libhal_bsp.a(altera_avalon_jtag_uart_write.o)
                0x0000000000064598                altera_avalon_jtag_uart_write
 .text          0x00000000000645cc      0x79c ../ECE385_bsp/\libhal_bsp.a(altera_avalon_sgdma.o)
                0x0000000000064628                alt_avalon_sgdma_do_async_transfer
                0x00000000000646b0                alt_avalon_sgdma_do_sync_transfer
                0x0000000000064734                alt_avalon_sgdma_construct_mem_to_mem_desc_burst
                0x000000000006485c                alt_avalon_sgdma_construct_mem_to_mem_desc
                0x0000000000064894                alt_avalon_sgdma_construct_stream_to_mem_desc_burst
                0x0000000000064968                alt_avalon_sgdma_construct_stream_to_mem_desc
                0x0000000000064990                alt_avalon_sgdma_register_callback
                0x00000000000649a0                alt_avalon_sgdma_start
                0x00000000000649b8                alt_avalon_sgdma_stop
                0x00000000000649d4                alt_avalon_sgdma_check_descriptor_status
                0x0000000000064a00                alt_avalon_sgdma_open
                0x0000000000064a50                alt_avalon_sgdma_enable_desc_poll
                0x0000000000064a80                alt_avalon_sgdma_disable_desc_poll
                0x0000000000064aa0                alt_avalon_sgdma_construct_descriptor_burst
                0x0000000000064c00                alt_avalon_sgdma_construct_mem_to_stream_desc_burst
                0x0000000000064c50                alt_avalon_sgdma_construct_mem_to_stream_desc
                0x0000000000064c9c                alt_avalon_sgdma_construct_descriptor
                0x0000000000064ce4                alt_avalon_sgdma_init
 .text          0x0000000000064d68       0x84 ../ECE385_bsp/\libhal_bsp.a(altera_avalon_timer_sc.o)
                0x0000000000064da4                alt_avalon_timer_sc_init
 .text          0x0000000000064dec       0xc0 ../ECE385_bsp/\libhal_bsp.a(alt_close.o)
                0x0000000000064dec                close
 .text          0x0000000000064eac        0x4 ../ECE385_bsp/\libhal_bsp.a(alt_dcache_flush.o)
                0x0000000000064eac                alt_dcache_flush
 .text          0x0000000000064eb0        0x4 ../ECE385_bsp/\libhal_bsp.a(alt_dcache_flush_all.o)
                0x0000000000064eb0                alt_dcache_flush_all
 .text          0x0000000000064eb4        0x8 ../ECE385_bsp/\libhal_bsp.a(alt_dev.o)
 .text          0x0000000000064ebc       0x6c ../ECE385_bsp/\libhal_bsp.a(alt_dev_llist_insert.o)
                0x0000000000064ebc                alt_dev_llist_insert
 .text          0x0000000000064f28        0x0 ../ECE385_bsp/\libhal_bsp.a(alt_errno.o)
 .text          0x0000000000064f28       0x78 ../ECE385_bsp/\libhal_bsp.a(alt_find_dev.o)
                0x0000000000064f28                alt_find_dev
 .text          0x0000000000064fa0        0x4 ../ECE385_bsp/\libhal_bsp.a(alt_icache_flush_all.o)
                0x0000000000064fa0                alt_icache_flush_all
 .text          0x0000000000064fa4       0x8c ../ECE385_bsp/\libhal_bsp.a(alt_iic.o)
                0x0000000000064fa4                alt_ic_isr_register
                0x0000000000064fa8                alt_ic_irq_enable
                0x0000000000064fe0                alt_ic_irq_disable
                0x0000000000065018                alt_ic_irq_enabled
 .text          0x0000000000065030       0x68 ../ECE385_bsp/\libhal_bsp.a(alt_iic_isr_register.o)
                0x0000000000065030                alt_iic_isr_register
 .text          0x0000000000065098      0x100 ../ECE385_bsp/\libhal_bsp.a(alt_io_redirect.o)
                0x0000000000065124                alt_io_redirect
 .text          0x0000000000065198        0x0 ../ECE385_bsp/\libhal_bsp.a(alt_irq_entry.o)
 .text          0x0000000000065198        0x0 ../ECE385_bsp/\libhal_bsp.a(alt_irq_handler.o)
 .text          0x0000000000065198        0x0 ../ECE385_bsp/\libhal_bsp.a(alt_irq_vars.o)
 .text          0x0000000000065198      0x188 ../ECE385_bsp/\libhal_bsp.a(alt_open.o)
                0x0000000000065198                open
 .text          0x0000000000065320       0x5c ../ECE385_bsp/\libhal_bsp.a(alt_release_fd.o)
                0x0000000000065320                alt_release_fd
 .text          0x000000000006537c      0x128 ../ECE385_bsp/\libhal_bsp.a(alt_tick.o)
                0x000000000006537c                alt_alarm_stop
                0x00000000000653b0                alt_tick
 .text          0x00000000000654a4        0x8 ../ECE385_bsp/\libhal_bsp.a(altera_nios2_gen2_irq.o)
                0x00000000000654a4                altera_nios2_gen2_irq_init
 .text          0x00000000000654ac        0x0 ../ECE385_bsp/\libhal_bsp.a(alt_exception_entry.o)
 .text          0x00000000000654ac       0xac ../ECE385_bsp/\libhal_bsp.a(alt_find_file.o)
                0x00000000000654ac                alt_find_file
 .text          0x0000000000065558       0x88 ../ECE385_bsp/\libhal_bsp.a(alt_get_fd.o)
                0x0000000000065558                alt_get_fd
 .text          0x00000000000655e0       0x74 ../ECE385_bsp/\libhal_bsp.a(alt_instruction_exception_entry.o)
                0x00000000000655e0                alt_exception_cause_generated_bad_addr
 .text          0x0000000000065654        0x0 d:/softwares/intelfpga_lite/18.1/nios2eds/bin/gnu/h-x86_64-mingw32/bin/../lib/gcc/nios2-elf/5.3.0/../../../../../H-x86_64-mingw32/nios2-elf/lib/mno-hw-mul\libsmallc.a(lib_a-exit.o)
 .text.exit     0x0000000000065654       0x20 d:/softwares/intelfpga_lite/18.1/nios2eds/bin/gnu/h-x86_64-mingw32/bin/../lib/gcc/nios2-elf/5.3.0/../../../../../H-x86_64-mingw32/nios2-elf/lib/mno-hw-mul\libsmallc.a(lib_a-exit.o)
                0x0000000000065654                exit
 .text          0x0000000000065674        0x0 d:/softwares/intelfpga_lite/18.1/nios2eds/bin/gnu/h-x86_64-mingw32/bin/../lib/gcc/nios2-elf/5.3.0/../../../../../H-x86_64-mingw32/nios2-elf/lib/mno-hw-mul\libsmallc.a(lib_a-__call_atexit.o)
 .text.__call_exitprocs
                0x0000000000065674      0x190 d:/softwares/intelfpga_lite/18.1/nios2eds/bin/gnu/h-x86_64-mingw32/bin/../lib/gcc/nios2-elf/5.3.0/../../../../../H-x86_64-mingw32/nios2-elf/lib/mno-hw-mul\libsmallc.a(lib_a-__call_atexit.o)
                0x0000000000065674                __call_exitprocs
 *(.gnu.warning.*)
 *(.fini)
                [!provide]                        PROVIDE (__etext, ABSOLUTE (.))
                [!provide]                        PROVIDE (_etext, ABSOLUTE (.))
                [!provide]                        PROVIDE (etext, ABSOLUTE (.))
 *(.eh_frame_hdr)
                0x0000000000065804                . = ALIGN (0x4)
                [!provide]                        PROVIDE (__preinit_array_start, ABSOLUTE (.))
 *(.preinit_array)
                [!provide]                        PROVIDE (__preinit_array_end, ABSOLUTE (.))
                [!provide]                        PROVIDE (__init_array_start, ABSOLUTE (.))
 *(.init_array)
                [!provide]                        PROVIDE (__init_array_end, ABSOLUTE (.))
                [!provide]                        PROVIDE (__fini_array_start, ABSOLUTE (.))
 *(.fini_array)
                [!provide]                        PROVIDE (__fini_array_end, ABSOLUTE (.))
 *(.eh_frame)
 *(.gcc_except_table .gcc_except_table.*)
 *(.dynamic)
                [!provide]                        PROVIDE (__CTOR_LIST__, ABSOLUTE (.))
 *(.ctors)
 *(SORT(.ctors.*))
                [!provide]                        PROVIDE (__CTOR_END__, ABSOLUTE (.))
                [!provide]                        PROVIDE (__DTOR_LIST__, ABSOLUTE (.))
 *(.dtors)
 *(SORT(.dtors.*))
                [!provide]                        PROVIDE (__DTOR_END__, ABSOLUTE (.))
 *(.jcr)
                0x0000000000065804                . = ALIGN (0x4)

.rodata         0x0000000000065804     0x33ec
                0x0000000000065804                PROVIDE (__ram_rodata_start, ABSOLUTE (.))
                0x0000000000065804                . = ALIGN (0x4)
 *(.rodata .rodata.* .gnu.linkonce.r.*)
 .rodata.str1.4
                0x0000000000065804       0x9e obj/default/ethernet.o
 *fill*         0x00000000000658a2        0x2 
 .rodata.str1.4
                0x00000000000658a4       0x3e obj/default/gamelogic.o
 *fill*         0x00000000000658e2        0x2 
 .rodata.str1.4
                0x00000000000658e4       0x9f obj/default/lwip/core/dns.o
 *fill*         0x0000000000065983        0x1 
 .rodata        0x0000000000065984       0x30 obj/default/lwip/core/dns.o
                0x0000000000065984                dns_mquery_v6group
                0x000000000006599c                dns_mquery_v4group
 .rodata.str1.4
                0x00000000000659b4       0x22 obj/default/lwip/core/inet_chksum.o
                                         0x4c (size before relaxing)
 *fill*         0x00000000000659d6        0x2 
 .rodata        0x00000000000659d8       0x18 obj/default/lwip/core/ip.o
                0x00000000000659d8                ip_addr_any_type
 .rodata.str1.4
                0x00000000000659f0       0x81 obj/default/lwip/core/ipv4/autoip.o
                                         0xa9 (size before relaxing)
 *fill*         0x0000000000065a71        0x3 
 .rodata.str1.4
                0x0000000000065a74      0x350 obj/default/lwip/core/ipv4/dhcp.o
                                        0x3a9 (size before relaxing)
 .rodata.str1.4
                0x0000000000065dc4      0x1b2 obj/default/lwip/core/ipv4/etharp.o
                                        0x1ea (size before relaxing)
 *fill*         0x0000000000065f76        0x2 
 .rodata.str1.4
                0x0000000000065f78       0xae obj/default/lwip/core/ipv4/icmp.o
                                         0xd6 (size before relaxing)
 *fill*         0x0000000000066026        0x2 
 .rodata.str1.4
                0x0000000000066028      0x30d obj/default/lwip/core/ipv4/igmp.o
                                        0x335 (size before relaxing)
 *fill*         0x0000000000066335        0x3 
 .rodata.str1.4
                0x0000000000066338       0x51 obj/default/lwip/core/ipv4/ip4.o
                                         0x79 (size before relaxing)
 *fill*         0x0000000000066389        0x3 
 .rodata.str1.4
                0x000000000006638c       0x26 obj/default/lwip/core/ipv4/ip4_addr.o
                                         0x50 (size before relaxing)
 *fill*         0x00000000000663b2        0x2 
 .rodata        0x00000000000663b4       0x30 obj/default/lwip/core/ipv4/ip4_addr.o
                0x00000000000663b4                ip_addr_broadcast
                0x00000000000663cc                ip_addr_any
 .rodata.str1.4
                0x00000000000663e4      0x197 obj/default/lwip/core/ipv4/ip4_frag.o
                                        0x1cb (size before relaxing)
 *fill*         0x000000000006657b        0x1 
 .rodata.str1.4
                0x000000000006657c       0x95 obj/default/lwip/core/ipv6/icmp6.o
                                         0xbd (size before relaxing)
 *fill*         0x0000000000066611        0x3 
 .rodata.str1.4
                0x0000000000066614       0x46 obj/default/lwip/core/ipv6/ip6.o
                                         0x7a (size before relaxing)
 *fill*         0x000000000006665a        0x2 
 .rodata        0x000000000006665c       0x18 obj/default/lwip/core/ipv6/ip6_addr.o
                0x000000000006665c                ip6_addr_any
 .rodata.str1.4
                0x0000000000066674      0x117 obj/default/lwip/core/ipv6/ip6_frag.o
                                        0x228 (size before relaxing)
 *fill*         0x000000000006678b        0x1 
 .rodata.str1.4
                0x000000000006678c       0x83 obj/default/lwip/core/ipv6/nd6.o
                                         0xd6 (size before relaxing)
 *fill*         0x000000000006680f        0x1 
 .rodata.str1.4
                0x0000000000066810      0x173 obj/default/lwip/core/mem.o
                                        0x19b (size before relaxing)
 *fill*         0x0000000000066983        0x1 
 .rodata.str1.4
                0x0000000000066984       0xa7 obj/default/lwip/core/memp.o
                                         0xcf (size before relaxing)
 *fill*         0x0000000000066a2b        0x1 
 .rodata        0x0000000000066a2c       0xf0 obj/default/lwip/core/memp.o
                0x0000000000066a2c                memp_pools
                0x0000000000066a68                memp_PBUF_POOL
                0x0000000000066a74                memp_PBUF
                0x0000000000066a80                memp_MLD6_GROUP
                0x0000000000066a8c                memp_IP6_REASSDATA
                0x0000000000066a98                memp_ND6_QUEUE
                0x0000000000066aa4                memp_SYS_TIMEOUT
                0x0000000000066ab0                memp_IGMP_GROUP
                0x0000000000066abc                memp_ARP_QUEUE
                0x0000000000066ac8                memp_FRAG_PBUF
                0x0000000000066ad4                memp_REASSDATA
                0x0000000000066ae0                memp_TCP_SEG
                0x0000000000066aec                memp_TCP_PCB_LISTEN
                0x0000000000066af8                memp_TCP_PCB
                0x0000000000066b04                memp_UDP_PCB
                0x0000000000066b10                memp_RAW_PCB
 .rodata.str1.4
                0x0000000000066b1c      0x317 obj/default/lwip/core/netif.o
                                        0x34f (size before relaxing)
 *fill*         0x0000000000066e33        0x1 
 .rodata.str1.4
                0x0000000000066e34      0x3b1 obj/default/lwip/core/pbuf.o
                                        0x3e5 (size before relaxing)
 *fill*         0x00000000000671e5        0x3 
 .rodata.str1.4
                0x00000000000671e8       0xa6 obj/default/lwip/core/raw.o
                                         0xce (size before relaxing)
 *fill*         0x000000000006728e        0x2 
 .rodata.str1.4
                0x0000000000067290      0x746 obj/default/lwip/core/tcp.o
                                        0x77e (size before relaxing)
 *fill*         0x00000000000679d6        0x2 
 .rodata        0x00000000000679d8       0x4c obj/default/lwip/core/tcp.o
                0x00000000000679d8                tcp_pcb_lists
 .rodata.str1.4
                0x0000000000067a24      0x3ca obj/default/lwip/core/tcp_in.o
                                        0x3f2 (size before relaxing)
 *fill*         0x0000000000067dee        0x2 
 .rodata.str1.4
                0x0000000000067df0      0x743 obj/default/lwip/core/tcp_out.o
                                        0x76b (size before relaxing)
 *fill*         0x0000000000068533        0x1 
 .rodata.str1.4
                0x0000000000068534       0x8e obj/default/lwip/core/timeouts.o
                                         0xb6 (size before relaxing)
 *fill*         0x00000000000685c2        0x2 
 .rodata        0x00000000000685c4       0x58 obj/default/lwip/core/timeouts.o
                0x00000000000685c4                lwip_cyclic_timers
 .rodata.str1.4
                0x000000000006861c      0x2d0 obj/default/lwip/core/udp.o
                                        0x2f8 (size before relaxing)
 .rodata.str1.4
                0x00000000000688ec       0x49 obj/default/lwip/netif/ethernet.o
                                         0x74 (size before relaxing)
 *fill*         0x0000000000068935        0x3 
 .rodata        0x0000000000068938       0x10 obj/default/resource.o
                0x0000000000068938                planes
 .rodata._ctype_
                0x0000000000068948      0x101 d:/softwares/intelfpga_lite/18.1/nios2eds/bin/gnu/h-x86_64-mingw32/bin/../lib/gcc/nios2-elf/5.3.0/../../../../../H-x86_64-mingw32/nios2-elf/lib/mno-hw-mul\libsmallc.a(lib_a-ctype_.o)
                0x0000000000068948                _ctype_
 .rodata._ctype_b
                0x0000000000068a49      0x180 d:/softwares/intelfpga_lite/18.1/nios2eds/bin/gnu/h-x86_64-mingw32/bin/../lib/gcc/nios2-elf/5.3.0/../../../../../H-x86_64-mingw32/nios2-elf/lib/mno-hw-mul\libsmallc.a(lib_a-ctype_.o)
 .rodata.str1.4
                0x0000000000068bc9       0x49 d:/softwares/intelfpga_lite/18.1/nios2eds/bin/gnu/h-x86_64-mingw32/bin/../lib/gcc/nios2-elf/5.3.0/../../../../../H-x86_64-mingw32/nios2-elf/lib/mno-hw-mul\libsmallc.a(lib_a-puts.o)
                                          0x2 (size before relaxing)
 *fill*         0x0000000000068bc9        0x3 
 .rodata.str1.4
                0x0000000000068bcc       0x15 ../ECE385_bsp/\libhal_bsp.a(alt_main.o)
 .rodata.str1.4
                0x0000000000068be1       0x65 ../ECE385_bsp/\libhal_bsp.a(alt_sys_init.o)
 *fill*         0x0000000000068be1        0x3 
 .rodata.str1.4
                0x0000000000068be4        0xc ../ECE385_bsp/\libhal_bsp.a(alt_dev.o)
                                          0xa (size before relaxing)
 *(.rodata1)
                0x0000000000068bf0                . = ALIGN (0x4)
                0x0000000000068bf0                PROVIDE (__ram_rodata_end, ABSOLUTE (.))
                0x0000000000065804                PROVIDE (__flash_rodata_start, LOADADDR (.rodata))

.rwdata         0x0000000000068bf0      0x43c load address 0x000000000006902c
                0x0000000000068bf0                PROVIDE (__ram_rwdata_start, ABSOLUTE (.))
                0x0000000000068bf0                . = ALIGN (0x4)
 *(.got.plt)
 *(.got)
 *(.data1)
 *(.data .data.* .gnu.linkonce.d.*)
 .data          0x0000000000068bf0        0x0 ../ECE385_bsp//obj/HAL/src/crt0.o
 .data          0x0000000000068bf0        0x0 obj/default/comm.o
 .data          0x0000000000068bf0        0x0 obj/default/ethernet.o
 .data          0x0000000000068bf0        0x0 obj/default/gamelogic.o
 .data          0x0000000000068bf0        0x0 obj/default/lwip/core/altcp.o
 .data          0x0000000000068bf0        0x0 obj/default/lwip/core/altcp_alloc.o
 .data          0x0000000000068bf0        0x0 obj/default/lwip/core/altcp_tcp.o
 .data          0x0000000000068bf0        0x0 obj/default/lwip/core/def.o
 .data          0x0000000000068bf0        0x0 obj/default/lwip/core/dns.o
 .data          0x0000000000068bf0        0x0 obj/default/lwip/core/inet_chksum.o
 .data          0x0000000000068bf0        0x0 obj/default/lwip/core/init.o
 .data          0x0000000000068bf0        0x0 obj/default/lwip/core/ip.o
 .data          0x0000000000068bf0        0x0 obj/default/lwip/core/ipv4/autoip.o
 .data          0x0000000000068bf0        0x0 obj/default/lwip/core/ipv4/dhcp.o
 .data          0x0000000000068bf0        0x0 obj/default/lwip/core/ipv4/etharp.o
 .data          0x0000000000068bf0        0x0 obj/default/lwip/core/ipv4/icmp.o
 .data          0x0000000000068bf0        0x0 obj/default/lwip/core/ipv4/igmp.o
 .data          0x0000000000068bf0        0x0 obj/default/lwip/core/ipv4/ip4.o
 .data          0x0000000000068bf0        0x0 obj/default/lwip/core/ipv4/ip4_addr.o
 .data          0x0000000000068bf0        0x0 obj/default/lwip/core/ipv4/ip4_frag.o
 .data          0x0000000000068bf0        0x0 obj/default/lwip/core/ipv6/dhcp6.o
 .data          0x0000000000068bf0        0x0 obj/default/lwip/core/ipv6/ethip6.o
 .data          0x0000000000068bf0        0x0 obj/default/lwip/core/ipv6/icmp6.o
 .data          0x0000000000068bf0        0x0 obj/default/lwip/core/ipv6/inet6.o
 .data          0x0000000000068bf0        0x0 obj/default/lwip/core/ipv6/ip6.o
 .data          0x0000000000068bf0        0x0 obj/default/lwip/core/ipv6/ip6_addr.o
 .data          0x0000000000068bf0        0x0 obj/default/lwip/core/ipv6/ip6_frag.o
 .data          0x0000000000068bf0        0x0 obj/default/lwip/core/ipv6/mld6.o
 .data          0x0000000000068bf0        0x0 obj/default/lwip/core/ipv6/nd6.o
 .data          0x0000000000068bf0        0x0 obj/default/lwip/core/mem.o
 .data          0x0000000000068bf0        0x0 obj/default/lwip/core/memp.o
 .data          0x0000000000068bf0        0x0 obj/default/lwip/core/netif.o
 .data          0x0000000000068bf0        0x0 obj/default/lwip/core/pbuf.o
 .data          0x0000000000068bf0        0x0 obj/default/lwip/core/raw.o
 .data          0x0000000000068bf0        0x0 obj/default/lwip/core/stats.o
 .data          0x0000000000068bf0        0x0 obj/default/lwip/core/sys.o
 .data          0x0000000000068bf0        0x0 obj/default/lwip/core/tcp.o
 .data          0x0000000000068bf0        0x0 obj/default/lwip/core/tcp_in.o
 .data          0x0000000000068bf0        0x0 obj/default/lwip/core/tcp_out.o
 .data          0x0000000000068bf0        0x0 obj/default/lwip/core/timeouts.o
 .data          0x0000000000068bf0        0x0 obj/default/lwip/core/udp.o
 .data          0x0000000000068bf0        0x0 obj/default/lwip/netif/ethernet.o
 .data          0x0000000000068bf0        0x0 obj/default/lwip_port/compat.o
 .data          0x0000000000068bf0        0x0 obj/default/main.o
 .data          0x0000000000068bf0        0x0 obj/default/resource.o
 .data          0x0000000000068bf0        0x0 obj/default/rng.o
 .data          0x0000000000068bf0       0x40 obj/default/sprites.o
                0x0000000000068bf0                vga_bullets
                0x0000000000068c00                vga_planes
                0x0000000000068c10                vga_planes_sprite_data
 .data          0x0000000000068c30        0x0 obj/default/vga.o
 .data          0x0000000000068c30        0x0 d:/softwares/intelfpga_lite/18.1/nios2eds/bin/gnu/h-x86_64-mingw32/bin/../lib/gcc/nios2-elf/5.3.0/mno-hw-mul\libgcc.a(lib2-divmod.o)
 .data          0x0000000000068c30        0x0 d:/softwares/intelfpga_lite/18.1/nios2eds/bin/gnu/h-x86_64-mingw32/bin/../lib/gcc/nios2-elf/5.3.0/mno-hw-mul\libgcc.a(lib2-mul.o)
 .data          0x0000000000068c30        0x0 d:/softwares/intelfpga_lite/18.1/nios2eds/bin/gnu/h-x86_64-mingw32/bin/../lib/gcc/nios2-elf/5.3.0/../../../../../H-x86_64-mingw32/nios2-elf/lib/mno-hw-mul\libsmallc.a(lib_a-abort.o)
 .data          0x0000000000068c30        0x0 d:/softwares/intelfpga_lite/18.1/nios2eds/bin/gnu/h-x86_64-mingw32/bin/../lib/gcc/nios2-elf/5.3.0/../../../../../H-x86_64-mingw32/nios2-elf/lib/mno-hw-mul\libsmallc.a(lib_a-atoi.o)
 .data          0x0000000000068c30        0x0 d:/softwares/intelfpga_lite/18.1/nios2eds/bin/gnu/h-x86_64-mingw32/bin/../lib/gcc/nios2-elf/5.3.0/../../../../../H-x86_64-mingw32/nios2-elf/lib/mno-hw-mul\libsmallc.a(lib_a-clock.o)
 .data          0x0000000000068c30        0x0 d:/softwares/intelfpga_lite/18.1/nios2eds/bin/gnu/h-x86_64-mingw32/bin/../lib/gcc/nios2-elf/5.3.0/../../../../../H-x86_64-mingw32/nios2-elf/lib/mno-hw-mul\libsmallc.a(lib_a-ctype_.o)
 .data          0x0000000000068c30        0x0 d:/softwares/intelfpga_lite/18.1/nios2eds/bin/gnu/h-x86_64-mingw32/bin/../lib/gcc/nios2-elf/5.3.0/../../../../../H-x86_64-mingw32/nios2-elf/lib/mno-hw-mul\libsmallc.a(lib_a-impure.o)
 .data.impure_data
                0x0000000000068c30       0xe0 d:/softwares/intelfpga_lite/18.1/nios2eds/bin/gnu/h-x86_64-mingw32/bin/../lib/gcc/nios2-elf/5.3.0/../../../../../H-x86_64-mingw32/nios2-elf/lib/mno-hw-mul\libsmallc.a(lib_a-impure.o)
 .data          0x0000000000068d10        0x0 d:/softwares/intelfpga_lite/18.1/nios2eds/bin/gnu/h-x86_64-mingw32/bin/../lib/gcc/nios2-elf/5.3.0/../../../../../H-x86_64-mingw32/nios2-elf/lib/mno-hw-mul\libsmallc.a(lib_a-memcmp.o)
 .data          0x0000000000068d10        0x0 d:/softwares/intelfpga_lite/18.1/nios2eds/bin/gnu/h-x86_64-mingw32/bin/../lib/gcc/nios2-elf/5.3.0/../../../../../H-x86_64-mingw32/nios2-elf/lib/mno-hw-mul\libsmallc.a(lib_a-memcpy.o)
 .data          0x0000000000068d10        0x0 d:/softwares/intelfpga_lite/18.1/nios2eds/bin/gnu/h-x86_64-mingw32/bin/../lib/gcc/nios2-elf/5.3.0/../../../../../H-x86_64-mingw32/nios2-elf/lib/mno-hw-mul\libsmallc.a(lib_a-memmove.o)
 .data          0x0000000000068d10        0x0 d:/softwares/intelfpga_lite/18.1/nios2eds/bin/gnu/h-x86_64-mingw32/bin/../lib/gcc/nios2-elf/5.3.0/../../../../../H-x86_64-mingw32/nios2-elf/lib/mno-hw-mul\libsmallc.a(lib_a-memset.o)
 .data          0x0000000000068d10        0x0 d:/softwares/intelfpga_lite/18.1/nios2eds/bin/gnu/h-x86_64-mingw32/bin/../lib/gcc/nios2-elf/5.3.0/../../../../../H-x86_64-mingw32/nios2-elf/lib/mno-hw-mul\libsmallc.a(lib_a-printf.o)
 .data          0x0000000000068d10        0x0 d:/softwares/intelfpga_lite/18.1/nios2eds/bin/gnu/h-x86_64-mingw32/bin/../lib/gcc/nios2-elf/5.3.0/../../../../../H-x86_64-mingw32/nios2-elf/lib/mno-hw-mul\libsmallc.a(lib_a-puts.o)
 .data          0x0000000000068d10        0x0 d:/softwares/intelfpga_lite/18.1/nios2eds/bin/gnu/h-x86_64-mingw32/bin/../lib/gcc/nios2-elf/5.3.0/../../../../../H-x86_64-mingw32/nios2-elf/lib/mno-hw-mul\libsmallc.a(lib_a-signal.o)
 .data          0x0000000000068d10        0x0 d:/softwares/intelfpga_lite/18.1/nios2eds/bin/gnu/h-x86_64-mingw32/bin/../lib/gcc/nios2-elf/5.3.0/../../../../../H-x86_64-mingw32/nios2-elf/lib/mno-hw-mul\libsmallc.a(lib_a-signalr.o)
 .data          0x0000000000068d10        0x0 d:/softwares/intelfpga_lite/18.1/nios2eds/bin/gnu/h-x86_64-mingw32/bin/../lib/gcc/nios2-elf/5.3.0/../../../../../H-x86_64-mingw32/nios2-elf/lib/mno-hw-mul\libsmallc.a(lib_a-strlen.o)
 .data          0x0000000000068d10        0x0 d:/softwares/intelfpga_lite/18.1/nios2eds/bin/gnu/h-x86_64-mingw32/bin/../lib/gcc/nios2-elf/5.3.0/../../../../../H-x86_64-mingw32/nios2-elf/lib/mno-hw-mul\libsmallc.a(lib_a-strncmp.o)
 .data          0x0000000000068d10        0x0 d:/softwares/intelfpga_lite/18.1/nios2eds/bin/gnu/h-x86_64-mingw32/bin/../lib/gcc/nios2-elf/5.3.0/../../../../../H-x86_64-mingw32/nios2-elf/lib/mno-hw-mul\libsmallc.a(lib_a-strtol.o)
 .data          0x0000000000068d10        0x0 d:/softwares/intelfpga_lite/18.1/nios2eds/bin/gnu/h-x86_64-mingw32/bin/../lib/gcc/nios2-elf/5.3.0/../../../../../H-x86_64-mingw32/nios2-elf/lib/mno-hw-mul\libsmallc.a(lib_a-timesr.o)
 .data          0x0000000000068d10        0x0 d:/softwares/intelfpga_lite/18.1/nios2eds/bin/gnu/h-x86_64-mingw32/bin/../lib/gcc/nios2-elf/5.3.0/../../../../../H-x86_64-mingw32/nios2-elf/lib/mno-hw-mul\libsmallc.a(lib_a-vfprintf.o)
 .data          0x0000000000068d10        0x0 d:/softwares/intelfpga_lite/18.1/nios2eds/bin/gnu/h-x86_64-mingw32/bin/../lib/gcc/nios2-elf/5.3.0/../../../../../H-x86_64-mingw32/nios2-elf/lib/mno-hw-mul\libsmallc.a(lib_a-fvwrite_small_dev.o)
 .data          0x0000000000068d10        0x0 d:/softwares/intelfpga_lite/18.1/nios2eds/bin/gnu/h-x86_64-mingw32/bin/../lib/gcc/nios2-elf/5.3.0/../../../../../H-x86_64-mingw32/nios2-elf/lib/mno-hw-mul\libsmallc.a(lib_a-int_errno.o)
 .data          0x0000000000068d10        0x0 d:/softwares/intelfpga_lite/18.1/nios2eds/bin/gnu/h-x86_64-mingw32/bin/../lib/gcc/nios2-elf/5.3.0/../../../../../H-x86_64-mingw32/nios2-elf/lib/mno-hw-mul\libsmallc.a(lib_a-nano-mallocr.o)
 .data          0x0000000000068d10        0x0 d:/softwares/intelfpga_lite/18.1/nios2eds/bin/gnu/h-x86_64-mingw32/bin/../lib/gcc/nios2-elf/5.3.0/../../../../../H-x86_64-mingw32/nios2-elf/lib/mno-hw-mul\libsmallc.a(lib_a-sbrkr.o)
 .data          0x0000000000068d10        0x0 d:/softwares/intelfpga_lite/18.1/nios2eds/bin/gnu/h-x86_64-mingw32/bin/../lib/gcc/nios2-elf/5.3.0/../../../../../H-x86_64-mingw32/nios2-elf/lib/mno-hw-mul\libsmallc.a(lib_a-writer.o)
 .data          0x0000000000068d10        0x0 ../ECE385_bsp/\libhal_bsp.a(alt_exit.o)
 .data          0x0000000000068d10        0x0 ../ECE385_bsp/\libhal_bsp.a(alt_getpid.o)
 .data          0x0000000000068d10        0x0 ../ECE385_bsp/\libhal_bsp.a(alt_kill.o)
 .data          0x0000000000068d10        0x0 ../ECE385_bsp/\libhal_bsp.a(alt_load.o)
 .data          0x0000000000068d10        0x0 ../ECE385_bsp/\libhal_bsp.a(alt_main.o)
 .data          0x0000000000068d10        0x0 ../ECE385_bsp/\libhal_bsp.a(alt_sbrk.o)
 .data          0x0000000000068d10        0x0 ../ECE385_bsp/\libhal_bsp.a(alt_times.o)
 .data          0x0000000000068d10        0x0 ../ECE385_bsp/\libhal_bsp.a(alt_write.o)
 .data          0x0000000000068d10       0xec ../ECE385_bsp/\libhal_bsp.a(alt_sys_init.o)
 .data          0x0000000000068dfc        0x0 ../ECE385_bsp/\libhal_bsp.a(altera_avalon_jtag_uart_fd.o)
 .data          0x0000000000068dfc        0x0 ../ECE385_bsp/\libhal_bsp.a(altera_avalon_jtag_uart_read.o)
 .data          0x0000000000068dfc        0x0 ../ECE385_bsp/\libhal_bsp.a(altera_avalon_jtag_uart_write.o)
 .data          0x0000000000068dfc        0x0 ../ECE385_bsp/\libhal_bsp.a(altera_avalon_sgdma.o)
 .data          0x0000000000068dfc        0x0 ../ECE385_bsp/\libhal_bsp.a(altera_avalon_timer_sc.o)
 .data          0x0000000000068dfc        0x0 ../ECE385_bsp/\libhal_bsp.a(alt_close.o)
 .data          0x0000000000068dfc        0x0 ../ECE385_bsp/\libhal_bsp.a(alt_dcache_flush.o)
 .data          0x0000000000068dfc        0x0 ../ECE385_bsp/\libhal_bsp.a(alt_dcache_flush_all.o)
 .data          0x0000000000068dfc      0x1a8 ../ECE385_bsp/\libhal_bsp.a(alt_dev.o)
                0x0000000000068dfc                alt_fd_list
                0x0000000000068f7c                alt_dev_null
 .data          0x0000000000068fa4        0x0 ../ECE385_bsp/\libhal_bsp.a(alt_dev_llist_insert.o)
 .data          0x0000000000068fa4        0x0 ../ECE385_bsp/\libhal_bsp.a(alt_errno.o)
 .data          0x0000000000068fa4        0x0 ../ECE385_bsp/\libhal_bsp.a(alt_find_dev.o)
 .data          0x0000000000068fa4        0x0 ../ECE385_bsp/\libhal_bsp.a(alt_icache_flush_all.o)
 .data          0x0000000000068fa4        0x0 ../ECE385_bsp/\libhal_bsp.a(alt_iic.o)
 .data          0x0000000000068fa4        0x0 ../ECE385_bsp/\libhal_bsp.a(alt_iic_isr_register.o)
 .data          0x0000000000068fa4        0x0 ../ECE385_bsp/\libhal_bsp.a(alt_io_redirect.o)
 .data          0x0000000000068fa4        0x0 ../ECE385_bsp/\libhal_bsp.a(alt_irq_entry.o)
 .data          0x0000000000068fa4        0x0 ../ECE385_bsp/\libhal_bsp.a(alt_irq_handler.o)
 .data          0x0000000000068fa4        0x0 ../ECE385_bsp/\libhal_bsp.a(alt_irq_vars.o)
 .data          0x0000000000068fa4        0x0 ../ECE385_bsp/\libhal_bsp.a(alt_open.o)
 .data          0x0000000000068fa4        0x0 ../ECE385_bsp/\libhal_bsp.a(alt_release_fd.o)
 .data          0x0000000000068fa4        0x0 ../ECE385_bsp/\libhal_bsp.a(alt_tick.o)
 .data          0x0000000000068fa4        0x0 ../ECE385_bsp/\libhal_bsp.a(altera_nios2_gen2_irq.o)
 .data          0x0000000000068fa4        0x0 ../ECE385_bsp/\libhal_bsp.a(alt_exception_entry.o)
 .data          0x0000000000068fa4        0x0 ../ECE385_bsp/\libhal_bsp.a(alt_find_file.o)
 .data          0x0000000000068fa4        0x0 ../ECE385_bsp/\libhal_bsp.a(alt_get_fd.o)
 .data          0x0000000000068fa4        0x0 ../ECE385_bsp/\libhal_bsp.a(alt_instruction_exception_entry.o)
 .data          0x0000000000068fa4        0x0 d:/softwares/intelfpga_lite/18.1/nios2eds/bin/gnu/h-x86_64-mingw32/bin/../lib/gcc/nios2-elf/5.3.0/../../../../../H-x86_64-mingw32/nios2-elf/lib/mno-hw-mul\libsmallc.a(lib_a-exit.o)
 .data          0x0000000000068fa4        0x0 d:/softwares/intelfpga_lite/18.1/nios2eds/bin/gnu/h-x86_64-mingw32/bin/../lib/gcc/nios2-elf/5.3.0/../../../../../H-x86_64-mingw32/nios2-elf/lib/mno-hw-mul\libsmallc.a(lib_a-__call_atexit.o)
                0x0000000000070fa4                _gp = ABSOLUTE ((. + 0x8000))
                [!provide]                        PROVIDE (gp, _gp)
 *(.rwdata .rwdata.*)
 *(.sdata .sdata.* .gnu.linkonce.s.*)
 .sdata         0x0000000000068fa4        0x4 obj/default/comm.o
                0x0000000000068fa4                keycode_comm
 .sdata         0x0000000000068fa8        0x8 obj/default/ethernet.o
                0x0000000000068fa8                eth1_mdio
                0x0000000000068fac                eth0_mdio
 .sdata         0x0000000000068fb0        0x4 obj/default/lwip/core/ipv4/dhcp.o
 .sdata         0x0000000000068fb4        0x8 obj/default/lwip/core/ipv6/nd6.o
                0x0000000000068fb4                retrans_timer
                0x0000000000068fb8                reachable_time
 .sdata         0x0000000000068fbc        0xe obj/default/lwip/core/tcp.o
 *fill*         0x0000000000068fca        0x2 
 .sdata         0x0000000000068fcc        0x4 obj/default/lwip/core/timeouts.o
                0x0000000000068fcc                lwip_num_cyclic_timers
 .sdata         0x0000000000068fd0        0x2 obj/default/lwip/core/udp.o
 .sdata         0x0000000000068fd2        0xc obj/default/lwip/netif/ethernet.o
                0x0000000000068fd2                ethzero
                0x0000000000068fd8                ethbroadcast
 *fill*         0x0000000000068fde        0x2 
 .sdata         0x0000000000068fe0       0x10 obj/default/main.o
                0x0000000000068fe0                io_vga_sync
                0x0000000000068fe4                io_hex
                0x0000000000068fe8                io_led_green
                0x0000000000068fec                io_led_red
 .sdata.__ctype_ptr__
                0x0000000000068ff0        0x4 d:/softwares/intelfpga_lite/18.1/nios2eds/bin/gnu/h-x86_64-mingw32/bin/../lib/gcc/nios2-elf/5.3.0/../../../../../H-x86_64-mingw32/nios2-elf/lib/mno-hw-mul\libsmallc.a(lib_a-ctype_.o)
                0x0000000000068ff0                __ctype_ptr__
 .sdata._global_impure_ptr
                0x0000000000068ff4        0x4 d:/softwares/intelfpga_lite/18.1/nios2eds/bin/gnu/h-x86_64-mingw32/bin/../lib/gcc/nios2-elf/5.3.0/../../../../../H-x86_64-mingw32/nios2-elf/lib/mno-hw-mul\libsmallc.a(lib_a-impure.o)
                0x0000000000068ff4                _global_impure_ptr
 .sdata._impure_ptr
                0x0000000000068ff8        0x4 d:/softwares/intelfpga_lite/18.1/nios2eds/bin/gnu/h-x86_64-mingw32/bin/../lib/gcc/nios2-elf/5.3.0/../../../../../H-x86_64-mingw32/nios2-elf/lib/mno-hw-mul\libsmallc.a(lib_a-impure.o)
                0x0000000000068ff8                _impure_ptr
 .sdata         0x0000000000068ffc        0x4 ../ECE385_bsp/\libhal_bsp.a(alt_sbrk.o)
 .sdata         0x0000000000069000        0x8 ../ECE385_bsp/\libhal_bsp.a(altera_avalon_sgdma.o)
                0x0000000000069000                alt_sgdma_list
 .sdata         0x0000000000069008       0x14 ../ECE385_bsp/\libhal_bsp.a(alt_dev.o)
                0x0000000000069008                alt_max_fd
                0x000000000006900c                alt_dev_list
                0x0000000000069014                alt_fs_list
 .sdata         0x000000000006901c        0x4 ../ECE385_bsp/\libhal_bsp.a(alt_errno.o)
                0x000000000006901c                alt_errno
 .sdata         0x0000000000069020        0x4 ../ECE385_bsp/\libhal_bsp.a(alt_irq_vars.o)
                0x0000000000069020                alt_priority_mask
 .sdata         0x0000000000069024        0x8 ../ECE385_bsp/\libhal_bsp.a(alt_tick.o)
                0x0000000000069024                alt_alarm_list
 *(.sdata2 .sdata2.* .gnu.linkonce.s2.*)
                0x000000000006902c                . = ALIGN (0x4)
                0x000000000006902c                _edata = ABSOLUTE (.)
                [!provide]                        PROVIDE (edata, ABSOLUTE (.))
                0x000000000006902c                PROVIDE (__ram_rwdata_end, ABSOLUTE (.))
                0x000000000006902c                PROVIDE (__flash_rwdata_start, LOADADDR (.rwdata))

.bss            0x0000000000069468     0x6bec
                0x0000000000069468                __bss_start = ABSOLUTE (.)
                [!provide]                        PROVIDE (__sbss_start, ABSOLUTE (.))
                [!provide]                        PROVIDE (___sbss_start, ABSOLUTE (.))
 *(.dynsbss)
 *(.sbss .sbss.* .gnu.linkonce.sb.*)
 .sbss          0x0000000000069468       0x10 obj/default/ethernet.o
                0x0000000000069470                eth1_rx_len
                0x0000000000069474                eth0_rx_len
 .sbss          0x0000000000069478       0x10 obj/default/ethernet.o
                0x0000000000069478                eth1_dma_tx_dev
                0x000000000006947c                eth1_dma_rx_dev
                0x0000000000069480                eth0_dma_tx_dev
                0x0000000000069484                eth0_dma_rx_dev
 .sbss          0x0000000000069488       0x14 obj/default/gamelogic.o
                0x0000000000069490                player_plane_info
                0x0000000000069494                player_plane_id
                0x0000000000069498                frame_count
 .sbss          0x000000000006949c        0x2 obj/default/lwip/core/dns.o
 *fill*         0x000000000006949e        0x2 
 .sbss          0x00000000000694a0        0xc obj/default/lwip/core/ipv4/dhcp.o
 .sbss          0x00000000000694ac        0x1 obj/default/lwip/core/ipv4/etharp.o
 *fill*         0x00000000000694ad        0x3 
 .sbss          0x00000000000694b0        0x8 obj/default/lwip/core/ipv4/igmp.o
 .sbss          0x00000000000694b8        0x6 obj/default/lwip/core/ipv4/ip4.o
 *fill*         0x00000000000694be        0x2 
 .sbss          0x00000000000694c0        0x8 obj/default/lwip/core/ipv4/ip4_frag.o
 .sbss          0x00000000000694c8        0xc obj/default/lwip/core/ipv6/ip6_frag.o
 .sbss          0x00000000000694d4        0x4 obj/default/lwip/core/ipv6/nd6.o
 .sbss          0x00000000000694d8        0xc obj/default/lwip/core/mem.o
 .sbss          0x00000000000694e4       0x3c obj/default/lwip/core/memp.o
 .sbss          0x0000000000069520        0xc obj/default/lwip/core/netif.o
                0x0000000000069524                netif_list
                0x0000000000069528                netif_default
 .sbss          0x000000000006952c        0x1 obj/default/lwip/core/pbuf.o
                0x000000000006952c                pbuf_free_ooseq_pending
 *fill*         0x000000000006952d        0x3 
 .sbss          0x0000000000069530        0x4 obj/default/lwip/core/raw.o
 .sbss          0x0000000000069534       0x18 obj/default/lwip/core/tcp.o
                0x0000000000069536                tcp_active_pcbs_changed
                0x0000000000069538                tcp_active_pcbs
                0x000000000006953c                tcp_ticks
                0x0000000000069540                tcp_listen_pcbs
                0x0000000000069544                tcp_bound_pcbs
                0x0000000000069548                tcp_tw_pcbs
 .sbss          0x000000000006954c       0x28 obj/default/lwip/core/tcp_in.o
                0x0000000000069570                tcp_input_pcb
 .sbss          0x0000000000069574        0xc obj/default/lwip/core/timeouts.o
 .sbss          0x0000000000069580        0x4 obj/default/lwip/core/udp.o
                0x0000000000069580                udp_pcbs
 .sbss          0x0000000000069584        0x4 obj/default/rng.o
                0x0000000000069584                rng_num
 .sbss          0x0000000000069588        0x4 d:/softwares/intelfpga_lite/18.1/nios2eds/bin/gnu/h-x86_64-mingw32/bin/../lib/gcc/nios2-elf/5.3.0/../../../../../H-x86_64-mingw32/nios2-elf/lib/mno-hw-mul\libsmallc.a(lib_a-int_errno.o)
                0x0000000000069588                errno
 .sbss.__malloc_sbrk_start
                0x000000000006958c        0x4 d:/softwares/intelfpga_lite/18.1/nios2eds/bin/gnu/h-x86_64-mingw32/bin/../lib/gcc/nios2-elf/5.3.0/../../../../../H-x86_64-mingw32/nios2-elf/lib/mno-hw-mul\libsmallc.a(lib_a-nano-mallocr.o)
                0x000000000006958c                __malloc_sbrk_start
 .sbss.__malloc_free_list
                0x0000000000069590        0x4 d:/softwares/intelfpga_lite/18.1/nios2eds/bin/gnu/h-x86_64-mingw32/bin/../lib/gcc/nios2-elf/5.3.0/../../../../../H-x86_64-mingw32/nios2-elf/lib/mno-hw-mul\libsmallc.a(lib_a-nano-mallocr.o)
                0x0000000000069590                __malloc_free_list
 .sbss          0x0000000000069594        0xc ../ECE385_bsp/\libhal_bsp.a(alt_main.o)
                0x0000000000069594                alt_envp
                0x0000000000069598                alt_argv
                0x000000000006959c                alt_argc
 .sbss          0x00000000000695a0        0x4 ../ECE385_bsp/\libhal_bsp.a(alt_irq_vars.o)
                0x00000000000695a0                alt_irq_active
 .sbss          0x00000000000695a4        0x8 ../ECE385_bsp/\libhal_bsp.a(alt_tick.o)
                0x00000000000695a4                _alt_nticks
                0x00000000000695a8                _alt_tick_rate
 .sbss          0x00000000000695ac        0x4 ../ECE385_bsp/\libhal_bsp.a(alt_instruction_exception_entry.o)
                0x00000000000695ac                alt_instruction_exception_handler
 *(.sbss2 .sbss2.* .gnu.linkonce.sb2.*)
 *(.scommon)
                [!provide]                        PROVIDE (__sbss_end, ABSOLUTE (.))