Archive member included to satisfy reference by file (symbol)

d:/softwares/intelfpga_lite/18.1/nios2eds/bin/gnu/h-x86_64-mingw32/bin/../lib/gcc/nios2-elf/5.3.0/mno-hw-mul\libgcc.a(lib2-divmod.o)
                              obj/default/lwip/core/def.o (__divsi3)
d:/softwares/intelfpga_lite/18.1/nios2eds/bin/gnu/h-x86_64-mingw32/bin/../lib/gcc/nios2-elf/5.3.0/mno-hw-mul\libgcc.a(lib2-mul.o)
                              obj/default/lwip/core/dns.o (__mulsi3)
d:/softwares/intelfpga_lite/18.1/nios2eds/bin/gnu/h-x86_64-mingw32/bin/../lib/gcc/nios2-elf/5.3.0/../../../../../H-x86_64-mingw32/nios2-elf/lib/mno-hw-mul\libsmallc.a(lib_a-abort.o)
                              obj/default/lwip/core/dns.o (abort)
d:/softwares/intelfpga_lite/18.1/nios2eds/bin/gnu/h-x86_64-mingw32/bin/../lib/gcc/nios2-elf/5.3.0/../../../../../H-x86_64-mingw32/nios2-elf/lib/mno-hw-mul\libsmallc.a(lib_a-atoi.o)
                              obj/default/lwip/core/netif.o (atoi)
d:/softwares/intelfpga_lite/18.1/nios2eds/bin/gnu/h-x86_64-mingw32/bin/../lib/gcc/nios2-elf/5.3.0/../../../../../H-x86_64-mingw32/nios2-elf/lib/mno-hw-mul\libsmallc.a(lib_a-clock.o)
                              obj/default/lwip_port/compat.o (clock)
d:/softwares/intelfpga_lite/18.1/nios2eds/bin/gnu/h-x86_64-mingw32/bin/../lib/gcc/nios2-elf/5.3.0/../../../../../H-x86_64-mingw32/nios2-elf/lib/mno-hw-mul\libsmallc.a(lib_a-ctype_.o)
                              obj/default/lwip/core/dns.o (__ctype_ptr__)
d:/softwares/intelfpga_lite/18.1/nios2eds/bin/gnu/h-x86_64-mingw32/bin/../lib/gcc/nios2-elf/5.3.0/../../../../../H-x86_64-mingw32/nios2-elf/lib/mno-hw-mul\libsmallc.a(lib_a-impure.o)
                              d:/softwares/intelfpga_lite/18.1/nios2eds/bin/gnu/h-x86_64-mingw32/bin/../lib/gcc/nios2-elf/5.3.0/../../../../../H-x86_64-mingw32/nios2-elf/lib/mno-hw-mul\libsmallc.a(lib_a-clock.o) (_impure_ptr)
d:/softwares/intelfpga_lite/18.1/nios2eds/bin/gnu/h-x86_64-mingw32/bin/../lib/gcc/nios2-elf/5.3.0/../../../../../H-x86_64-mingw32/nios2-elf/lib/mno-hw-mul\libsmallc.a(lib_a-memcmp.o)
                              obj/default/lwip/core/ipv4/autoip.o (memcmp)
d:/softwares/intelfpga_lite/18.1/nios2eds/bin/gnu/h-x86_64-mingw32/bin/../lib/gcc/nios2-elf/5.3.0/../../../../../H-x86_64-mingw32/nios2-elf/lib/mno-hw-mul\libsmallc.a(lib_a-memcpy.o)
                              obj/default/lwip/core/dns.o (memcpy)
d:/softwares/intelfpga_lite/18.1/nios2eds/bin/gnu/h-x86_64-mingw32/bin/../lib/gcc/nios2-elf/5.3.0/../../../../../H-x86_64-mingw32/nios2-elf/lib/mno-hw-mul\libsmallc.a(lib_a-memmove.o)
                              obj/default/lwip/core/def.o (memmove)
d:/softwares/intelfpga_lite/18.1/nios2eds/bin/gnu/h-x86_64-mingw32/bin/../lib/gcc/nios2-elf/5.3.0/../../../../../H-x86_64-mingw32/nios2-elf/lib/mno-hw-mul\libsmallc.a(lib_a-memset.o)
                              obj/default/lwip/core/ipv4/dhcp.o (memset)
d:/softwares/intelfpga_lite/18.1/nios2eds/bin/gnu/h-x86_64-mingw32/bin/../lib/gcc/nios2-elf/5.3.0/../../../../../H-x86_64-mingw32/nios2-elf/lib/mno-hw-mul\libsmallc.a(lib_a-printf.o)
                              obj/default/lwip/core/dns.o (printf)
d:/softwares/intelfpga_lite/18.1/nios2eds/bin/gnu/h-x86_64-mingw32/bin/../lib/gcc/nios2-elf/5.3.0/../../../../../H-x86_64-mingw32/nios2-elf/lib/mno-hw-mul\libsmallc.a(lib_a-puts.o)
                              obj/default/ethernet.o (puts)
d:/softwares/intelfpga_lite/18.1/nios2eds/bin/gnu/h-x86_64-mingw32/bin/../lib/gcc/nios2-elf/5.3.0/../../../../../H-x86_64-mingw32/nios2-elf/lib/mno-hw-mul\libsmallc.a(lib_a-signal.o)
                              d:/softwares/intelfpga_lite/18.1/nios2eds/bin/gnu/h-x86_64-mingw32/bin/../lib/gcc/nios2-elf/5.3.0/../../../../../H-x86_64-mingw32/nios2-elf/lib/mno-hw-mul\libsmallc.a(lib_a-abort.o) (raise)
d:/softwares/intelfpga_lite/18.1/nios2eds/bin/gnu/h-x86_64-mingw32/bin/../lib/gcc/nios2-elf/5.3.0/../../../../../H-x86_64-mingw32/nios2-elf/lib/mno-hw-mul\libsmallc.a(lib_a-signalr.o)
                              d:/softwares/intelfpga_lite/18.1/nios2eds/bin/gnu/h-x86_64-mingw32/bin/../lib/gcc/nios2-elf/5.3.0/../../../../../H-x86_64-mingw32/nios2-elf/lib/mno-hw-mul\libsmallc.a(lib_a-signal.o) (_kill_r)
d:/softwares/intelfpga_lite/18.1/nios2eds/bin/gnu/h-x86_64-mingw32/bin/../lib/gcc/nios2-elf/5.3.0/../../../../../H-x86_64-mingw32/nios2-elf/lib/mno-hw-mul\libsmallc.a(lib_a-strlen.o)
                              obj/default/lwip/core/def.o (strlen)
d:/softwares/intelfpga_lite/18.1/nios2eds/bin/gnu/h-x86_64-mingw32/bin/../lib/gcc/nios2-elf/5.3.0/../../../../../H-x86_64-mingw32/nios2-elf/lib/mno-hw-mul\libsmallc.a(lib_a-strncmp.o)
                              obj/default/lwip/core/def.o (strncmp)
d:/softwares/intelfpga_lite/18.1/nios2eds/bin/gnu/h-x86_64-mingw32/bin/../lib/gcc/nios2-elf/5.3.0/../../../../../H-x86_64-mingw32/nios2-elf/lib/mno-hw-mul\libsmallc.a(lib_a-strtol.o)
[...]
Memory Configuration

Name             Origin             Length             Attributes
vga_sprite_7     0x0000000000000000 0x0000000000002000
vga_sprite_6     0x0000000000002000 0x0000000000002000
audio_mem        0x0000000000004000 0x0000000000004000
vga_sprite_5     0x0000000000008000 0x0000000000002000
vga_sprite_4     0x000000000000a000 0x0000000000002000
vga_sprite_3     0x000000000000c000 0x0000000000002000
vga_sprite_2     0x000000000000e000 0x0000000000002000
vga_sprite_1     0x0000000000010000 0x0000000000002000
vga_sprite_0     0x0000000000012000 0x0000000000002000
usb_keycode      0x0000000000015000 0x0000000000000400
reset            0x0000000000040000 0x0000000000000020
nios2_onchip_mem 0x0000000000040020 0x000000000003ffe0
sdram            0x0000000008000000 0x0000000008000000
*default*        0x0000000000000000 0xffffffffffffffff

Linker script and memory map

LOAD ../ECE385_bsp//obj/HAL/src/crt0.o
LOAD obj/default/ethernet.o
LOAD obj/default/lwip/core/altcp.o
LOAD obj/default/lwip/core/altcp_alloc.o
LOAD obj/default/lwip/core/altcp_tcp.o
LOAD obj/default/lwip/core/def.o
LOAD obj/default/lwip/core/dns.o
LOAD obj/default/lwip/core/inet_chksum.o
LOAD obj/default/lwip/core/init.o
LOAD obj/default/lwip/core/ip.o
LOAD obj/default/lwip/core/ipv4/autoip.o
LOAD obj/default/lwip/core/ipv4/dhcp.o
LOAD obj/default/lwip/core/ipv4/etharp.o
LOAD obj/default/lwip/core/ipv4/icmp.o
LOAD obj/default/lwip/core/ipv4/igmp.o
LOAD obj/default/lwip/core/ipv4/ip4.o
LOAD obj/default/lwip/core/ipv4/ip4_addr.o
LOAD obj/default/lwip/core/ipv4/ip4_frag.o
LOAD obj/default/lwip/core/ipv6/dhcp6.o
LOAD obj/default/lwip/core/ipv6/ethip6.o
LOAD obj/default/lwip/core/ipv6/icmp6.o
LOAD obj/default/lwip/core/ipv6/inet6.o
LOAD obj/default/lwip/core/ipv6/ip6.o
LOAD obj/default/lwip/core/ipv6/ip6_addr.o
LOAD obj/default/lwip/core/ipv6/ip6_frag.o
LOAD obj/default/lwip/core/ipv6/mld6.o
LOAD obj/default/lwip/core/ipv6/nd6.o
LOAD obj/default/lwip/core/mem.o
LOAD obj/default/lwip/core/memp.o
LOAD obj/default/lwip/core/netif.o
LOAD obj/default/lwip/core/pbuf.o
LOAD obj/default/lwip/core/raw.o
LOAD obj/default/lwip/core/stats.o
LOAD obj/default/lwip/core/sys.o
LOAD obj/default/lwip/core/tcp.o
LOAD obj/default/lwip/core/tcp_in.o
LOAD obj/default/lwip/core/tcp_out.o
LOAD obj/default/lwip/core/timeouts.o
LOAD obj/default/lwip/core/udp.o
LOAD obj/default/lwip/netif/ethernet.o
LOAD obj/default/lwip_port/compat.o
LOAD obj/default/main.o
LOAD obj/default/rng.o
LOAD obj/default/sprites.o
LOAD obj/default/vga.o
LOAD d:/softwares/intelfpga_lite/18.1/nios2eds/bin/gnu/h-x86_64-mingw32/bin/../lib/gcc/nios2-elf/5.3.0/../../../../../H-x86_64-mingw32/nios2-elf/lib/mno-hw-mul\libstdc++.a
LOAD d:/softwares/intelfpga_lite/18.1/nios2eds/bin/gnu/h-x86_64-mingw32/bin/../lib/gcc/nios2-elf/5.3.0/../../../../../H-x86_64-mingw32/nios2-elf/lib/mno-hw-mul\libm.a
LOAD d:/softwares/intelfpga_lite/18.1/nios2eds/bin/gnu/h-x86_64-mingw32/bin/../lib/gcc/nios2-elf/5.3.0/mno-hw-mul\libgcc.a
START GROUP
LOAD d:/softwares/intelfpga_lite/18.1/nios2eds/bin/gnu/h-x86_64-mingw32/bin/../lib/gcc/nios2-elf/5.3.0/../../../../../H-x86_64-mingw32/nios2-elf/lib/mno-hw-mul\libsmallc.a
LOAD d:/softwares/intelfpga_lite/18.1/nios2eds/bin/gnu/h-x86_64-mingw32/bin/../lib/gcc/nios2-elf/5.3.0/mno-hw-mul\libgcc.a
LOAD ../ECE385_bsp/\libhal_bsp.a
LOAD d:/softwares/intelfpga_lite/18.1/nios2eds/bin/gnu/h-x86_64-mingw32/bin/../lib/gcc/nios2-elf/5.3.0/../../../../../H-x86_64-mingw32/nios2-elf/lib/mno-hw-mul\libm.a
END GROUP
LOAD d:/softwares/intelfpga_lite/18.1/nios2eds/bin/gnu/h-x86_64-mingw32/bin/../lib/gcc/nios2-elf/5.3.0/mno-hw-mul\libgcc.a
                0x0000000000000000                __alt_mem_vga_sprite_7 = 0x0
                0x0000000000002000                __alt_mem_vga_sprite_6 = 0x2000
                0x0000000000004000                __alt_mem_audio_mem = 0x4000
                0x0000000000008000                __alt_mem_vga_sprite_5 = 0x8000
                0x000000000000a000                __alt_mem_vga_sprite_4 = 0xa000
                0x000000000000c000                __alt_mem_vga_sprite_3 = 0xc000
                0x000000000000e000                __alt_mem_vga_sprite_2 = 0xe000
                0x0000000000010000                __alt_mem_vga_sprite_1 = 0x10000
                0x0000000000012000                __alt_mem_vga_sprite_0 = 0x12000
                0x0000000000015000                __alt_mem_usb_keycode = 0x15000
                0x0000000000040000                __alt_mem_nios2_onchip_mem = 0x40000
                0x0000000008000000                __alt_mem_sdram = 0x8000000

.entry          0x0000000000040000       0x20
 *(.entry)
 .entry         0x0000000000040000       0x20 ../ECE385_bsp//obj/HAL/src/crt0.o
                0x0000000000040000                __reset

.exceptions     0x0000000000040020      0x164
                0x0000000000040020                PROVIDE (__ram_exceptions_start, ABSOLUTE (.))
                0x0000000000040020                . = ALIGN (0x20)
 *(.irq)
 *(.exceptions.entry.label)
 .exceptions.entry.label
                0x0000000000040020        0x0 ../ECE385_bsp/\libhal_bsp.a(alt_irq_entry.o)
                0x0000000000040020                alt_irq_entry
 .exceptions.entry.label
                0x0000000000040020        0x0 ../ECE385_bsp/\libhal_bsp.a(alt_exception_entry.o)
                0x0000000000040020                alt_exception
 *(.exceptions.entry.user)
 *(.exceptions.entry.ecc_fatal)
 *(.exceptions.entry)
 .exceptions.entry
                0x0000000000040020       0x54 ../ECE385_bsp/\libhal_bsp.a(alt_exception_entry.o)
 *(.exceptions.irqtest.user)
 *(.exceptions.irqtest)
 .exceptions.irqtest
                0x0000000000040074       0x10 ../ECE385_bsp/\libhal_bsp.a(alt_irq_entry.o)
 *(.exceptions.irqhandler.user)
 *(.exceptions.irqhandler)
 .exceptions.irqhandler
                0x0000000000040084        0x4 ../ECE385_bsp/\libhal_bsp.a(alt_irq_entry.o)
 *(.exceptions.irqreturn.user)
 *(.exceptions.irqreturn)
 .exceptions.irqreturn
                0x0000000000040088        0x4 ../ECE385_bsp/\libhal_bsp.a(alt_irq_entry.o)
 *(.exceptions.notirq.label)
 .exceptions.notirq.label
                0x000000000004008c        0x0 ../ECE385_bsp/\libhal_bsp.a(alt_irq_entry.o)
 *(.exceptions.notirq.user)
 *(.exceptions.notirq)
 .exceptions.notirq
                0x000000000004008c        0x8 ../ECE385_bsp/\libhal_bsp.a(alt_exception_entry.o)
 *(.exceptions.soft.user)
 *(.exceptions.soft)
 *(.exceptions.unknown.user)
 *(.exceptions.unknown)
 .exceptions.unknown
                0x0000000000040094       0x14 ../ECE385_bsp/\libhal_bsp.a(alt_exception_entry.o)
 *(.exceptions.exit.label)
 .exceptions.exit.label
                0x00000000000400a8        0x0 ../ECE385_bsp/\libhal_bsp.a(alt_irq_entry.o)
 .exceptions.exit.label
                0x00000000000400a8        0x0 ../ECE385_bsp/\libhal_bsp.a(alt_exception_entry.o)
 *(.exceptions.exit.user)
 *(.exceptions.exit)
 .exceptions.exit
                0x00000000000400a8       0x54 ../ECE385_bsp/\libhal_bsp.a(alt_exception_entry.o)
 *(.exceptions)
 .exceptions    0x00000000000400fc       0x64 ../ECE385_bsp/\libhal_bsp.a(alt_irq_handler.o)
                0x00000000000400fc                alt_irq_handler
 .exceptions    0x0000000000040160       0x24 ../ECE385_bsp/\libhal_bsp.a(alt_instruction_exception_entry.o)
                0x0000000000040160                alt_instruction_exception_entry
                0x0000000000040184                PROVIDE (__ram_exceptions_end, ABSOLUTE (.))
                0x0000000000040020                PROVIDE (__flash_exceptions_start, LOADADDR (.exceptions))

.resources      0x0000000008000000        0x0
                [!provide]                        PROVIDE (_alt_partition_resources_start, ABSOLUTE (.))
 *(.resources .resources.*)
                0x0000000008000000                . = ALIGN (0x4)
                [!provide]                        PROVIDE (_alt_partition_resources_end, ABSOLUTE (.))

.onchip         0x0000000000040184     0x1900
                [!provide]                        PROVIDE (_alt_partition_onchip_start, ABSOLUTE (.))
 *(.onchip .onchip.*)
 .onchip        0x0000000000040184     0x1900 obj/default/ethernet.o
                0x0000000000040184                eth1_rx_frame
                0x0000000000040984                eth0_rx_frame
                0x0000000000041184                tx_frame
                0x0000000000041984                eth1_rx_descriptor_end
                0x00000000000419a4                eth1_rx_descriptor
                0x00000000000419c4                eth1_tx_descriptor_end
                0x00000000000419e4                eth1_tx_descriptor
                0x0000000000041a04                eth0_rx_descriptor_end
                0x0000000000041a24                eth0_rx_descriptor
                0x0000000000041a44                eth0_tx_descriptor_end
                0x0000000000041a64                eth0_tx_descriptor
                0x0000000000041a84                . = ALIGN (0x4)
                [!provide]                        PROVIDE (_alt_partition_onchip_end, ABSOLUTE (.))

.text           0x0000000000041a84    0x23b54
                [!provide]                        PROVIDE (stext, ABSOLUTE (.))
 *(.interp)
 *(.hash)
 *(.dynsym)
 *(.dynstr)
 *(.gnu.version)
 *(.gnu.version_d)
 *(.gnu.version_r)
 *(.rel.init)
 *(.rela.init)
 *(.rel.text .rel.text.* .rel.gnu.linkonce.t.*)
 *(.rela.text .rela.text.* .rela.gnu.linkonce.t.*)
 *(.rel.fini)
 *(.rela.fini)
 *(.rel.rodata .rel.rodata.* .rel.gnu.linkonce.r.*)
 *(.rela.rodata .rela.rodata.* .rela.gnu.linkonce.r.*)
 *(.rel.data .rel.data.* .rel.gnu.linkonce.d.*)
 *(.rela.data .rela.data.* .rela.gnu.linkonce.d.*)
 *(.rel.tdata .rel.tdata.* .rel.gnu.linkonce.td.*)
 *(.rela.tdata .rela.tdata.* .rela.gnu.linkonce.td.*)
 *(.rel.tbss .rel.tbss.* .rel.gnu.linkonce.tb.*)
 *(.rela.tbss .rela.tbss.* .rela.gnu.linkonce.tb.*)
 *(.rel.ctors)
 *(.rela.ctors)
 *(.rel.dtors)
 *(.rela.dtors)
 *(.rel.got)
 *(.rela.got)
 *(.rel.sdata .rel.sdata.* .rel.gnu.linkonce.s.*)
 *(.rela.sdata .rela.sdata.* .rela.gnu.linkonce.s.*)
 *(.rel.sbss .rel.sbss.* .rel.gnu.linkonce.sb.*)
 *(.rela.sbss .rela.sbss.* .rela.gnu.linkonce.sb.*)
 *(.rel.sdata2 .rel.sdata2.* .rel.gnu.linkonce.s2.*)
 *(.rela.sdata2 .rela.sdata2.* .rela.gnu.linkonce.s2.*)
 *(.rel.sbss2 .rel.sbss2.* .rel.gnu.linkonce.sb2.*)
 *(.rela.sbss2 .rela.sbss2.* .rela.gnu.linkonce.sb2.*)
 *(.rel.bss .rel.bss.* .rel.gnu.linkonce.b.*)
 *(.rela.bss .rela.bss.* .rela.gnu.linkonce.b.*)
 *(.rel.plt)
 *(.rela.plt)
 *(.rel.dyn)
 *(.init)
 *(.plt)
 *(.text .stub .text.* .gnu.linkonce.t.*)
 .text          0x0000000000041a84       0x3c ../ECE385_bsp//obj/HAL/src/crt0.o
                0x0000000000041a84                _start
 .text          0x0000000000041ac0      0x7d4 obj/default/ethernet.o
                0x0000000000041ac0                eth0_rx_interrupt
                0x0000000000041b04                eth1_rx_interrupt
                0x0000000000041b48                eth0_tx
                0x0000000000041bd8                eth1_tx
                0x0000000000041c68                eth_init
                0x0000000000041d7c                eth_ip_reverse
                0x0000000000041da4                eth0_rx_start
                0x0000000000041df4                eth0_init
                0x0000000000041f00                eth0_ip
                0x0000000000041f34                eth1_rx_start
                0x0000000000041f84                eth_loop
                0x0000000000042154                eth1_init
                0x0000000000042260                eth1_ip
 .text          0x0000000000042294        0x0 obj/default/lwip/core/altcp.o
 .text          0x0000000000042294        0x0 obj/default/lwip/core/altcp_alloc.o
 .text          0x0000000000042294        0x0 obj/default/lwip/core/altcp_tcp.o
 .text          0x0000000000042294      0x2e8 obj/default/lwip/core/def.o
                0x0000000000042294                lwip_htons
                0x00000000000422a8                lwip_htonl
                0x00000000000422d0                lwip_strnstr
                0x0000000000042378                lwip_stricmp
                0x00000000000423e8                lwip_strnicmp
                0x000000000004246c                lwip_itoa
 .text          0x000000000004257c     0x1688 obj/default/lwip/core/dns.o
                0x00000000000435a8                dns_init
                0x00000000000435ac                dns_setserver
                0x0000000000043670                dns_getserver
                0x00000000000436b0                dns_tmr
                0x00000000000436e0                dns_gethostbyname_addrtype
                0x0000000000043be4                dns_gethostbyname
 .text.unlikely
                0x0000000000043c04       0xcc obj/default/lwip/core/dns.o
 .text          0x0000000000043cd0      0x608 obj/default/lwip/core/inet_chksum.o
                0x0000000000043cd0                lwip_standard_chksum
                0x0000000000044008                inet_chksum_pseudo
                0x0000000000044054                ip6_chksum_pseudo
                0x00000000000440b8                ip_chksum_pseudo
                0x00000000000440f8                inet_chksum_pseudo_partial
                0x0000000000044150                ip6_chksum_pseudo_partial
                0x00000000000441c0                ip_chksum_pseudo_partial
                0x0000000000044208                inet_chksum
                0x0000000000044228                inet_chksum_pbuf
 .text          0x00000000000442d8       0x30 obj/default/lwip/core/init.o
                0x00000000000442d8                lwip_init
 .text          0x0000000000044308       0xc4 obj/default/lwip/core/ip.o
                0x0000000000044308                ipaddr_ntoa
                0x0000000000044328                ipaddr_ntoa_r
                0x0000000000044348                ipaddr_aton
                0x00000000000443a4                ip_input
 .text          0x00000000000443cc      0x670 obj/default/lwip/core/ipv4/autoip.o
                0x0000000000044458                autoip_set_struct
                0x0000000000044534                autoip_start
                0x0000000000044674                autoip_network_changed
                0x000000000004468c                autoip_stop
                0x00000000000446d8                autoip_tmr
                0x00000000000448a0                autoip_arp_reply
                0x00000000000449f4                autoip_supplied_address
                0x0000000000044a1c                autoip_accept_packet
 .text          0x0000000000044a3c     0x2a74 obj/default/lwip/core/ipv4/dhcp.o
                0x0000000000046600                dhcp_set_struct
                0x00000000000466d4                dhcp_cleanup
                0x0000000000046734                dhcp_inform
                0x0000000000046890                dhcp_network_changed
                0x0000000000046960                dhcp_arp_reply
                0x0000000000046ae0                dhcp_renew
                0x0000000000046ccc                dhcp_release_and_stop
                0x0000000000046ef0                dhcp_start
                0x0000000000047044                dhcp_coarse_tmr
                0x0000000000047338                dhcp_fine_tmr
                0x0000000000047454                dhcp_release
                0x0000000000047470                dhcp_stop
                0x0000000000047474                dhcp_supplied_address
 .text.unlikely
                0x00000000000474b0      0x1f4 obj/default/lwip/core/ipv4/dhcp.o
 .text          0x00000000000476a4     0x14b0 obj/default/lwip/core/ipv4/etharp.o
                0x0000000000047e7c                etharp_tmr
                0x0000000000047fa0                etharp_cleanup_netif
                0x0000000000048030                etharp_find_addr
                0x0000000000048110                etharp_get_entry
                0x0000000000048254                etharp_input
                0x0000000000048570                etharp_query
                0x00000000000488b4                etharp_output
                0x0000000000048b14                etharp_request
 .text          0x0000000000048b54      0x3d4 obj/default/lwip/core/ipv4/icmp.o
                0x0000000000048c94                icmp_input
                0x0000000000048f10                icmp_dest_unreach
                0x0000000000048f1c                icmp_time_exceeded
 .text          0x0000000000048f28      0xc44 obj/default/lwip/core/ipv4/igmp.o
                0x0000000000049280                igmp_init
                0x000000000004929c                igmp_start
                0x0000000000049318                igmp_stop
                0x0000000000049388                igmp_report_groups
                0x00000000000493c8                igmp_lookfor_group
                0x0000000000049400                igmp_input
                0x00000000000495a0                igmp_joingroup_netif
                0x0000000000049704                igmp_joingroup
                0x0000000000049804                igmp_leavegroup_netif
                0x00000000000499a8                igmp_leavegroup
                0x0000000000049ac0                igmp_tmr
 .text          0x0000000000049b6c      0x998 obj/default/lwip/core/ipv4/ip4.o
                0x0000000000049bf0                ip4_set_default_multicast_netif
                0x0000000000049bf8                ip4_route
                0x0000000000049c98                ip4_input
                0x000000000004a070                ip4_output_if_opt_src
                0x000000000004a350                ip4_output_if_opt
                0x000000000004a3a0                ip4_output_if
                0x000000000004a3f8                ip4_output_if_src
                0x000000000004a434                ip4_output
 .text          0x000000000004a504      0x534 obj/default/lwip/core/ipv4/ip4_addr.o
                0x000000000004a504                ip4_addr_isbroadcast_u32
                0x000000000004a554                ip4_addr_netmask_valid
                0x000000000004a5b4                ip4addr_aton
                0x000000000004a8a0                ipaddr_addr
                0x000000000004a8d4                ip4addr_ntoa_r
                0x000000000004aa28                ip4addr_ntoa
 .text          0x000000000004aa38     0x1048 obj/default/lwip/core/ipv4/ip4_frag.o
                0x000000000004ae6c                ip_reass_tmr
                0x000000000004aed4                ip4_reass
                0x000000000004b6ec                ip4_frag
 .text.unlikely
                0x000000000004ba80       0x34 obj/default/lwip/core/ipv4/ip4_frag.o
 .text          0x000000000004bab4        0x0 obj/default/lwip/core/ipv6/dhcp6.o
 .text          0x000000000004bab4       0xf0 obj/default/lwip/core/ipv6/ethip6.o
                0x000000000004bab4                ethip6_output
 .text          0x000000000004bba4      0x4bc obj/default/lwip/core/ipv6/icmp6.o
                0x000000000004bdd4                icmp6_input
                0x000000000004bf40                icmp6_dest_unreach
                0x000000000004bf50                icmp6_packet_too_big
                0x000000000004bf60                icmp6_time_exceeded
                0x000000000004bf70                icmp6_time_exceeded_with_addrs
                0x000000000004c044                icmp6_param_problem
 .text          0x000000000004c060        0x0 obj/default/lwip/core/ipv6/inet6.o
 .text          0x000000000004c060     0x16ec obj/default/lwip/core/ipv6/ip6.o
                0x000000000004c0f8                ip6_route
                0x000000000004c470                ip6_select_source_address
                0x000000000004c6d8                ip6_input
                0x000000000004cf80                ip6_output_if_src
                0x000000000004d388                ip6_output_if
                0x000000000004d474                ip6_output
                0x000000000004d6c8                ip6_options_add_hbh_ra
 .text          0x000000000004d74c      0x610 obj/default/lwip/core/ipv6/ip6_addr.o
                0x000000000004d74c                ip6addr_aton
                0x000000000004da64                ip6addr_ntoa_r
                0x000000000004dd4c                ip6addr_ntoa
 .text          0x000000000004dd5c     0x1018 obj/default/lwip/core/ipv6/ip6_frag.o
                0x000000000004e0ec                ip6_reass_tmr
                0x000000000004e140                ip6_reass
                0x000000000004ea3c                ip6_frag
 .text.unlikely
                0x000000000004ed74       0x34 obj/default/lwip/core/ipv6/ip6_frag.o
 .text          0x000000000004eda8      0xb20 obj/default/lwip/core/ipv6/mld6.o
                0x000000000004f020                mld6_stop
                0x000000000004f090                mld6_report_groups
                0x000000000004f0c8                mld6_lookfor_group
                0x000000000004f128                mld6_input
                0x000000000004f344                mld6_joingroup_netif
                0x000000000004f4fc                mld6_joingroup
                0x000000000004f5bc                mld6_leavegroup_netif
                0x000000000004f768                mld6_leavegroup
                0x000000000004f830                mld6_tmr
 .text          0x000000000004f8c8     0x3828 obj/default/lwip/core/ipv6/nd6.o
                0x0000000000050814                nd6_input
                0x0000000000051e68                nd6_tmr
                0x000000000005234c                nd6_clear_destination_cache
                0x0000000000052398                nd6_find_route
                0x0000000000052488                nd6_get_next_hop_addr_or_queue
                0x0000000000052c44                nd6_get_destination_mtu
                0x0000000000052cb4                nd6_reachability_hint
                0x0000000000052e84                nd6_cleanup_netif
                0x0000000000052fb0                nd6_adjust_mld_membership
                0x00000000000530e4                nd6_restart_netif
 .text.unlikely
                0x00000000000530f0       0xa0 obj/default/lwip/core/ipv6/nd6.o
 .text          0x0000000000053190      0x66c obj/default/lwip/core/mem.o
                0x0000000000053190                mem_init
                0x00000000000531d4                mem_free
                0x00000000000533cc                mem_trim
                0x00000000000535ac                mem_malloc
                0x0000000000053794                mem_calloc
 .text          0x00000000000537fc      0x2a0 obj/default/lwip/core/memp.o
                0x00000000000537fc                memp_init_pool
                0x0000000000053844                memp_init
                0x00000000000538bc                memp_malloc_pool
                0x0000000000053930                memp_malloc
                0x00000000000539b8                memp_free_pool
                0x0000000000053a1c                memp_free
 .text.unlikely
                0x0000000000053a9c       0x68 obj/default/lwip/core/memp.o
 .text          0x0000000000053b04     0x158c obj/default/lwip/core/netif.o
                0x0000000000053d3c                netif_init
                0x0000000000053d40                netif_input
                0x0000000000053dcc                netif_set_ipaddr
                0x0000000000053e28                netif_set_netmask
                0x0000000000053e94                netif_set_gw
                0x0000000000053f00                netif_set_addr
                0x0000000000053ff8                netif_add
                0x0000000000054340                netif_add_noaddr
                0x0000000000054370                netif_set_default
                0x0000000000054378                netif_set_up
                0x00000000000543f8                netif_set_down
                0x0000000000054480                netif_remove
                0x00000000000545a0                netif_set_link_up
                0x0000000000054630                netif_set_link_down
                0x0000000000054680                netif_ip6_addr_set_parts
                0x00000000000548b8                netif_ip6_addr_set
                0x0000000000054954                netif_ip6_addr_set_state
                0x0000000000054aa8                netif_get_ip6_addr_match
                0x0000000000054bb0                netif_create_ip6_linklocal_address
                0x0000000000054d34                netif_add_ip6_address
                0x0000000000054ef8                netif_index_to_name
                0x0000000000054f90                netif_get_by_index
                0x0000000000054fe4                netif_find
                0x000000000005505c                netif_name_to_index
 .text          0x0000000000055090     0x1688 obj/default/lwip/core/pbuf.o
                0x0000000000055234                pbuf_free_ooseq
                0x000000000005525c                pbuf_alloc_reference
                0x0000000000055304                pbuf_alloced_custom
                0x0000000000055370                pbuf_add_header
                0x0000000000055378                pbuf_add_header_force
                0x0000000000055380                pbuf_remove_header
                0x0000000000055450                pbuf_header
                0x0000000000055470                pbuf_header_force
                0x0000000000055490                pbuf_free
                0x0000000000055610                pbuf_alloc
                0x000000000005587c                pbuf_realloc
                0x00000000000559c4                pbuf_free_header
                0x0000000000055a5c                pbuf_clen
                0x0000000000055a78                pbuf_ref
                0x0000000000055aa0                pbuf_cat
                0x0000000000055b68                pbuf_chain
                0x0000000000055ba8                pbuf_dechain
                0x0000000000055c90                pbuf_copy
                0x0000000000055eb4                pbuf_copy_partial
                0x0000000000055fec                pbuf_get_contiguous
                0x00000000000560fc                pbuf_skip
                0x0000000000056144                pbuf_take
                0x00000000000562c8                pbuf_take_at
                0x00000000000563dc                pbuf_clone
                0x000000000005646c                pbuf_coalesce
                0x00000000000564c8                pbuf_get_at
                0x000000000005651c                pbuf_try_get_at
                0x000000000005656c                pbuf_put_at
                0x00000000000565b8                pbuf_memcmp
                0x00000000000565d8                pbuf_memfind
                0x0000000000056690                pbuf_strstr
 .text.unlikely
                0x0000000000056718       0x34 obj/default/lwip/core/pbuf.o
 .text          0x000000000005674c      0xcec obj/default/lwip/core/raw.o
                0x000000000005674c                raw_input
                0x0000000000056a10                raw_bind
                0x0000000000056b10                raw_bind_netif
                0x0000000000056b2c                raw_connect
                0x0000000000056c48                raw_disconnect
                0x0000000000056d18                raw_recv
                0x0000000000056d24                raw_sendto_if_src
                0x0000000000057064                raw_sendto
                0x00000000000571e0                raw_send
                0x00000000000571e8                raw_remove
                0x000000000005723c                raw_new
                0x00000000000572a4                raw_new_ip_type
                0x00000000000572d8                raw_netif_ip_addr_changed
 .text          0x0000000000057438        0x0 obj/default/lwip/core/stats.o
 .text          0x0000000000057438        0x0 obj/default/lwip/core/sys.o
 .text          0x0000000000057438     0x2a94 obj/default/lwip/core/tcp.o
                0x000000000005759c                tcp_init
                0x00000000000575c0                tcp_free
                0x000000000005760c                tcp_bind
                0x0000000000057990                tcp_bind_netif
                0x00000000000579ac                tcp_listen_with_backlog_and_err
                0x0000000000057b78                tcp_listen_with_backlog
                0x0000000000057b84                tcp_update_rcv_ann_wnd
                0x0000000000057c74                tcp_recved
                0x0000000000057d64                tcp_txnow
                0x0000000000057db0                tcp_seg_free
                0x0000000000057dec                tcp_segs_free
                0x0000000000057e1c                tcp_setprio
                0x0000000000057e5c                tcp_seg_copy
                0x0000000000057ee0                tcp_arg
                0x0000000000057eec                tcp_recv
                0x0000000000057f38                tcp_sent
                0x0000000000057f84                tcp_err
                0x0000000000057fd0                tcp_accept
                0x0000000000057fe8                tcp_poll
                0x000000000005806c                tcp_pcb_purge
                0x0000000000058148                tcp_slowtmr
                0x00000000000588b8                tcp_pcb_remove
                0x0000000000058d00                tcp_close
                0x0000000000058d58                tcp_recv_null
                0x0000000000058de4                tcp_process_refused_data
                0x0000000000058f04                tcp_fasttmr
                0x0000000000058fe4                tcp_tmr
                0x000000000005901c                tcp_shutdown
                0x00000000000590f0                tcp_abandon
                0x0000000000059364                tcp_abort
                0x0000000000059554                tcp_alloc
                0x0000000000059770                tcp_new
                0x0000000000059778                tcp_new_ip_type
                0x00000000000597ac                tcp_next_iss
                0x00000000000597d0                tcp_eff_send_mss_netif
                0x00000000000598a8                tcp_connect
                0x0000000000059c34                tcp_netif_ip_addr_changed
                0x0000000000059dc4                tcp_debug_state_str
                0x0000000000059de0                tcp_tcp_get_tcp_addrinfo
                0x0000000000059e88                tcp_free_ooseq
 .text.unlikely
                0x0000000000059ecc       0x34 obj/default/lwip/core/tcp.o
 .text          0x0000000000059f00     0x2c54 obj/default/lwip/core/tcp_in.o
                0x000000000005b5d0                tcp_input
                0x000000000005cb44                tcp_trigger_input_pcb_close
 .text          0x000000000005cb54     0x28e4 obj/default/lwip/core/tcp_out.o
                0x000000000005d2c4                tcp_write
                0x000000000005dcbc                tcp_split_unsent_seg
                0x000000000005dfc8                tcp_enqueue_flags
                0x000000000005e20c                tcp_send_fin
                0x000000000005e304                tcp_rexmit_rto_prepare
                0x000000000005e42c                tcp_rexmit
                0x000000000005e580                tcp_rexmit_fast
                0x000000000005e668                tcp_rst
                0x000000000005e7a4                tcp_send_empty_ack
                0x000000000005e87c                tcp_output
                0x000000000005f0a0                tcp_rexmit_rto_commit
                0x000000000005f0f4                tcp_rexmit_rto
                0x000000000005f16c                tcp_keepalive
                0x000000000005f218                tcp_zero_window_probe
 .text          0x000000000005f438      0x418 obj/default/lwip/core/timeouts.o
                0x000000000005f5b8                tcp_timer_needed
                0x000000000005f60c                sys_timeout
                0x000000000005f67c                sys_timeouts_init
                0x000000000005f6d0                sys_untimeout
                0x000000000005f724                sys_check_timeouts
                0x000000000005f7c0                sys_restart_timeouts
                0x000000000005f808                sys_timeouts_sleeptime
 .text          0x000000000005f850     0x1668 obj/default/lwip/core/udp.o
                0x000000000005f850                udp_init
                0x000000000005f874                udp_input
                0x000000000005fd78                udp_bind
                0x00000000000600d4                udp_sendto_if_src
                0x00000000000604b4                udp_sendto_if
                0x00000000000606b0                udp_sendto
                0x000000000006087c                udp_send
                0x0000000000060914                udp_bind_netif
                0x0000000000060930                udp_connect
                0x0000000000060b10                udp_disconnect
                0x0000000000060c0c                udp_recv
                0x0000000000060c50                udp_remove
                0x0000000000060cdc                udp_new
                0x0000000000060d28                udp_new_ip_type
                0x0000000000060d58                udp_netif_ip_addr_changed
 .text          0x0000000000060eb8      0x2cc obj/default/lwip/netif/ethernet.o
                0x0000000000060eb8                ethernet_input
                0x0000000000061038                ethernet_output
 .text          0x0000000000061184        0xc obj/default/lwip_port/compat.o
                0x0000000000061184                sys_now
                0x0000000000061188                fflush
 .text          0x0000000000061190      0xa14 obj/default/main.o
                0x0000000000061190                handle_player_plane_keyboard
                0x0000000000061740                handle_enemy_planes_spawn
                0x00000000000619e0                handle_enemy_planes_firing
 .text.startup  0x0000000000061ba4       0x24 obj/default/main.o
                0x0000000000061ba4                main
 .text          0x0000000000061bc8       0x38 obj/default/rng.o
                0x0000000000061bc8                rng_generate
 .text          0x0000000000061c00      0xd30 obj/default/sprites.o
                0x0000000000061dc4                sprites_init
                0x0000000000061eb0                sprites_allocate
                0x0000000000061fe8                sprites_get
                0x0000000000062040                sprites_deallocate
                0x0000000000062058                sprites_visible
                0x0000000000062070                sprites_load_data
                0x0000000000062114                sprites_limit_speed
                0x0000000000062310                sprites_tick
                0x00000000000624b4                sprites_collision_detect
 .text          0x0000000000062930      0x288 obj/default/vga.o
                0x0000000000062930                vga_erase
                0x00000000000629f8                vga_fill
                0x0000000000062acc                vga_set
 .text          0x0000000000062bb8      0x1b4 d:/softwares/intelfpga_lite/18.1/nios2eds/bin/gnu/h-x86_64-mingw32/bin/../lib/gcc/nios2-elf/5.3.0/mno-hw-mul\libgcc.a(lib2-divmod.o)
                0x0000000000062bb8                __divsi3
                0x0000000000062c3c                __modsi3
                0x0000000000062cb0                __udivsi3
                0x0000000000062d14                __umodsi3
 .text          0x0000000000062d6c       0x28 d:/softwares/intelfpga_lite/18.1/nios2eds/bin/gnu/h-x86_64-mingw32/bin/../lib/gcc/nios2-elf/5.3.0/mno-hw-mul\libgcc.a(lib2-mul.o)
                0x0000000000062d6c                __mulsi3
 .text          0x0000000000062d94        0x0 d:/softwares/intelfpga_lite/18.1/nios2eds/bin/gnu/h-x86_64-mingw32/bin/../lib/gcc/nios2-elf/5.3.0/../../../../../H-x86_64-mingw32/nios2-elf/lib/mno-hw-mul\libsmallc.a(lib_a-abort.o)
 .text.abort    0x0000000000062d94       0x18 d:/softwares/intelfpga_lite/18.1/nios2eds/bin/gnu/h-x86_64-mingw32/bin/../lib/gcc/nios2-elf/5.3.0/../../../../../H-x86_64-mingw32/nios2-elf/lib/mno-hw-mul\libsmallc.a(lib_a-abort.o)
                0x0000000000062d94                abort
 .text          0x0000000000062dac        0x0 d:/softwares/intelfpga_lite/18.1/nios2eds/bin/gnu/h-x86_64-mingw32/bin/../lib/gcc/nios2-elf/5.3.0/../../../../../H-x86_64-mingw32/nios2-elf/lib/mno-hw-mul\libsmallc.a(lib_a-atoi.o)
 .text.atoi     0x0000000000062dac        0xc d:/softwares/intelfpga_lite/18.1/nios2eds/bin/gnu/h-x86_64-mingw32/bin/../lib/gcc/nios2-elf/5.3.0/../../../../../H-x86_64-mingw32/nios2-elf/lib/mno-hw-mul\libsmallc.a(lib_a-atoi.o)
                0x0000000000062dac                atoi
 .text._atoi_r  0x0000000000062db8        0xc d:/softwares/intelfpga_lite/18.1/nios2eds/bin/gnu/h-x86_64-mingw32/bin/../lib/gcc/nios2-elf/5.3.0/../../../../../H-x86_64-mingw32/nios2-elf/lib/mno-hw-mul\libsmallc.a(lib_a-atoi.o)
                0x0000000000062db8                _atoi_r
 .text          0x0000000000062dc4        0x0 d:/softwares/intelfpga_lite/18.1/nios2eds/bin/gnu/h-x86_64-mingw32/bin/../lib/gcc/nios2-elf/5.3.0/../../../../../H-x86_64-mingw32/nios2-elf/lib/mno-hw-mul\libsmallc.a(lib_a-clock.o)
 .text.clock    0x0000000000062dc4       0x4c d:/softwares/intelfpga_lite/18.1/nios2eds/bin/gnu/h-x86_64-mingw32/bin/../lib/gcc/nios2-elf/5.3.0/../../../../../H-x86_64-mingw32/nios2-elf/lib/mno-hw-mul\libsmallc.a(lib_a-clock.o)
                0x0000000000062dc4                clock
 .text          0x0000000000062e10        0x0 d:/softwares/intelfpga_lite/18.1/nios2eds/bin/gnu/h-x86_64-mingw32/bin/../lib/gcc/nios2-elf/5.3.0/../../../../../H-x86_64-mingw32/nios2-elf/lib/mno-hw-mul\libsmallc.a(lib_a-ctype_.o)
 .text          0x0000000000062e10        0x0 d:/softwares/intelfpga_lite/18.1/nios2eds/bin/gnu/h-x86_64-mingw32/bin/../lib/gcc/nios2-elf/5.3.0/../../../../../H-x86_64-mingw32/nios2-elf/lib/mno-hw-mul\libsmallc.a(lib_a-impure.o)
 .text          0x0000000000062e10        0x0 d:/softwares/intelfpga_lite/18.1/nios2eds/bin/gnu/h-x86_64-mingw32/bin/../lib/gcc/nios2-elf/5.3.0/../../../../../H-x86_64-mingw32/nios2-elf/lib/mno-hw-mul\libsmallc.a(lib_a-memcmp.o)
 .text.memcmp   0x0000000000062e10       0x30 d:/softwares/intelfpga_lite/18.1/nios2eds/bin/gnu/h-x86_64-mingw32/bin/../lib/gcc/nios2-elf/5.3.0/../../../../../H-x86_64-mingw32/nios2-elf/lib/mno-hw-mul\libsmallc.a(lib_a-memcmp.o)
                0x0000000000062e10                memcmp
 .text          0x0000000000062e40        0x0 d:/softwares/intelfpga_lite/18.1/nios2eds/bin/gnu/h-x86_64-mingw32/bin/../lib/gcc/nios2-elf/5.3.0/../../../../../H-x86_64-mingw32/nios2-elf/lib/mno-hw-mul\libsmallc.a(lib_a-memcpy.o)
 .text.memcpy   0x0000000000062e40       0x28 d:/softwares/intelfpga_lite/18.1/nios2eds/bin/gnu/h-x86_64-mingw32/bin/../lib/gcc/nios2-elf/5.3.0/../../../../../H-x86_64-mingw32/nios2-elf/lib/mno-hw-mul\libsmallc.a(lib_a-memcpy.o)
                0x0000000000062e40                memcpy
 .text          0x0000000000062e68        0x0 d:/softwares/intelfpga_lite/18.1/nios2eds/bin/gnu/h-x86_64-mingw32/bin/../lib/gcc/nios2-elf/5.3.0/../../../../../H-x86_64-mingw32/nios2-elf/lib/mno-hw-mul\libsmallc.a(lib_a-memmove.o)
 .text.memmove  0x0000000000062e68       0x60 d:/softwares/intelfpga_lite/18.1/nios2eds/bin/gnu/h-x86_64-mingw32/bin/../lib/gcc/nios2-elf/5.3.0/../../../../../H-x86_64-mingw32/nios2-elf/lib/mno-hw-mul\libsmallc.a(lib_a-memmove.o)
                0x0000000000062e68                memmove
 .text          0x0000000000062ec8        0x0 d:/softwares/intelfpga_lite/18.1/nios2eds/bin/gnu/h-x86_64-mingw32/bin/../lib/gcc/nios2-elf/5.3.0/../../../../../H-x86_64-mingw32/nios2-elf/lib/mno-hw-mul\libsmallc.a(lib_a-memset.o)
 .text.memset   0x0000000000062ec8       0x20 d:/softwares/intelfpga_lite/18.1/nios2eds/bin/gnu/h-x86_64-mingw32/bin/../lib/gcc/nios2-elf/5.3.0/../../../../../H-x86_64-mingw32/nios2-elf/lib/mno-hw-mul\libsmallc.a(lib_a-memset.o)
                0x0000000000062ec8                memset
 .text          0x0000000000062ee8        0x0 d:/softwares/intelfpga_lite/18.1/nios2eds/bin/gnu/h-x86_64-mingw32/bin/../lib/gcc/nios2-elf/5.3.0/../../../../../H-x86_64-mingw32/nios2-elf/lib/mno-hw-mul\libsmallc.a(lib_a-printf.o)
 .text._printf_r
                0x0000000000062ee8       0x3c d:/softwares/intelfpga_lite/18.1/nios2eds/bin/gnu/h-x86_64-mingw32/bin/../lib/gcc/nios2-elf/5.3.0/../../../../../H-x86_64-mingw32/nios2-elf/lib/mno-hw-mul\libsmallc.a(lib_a-printf.o)
                0x0000000000062ee8                _printf_r
 .text.printf   0x0000000000062f24       0x4c d:/softwares/intelfpga_lite/18.1/nios2eds/bin/gnu/h-x86_64-mingw32/bin/../lib/gcc/nios2-elf/5.3.0/../../../../../H-x86_64-mingw32/nios2-elf/lib/mno-hw-mul\libsmallc.a(lib_a-printf.o)
                0x0000000000062f24                printf
 .text          0x0000000000062f70        0x0 d:/softwares/intelfpga_lite/18.1/nios2eds/bin/gnu/h-x86_64-mingw32/bin/../lib/gcc/nios2-elf/5.3.0/../../../../../H-x86_64-mingw32/nios2-elf/lib/mno-hw-mul\libsmallc.a(lib_a-puts.o)
 .text._puts_r  0x0000000000062f70       0x80 d:/softwares/intelfpga_lite/18.1/nios2eds/bin/gnu/h-x86_64-mingw32/bin/../lib/gcc/nios2-elf/5.3.0/../../../../../H-x86_64-mingw32/nios2-elf/lib/mno-hw-mul\libsmallc.a(lib_a-puts.o)
                0x0000000000062f70                _puts_r
 .text.puts     0x0000000000062ff0       0x14 d:/softwares/intelfpga_lite/18.1/nios2eds/bin/gnu/h-x86_64-mingw32/bin/../lib/gcc/nios2-elf/5.3.0/../../../../../H-x86_64-mingw32/nios2-elf/lib/mno-hw-mul\libsmallc.a(lib_a-puts.o)
                0x0000000000062ff0                puts
 .text          0x0000000000063004        0x0 d:/softwares/intelfpga_lite/18.1/nios2eds/bin/gnu/h-x86_64-mingw32/bin/../lib/gcc/nios2-elf/5.3.0/../../../../../H-x86_64-mingw32/nios2-elf/lib/mno-hw-mul\libsmallc.a(lib_a-signal.o)
 .text._init_signal_r
                0x0000000000063004       0x68 d:/softwares/intelfpga_lite/18.1/nios2eds/bin/gnu/h-x86_64-mingw32/bin/../lib/gcc/nios2-elf/5.3.0/../../../../../H-x86_64-mingw32/nios2-elf/lib/mno-hw-mul\libsmallc.a(lib_a-signal.o)
                0x0000000000063004                _init_signal_r
 .text._signal_r
                0x000000000006306c       0x7c d:/softwares/intelfpga_lite/18.1/nios2eds/bin/gnu/h-x86_64-mingw32/bin/../lib/gcc/nios2-elf/5.3.0/../../../../../H-x86_64-mingw32/nios2-elf/lib/mno-hw-mul\libsmallc.a(lib_a-signal.o)
                0x000000000006306c                _signal_r
 .text._raise_r
                0x00000000000630e8       0xb4 d:/softwares/intelfpga_lite/18.1/nios2eds/bin/gnu/h-x86_64-mingw32/bin/../lib/gcc/nios2-elf/5.3.0/../../../../../H-x86_64-mingw32/nios2-elf/lib/mno-hw-mul\libsmallc.a(lib_a-signal.o)
                0x00000000000630e8                _raise_r
 .text.__sigtramp_r
                0x000000000006319c       0xa8 d:/softwares/intelfpga_lite/18.1/nios2eds/bin/gnu/h-x86_64-mingw32/bin/../lib/gcc/nios2-elf/5.3.0/../../../../../H-x86_64-mingw32/nios2-elf/lib/mno-hw-mul\libsmallc.a(lib_a-signal.o)
                0x000000000006319c                __sigtramp_r
 .text.raise    0x0000000000063244       0x14 d:/softwares/intelfpga_lite/18.1/nios2eds/bin/gnu/h-x86_64-mingw32/bin/../lib/gcc/nios2-elf/5.3.0/../../../../../H-x86_64-mingw32/nios2-elf/lib/mno-hw-mul\libsmallc.a(lib_a-signal.o)
                0x0000000000063244                raise
 .text.signal   0x0000000000063258       0x18 d:/softwares/intelfpga_lite/18.1/nios2eds/bin/gnu/h-x86_64-mingw32/bin/../lib/gcc/nios2-elf/5.3.0/../../../../../H-x86_64-mingw32/nios2-elf/lib/mno-hw-mul\libsmallc.a(lib_a-signal.o)
                0x0000000000063258                signal
 .text._init_signal
                0x0000000000063270       0x10 d:/softwares/intelfpga_lite/18.1/nios2eds/bin/gnu/h-x86_64-mingw32/bin/../lib/gcc/nios2-elf/5.3.0/../../../../../H-x86_64-mingw32/nios2-elf/lib/mno-hw-mul\libsmallc.a(lib_a-signal.o)
                0x0000000000063270                _init_signal
 .text.__sigtramp
                0x0000000000063280       0x14 d:/softwares/intelfpga_lite/18.1/nios2eds/bin/gnu/h-x86_64-mingw32/bin/../lib/gcc/nios2-elf/5.3.0/../../../../../H-x86_64-mingw32/nios2-elf/lib/mno-hw-mul\libsmallc.a(lib_a-signal.o)
                0x0000000000063280                __sigtramp
 .text          0x0000000000063294        0x0 d:/softwares/intelfpga_lite/18.1/nios2eds/bin/gnu/h-x86_64-mingw32/bin/../lib/gcc/nios2-elf/5.3.0/../../../../../H-x86_64-mingw32/nios2-elf/lib/mno-hw-mul\libsmallc.a(lib_a-signalr.o)
 .text._kill_r  0x0000000000063294       0x54 d:/softwares/intelfpga_lite/18.1/nios2eds/bin/gnu/h-x86_64-mingw32/bin/../lib/gcc/nios2-elf/5.3.0/../../../../../H-x86_64-mingw32/nios2-elf/lib/mno-hw-mul\libsmallc.a(lib_a-signalr.o)
                0x0000000000063294                _kill_r
 .text._getpid_r
                0x00000000000632e8        0x4 d:/softwares/intelfpga_lite/18.1/nios2eds/bin/gnu/h-x86_64-mingw32/bin/../lib/gcc/nios2-elf/5.3.0/../../../../../H-x86_64-mingw32/nios2-elf/lib/mno-hw-mul\libsmallc.a(lib_a-signalr.o)
                0x00000000000632e8                _getpid_r
 .text          0x00000000000632ec        0x0 d:/softwares/intelfpga_lite/18.1/nios2eds/bin/gnu/h-x86_64-mingw32/bin/../lib/gcc/nios2-elf/5.3.0/../../../../../H-x86_64-mingw32/nios2-elf/lib/mno-hw-mul\libsmallc.a(lib_a-strlen.o)
 .text.strlen   0x00000000000632ec       0x1c d:/softwares/intelfpga_lite/18.1/nios2eds/bin/gnu/h-x86_64-mingw32/bin/../lib/gcc/nios2-elf/5.3.0/../../../../../H-x86_64-mingw32/nios2-elf/lib/mno-hw-mul\libsmallc.a(lib_a-strlen.o)
                0x00000000000632ec                strlen
 .text          0x0000000000063308        0x0 d:/softwares/intelfpga_lite/18.1/nios2eds/bin/gnu/h-x86_64-mingw32/bin/../lib/gcc/nios2-elf/5.3.0/../../../../../H-x86_64-mingw32/nios2-elf/lib/mno-hw-mul\libsmallc.a(lib_a-strncmp.o)
 .text.strncmp  0x0000000000063308       0x60 d:/softwares/intelfpga_lite/18.1/nios2eds/bin/gnu/h-x86_64-mingw32/bin/../lib/gcc/nios2-elf/5.3.0/../../../../../H-x86_64-mingw32/nios2-elf/lib/mno-hw-mul\libsmallc.a(lib_a-strncmp.o)
                0x0000000000063308                strncmp
 .text          0x0000000000063368        0x0 d:/softwares/intelfpga_lite/18.1/nios2eds/bin/gnu/h-x86_64-mingw32/bin/../lib/gcc/nios2-elf/5.3.0/../../../../../H-x86_64-mingw32/nios2-elf/lib/mno-hw-mul\libsmallc.a(lib_a-strtol.o)
 .text._strtol_r
                0x0000000000063368      0x234 d:/softwares/intelfpga_lite/18.1/nios2eds/bin/gnu/h-x86_64-mingw32/bin/../lib/gcc/nios2-elf/5.3.0/../../../../../H-x86_64-mingw32/nios2-elf/lib/mno-hw-mul\libsmallc.a(lib_a-strtol.o)
                0x0000000000063368                _strtol_r
 .text.strtol   0x000000000006359c       0x1c d:/softwares/intelfpga_lite/18.1/nios2eds/bin/gnu/h-x86_64-mingw32/bin/../lib/gcc/nios2-elf/5.3.0/../../../../../H-x86_64-mingw32/nios2-elf/lib/mno-hw-mul\libsmallc.a(lib_a-strtol.o)
                0x000000000006359c                strtol
 .text          0x00000000000635b8        0x0 d:/softwares/intelfpga_lite/18.1/nios2eds/bin/gnu/h-x86_64-mingw32/bin/../lib/gcc/nios2-elf/5.3.0/../../../../../H-x86_64-mingw32/nios2-elf/lib/mno-hw-mul\libsmallc.a(lib_a-timesr.o)
 .text._times_r
                0x00000000000635b8        0x8 d:/softwares/intelfpga_lite/18.1/nios2eds/bin/gnu/h-x86_64-mingw32/bin/../lib/gcc/nios2-elf/5.3.0/../../../../../H-x86_64-mingw32/nios2-elf/lib/mno-hw-mul\libsmallc.a(lib_a-timesr.o)
                0x00000000000635b8                _times_r
 .text          0x00000000000635c0        0x0 d:/softwares/intelfpga_lite/18.1/nios2eds/bin/gnu/h-x86_64-mingw32/bin/../lib/gcc/nios2-elf/5.3.0/../../../../../H-x86_64-mingw32/nios2-elf/lib/mno-hw-mul\libsmallc.a(lib_a-vfprintf.o)
 .text.print_repeat
                0x00000000000635c0       0x6c d:/softwares/intelfpga_lite/18.1/nios2eds/bin/gnu/h-x86_64-mingw32/bin/../lib/gcc/nios2-elf/5.3.0/../../../../../H-x86_64-mingw32/nios2-elf/lib/mno-hw-mul\libsmallc.a(lib_a-vfprintf.o)
 .text.___vfprintf_internal_r
                0x000000000006362c      0x52c d:/softwares/intelfpga_lite/18.1/nios2eds/bin/gnu/h-x86_64-mingw32/bin/../lib/gcc/nios2-elf/5.3.0/../../../../../H-x86_64-mingw32/nios2-elf/lib/mno-hw-mul\libsmallc.a(lib_a-vfprintf.o)
                0x000000000006362c                ___vfprintf_internal_r
 .text.__vfprintf_internal
                0x0000000000063b58       0x1c d:/softwares/intelfpga_lite/18.1/nios2eds/bin/gnu/h-x86_64-mingw32/bin/../lib/gcc/nios2-elf/5.3.0/../../../../../H-x86_64-mingw32/nios2-elf/lib/mno-hw-mul\libsmallc.a(lib_a-vfprintf.o)
                0x0000000000063b58                __vfprintf_internal
 .text          0x0000000000063b74        0x0 d:/softwares/intelfpga_lite/18.1/nios2eds/bin/gnu/h-x86_64-mingw32/bin/../lib/gcc/nios2-elf/5.3.0/../../../../../H-x86_64-mingw32/nios2-elf/lib/mno-hw-mul\libsmallc.a(lib_a-fvwrite_small_dev.o)
 .text.__sfvwrite_small_dev
                0x0000000000063b74       0xb8 d:/softwares/intelfpga_lite/18.1/nios2eds/bin/gnu/h-x86_64-mingw32/bin/../lib/gcc/nios2-elf/5.3.0/../../../../../H-x86_64-mingw32/nios2-elf/lib/mno-hw-mul\libsmallc.a(lib_a-fvwrite_small_dev.o)
                0x0000000000063b74                __sfvwrite_small_dev
 .text          0x0000000000063c2c        0x0 d:/softwares/intelfpga_lite/18.1/nios2eds/bin/gnu/h-x86_64-mingw32/bin/../lib/gcc/nios2-elf/5.3.0/../../../../../H-x86_64-mingw32/nios2-elf/lib/mno-hw-mul\libsmallc.a(lib_a-int_errno.o)
 .text          0x0000000000063c2c        0x0 d:/softwares/intelfpga_lite/18.1/nios2eds/bin/gnu/h-x86_64-mingw32/bin/../lib/gcc/nios2-elf/5.3.0/../../../../../H-x86_64-mingw32/nios2-elf/lib/mno-hw-mul\libsmallc.a(lib_a-nano-mallocr.o)
 .text._malloc_r
                0x0000000000063c2c      0x158 d:/softwares/intelfpga_lite/18.1/nios2eds/bin/gnu/h-x86_64-mingw32/bin/../lib/gcc/nios2-elf/5.3.0/../../../../../H-x86_64-mingw32/nios2-elf/lib/mno-hw-mul\libsmallc.a(lib_a-nano-mallocr.o)
                0x0000000000063c2c                _malloc_r
 .text          0x0000000000063d84        0x0 d:/softwares/intelfpga_lite/18.1/nios2eds/bin/gnu/h-x86_64-mingw32/bin/../lib/gcc/nios2-elf/5.3.0/../../../../../H-x86_64-mingw32/nios2-elf/lib/mno-hw-mul\libsmallc.a(lib_a-sbrkr.o)
 .text._sbrk_r  0x0000000000063d84       0x50 d:/softwares/intelfpga_lite/18.1/nios2eds/bin/gnu/h-x86_64-mingw32/bin/../lib/gcc/nios2-elf/5.3.0/../../../../../H-x86_64-mingw32/nios2-elf/lib/mno-hw-mul\libsmallc.a(lib_a-sbrkr.o)
                0x0000000000063d84                _sbrk_r
 .text          0x0000000000063dd4        0x0 d:/softwares/intelfpga_lite/18.1/nios2eds/bin/gnu/h-x86_64-mingw32/bin/../lib/gcc/nios2-elf/5.3.0/../../../../../H-x86_64-mingw32/nios2-elf/lib/mno-hw-mul\libsmallc.a(lib_a-writer.o)
 .text._write_r
                0x0000000000063dd4       0x58 d:/softwares/intelfpga_lite/18.1/nios2eds/bin/gnu/h-x86_64-mingw32/bin/../lib/gcc/nios2-elf/5.3.0/../../../../../H-x86_64-mingw32/nios2-elf/lib/mno-hw-mul\libsmallc.a(lib_a-writer.o)
                0x0000000000063dd4                _write_r
 .text          0x0000000000063e2c       0x14 ../ECE385_bsp/\libhal_bsp.a(alt_exit.o)
                0x0000000000063e2c                _exit
 .text          0x0000000000063e40        0x8 ../ECE385_bsp/\libhal_bsp.a(alt_getpid.o)
                0x0000000000063e40                getpid
 .text          0x0000000000063e48       0xfc ../ECE385_bsp/\libhal_bsp.a(alt_kill.o)
                0x0000000000063e48                kill
 .text          0x0000000000063f44       0xe0 ../ECE385_bsp/\libhal_bsp.a(alt_load.o)
                0x0000000000063f44                alt_load
 .text          0x0000000000064024       0x50 ../ECE385_bsp/\libhal_bsp.a(alt_main.o)
                0x0000000000064024                alt_main
 .text          0x0000000000064074       0x4c ../ECE385_bsp/\libhal_bsp.a(alt_sbrk.o)
                0x0000000000064074                sbrk
 .text          0x00000000000640c0       0x60 ../ECE385_bsp/\libhal_bsp.a(alt_times.o)
                0x00000000000640c0                times
 .text          0x0000000000064120      0x110 ../ECE385_bsp/\libhal_bsp.a(alt_write.o)
                0x0000000000064120                write
 .text          0x0000000000064230       0xa8 ../ECE385_bsp/\libhal_bsp.a(alt_sys_init.o)
                0x0000000000064230                alt_irq_init
                0x0000000000064250                alt_sys_init
 .text          0x00000000000642d8       0x20 ../ECE385_bsp/\libhal_bsp.a(altera_avalon_jtag_uart_fd.o)
                0x00000000000642d8                altera_avalon_jtag_uart_read_fd
                0x00000000000642e8                altera_avalon_jtag_uart_write_fd
 .text          0x00000000000642f8       0x74 ../ECE385_bsp/\libhal_bsp.a(altera_avalon_jtag_uart_read.o)
                0x00000000000642f8                altera_avalon_jtag_uart_read
 .text          0x000000000006436c       0x34 ../ECE385_bsp/\libhal_bsp.a(altera_avalon_jtag_uart_write.o)
                0x000000000006436c                altera_avalon_jtag_uart_write
 .text          0x00000000000643a0      0x79c ../ECE385_bsp/\libhal_bsp.a(altera_avalon_sgdma.o)
                0x00000000000643fc                alt_avalon_sgdma_do_async_transfer
                0x0000000000064484                alt_avalon_sgdma_do_sync_transfer
                0x0000000000064508                alt_avalon_sgdma_construct_mem_to_mem_desc_burst
                0x0000000000064630                alt_avalon_sgdma_construct_mem_to_mem_desc
                0x0000000000064668                alt_avalon_sgdma_construct_stream_to_mem_desc_burst
                0x000000000006473c                alt_avalon_sgdma_construct_stream_to_mem_desc
                0x0000000000064764                alt_avalon_sgdma_register_callback
                0x0000000000064774                alt_avalon_sgdma_start
                0x000000000006478c                alt_avalon_sgdma_stop
                0x00000000000647a8                alt_avalon_sgdma_check_descriptor_status
                0x00000000000647d4                alt_avalon_sgdma_open
                0x0000000000064824                alt_avalon_sgdma_enable_desc_poll
                0x0000000000064854                alt_avalon_sgdma_disable_desc_poll
                0x0000000000064874                alt_avalon_sgdma_construct_descriptor_burst
                0x00000000000649d4                alt_avalon_sgdma_construct_mem_to_stream_desc_burst
                0x0000000000064a24                alt_avalon_sgdma_construct_mem_to_stream_desc
                0x0000000000064a70                alt_avalon_sgdma_construct_descriptor
                0x0000000000064ab8                alt_avalon_sgdma_init
 .text          0x0000000000064b3c       0x84 ../ECE385_bsp/\libhal_bsp.a(altera_avalon_timer_sc.o)
                0x0000000000064b78                alt_avalon_timer_sc_init
 .text          0x0000000000064bc0       0xc0 ../ECE385_bsp/\libhal_bsp.a(alt_close.o)
                0x0000000000064bc0                close
 .text          0x0000000000064c80        0x4 ../ECE385_bsp/\libhal_bsp.a(alt_dcache_flush.o)
                0x0000000000064c80                alt_dcache_flush
 .text          0x0000000000064c84        0x4 ../ECE385_bsp/\libhal_bsp.a(alt_dcache_flush_all.o)
                0x0000000000064c84                alt_dcache_flush_all
 .text          0x0000000000064c88        0x8 ../ECE385_bsp/\libhal_bsp.a(alt_dev.o)
 .text          0x0000000000064c90       0x6c ../ECE385_bsp/\libhal_bsp.a(alt_dev_llist_insert.o)
                0x0000000000064c90                alt_dev_llist_insert
 .text          0x0000000000064cfc        0x0 ../ECE385_bsp/\libhal_bsp.a(alt_errno.o)
 .text          0x0000000000064cfc       0x78 ../ECE385_bsp/\libhal_bsp.a(alt_find_dev.o)
                0x0000000000064cfc                alt_find_dev
 .text          0x0000000000064d74        0x4 ../ECE385_bsp/\libhal_bsp.a(alt_icache_flush_all.o)
                0x0000000000064d74                alt_icache_flush_all
 .text          0x0000000000064d78       0x8c ../ECE385_bsp/\libhal_bsp.a(alt_iic.o)
                0x0000000000064d78                alt_ic_isr_register
                0x0000000000064d7c                alt_ic_irq_enable
                0x0000000000064db4                alt_ic_irq_disable
                0x0000000000064dec                alt_ic_irq_enabled
 .text          0x0000000000064e04       0x68 ../ECE385_bsp/\libhal_bsp.a(alt_iic_isr_register.o)
                0x0000000000064e04                alt_iic_isr_register
 .text          0x0000000000064e6c      0x100 ../ECE385_bsp/\libhal_bsp.a(alt_io_redirect.o)
                0x0000000000064ef8                alt_io_redirect
 .text          0x0000000000064f6c        0x0 ../ECE385_bsp/\libhal_bsp.a(alt_irq_entry.o)
 .text          0x0000000000064f6c        0x0 ../ECE385_bsp/\libhal_bsp.a(alt_irq_handler.o)
 .text          0x0000000000064f6c        0x0 ../ECE385_bsp/\libhal_bsp.a(alt_irq_vars.o)
 .text          0x0000000000064f6c      0x188 ../ECE385_bsp/\libhal_bsp.a(alt_open.o)
                0x0000000000064f6c                open
 .text          0x00000000000650f4       0x5c ../ECE385_bsp/\libhal_bsp.a(alt_release_fd.o)
                0x00000000000650f4                alt_release_fd
 .text          0x0000000000065150      0x128 ../ECE385_bsp/\libhal_bsp.a(alt_tick.o)
                0x0000000000065150                alt_alarm_stop
                0x0000000000065184                alt_tick
 .text          0x0000000000065278        0x8 ../ECE385_bsp/\libhal_bsp.a(altera_nios2_gen2_irq.o)
                0x0000000000065278                altera_nios2_gen2_irq_init
 .text          0x0000000000065280        0x0 ../ECE385_bsp/\libhal_bsp.a(alt_exception_entry.o)
 .text          0x0000000000065280       0xac ../ECE385_bsp/\libhal_bsp.a(alt_find_file.o)
                0x0000000000065280                alt_find_file
 .text          0x000000000006532c       0x88 ../ECE385_bsp/\libhal_bsp.a(alt_get_fd.o)
                0x000000000006532c                alt_get_fd
 .text          0x00000000000653b4       0x74 ../ECE385_bsp/\libhal_bsp.a(alt_instruction_exception_entry.o)
                0x00000000000653b4                alt_exception_cause_generated_bad_addr
 .text          0x0000000000065428        0x0 d:/softwares/intelfpga_lite/18.1/nios2eds/bin/gnu/h-x86_64-mingw32/bin/../lib/gcc/nios2-elf/5.3.0/../../../../../H-x86_64-mingw32/nios2-elf/lib/mno-hw-mul\libsmallc.a(lib_a-exit.o)
 .text.exit     0x0000000000065428       0x20 d:/softwares/intelfpga_lite/18.1/nios2eds/bin/gnu/h-x86_64-mingw32/bin/../lib/gcc/nios2-elf/5.3.0/../../../../../H-x86_64-mingw32/nios2-elf/lib/mno-hw-mul\libsmallc.a(lib_a-exit.o)
                0x0000000000065428                exit
 .text          0x0000000000065448        0x0 d:/softwares/intelfpga_lite/18.1/nios2eds/bin/gnu/h-x86_64-mingw32/bin/../lib/gcc/nios2-elf/5.3.0/../../../../../H-x86_64-mingw32/nios2-elf/lib/mno-hw-mul\libsmallc.a(lib_a-__call_atexit.o)
 .text.__call_exitprocs
                0x0000000000065448      0x190 d:/softwares/intelfpga_lite/18.1/nios2eds/bin/gnu/h-x86_64-mingw32/bin/../lib/gcc/nios2-elf/5.3.0/../../../../../H-x86_64-mingw32/nios2-elf/lib/mno-hw-mul\libsmallc.a(lib_a-__call_atexit.o)
                0x0000000000065448                __call_exitprocs
 *(.gnu.warning.*)
 *(.fini)
                [!provide]                        PROVIDE (__etext, ABSOLUTE (.))
                [!provide]                        PROVIDE (_etext, ABSOLUTE (.))
                [!provide]                        PROVIDE (etext, ABSOLUTE (.))
 *(.eh_frame_hdr)
                0x00000000000655d8                . = ALIGN (0x4)
                [!provide]                        PROVIDE (__preinit_array_start, ABSOLUTE (.))
 *(.preinit_array)
                [!provide]                        PROVIDE (__preinit_array_end, ABSOLUTE (.))
                [!provide]                        PROVIDE (__init_array_start, ABSOLUTE (.))
 *(.init_array)
                [!provide]                        PROVIDE (__init_array_end, ABSOLUTE (.))
                [!provide]                        PROVIDE (__fini_array_start, ABSOLUTE (.))
 *(.fini_array)
                [!provide]                        PROVIDE (__fini_array_end, ABSOLUTE (.))
 *(.eh_frame)
 *(.gcc_except_table .gcc_except_table.*)
 *(.dynamic)
                [!provide]                        PROVIDE (__CTOR_LIST__, ABSOLUTE (.))
 *(.ctors)
 *(SORT(.ctors.*))
                [!provide]                        PROVIDE (__CTOR_END__, ABSOLUTE (.))
                [!provide]                        PROVIDE (__DTOR_LIST__, ABSOLUTE (.))
 *(.dtors)
 *(SORT(.dtors.*))
                [!provide]                        PROVIDE (__DTOR_END__, ABSOLUTE (.))
 *(.jcr)
                0x00000000000655d8                . = ALIGN (0x4)

.rodata         0x00000000000655d8     0x33c4
                0x00000000000655d8                PROVIDE (__ram_rodata_start, ABSOLUTE (.))
                0x00000000000655d8                . = ALIGN (0x4)
 *(.rodata .rodata.* .gnu.linkonce.r.*)
 .rodata.str1.4
                0x00000000000655d8       0x9e obj/default/ethernet.o
 *fill*         0x0000000000065676        0x2 
 .rodata.str1.4
                0x0000000000065678       0x9f obj/default/lwip/core/dns.o
 *fill*         0x0000000000065717        0x1 
 .rodata        0x0000000000065718       0x30 obj/default/lwip/core/dns.o
                0x0000000000065718                dns_mquery_v6group
                0x0000000000065730                dns_mquery_v4group
 .rodata.str1.4
                0x0000000000065748       0x22 obj/default/lwip/core/inet_chksum.o
                                         0x4c (size before relaxing)
 *fill*         0x000000000006576a        0x2 
 .rodata        0x000000000006576c       0x18 obj/default/lwip/core/ip.o
                0x000000000006576c                ip_addr_any_type
 .rodata.str1.4
                0x0000000000065784       0x81 obj/default/lwip/core/ipv4/autoip.o
                                         0xa9 (size before relaxing)
 *fill*         0x0000000000065805        0x3 
 .rodata.str1.4
                0x0000000000065808      0x350 obj/default/lwip/core/ipv4/dhcp.o
                                        0x3a9 (size before relaxing)
 .rodata.str1.4
                0x0000000000065b58      0x1b2 obj/default/lwip/core/ipv4/etharp.o
                                        0x1ea (size before relaxing)
 *fill*         0x0000000000065d0a        0x2 
 .rodata.str1.4
                0x0000000000065d0c       0xae obj/default/lwip/core/ipv4/icmp.o
                                         0xd6 (size before relaxing)
 *fill*         0x0000000000065dba        0x2 
 .rodata.str1.4
                0x0000000000065dbc      0x30d obj/default/lwip/core/ipv4/igmp.o
                                        0x335 (size before relaxing)
 *fill*         0x00000000000660c9        0x3 
 .rodata.str1.4
                0x00000000000660cc       0x51 obj/default/lwip/core/ipv4/ip4.o
                                         0x79 (size before relaxing)
 *fill*         0x000000000006611d        0x3 
 .rodata.str1.4
                0x0000000000066120       0x26 obj/default/lwip/core/ipv4/ip4_addr.o
                                         0x50 (size before relaxing)
 *fill*         0x0000000000066146        0x2 
 .rodata        0x0000000000066148       0x30 obj/default/lwip/core/ipv4/ip4_addr.o
                0x0000000000066148                ip_addr_broadcast
                0x0000000000066160                ip_addr_any
 .rodata.str1.4
                0x0000000000066178      0x197 obj/default/lwip/core/ipv4/ip4_frag.o
                                        0x1cb (size before relaxing)
 *fill*         0x000000000006630f        0x1 
 .rodata.str1.4
                0x0000000000066310       0x95 obj/default/lwip/core/ipv6/icmp6.o
                                         0xbd (size before relaxing)
 *fill*         0x00000000000663a5        0x3 
 .rodata.str1.4
                0x00000000000663a8       0x46 obj/default/lwip/core/ipv6/ip6.o
                                         0x7a (size before relaxing)
 *fill*         0x00000000000663ee        0x2 
 .rodata        0x00000000000663f0       0x18 obj/default/lwip/core/ipv6/ip6_addr.o
                0x00000000000663f0                ip6_addr_any
 .rodata.str1.4
                0x0000000000066408      0x117 obj/default/lwip/core/ipv6/ip6_frag.o
                                        0x228 (size before relaxing)
 *fill*         0x000000000006651f        0x1 
 .rodata.str1.4
                0x0000000000066520       0x83 obj/default/lwip/core/ipv6/nd6.o
                                         0xd6 (size before relaxing)
 *fill*         0x00000000000665a3        0x1 
 .rodata.str1.4
                0x00000000000665a4      0x173 obj/default/lwip/core/mem.o
                                        0x19b (size before relaxing)
 *fill*         0x0000000000066717        0x1 
 .rodata.str1.4
                0x0000000000066718       0xa7 obj/default/lwip/core/memp.o
                                         0xcf (size before relaxing)
 *fill*         0x00000000000667bf        0x1 
 .rodata        0x00000000000667c0       0xf0 obj/default/lwip/core/memp.o
                0x00000000000667c0                memp_pools
                0x00000000000667fc                memp_PBUF_POOL
                0x0000000000066808                memp_PBUF
                0x0000000000066814                memp_MLD6_GROUP
                0x0000000000066820                memp_IP6_REASSDATA
                0x000000000006682c                memp_ND6_QUEUE
                0x0000000000066838                memp_SYS_TIMEOUT
                0x0000000000066844                memp_IGMP_GROUP
                0x0000000000066850                memp_ARP_QUEUE
                0x000000000006685c                memp_FRAG_PBUF
                0x0000000000066868                memp_REASSDATA
                0x0000000000066874                memp_TCP_SEG
                0x0000000000066880                memp_TCP_PCB_LISTEN
                0x000000000006688c                memp_TCP_PCB
                0x0000000000066898                memp_UDP_PCB
                0x00000000000668a4                memp_RAW_PCB
 .rodata.str1.4
                0x00000000000668b0      0x317 obj/default/lwip/core/netif.o
                                        0x34f (size before relaxing)
 *fill*         0x0000000000066bc7        0x1 
 .rodata.str1.4
                0x0000000000066bc8      0x3b1 obj/default/lwip/core/pbuf.o
                                        0x3e5 (size before relaxing)
 *fill*         0x0000000000066f79        0x3 
 .rodata.str1.4
                0x0000000000066f7c       0xa6 obj/default/lwip/core/raw.o
                                         0xce (size before relaxing)
 *fill*         0x0000000000067022        0x2 
 .rodata.str1.4
                0x0000000000067024      0x746 obj/default/lwip/core/tcp.o
                                        0x77e (size before relaxing)
 *fill*         0x000000000006776a        0x2 
 .rodata        0x000000000006776c       0x4c obj/default/lwip/core/tcp.o
                0x000000000006776c                tcp_pcb_lists
 .rodata.str1.4
                0x00000000000677b8      0x3ca obj/default/lwip/core/tcp_in.o
                                        0x3f2 (size before relaxing)
 *fill*         0x0000000000067b82        0x2 
 .rodata.str1.4
                0x0000000000067b84      0x743 obj/default/lwip/core/tcp_out.o
                                        0x76b (size before relaxing)
 *fill*         0x00000000000682c7        0x1 
 .rodata.str1.4
                0x00000000000682c8       0x8e obj/default/lwip/core/timeouts.o
                                         0xb6 (size before relaxing)
 *fill*         0x0000000000068356        0x2 
 .rodata        0x0000000000068358       0x58 obj/default/lwip/core/timeouts.o
                0x0000000000068358                lwip_cyclic_timers
 .rodata.str1.4
                0x00000000000683b0      0x2d0 obj/default/lwip/core/udp.o
                                        0x2f8 (size before relaxing)
 .rodata.str1.4
                0x0000000000068680       0x49 obj/default/lwip/netif/ethernet.o
                                         0x74 (size before relaxing)
 *fill*         0x00000000000686c9        0x3 
 .rodata.str1.4
                0x00000000000686cc       0x28 obj/default/main.o
 .rodata._ctype_
                0x00000000000686f4      0x101 d:/softwares/intelfpga_lite/18.1/nios2eds/bin/gnu/h-x86_64-mingw32/bin/../lib/gcc/nios2-elf/5.3.0/../../../../../H-x86_64-mingw32/nios2-elf/lib/mno-hw-mul\libsmallc.a(lib_a-ctype_.o)
                0x00000000000686f4                _ctype_
 .rodata._ctype_b
                0x00000000000687f5      0x180 d:/softwares/intelfpga_lite/18.1/nios2eds/bin/gnu/h-x86_64-mingw32/bin/../lib/gcc/nios2-elf/5.3.0/../../../../../H-x86_64-mingw32/nios2-elf/lib/mno-hw-mul\libsmallc.a(lib_a-ctype_.o)
 .rodata.str1.4
                0x0000000000068975       0x28 d:/softwares/intelfpga_lite/18.1/nios2eds/bin/gnu/h-x86_64-mingw32/bin/../lib/gcc/nios2-elf/5.3.0/../../../../../H-x86_64-mingw32/nios2-elf/lib/mno-hw-mul\libsmallc.a(lib_a-puts.o)
                                          0x2 (size before relaxing)
 *fill*         0x0000000000068975        0x3 
 .rodata.str1.4
                0x0000000000068978       0x15 ../ECE385_bsp/\libhal_bsp.a(alt_main.o)
 .rodata.str1.4
                0x000000000006898d       0x65 ../ECE385_bsp/\libhal_bsp.a(alt_sys_init.o)
 *fill*         0x000000000006898d        0x3 
 .rodata.str1.4
                0x0000000000068990        0xc ../ECE385_bsp/\libhal_bsp.a(alt_dev.o)
                                          0xa (size before relaxing)
 *(.rodata1)
                0x000000000006899c                . = ALIGN (0x4)
                0x000000000006899c                PROVIDE (__ram_rodata_end, ABSOLUTE (.))
                0x00000000000655d8                PROVIDE (__flash_rodata_start, LOADADDR (.rodata))

.rwdata         0x000000000006899c      0x43c load address 0x0000000000068dd8
                0x000000000006899c                PROVIDE (__ram_rwdata_start, ABSOLUTE (.))
                0x000000000006899c                . = ALIGN (0x4)
 *(.got.plt)
 *(.got)
 *(.data1)
 *(.data .data.* .gnu.linkonce.d.*)
 .data          0x000000000006899c        0x0 ../ECE385_bsp//obj/HAL/src/crt0.o
 .data          0x000000000006899c        0x0 obj/default/ethernet.o
 .data          0x000000000006899c        0x0 obj/default/lwip/core/altcp.o
 .data          0x000000000006899c        0x0 obj/default/lwip/core/altcp_alloc.o
 .data          0x000000000006899c        0x0 obj/default/lwip/core/altcp_tcp.o
 .data          0x000000000006899c        0x0 obj/default/lwip/core/def.o
 .data          0x000000000006899c        0x0 obj/default/lwip/core/dns.o
 .data          0x000000000006899c        0x0 obj/default/lwip/core/inet_chksum.o
 .data          0x000000000006899c        0x0 obj/default/lwip/core/init.o
 .data          0x000000000006899c        0x0 obj/default/lwip/core/ip.o
 .data          0x000000000006899c        0x0 obj/default/lwip/core/ipv4/autoip.o
 .data          0x000000000006899c        0x0 obj/default/lwip/core/ipv4/dhcp.o
 .data          0x000000000006899c        0x0 obj/default/lwip/core/ipv4/etharp.o
 .data          0x000000000006899c        0x0 obj/default/lwip/core/ipv4/icmp.o
 .data          0x000000000006899c        0x0 obj/default/lwip/core/ipv4/igmp.o
 .data          0x000000000006899c        0x0 obj/default/lwip/core/ipv4/ip4.o
 .data          0x000000000006899c        0x0 obj/default/lwip/core/ipv4/ip4_addr.o
 .data          0x000000000006899c        0x0 obj/default/lwip/core/ipv4/ip4_frag.o
 .data          0x000000000006899c        0x0 obj/default/lwip/core/ipv6/dhcp6.o
 .data          0x000000000006899c        0x0 obj/default/lwip/core/ipv6/ethip6.o
 .data          0x000000000006899c        0x0 obj/default/lwip/core/ipv6/icmp6.o
 .data          0x000000000006899c        0x0 obj/default/lwip/core/ipv6/inet6.o
 .data          0x000000000006899c        0x0 obj/default/lwip/core/ipv6/ip6.o
 .data          0x000000000006899c        0x0 obj/default/lwip/core/ipv6/ip6_addr.o
 .data          0x000000000006899c        0x0 obj/default/lwip/core/ipv6/ip6_frag.o
 .data          0x000000000006899c        0x0 obj/default/lwip/core/ipv6/mld6.o
 .data          0x000000000006899c        0x0 obj/default/lwip/core/ipv6/nd6.o
 .data          0x000000000006899c        0x0 obj/default/lwip/core/mem.o
 .data          0x000000000006899c        0x0 obj/default/lwip/core/memp.o
 .data          0x000000000006899c        0x0 obj/default/lwip/core/netif.o
 .data          0x000000000006899c        0x0 obj/default/lwip/core/pbuf.o
 .data          0x000000000006899c        0x0 obj/default/lwip/core/raw.o
 .data          0x000000000006899c        0x0 obj/default/lwip/core/stats.o
 .data          0x000000000006899c        0x0 obj/default/lwip/core/sys.o
 .data          0x000000000006899c        0x0 obj/default/lwip/core/tcp.o
 .data          0x000000000006899c        0x0 obj/default/lwip/core/tcp_in.o
 .data          0x000000000006899c        0x0 obj/default/lwip/core/tcp_out.o
 .data          0x000000000006899c        0x0 obj/default/lwip/core/timeouts.o
 .data          0x000000000006899c        0x0 obj/default/lwip/core/udp.o
 .data          0x000000000006899c        0x0 obj/default/lwip/netif/ethernet.o
 .data          0x000000000006899c        0x0 obj/default/lwip_port/compat.o
 .data          0x000000000006899c        0x0 obj/default/main.o
 .data          0x000000000006899c        0x0 obj/default/rng.o
 .data          0x000000000006899c       0x40 obj/default/sprites.o
                0x000000000006899c                vga_bullets
                0x00000000000689ac                vga_planes
                0x00000000000689bc                vga_planes_sprite_data
 .data          0x00000000000689dc        0x0 obj/default/vga.o
 .data          0x00000000000689dc        0x0 d:/softwares/intelfpga_lite/18.1/nios2eds/bin/gnu/h-x86_64-mingw32/bin/../lib/gcc/nios2-elf/5.3.0/mno-hw-mul\libgcc.a(lib2-divmod.o)
 .data          0x00000000000689dc        0x0 d:/softwares/intelfpga_lite/18.1/nios2eds/bin/gnu/h-x86_64-mingw32/bin/../lib/gcc/nios2-elf/5.3.0/mno-hw-mul\libgcc.a(lib2-mul.o)
 .data          0x00000000000689dc        0x0 d:/softwares/intelfpga_lite/18.1/nios2eds/bin/gnu/h-x86_64-mingw32/bin/../lib/gcc/nios2-elf/5.3.0/../../../../../H-x86_64-mingw32/nios2-elf/lib/mno-hw-mul\libsmallc.a(lib_a-abort.o)
 .data          0x00000000000689dc        0x0 d:/softwares/intelfpga_lite/18.1/nios2eds/bin/gnu/h-x86_64-mingw32/bin/../lib/gcc/nios2-elf/5.3.0/../../../../../H-x86_64-mingw32/nios2-elf/lib/mno-hw-mul\libsmallc.a(lib_a-atoi.o)
 .data          0x00000000000689dc        0x0 d:/softwares/intelfpga_lite/18.1/nios2eds/bin/gnu/h-x86_64-mingw32/bin/../lib/gcc/nios2-elf/5.3.0/../../../../../H-x86_64-mingw32/nios2-elf/lib/mno-hw-mul\libsmallc.a(lib_a-clock.o)
 .data          0x00000000000689dc        0x0 d:/softwares/intelfpga_lite/18.1/nios2eds/bin/gnu/h-x86_64-mingw32/bin/../lib/gcc/nios2-elf/5.3.0/../../../../../H-x86_64-mingw32/nios2-elf/lib/mno-hw-mul\libsmallc.a(lib_a-ctype_.o)
 .data          0x00000000000689dc        0x0 d:/softwares/intelfpga_lite/18.1/nios2eds/bin/gnu/h-x86_64-mingw32/bin/../lib/gcc/nios2-elf/5.3.0/../../../../../H-x86_64-mingw32/nios2-elf/lib/mno-hw-mul\libsmallc.a(lib_a-impure.o)
 .data.impure_data
                0x00000000000689dc       0xe0 d:/softwares/intelfpga_lite/18.1/nios2eds/bin/gnu/h-x86_64-mingw32/bin/../lib/gcc/nios2-elf/5.3.0/../../../../../H-x86_64-mingw32/nios2-elf/lib/mno-hw-mul\libsmallc.a(lib_a-impure.o)
 .data          0x0000000000068abc        0x0 d:/softwares/intelfpga_lite/18.1/nios2eds/bin/gnu/h-x86_64-mingw32/bin/../lib/gcc/nios2-elf/5.3.0/../../../../../H-x86_64-mingw32/nios2-elf/lib/mno-hw-mul\libsmallc.a(lib_a-memcmp.o)
 .data          0x0000000000068abc        0x0 d:/softwares/intelfpga_lite/18.1/nios2eds/bin/gnu/h-x86_64-mingw32/bin/../lib/gcc/nios2-elf/5.3.0/../../../../../H-x86_64-mingw32/nios2-elf/lib/mno-hw-mul\libsmallc.a(lib_a-memcpy.o)
 .data          0x0000000000068abc        0x0 d:/softwares/intelfpga_lite/18.1/nios2eds/bin/gnu/h-x86_64-mingw32/bin/../lib/gcc/nios2-elf/5.3.0/../../../../../H-x86_64-mingw32/nios2-elf/lib/mno-hw-mul\libsmallc.a(lib_a-memmove.o)
 .data          0x0000000000068abc        0x0 d:/softwares/intelfpga_lite/18.1/nios2eds/bin/gnu/h-x86_64-mingw32/bin/../lib/gcc/nios2-elf/5.3.0/../../../../../H-x86_64-mingw32/nios2-elf/lib/mno-hw-mul\libsmallc.a(lib_a-memset.o)
 .data          0x0000000000068abc        0x0 d:/softwares/intelfpga_lite/18.1/nios2eds/bin/gnu/h-x86_64-mingw32/bin/../lib/gcc/nios2-elf/5.3.0/../../../../../H-x86_64-mingw32/nios2-elf/lib/mno-hw-mul\libsmallc.a(lib_a-printf.o)
 .data          0x0000000000068abc        0x0 d:/softwares/intelfpga_lite/18.1/nios2eds/bin/gnu/h-x86_64-mingw32/bin/../lib/gcc/nios2-elf/5.3.0/../../../../../H-x86_64-mingw32/nios2-elf/lib/mno-hw-mul\libsmallc.a(lib_a-puts.o)
 .data          0x0000000000068abc        0x0 d:/softwares/intelfpga_lite/18.1/nios2eds/bin/gnu/h-x86_64-mingw32/bin/../lib/gcc/nios2-elf/5.3.0/../../../../../H-x86_64-mingw32/nios2-elf/lib/mno-hw-mul\libsmallc.a(lib_a-signal.o)
 .data          0x0000000000068abc        0x0 d:/softwares/intelfpga_lite/18.1/nios2eds/bin/gnu/h-x86_64-mingw32/bin/../lib/gcc/nios2-elf/5.3.0/../../../../../H-x86_64-mingw32/nios2-elf/lib/mno-hw-mul\libsmallc.a(lib_a-signalr.o)
 .data          0x0000000000068abc        0x0 d:/softwares/intelfpga_lite/18.1/nios2eds/bin/gnu/h-x86_64-mingw32/bin/../lib/gcc/nios2-elf/5.3.0/../../../../../H-x86_64-mingw32/nios2-elf/lib/mno-hw-mul\libsmallc.a(lib_a-strlen.o)
 .data          0x0000000000068abc        0x0 d:/softwares/intelfpga_lite/18.1/nios2eds/bin/gnu/h-x86_64-mingw32/bin/../lib/gcc/nios2-elf/5.3.0/../../../../../H-x86_64-mingw32/nios2-elf/lib/mno-hw-mul\libsmallc.a(lib_a-strncmp.o)
 .data          0x0000000000068abc        0x0 d:/softwares/intelfpga_lite/18.1/nios2eds/bin/gnu/h-x86_64-mingw32/bin/../lib/gcc/nios2-elf/5.3.0/../../../../../H-x86_64-mingw32/nios2-elf/lib/mno-hw-mul\libsmallc.a(lib_a-strtol.o)
 .data          0x0000000000068abc        0x0 d:/softwares/intelfpga_lite/18.1/nios2eds/bin/gnu/h-x86_64-mingw32/bin/../lib/gcc/nios2-elf/5.3.0/../../../../../H-x86_64-mingw32/nios2-elf/lib/mno-hw-mul\libsmallc.a(lib_a-timesr.o)
 .data          0x0000000000068abc        0x0 d:/softwares/intelfpga_lite/18.1/nios2eds/bin/gnu/h-x86_64-mingw32/bin/../lib/gcc/nios2-elf/5.3.0/../../../../../H-x86_64-mingw32/nios2-elf/lib/mno-hw-mul\libsmallc.a(lib_a-vfprintf.o)
 .data          0x0000000000068abc        0x0 d:/softwares/intelfpga_lite/18.1/nios2eds/bin/gnu/h-x86_64-mingw32/bin/../lib/gcc/nios2-elf/5.3.0/../../../../../H-x86_64-mingw32/nios2-elf/lib/mno-hw-mul\libsmallc.a(lib_a-fvwrite_small_dev.o)
 .data          0x0000000000068abc        0x0 d:/softwares/intelfpga_lite/18.1/nios2eds/bin/gnu/h-x86_64-mingw32/bin/../lib/gcc/nios2-elf/5.3.0/../../../../../H-x86_64-mingw32/nios2-elf/lib/mno-hw-mul\libsmallc.a(lib_a-int_errno.o)
 .data          0x0000000000068abc        0x0 d:/softwares/intelfpga_lite/18.1/nios2eds/bin/gnu/h-x86_64-mingw32/bin/../lib/gcc/nios2-elf/5.3.0/../../../../../H-x86_64-mingw32/nios2-elf/lib/mno-hw-mul\libsmallc.a(lib_a-nano-mallocr.o)
 .data          0x0000000000068abc        0x0 d:/softwares/intelfpga_lite/18.1/nios2eds/bin/gnu/h-x86_64-mingw32/bin/../lib/gcc/nios2-elf/5.3.0/../../../../../H-x86_64-mingw32/nios2-elf/lib/mno-hw-mul\libsmallc.a(lib_a-sbrkr.o)
 .data          0x0000000000068abc        0x0 d:/softwares/intelfpga_lite/18.1/nios2eds/bin/gnu/h-x86_64-mingw32/bin/../lib/gcc/nios2-elf/5.3.0/../../../../../H-x86_64-mingw32/nios2-elf/lib/mno-hw-mul\libsmallc.a(lib_a-writer.o)
 .data          0x0000000000068abc        0x0 ../ECE385_bsp/\libhal_bsp.a(alt_exit.o)
 .data          0x0000000000068abc        0x0 ../ECE385_bsp/\libhal_bsp.a(alt_getpid.o)
 .data          0x0000000000068abc        0x0 ../ECE385_bsp/\libhal_bsp.a(alt_kill.o)
 .data          0x0000000000068abc        0x0 ../ECE385_bsp/\libhal_bsp.a(alt_load.o)
 .data          0x0000000000068abc        0x0 ../ECE385_bsp/\libhal_bsp.a(alt_main.o)
 .data          0x0000000000068abc        0x0 ../ECE385_bsp/\libhal_bsp.a(alt_sbrk.o)
 .data          0x0000000000068abc        0x0 ../ECE385_bsp/\libhal_bsp.a(alt_times.o)
 .data          0x0000000000068abc        0x0 ../ECE385_bsp/\libhal_bsp.a(alt_write.o)
 .data          0x0000000000068abc       0xec ../ECE385_bsp/\libhal_bsp.a(alt_sys_init.o)
 .data          0x0000000000068ba8        0x0 ../ECE385_bsp/\libhal_bsp.a(altera_avalon_jtag_uart_fd.o)
 .data          0x0000000000068ba8        0x0 ../ECE385_bsp/\libhal_bsp.a(altera_avalon_jtag_uart_read.o)
 .data          0x0000000000068ba8        0x0 ../ECE385_bsp/\libhal_bsp.a(altera_avalon_jtag_uart_write.o)
 .data          0x0000000000068ba8        0x0 ../ECE385_bsp/\libhal_bsp.a(altera_avalon_sgdma.o)
 .data          0x0000000000068ba8        0x0 ../ECE385_bsp/\libhal_bsp.a(altera_avalon_timer_sc.o)
 .data          0x0000000000068ba8        0x0 ../ECE385_bsp/\libhal_bsp.a(alt_close.o)
 .data          0x0000000000068ba8        0x0 ../ECE385_bsp/\libhal_bsp.a(alt_dcache_flush.o)
 .data          0x0000000000068ba8        0x0 ../ECE385_bsp/\libhal_bsp.a(alt_dcache_flush_all.o)
 .data          0x0000000000068ba8      0x1a8 ../ECE385_bsp/\libhal_bsp.a(alt_dev.o)
                0x0000000000068ba8                alt_fd_list
                0x0000000000068d28                alt_dev_null
 .data          0x0000000000068d50        0x0 ../ECE385_bsp/\libhal_bsp.a(alt_dev_llist_insert.o)
 .data          0x0000000000068d50        0x0 ../ECE385_bsp/\libhal_bsp.a(alt_errno.o)
 .data          0x0000000000068d50        0x0 ../ECE385_bsp/\libhal_bsp.a(alt_find_dev.o)
 .data          0x0000000000068d50        0x0 ../ECE385_bsp/\libhal_bsp.a(alt_icache_flush_all.o)
 .data          0x0000000000068d50        0x0 ../ECE385_bsp/\libhal_bsp.a(alt_iic.o)
 .data          0x0000000000068d50        0x0 ../ECE385_bsp/\libhal_bsp.a(alt_iic_isr_register.o)
 .data          0x0000000000068d50        0x0 ../ECE385_bsp/\libhal_bsp.a(alt_io_redirect.o)
 .data          0x0000000000068d50        0x0 ../ECE385_bsp/\libhal_bsp.a(alt_irq_entry.o)
 .data          0x0000000000068d50        0x0 ../ECE385_bsp/\libhal_bsp.a(alt_irq_handler.o)
 .data          0x0000000000068d50        0x0 ../ECE385_bsp/\libhal_bsp.a(alt_irq_vars.o)
 .data          0x0000000000068d50        0x0 ../ECE385_bsp/\libhal_bsp.a(alt_open.o)
 .data          0x0000000000068d50        0x0 ../ECE385_bsp/\libhal_bsp.a(alt_release_fd.o)
 .data          0x0000000000068d50        0x0 ../ECE385_bsp/\libhal_bsp.a(alt_tick.o)
 .data          0x0000000000068d50        0x0 ../ECE385_bsp/\libhal_bsp.a(altera_nios2_gen2_irq.o)
 .data          0x0000000000068d50        0x0 ../ECE385_bsp/\libhal_bsp.a(alt_exception_entry.o)
 .data          0x0000000000068d50        0x0 ../ECE385_bsp/\libhal_bsp.a(alt_find_file.o)
 .data          0x0000000000068d50        0x0 ../ECE385_bsp/\libhal_bsp.a(alt_get_fd.o)
 .data          0x0000000000068d50        0x0 ../ECE385_bsp/\libhal_bsp.a(alt_instruction_exception_entry.o)
 .data          0x0000000000068d50        0x0 d:/softwares/intelfpga_lite/18.1/nios2eds/bin/gnu/h-x86_64-mingw32/bin/../lib/gcc/nios2-elf/5.3.0/../../../../../H-x86_64-mingw32/nios2-elf/lib/mno-hw-mul\libsmallc.a(lib_a-exit.o)
 .data          0x0000000000068d50        0x0 d:/softwares/intelfpga_lite/18.1/nios2eds/bin/gnu/h-x86_64-mingw32/bin/../lib/gcc/nios2-elf/5.3.0/../../../../../H-x86_64-mingw32/nios2-elf/lib/mno-hw-mul\libsmallc.a(lib_a-__call_atexit.o)
                0x0000000000070d50                _gp = ABSOLUTE ((. + 0x8000))
                [!provide]                        PROVIDE (gp, _gp)
 *(.rwdata .rwdata.*)
 *(.sdata .sdata.* .gnu.linkonce.s.*)
 .sdata         0x0000000000068d50        0x8 obj/default/ethernet.o
                0x0000000000068d50                eth1_mdio
                0x0000000000068d54                eth0_mdio
 .sdata         0x0000000000068d58        0x4 obj/default/lwip/core/ipv4/dhcp.o
 .sdata         0x0000000000068d5c        0x8 obj/default/lwip/core/ipv6/nd6.o
                0x0000000000068d5c                retrans_timer
                0x0000000000068d60                reachable_time
 .sdata         0x0000000000068d64        0xe obj/default/lwip/core/tcp.o
 *fill*         0x0000000000068d72        0x2 
 .sdata         0x0000000000068d74        0x4 obj/default/lwip/core/timeouts.o
                0x0000000000068d74                lwip_num_cyclic_timers
 .sdata         0x0000000000068d78        0x2 obj/default/lwip/core/udp.o
 .sdata         0x0000000000068d7a        0xc obj/default/lwip/netif/ethernet.o
                0x0000000000068d7a                ethzero
                0x0000000000068d80                ethbroadcast
 *fill*         0x0000000000068d86        0x2 
 .sdata         0x0000000000068d88       0x14 obj/default/main.o
                0x0000000000068d88                io_vga_sync
                0x0000000000068d8c                io_hex
                0x0000000000068d90                keycode_comm
                0x0000000000068d94                io_led_green
                0x0000000000068d98                io_led_red
 .sdata.__ctype_ptr__
                0x0000000000068d9c        0x4 d:/softwares/intelfpga_lite/18.1/nios2eds/bin/gnu/h-x86_64-mingw32/bin/../lib/gcc/nios2-elf/5.3.0/../../../../../H-x86_64-mingw32/nios2-elf/lib/mno-hw-mul\libsmallc.a(lib_a-ctype_.o)
                0x0000000000068d9c                __ctype_ptr__
 .sdata._global_impure_ptr
                0x0000000000068da0        0x4 d:/softwares/intelfpga_lite/18.1/nios2eds/bin/gnu/h-x86_64-mingw32/bin/../lib/gcc/nios2-elf/5.3.0/../../../../../H-x86_64-mingw32/nios2-elf/lib/mno-hw-mul\libsmallc.a(lib_a-impure.o)
                0x0000000000068da0                _global_impure_ptr
 .sdata._impure_ptr
                0x0000000000068da4        0x4 d:/softwares/intelfpga_lite/18.1/nios2eds/bin/gnu/h-x86_64-mingw32/bin/../lib/gcc/nios2-elf/5.3.0/../../../../../H-x86_64-mingw32/nios2-elf/lib/mno-hw-mul\libsmallc.a(lib_a-impure.o)
                0x0000000000068da4                _impure_ptr
 .sdata         0x0000000000068da8        0x4 ../ECE385_bsp/\libhal_bsp.a(alt_sbrk.o)
 .sdata         0x0000000000068dac        0x8 ../ECE385_bsp/\libhal_bsp.a(altera_avalon_sgdma.o)
                0x0000000000068dac                alt_sgdma_list
 .sdata         0x0000000000068db4       0x14 ../ECE385_bsp/\libhal_bsp.a(alt_dev.o)
                0x0000000000068db4                alt_max_fd
                0x0000000000068db8                alt_dev_list
                0x0000000000068dc0                alt_fs_list
 .sdata         0x0000000000068dc8        0x4 ../ECE385_bsp/\libhal_bsp.a(alt_errno.o)
                0x0000000000068dc8                alt_errno
 .sdata         0x0000000000068dcc        0x4 ../ECE385_bsp/\libhal_bsp.a(alt_irq_vars.o)
                0x0000000000068dcc                alt_priority_mask
 .sdata         0x0000000000068dd0        0x8 ../ECE385_bsp/\libhal_bsp.a(alt_tick.o)
                0x0000000000068dd0                alt_alarm_list
 *(.sdata2 .sdata2.* .gnu.linkonce.s2.*)
                0x0000000000068dd8                . = ALIGN (0x4)
                0x0000000000068dd8                _edata = ABSOLUTE (.)
                [!provide]                        PROVIDE (edata, ABSOLUTE (.))
                0x0000000000068dd8                PROVIDE (__ram_rwdata_end, ABSOLUTE (.))
                0x0000000000068dd8                PROVIDE (__flash_rwdata_start, LOADADDR (.rwdata))

.bss            0x0000000000069214     0x6be4
                0x0000000000069214                __bss_start = ABSOLUTE (.)
                [!provide]                        PROVIDE (__sbss_start, ABSOLUTE (.))
                [!provide]                        PROVIDE (___sbss_start, ABSOLUTE (.))
 *(.dynsbss)
 *(.sbss .sbss.* .gnu.linkonce.sb.*)
 .sbss          0x0000000000069214       0x10 obj/default/ethernet.o
                0x000000000006921c                eth1_rx_len
                0x0000000000069220                eth0_rx_len
 .sbss          0x0000000000069224       0x10 obj/default/ethernet.o
                0x0000000000069224                eth1_dma_tx_dev
                0x0000000000069228                eth1_dma_rx_dev
                0x000000000006922c                eth0_dma_tx_dev
                0x0000000000069230                eth0_dma_rx_dev
 .sbss          0x0000000000069234        0x2 obj/default/lwip/core/dns.o
 *fill*         0x0000000000069236        0x2 
 .sbss          0x0000000000069238        0xc obj/default/lwip/core/ipv4/dhcp.o
 .sbss          0x0000000000069244        0x1 obj/default/lwip/core/ipv4/etharp.o
 *fill*         0x0000000000069245        0x3 
 .sbss          0x0000000000069248        0x8 obj/default/lwip/core/ipv4/igmp.o
 .sbss          0x0000000000069250        0x6 obj/default/lwip/core/ipv4/ip4.o
 *fill*         0x0000000000069256        0x2 
 .sbss          0x0000000000069258        0x8 obj/default/lwip/core/ipv4/ip4_frag.o
 .sbss          0x0000000000069260        0xc obj/default/lwip/core/ipv6/ip6_frag.o
 .sbss          0x000000000006926c        0x4 obj/default/lwip/core/ipv6/nd6.o
 .sbss          0x0000000000069270        0xc obj/default/lwip/core/mem.o
 .sbss          0x000000000006927c       0x3c obj/default/lwip/core/memp.o
 .sbss          0x00000000000692b8        0xc obj/default/lwip/core/netif.o
                0x00000000000692bc                netif_list
                0x00000000000692c0                netif_default
 .sbss          0x00000000000692c4        0x1 obj/default/lwip/core/pbuf.o
                0x00000000000692c4                pbuf_free_ooseq_pending
 *fill*         0x00000000000692c5        0x3 
 .sbss          0x00000000000692c8        0x4 obj/default/lwip/core/raw.o
 .sbss          0x00000000000692cc       0x18 obj/default/lwip/core/tcp.o
                0x00000000000692ce                tcp_active_pcbs_changed
                0x00000000000692d0                tcp_active_pcbs
                0x00000000000692d4                tcp_ticks
                0x00000000000692d8                tcp_listen_pcbs
                0x00000000000692dc                tcp_bound_pcbs
                0x00000000000692e0                tcp_tw_pcbs
 .sbss          0x00000000000692e4       0x28 obj/default/lwip/core/tcp_in.o
                0x0000000000069308                tcp_input_pcb
 .sbss          0x000000000006930c        0xc obj/default/lwip/core/timeouts.o
 .sbss          0x0000000000069318        0x4 obj/default/lwip/core/udp.o
                0x0000000000069318                udp_pcbs
 .sbss          0x000000000006931c        0xc obj/default/main.o
                0x0000000000069320                frame_count
                0x0000000000069324                tmp
 .sbss          0x0000000000069328        0x4 obj/default/rng.o
                0x0000000000069328                rng_num
 .sbss          0x000000000006932c        0x4 d:/softwares/intelfpga_lite/18.1/nios2eds/bin/gnu/h-x86_64-mingw32/bin/../lib/gcc/nios2-elf/5.3.0/../../../../../H-x86_64-mingw32/nios2-elf/lib/mno-hw-mul\libsmallc.a(lib_a-int_errno.o)
                0x000000000006932c                errno
 .sbss.__malloc_sbrk_start
                0x0000000000069330        0x4 d:/softwares/intelfpga_lite/18.1/nios2eds/bin/gnu/h-x86_64-mingw32/bin/../lib/gcc/nios2-elf/5.3.0/../../../../../H-x86_64-mingw32/nios2-elf/lib/mno-hw-mul\libsmallc.a(lib_a-nano-mallocr.o)
                0x0000000000069330                __malloc_sbrk_start
 .sbss.__malloc_free_list
                0x0000000000069334        0x4 d:/softwares/intelfpga_lite/18.1/nios2eds/bin/gnu/h-x86_64-mingw32/bin/../lib/gcc/nios2-elf/5.3.0/../../../../../H-x86_64-mingw32/nios2-elf/lib/mno-hw-mul\libsmallc.a(lib_a-nano-mallocr.o)
                0x0000000000069334                __malloc_free_list
 .sbss          0x0000000000069338        0xc ../ECE385_bsp/\libhal_bsp.a(alt_main.o)
                0x0000000000069338                alt_envp
                0x000000000006933c                alt_argv
                0x0000000000069340                alt_argc
 .sbss          0x0000000000069344        0x4 ../ECE385_bsp/\libhal_bsp.a(alt_irq_vars.o)
                0x0000000000069344                alt_irq_active
 .sbss          0x0000000000069348        0x8 ../ECE385_bsp/\libhal_bsp.a(alt_tick.o)
                0x0000000000069348                _alt_nticks
                0x000000000006934c                _alt_tick_rate
 .sbss          0x0000000000069350        0x4 ../ECE385_bsp/\libhal_bsp.a(alt_instruction_exception_entry.o)
                0x0000000000069350                alt_instruction_exception_handler
 *(.sbss2 .sbss2.* .gnu.linkonce.sb2.*)
 *(.scommon)
                [!provide]                        PROVIDE (__sbss_end, ABSOLUTE (.))
                [!provide]                        PROVIDE (___sbss_end, ABSOLUTE (.))
 *(.dynbss)
 *(.bss .bss.* .gnu.linkonce.b.*)
 .bss           0x0000000000069354        0x0 ../ECE385_bsp//obj/HAL/src/crt0.o
 .bss           0x0000000000069354        0x0 obj/default/ethernet.o
 .bss           0x0000000000069354        0x0 obj/default/lwip/core/altcp.o
 .bss           0x0000000000069354        0x0 obj/default/lwip/core/altcp_alloc.o
 .bss           0x0000000000069354        0x0 obj/default/lwip/core/altcp_tcp.o
 .bss           0x0000000000069354        0x0 obj/default/lwip/core/def.o
 .bss           0x0000000000069354      0x510 obj/default/lwip/core/dns.o
 .bss           0x0000000000069864        0x0 obj/default/lwip/core/inet_chksum.o
 .bss           0x0000000000069864        0x0 obj/default/lwip/core/init.o
 .bss           0x0000000000069864        0x0 obj/default/lwip/core/ip.o
 .bss           0x0000000000069864        0x0 obj/default/lwip/core/ipv4/autoip.o
 .bss           0x0000000000069864        0x0 obj/default/lwip/core/ipv4/dhcp.o
 .bss           0x0000000000069864       0xf0 obj/default/lwip/core/ipv4/etharp.o