Archive member included to satisfy reference by file (symbol)

d:/softwares/intelfpga_lite/18.1/nios2eds/bin/gnu/h-x86_64-mingw32/bin/../lib/gcc/nios2-elf/5.3.0/mno-hw-mul\libgcc.a(lib2-divmod.o)
                              obj/default/gamelogic.o (__divsi3)
d:/softwares/intelfpga_lite/18.1/nios2eds/bin/gnu/h-x86_64-mingw32/bin/../lib/gcc/nios2-elf/5.3.0/mno-hw-mul\libgcc.a(lib2-mul.o)
                              obj/default/gamelogic.o (__mulsi3)
d:/softwares/intelfpga_lite/18.1/nios2eds/bin/gnu/h-x86_64-mingw32/bin/../lib/gcc/nios2-elf/5.3.0/../../../../../H-x86_64-mingw32/nios2-elf/lib/mno-hw-mul\libsmallc.a(lib_a-abort.o)
                              obj/default/lwip/apps/http/http_client.o (abort)
d:/softwares/intelfpga_lite/18.1/nios2eds/bin/gnu/h-x86_64-mingw32/bin/../lib/gcc/nios2-elf/5.3.0/../../../../../H-x86_64-mingw32/nios2-elf/lib/mno-hw-mul\libsmallc.a(lib_a-atoi.o)
                              obj/default/lwip/apps/http/http_client.o (atoi)
d:/softwares/intelfpga_lite/18.1/nios2eds/bin/gnu/h-x86_64-mingw32/bin/../lib/gcc/nios2-elf/5.3.0/../../../../../H-x86_64-mingw32/nios2-elf/lib/mno-hw-mul\libsmallc.a(lib_a-clock.o)
                              obj/default/lwip_port/compat.o (clock)
d:/softwares/intelfpga_lite/18.1/nios2eds/bin/gnu/h-x86_64-mingw32/bin/../lib/gcc/nios2-elf/5.3.0/../../../../../H-x86_64-mingw32/nios2-elf/lib/mno-hw-mul\libsmallc.a(lib_a-ctype_.o)
                              obj/default/lwip/core/dns.o (__ctype_ptr__)
d:/softwares/intelfpga_lite/18.1/nios2eds/bin/gnu/h-x86_64-mingw32/bin/../lib/gcc/nios2-elf/5.3.0/../../../../../H-x86_64-mingw32/nios2-elf/lib/mno-hw-mul\libsmallc.a(lib_a-impure.o)
                              obj/default/httpc.o (_impure_ptr)
d:/softwares/intelfpga_lite/18.1/nios2eds/bin/gnu/h-x86_64-mingw32/bin/../lib/gcc/nios2-elf/5.3.0/../../../../../H-x86_64-mingw32/nios2-elf/lib/mno-hw-mul\libsmallc.a(lib_a-memcmp.o)
                              obj/default/lwip/core/ipv4/autoip.o (memcmp)
d:/softwares/intelfpga_lite/18.1/nios2eds/bin/gnu/h-x86_64-mingw32/bin/../lib/gcc/nios2-elf/5.3.0/../../../../../H-x86_64-mingw32/nios2-elf/lib/mno-hw-mul\libsmallc.a(lib_a-memcpy.o)
                              obj/default/httpc.o (memcpy)
d:/softwares/intelfpga_lite/18.1/nios2eds/bin/gnu/h-x86_64-mingw32/bin/../lib/gcc/nios2-elf/5.3.0/../../../../../H-x86_64-mingw32/nios2-elf/lib/mno-hw-mul\libsmallc.a(lib_a-memmove.o)
                              obj/default/lwip/core/def.o (memmove)
d:/softwares/intelfpga_lite/18.1/nios2eds/bin/gnu/h-x86_64-mingw32/bin/../lib/gcc/nios2-elf/5.3.0/../../../../../H-x86_64-mingw32/nios2-elf/lib/mno-hw-mul\libsmallc.a(lib_a-memset.o)
                              obj/default/lwip/apps/http/http_client.o (memset)
d:/softwares/intelfpga_lite/18.1/nios2eds/bin/gnu/h-x86_64-mingw32/bin/../lib/gcc/nios2-elf/5.3.0/../../../../../H-x86_64-mingw32/nios2-elf/lib/mno-hw-mul\libsmallc.a(lib_a-printf.o)
                              obj/default/gamelogic.o (printf)
d:/softwares/intelfpga_lite/18.1/nios2eds/bin/gnu/h-x86_64-mingw32/bin/../lib/gcc/nios2-elf/5.3.0/../../../../../H-x86_64-mingw32/nios2-elf/lib/mno-hw-mul\libsmallc.a(lib_a-putc.o)
                              obj/default/httpc.o (putc)
d:/softwares/intelfpga_lite/18.1/nios2eds/bin/gnu/h-x86_64-mingw32/bin/../lib/gcc/nios2-elf/5.3.0/../../../../../H-x86_64-mingw32/nios2-elf/lib/mno-hw-mul\libsmallc.a(lib_a-puts.o)
                              obj/default/ethernet.o (puts)
d:/softwares/intelfpga_lite/18.1/nios2eds/bin/gnu/h-x86_64-mingw32/bin/../lib/gcc/nios2-elf/5.3.0/../../../../../H-x86_64-mingw32/nios2-elf/lib/mno-hw-mul\libsmallc.a(lib_a-signal.o)
                              d:/softwares/intelfpga_lite/18.1/nios2eds/bin/gnu/h-x86_64-mingw32/bin/../lib/gcc/nios2-elf/5.3.0/../../../../../H-x86_64-mingw32/nios2-elf/lib/mno-hw-mul\libsmallc.a(lib_a-abort.o) (raise)
d:/softwares/intelfpga_lite/18.1/nios2eds/bin/gnu/h-x86_64-mingw32/bin/../lib/gcc/nios2-elf/5.3.0/../../../../../H-x86_64-mingw32/nios2-elf/lib/mno-hw-mul\libsmallc.a(lib_a-signalr.o)
                              d:/softwares/intelfpga_lite/18.1/nios2eds/bin/gnu/h-x86_64-mingw32/bin/../lib/gcc/nios2-elf/5.3.0/../../../../../H-x86_64-mingw32/nios2-elf/lib/mno-hw-mul\libsmallc.a(lib_a-signal.o) (_kill_r)
d:/softwares/intelfpga_lite/18.1/nios2eds/bin/gnu/h-x86_64-mingw32/bin/../lib/gcc/nios2-elf/5.3.0/../../../../../H-x86_64-mingw32/nios2-elf/lib/mno-hw-mul\libsmallc.a(lib_a-snprintf.o)
                              obj/default/gamelogic.o (snprintf)
d:/softwares/intelfpga_lite/18.1/nios2eds/bin/gnu/h-x86_64-mingw32/bin/../lib/gcc/nios2-elf/5.3.0/../../../../../H-x86_64-mingw32/nios2-elf/lib/mno-hw-mul\libsmallc.a(lib_a-strcmp.o)
                              obj/default/lwip/core/dns.o (strcmp)
d:/softwares/intelfpga_lite/18.1/nios2eds/bin/gnu/h-x86_64-mingw32/bin/../lib/gcc/nios2-elf/5.3.0/../../../../../H-x86_64-mingw32/nios2-elf/lib/mno-hw-mul\libsmallc.a(lib_a-strlen.o)
[...]
Memory Configuration

Name             Origin             Length             Attributes
vga_sprite_7     0x0000000000000000 0x0000000000001000
vga_sprite_6     0x0000000000001000 0x0000000000001000
vga_sprite_5     0x0000000000002000 0x0000000000001000
vga_sprite_4     0x0000000000003000 0x0000000000001000
vga_sprite_3     0x0000000000004000 0x0000000000001000
vga_sprite_2     0x0000000000005000 0x0000000000001000
vga_sprite_1     0x0000000000006000 0x0000000000001000
vga_sprite_0     0x0000000000007000 0x0000000000001000
usb_keycode      0x0000000000009000 0x0000000000000400
reset            0x0000000000040000 0x0000000000000020
nios2_onchip_mem 0x0000000000040020 0x000000000003ffe0
sdram            0x0000000008000000 0x0000000008000000
*default*        0x0000000000000000 0xffffffffffffffff

Linker script and memory map

LOAD ../ECE385_bsp//obj/HAL/src/crt0.o
LOAD obj/default/audio.o
LOAD obj/default/comm.o
LOAD obj/default/ethernet.o
LOAD obj/default/gamelogic.o
LOAD obj/default/httpc.o
LOAD obj/default/lwip/apps/http/http_client.o
LOAD obj/default/lwip/core/altcp.o
LOAD obj/default/lwip/core/altcp_alloc.o
LOAD obj/default/lwip/core/altcp_tcp.o
LOAD obj/default/lwip/core/def.o
LOAD obj/default/lwip/core/dns.o
LOAD obj/default/lwip/core/inet_chksum.o
LOAD obj/default/lwip/core/init.o
LOAD obj/default/lwip/core/ip.o
LOAD obj/default/lwip/core/ipv4/autoip.o
LOAD obj/default/lwip/core/ipv4/dhcp.o
LOAD obj/default/lwip/core/ipv4/etharp.o
LOAD obj/default/lwip/core/ipv4/icmp.o
LOAD obj/default/lwip/core/ipv4/igmp.o
LOAD obj/default/lwip/core/ipv4/ip4.o
LOAD obj/default/lwip/core/ipv4/ip4_addr.o
LOAD obj/default/lwip/core/ipv4/ip4_frag.o
LOAD obj/default/lwip/core/ipv6/dhcp6.o
LOAD obj/default/lwip/core/ipv6/ethip6.o
LOAD obj/default/lwip/core/ipv6/icmp6.o
LOAD obj/default/lwip/core/ipv6/inet6.o
LOAD obj/default/lwip/core/ipv6/ip6.o
LOAD obj/default/lwip/core/ipv6/ip6_addr.o
LOAD obj/default/lwip/core/ipv6/ip6_frag.o
LOAD obj/default/lwip/core/ipv6/mld6.o
LOAD obj/default/lwip/core/ipv6/nd6.o
LOAD obj/default/lwip/core/mem.o
LOAD obj/default/lwip/core/memp.o
LOAD obj/default/lwip/core/netif.o
LOAD obj/default/lwip/core/pbuf.o
LOAD obj/default/lwip/core/raw.o
LOAD obj/default/lwip/core/stats.o
LOAD obj/default/lwip/core/sys.o
LOAD obj/default/lwip/core/tcp.o
LOAD obj/default/lwip/core/tcp_in.o
LOAD obj/default/lwip/core/tcp_out.o
LOAD obj/default/lwip/core/timeouts.o
LOAD obj/default/lwip/core/udp.o
LOAD obj/default/lwip/netif/ethernet.o
LOAD obj/default/lwip_port/compat.o
LOAD obj/default/main.o
LOAD obj/default/main_menu.o
LOAD obj/default/memcpy_dma.o
LOAD obj/default/resources/chinese.o
LOAD obj/default/resources/music.o
LOAD obj/default/resources/resource.o
LOAD obj/default/resources/sound_explosion.o
LOAD obj/default/resources/vga_fonts.o
LOAD obj/default/rng.o
LOAD obj/default/scoreboard.o
LOAD obj/default/sprites.o
LOAD obj/default/vga.o
LOAD d:/softwares/intelfpga_lite/18.1/nios2eds/bin/gnu/h-x86_64-mingw32/bin/../lib/gcc/nios2-elf/5.3.0/../../../../../H-x86_64-mingw32/nios2-elf/lib/mno-hw-mul\libstdc++.a
LOAD d:/softwares/intelfpga_lite/18.1/nios2eds/bin/gnu/h-x86_64-mingw32/bin/../lib/gcc/nios2-elf/5.3.0/../../../../../H-x86_64-mingw32/nios2-elf/lib/mno-hw-mul\libm.a
LOAD d:/softwares/intelfpga_lite/18.1/nios2eds/bin/gnu/h-x86_64-mingw32/bin/../lib/gcc/nios2-elf/5.3.0/mno-hw-mul\libgcc.a
START GROUP
LOAD d:/softwares/intelfpga_lite/18.1/nios2eds/bin/gnu/h-x86_64-mingw32/bin/../lib/gcc/nios2-elf/5.3.0/../../../../../H-x86_64-mingw32/nios2-elf/lib/mno-hw-mul\libsmallc.a
LOAD d:/softwares/intelfpga_lite/18.1/nios2eds/bin/gnu/h-x86_64-mingw32/bin/../lib/gcc/nios2-elf/5.3.0/mno-hw-mul\libgcc.a
LOAD ../ECE385_bsp/\libhal_bsp.a
LOAD d:/softwares/intelfpga_lite/18.1/nios2eds/bin/gnu/h-x86_64-mingw32/bin/../lib/gcc/nios2-elf/5.3.0/../../../../../H-x86_64-mingw32/nios2-elf/lib/mno-hw-mul\libm.a
END GROUP
LOAD d:/softwares/intelfpga_lite/18.1/nios2eds/bin/gnu/h-x86_64-mingw32/bin/../lib/gcc/nios2-elf/5.3.0/mno-hw-mul\libgcc.a
                0x0000000000000000                __alt_mem_vga_sprite_7 = 0x0
                0x0000000000001000                __alt_mem_vga_sprite_6 = 0x1000
                0x0000000000002000                __alt_mem_vga_sprite_5 = 0x2000
                0x0000000000003000                __alt_mem_vga_sprite_4 = 0x3000
                0x0000000000004000                __alt_mem_vga_sprite_3 = 0x4000
                0x0000000000005000                __alt_mem_vga_sprite_2 = 0x5000
                0x0000000000006000                __alt_mem_vga_sprite_1 = 0x6000
                0x0000000000007000                __alt_mem_vga_sprite_0 = 0x7000
                0x0000000000009000                __alt_mem_usb_keycode = 0x9000
                0x0000000000040000                __alt_mem_nios2_onchip_mem = 0x40000
                0x0000000008000000                __alt_mem_sdram = 0x8000000

.entry          0x0000000000040000       0x20
 *(.entry)
 .entry         0x0000000000040000       0x20 ../ECE385_bsp//obj/HAL/src/crt0.o
                0x0000000000040000                __reset

.exceptions     0x0000000000040020      0x164
                0x0000000000040020                PROVIDE (__ram_exceptions_start, ABSOLUTE (.))
                0x0000000000040020                . = ALIGN (0x20)
 *(.irq)
 *(.exceptions.entry.label)
 .exceptions.entry.label
                0x0000000000040020        0x0 ../ECE385_bsp/\libhal_bsp.a(alt_irq_entry.o)
                0x0000000000040020                alt_irq_entry
 .exceptions.entry.label
                0x0000000000040020        0x0 ../ECE385_bsp/\libhal_bsp.a(alt_exception_entry.o)
                0x0000000000040020                alt_exception
 *(.exceptions.entry.user)
 *(.exceptions.entry.ecc_fatal)
 *(.exceptions.entry)
 .exceptions.entry
                0x0000000000040020       0x54 ../ECE385_bsp/\libhal_bsp.a(alt_exception_entry.o)
 *(.exceptions.irqtest.user)
 *(.exceptions.irqtest)
 .exceptions.irqtest
                0x0000000000040074       0x10 ../ECE385_bsp/\libhal_bsp.a(alt_irq_entry.o)
 *(.exceptions.irqhandler.user)
 *(.exceptions.irqhandler)
 .exceptions.irqhandler
                0x0000000000040084        0x4 ../ECE385_bsp/\libhal_bsp.a(alt_irq_entry.o)
 *(.exceptions.irqreturn.user)
 *(.exceptions.irqreturn)
 .exceptions.irqreturn
                0x0000000000040088        0x4 ../ECE385_bsp/\libhal_bsp.a(alt_irq_entry.o)
 *(.exceptions.notirq.label)
 .exceptions.notirq.label
                0x000000000004008c        0x0 ../ECE385_bsp/\libhal_bsp.a(alt_irq_entry.o)
 *(.exceptions.notirq.user)
 *(.exceptions.notirq)
 .exceptions.notirq
                0x000000000004008c        0x8 ../ECE385_bsp/\libhal_bsp.a(alt_exception_entry.o)
 *(.exceptions.soft.user)
 *(.exceptions.soft)
 *(.exceptions.unknown.user)
 *(.exceptions.unknown)
 .exceptions.unknown
                0x0000000000040094       0x14 ../ECE385_bsp/\libhal_bsp.a(alt_exception_entry.o)
 *(.exceptions.exit.label)
 .exceptions.exit.label
                0x00000000000400a8        0x0 ../ECE385_bsp/\libhal_bsp.a(alt_irq_entry.o)
 .exceptions.exit.label
                0x00000000000400a8        0x0 ../ECE385_bsp/\libhal_bsp.a(alt_exception_entry.o)
 *(.exceptions.exit.user)
 *(.exceptions.exit)
 .exceptions.exit
                0x00000000000400a8       0x54 ../ECE385_bsp/\libhal_bsp.a(alt_exception_entry.o)
 *(.exceptions)
 .exceptions    0x00000000000400fc       0x64 ../ECE385_bsp/\libhal_bsp.a(alt_irq_handler.o)
                0x00000000000400fc                alt_irq_handler
 .exceptions    0x0000000000040160       0x24 ../ECE385_bsp/\libhal_bsp.a(alt_instruction_exception_entry.o)
                0x0000000000040160                alt_instruction_exception_entry
                0x0000000000040184                PROVIDE (__ram_exceptions_end, ABSOLUTE (.))
                0x0000000000040020                PROVIDE (__flash_exceptions_start, LOADADDR (.exceptions))

.resources      0x0000000008000000   0x6e53c4
                [!provide]                        PROVIDE (_alt_partition_resources_start, ABSOLUTE (.))
 *(.resources .resources.*)
 .resources     0x0000000008000000      0x808 obj/default/main.o
                0x0000000008000000                http_score_upload
 .resources     0x0000000008000808    0xa34a0 obj/default/resources/chinese.o
                0x0000000008000808                chinese_font
 .resources     0x00000000080a3ca8   0x4ce792 obj/default/resources/music.o
                0x00000000080a3ca8                music_data
 .resources     0x000000000857243a   0x16d900 obj/default/resources/resource.o
                0x000000000857243a                background
                0x00000000086d1d3a                explosion21
                0x00000000086d253a                explosion20
                0x00000000086d2d3a                explosion19
                0x00000000086d353a                explosion18
                0x00000000086d3d3a                explosion17
                0x00000000086d453a                explosion16
                0x00000000086d4d3a                explosion15
                0x00000000086d553a                explosion14
                0x00000000086d5d3a                explosion13
                0x00000000086d653a                explosion12
                0x00000000086d6d3a                explosion11
                0x00000000086d753a                explosion10
                0x00000000086d7d3a                explosion9
                0x00000000086d853a                explosion8
                0x00000000086d8d3a                explosion7
                0x00000000086d953a                explosion6
                0x00000000086d9d3a                explosion5
                0x00000000086da53a                explosion4
                0x00000000086dad3a                explosion3
                0x00000000086db53a                explosion2
                0x00000000086dbd3a                explosion1
                0x00000000086dc53a                explosion0
                0x00000000086dcd3a                enemy2
                0x00000000086dd93a                enemy1
                0x00000000086de53a                enemy0
                0x00000000086df13a                plane
 .resources     0x00000000086dfd3a     0x3e80 obj/default/resources/sound_explosion.o
                0x00000000086dfd3a                explosion_data
 .resources     0x00000000086e3bba     0x1000 obj/default/resources/vga_fonts.o
                0x00000000086e3bba                font_data
 *fill*         0x00000000086e4bba        0x2 
 .resources     0x00000000086e4bbc      0x808 obj/default/scoreboard.o
                0x00000000086e4bbc                scoreboard_request
                0x00000000086e53c4                . = ALIGN (0x4)
                [!provide]                        PROVIDE (_alt_partition_resources_end, ABSOLUTE (.))

.onchip         0x0000000000040184     0x10c0
                [!provide]                        PROVIDE (_alt_partition_onchip_start, ABSOLUTE (.))
 *(.onchip .onchip.*)
 .onchip        0x0000000000040184     0x1080 obj/default/ethernet.o
                0x0000000000040184                eth0_rx_frame
                0x0000000000040984                tx_frame
                0x0000000000041184                eth0_rx_descriptor_end
                0x00000000000411a4                eth0_rx_descriptor
                0x00000000000411c4                eth0_tx_descriptor_end
                0x00000000000411e4                eth0_tx_descriptor
 .onchip        0x0000000000041204       0x40 obj/default/memcpy_dma.o
                0x0000000000041204                dma_descriptor_end
                0x0000000000041224                dma_descriptor
                0x0000000000041244                . = ALIGN (0x4)
                [!provide]                        PROVIDE (_alt_partition_onchip_end, ABSOLUTE (.))

.text           0x0000000000041244    0x25f04
                [!provide]                        PROVIDE (stext, ABSOLUTE (.))
 *(.interp)
 *(.hash)
 *(.dynsym)
 *(.dynstr)
 *(.gnu.version)
 *(.gnu.version_d)
 *(.gnu.version_r)
 *(.rel.init)
 *(.rela.init)
 *(.rel.text .rel.text.* .rel.gnu.linkonce.t.*)
 *(.rela.text .rela.text.* .rela.gnu.linkonce.t.*)
 *(.rel.fini)
 *(.rela.fini)
 *(.rel.rodata .rel.rodata.* .rel.gnu.linkonce.r.*)
 *(.rela.rodata .rela.rodata.* .rela.gnu.linkonce.r.*)
 *(.rel.data .rel.data.* .rel.gnu.linkonce.d.*)
 *(.rela.data .rela.data.* .rela.gnu.linkonce.d.*)
 *(.rel.tdata .rel.tdata.* .rel.gnu.linkonce.td.*)
 *(.rela.tdata .rela.tdata.* .rela.gnu.linkonce.td.*)
 *(.rel.tbss .rel.tbss.* .rel.gnu.linkonce.tb.*)
 *(.rela.tbss .rela.tbss.* .rela.gnu.linkonce.tb.*)
 *(.rel.ctors)
 *(.rela.ctors)
 *(.rel.dtors)
 *(.rela.dtors)
 *(.rel.got)
 *(.rela.got)
 *(.rel.sdata .rel.sdata.* .rel.gnu.linkonce.s.*)
 *(.rela.sdata .rela.sdata.* .rela.gnu.linkonce.s.*)
 *(.rel.sbss .rel.sbss.* .rel.gnu.linkonce.sb.*)
 *(.rela.sbss .rela.sbss.* .rela.gnu.linkonce.sb.*)
 *(.rel.sdata2 .rel.sdata2.* .rel.gnu.linkonce.s2.*)
 *(.rela.sdata2 .rela.sdata2.* .rela.gnu.linkonce.s2.*)
 *(.rel.sbss2 .rel.sbss2.* .rel.gnu.linkonce.sb2.*)
 *(.rela.sbss2 .rela.sbss2.* .rela.gnu.linkonce.sb2.*)
 *(.rel.bss .rel.bss.* .rel.gnu.linkonce.b.*)
 *(.rela.bss .rela.bss.* .rela.gnu.linkonce.b.*)
 *(.rel.plt)
 *(.rela.plt)
 *(.rel.dyn)
 *(.init)
 *(.plt)
 *(.text .stub .text.* .gnu.linkonce.t.*)
 .text          0x0000000000041244       0x3c ../ECE385_bsp//obj/HAL/src/crt0.o
                0x0000000000041244                _start
 .text          0x0000000000041280       0xd8 obj/default/audio.o
                0x0000000000041280                audio_interrupt
                0x0000000000041314                audio_init
 .text          0x0000000000041358        0x0 obj/default/comm.o
 .text          0x0000000000041358      0x3cc obj/default/ethernet.o
                0x0000000000041358                eth0_tx
                0x00000000000413e8                eth_init
                0x0000000000041484                eth_ip_reverse
                0x00000000000414ac                eth0_rx_start
                0x00000000000414f8                eth_loop
                0x00000000000415fc                eth0_init
                0x00000000000416f0                eth0_ip
 .text          0x0000000000041724      0xcf4 obj/default/gamelogic.o
                0x0000000000041a44                game_init
                0x0000000000041bec                handle_player_plane_keyboard
                0x0000000000042020                handle_enemy_planes_spawn
                0x0000000000042034                handle_enemy_planes_firing
                0x00000000000421f8                game_loop
                0x0000000000042380                game_over
 .text          0x0000000000042418      0x194 obj/default/httpc.o
                0x0000000000042418                httpc_request_finish
                0x000000000004242c                httpc_callback
                0x00000000000424ec                httpc_send_request
                0x0000000000042598                httpc_processing
                0x00000000000425a0                httpc_success
 .text          0x00000000000425ac      0xc90 obj/default/lwip/apps/http/http_client.o
                0x0000000000042f94                httpc_get_file
                0x00000000000430c8                httpc_get_file_dns
 .text          0x000000000004323c        0x0 obj/default/lwip/core/altcp.o
 .text          0x000000000004323c        0x0 obj/default/lwip/core/altcp_alloc.o
 .text          0x000000000004323c        0x0 obj/default/lwip/core/altcp_tcp.o
 .text          0x000000000004323c      0x2e8 obj/default/lwip/core/def.o
                0x000000000004323c                lwip_htons
                0x0000000000043250                lwip_htonl
                0x0000000000043278                lwip_strnstr
                0x0000000000043320                lwip_stricmp
                0x0000000000043390                lwip_strnicmp
                0x0000000000043414                lwip_itoa
 .text          0x0000000000043524     0x16ac obj/default/lwip/core/dns.o
                0x0000000000044524                dns_init
                0x0000000000044528                dns_setserver
                0x00000000000445dc                dns_getserver
                0x000000000004461c                dns_tmr
                0x000000000004464c                dns_gethostbyname_addrtype
                0x0000000000044bb0                dns_gethostbyname
 .text.unlikely
                0x0000000000044bd0       0xcc obj/default/lwip/core/dns.o
 .text          0x0000000000044c9c      0x608 obj/default/lwip/core/inet_chksum.o
                0x0000000000044c9c                lwip_standard_chksum
                0x0000000000044fd4                inet_chksum_pseudo
                0x0000000000045020                ip6_chksum_pseudo
                0x0000000000045084                ip_chksum_pseudo
                0x00000000000450c4                inet_chksum_pseudo_partial
                0x000000000004511c                ip6_chksum_pseudo_partial
                0x000000000004518c                ip_chksum_pseudo_partial
                0x00000000000451d4                inet_chksum
                0x00000000000451f4                inet_chksum_pbuf
 .text          0x00000000000452a4       0x30 obj/default/lwip/core/init.o
                0x00000000000452a4                lwip_init
 .text          0x00000000000452d4       0xc4 obj/default/lwip/core/ip.o
                0x00000000000452d4                ipaddr_ntoa
                0x00000000000452f4                ipaddr_ntoa_r
                0x0000000000045314                ipaddr_aton
                0x0000000000045370                ip_input
 .text          0x0000000000045398      0x644 obj/default/lwip/core/ipv4/autoip.o
                0x0000000000045424                autoip_set_struct
                0x0000000000045500                autoip_start
                0x0000000000045640                autoip_network_changed
                0x0000000000045658                autoip_stop
                0x00000000000456a4                autoip_tmr
                0x0000000000045840                autoip_arp_reply
                0x0000000000045994                autoip_supplied_address
                0x00000000000459bc                autoip_accept_packet
 .text          0x00000000000459dc     0x2a30 obj/default/lwip/core/ipv4/dhcp.o
                0x00000000000475a0                dhcp_set_struct
                0x0000000000047674                dhcp_cleanup
                0x00000000000476d4                dhcp_inform
                0x0000000000047838                dhcp_network_changed
                0x0000000000047908                dhcp_arp_reply
                0x0000000000047a88                dhcp_renew
                0x0000000000047c74                dhcp_release_and_stop
                0x0000000000047e88                dhcp_start
                0x0000000000047fdc                dhcp_coarse_tmr
                0x00000000000482a4                dhcp_fine_tmr
                0x00000000000483b0                dhcp_release
                0x00000000000483cc                dhcp_stop
                0x00000000000483d0                dhcp_supplied_address
 .text.unlikely
                0x000000000004840c      0x1f0 obj/default/lwip/core/ipv4/dhcp.o
 .text          0x00000000000485fc     0x142c obj/default/lwip/core/ipv4/etharp.o
                0x0000000000048d80                etharp_tmr
                0x0000000000048ea0                etharp_cleanup_netif
                0x0000000000048f30                etharp_find_addr
                0x0000000000049010                etharp_get_entry
                0x0000000000049154                etharp_input
                0x000000000004946c                etharp_query
                0x00000000000497a8                etharp_output
                0x00000000000499ec                etharp_request
 .text          0x0000000000049a28      0x45c obj/default/lwip/core/ipv4/icmp.o
                0x0000000000049b88                icmp_input
                0x0000000000049e6c                icmp_dest_unreach
                0x0000000000049e78                icmp_time_exceeded
 .text          0x0000000000049e84      0xba4 obj/default/lwip/core/ipv4/igmp.o
                0x000000000004a1dc                igmp_init
                0x000000000004a1f8                igmp_start
                0x000000000004a274                igmp_stop
                0x000000000004a2e4                igmp_report_groups
                0x000000000004a324                igmp_lookfor_group
                0x000000000004a35c                igmp_input
                0x000000000004a4fc                igmp_joingroup_netif
                0x000000000004a660                igmp_joingroup
                0x000000000004a720                igmp_leavegroup_netif
                0x000000000004a8c4                igmp_leavegroup
                0x000000000004a984                igmp_tmr
 .text          0x000000000004aa28      0x964 obj/default/lwip/core/ipv4/ip4.o
                0x000000000004aa28                ip4_set_default_multicast_netif
                0x000000000004aa2c                ip4_route
                0x000000000004aa64                ip4_input
                0x000000000004ae48                ip4_output_if_opt_src
                0x000000000004b1fc                ip4_output_if_opt
                0x000000000004b24c                ip4_output_if
                0x000000000004b2a4                ip4_output_if_src
                0x000000000004b2e0                ip4_output
 .text          0x000000000004b38c      0x534 obj/default/lwip/core/ipv4/ip4_addr.o
                0x000000000004b38c                ip4_addr_isbroadcast_u32
                0x000000000004b3dc                ip4_addr_netmask_valid
                0x000000000004b43c                ip4addr_aton
                0x000000000004b728                ipaddr_addr
                0x000000000004b75c                ip4addr_ntoa_r
                0x000000000004b8b0                ip4addr_ntoa
 .text          0x000000000004b8c0     0x1084 obj/default/lwip/core/ipv4/ip4_frag.o
                0x000000000004bcf4                ip_reass_tmr
                0x000000000004bd5c                ip4_reass
                0x000000000004c590                ip4_frag
 .text.unlikely
                0x000000000004c944       0x34 obj/default/lwip/core/ipv4/ip4_frag.o
 .text          0x000000000004c978        0x0 obj/default/lwip/core/ipv6/dhcp6.o
 .text          0x000000000004c978       0xf0 obj/default/lwip/core/ipv6/ethip6.o
                0x000000000004c978                ethip6_output
 .text          0x000000000004ca68      0x564 obj/default/lwip/core/ipv6/icmp6.o
                0x000000000004ccc0                icmp6_input
                0x000000000004ceac                icmp6_dest_unreach
                0x000000000004cebc                icmp6_packet_too_big
                0x000000000004cecc                icmp6_time_exceeded
                0x000000000004cedc                icmp6_time_exceeded_with_addrs
                0x000000000004cfb0                icmp6_param_problem
 .text          0x000000000004cfcc        0x0 obj/default/lwip/core/ipv6/inet6.o
 .text          0x000000000004cfcc     0x1060 obj/default/lwip/core/ipv6/ip6.o
                0x000000000004cfcc                ip6_route
                0x000000000004cff0                ip6_select_source_address
                0x000000000004d258                ip6_input
                0x000000000004da18                ip6_output_if_src
                0x000000000004de24                ip6_output_if
                0x000000000004df10                ip6_output
                0x000000000004dfa8                ip6_options_add_hbh_ra
 .text          0x000000000004e02c      0x608 obj/default/lwip/core/ipv6/ip6_addr.o
                0x000000000004e02c                ip6addr_aton
                0x000000000004e33c                ip6addr_ntoa_r
                0x000000000004e624                ip6addr_ntoa
 .text          0x000000000004e634      0xfe0 obj/default/lwip/core/ipv6/ip6_frag.o
                0x000000000004e9b4                ip6_reass_tmr
                0x000000000004ea08                ip6_reass
                0x000000000004f2dc                ip6_frag
 .text.unlikely
                0x000000000004f614       0x34 obj/default/lwip/core/ipv6/ip6_frag.o
 .text          0x000000000004f648      0xa50 obj/default/lwip/core/ipv6/mld6.o
                0x000000000004f904                mld6_stop
                0x000000000004f974                mld6_report_groups
                0x000000000004f9ac                mld6_lookfor_group
                0x000000000004fa00                mld6_input
                0x000000000004fc78                mld6_joingroup_netif
                0x000000000004fda8                mld6_joingroup
                0x000000000004fe3c                mld6_leavegroup_netif
                0x000000000004ff74                mld6_leavegroup
                0x0000000000050008                mld6_tmr
 .text          0x0000000000050098     0x3808 obj/default/lwip/core/ipv6/nd6.o
                0x0000000000050edc                nd6_input
                0x000000000005254c                nd6_tmr
                0x00000000000529e8                nd6_clear_destination_cache
                0x0000000000052a28                nd6_find_route
                0x0000000000052b00                nd6_get_next_hop_addr_or_queue
                0x000000000005330c                nd6_get_destination_mtu
                0x00000000000533cc                nd6_reachability_hint
                0x0000000000053658                nd6_cleanup_netif
                0x0000000000053778                nd6_adjust_mld_membership
                0x0000000000053894                nd6_restart_netif
 .text.unlikely
                0x00000000000538a0       0xa0 obj/default/lwip/core/ipv6/nd6.o
 .text          0x0000000000053940      0x66c obj/default/lwip/core/mem.o
                0x0000000000053940                mem_init
                0x0000000000053984                mem_free
                0x0000000000053b7c                mem_trim
                0x0000000000053d5c                mem_malloc
                0x0000000000053f44                mem_calloc
 .text          0x0000000000053fac      0x2a0 obj/default/lwip/core/memp.o
                0x0000000000053fac                memp_init_pool
                0x0000000000053ff4                memp_init
                0x000000000005406c                memp_malloc_pool
                0x00000000000540e0                memp_malloc
                0x0000000000054168                memp_free_pool
                0x00000000000541cc                memp_free
 .text.unlikely
                0x000000000005424c       0x68 obj/default/lwip/core/memp.o
 .text          0x00000000000542b4     0x17b4 obj/default/lwip/core/netif.o
                0x0000000000054548                netif_input
                0x00000000000545d4                netif_set_ipaddr
                0x0000000000054630                netif_set_netmask
                0x000000000005469c                netif_set_gw
                0x0000000000054708                netif_set_addr
                0x0000000000054800                netif_add
                0x0000000000054a7c                netif_add_noaddr
                0x0000000000054aac                netif_set_default
                0x0000000000054ab4                netif_set_up
                0x0000000000054b34                netif_set_down
                0x0000000000054bbc                netif_remove
                0x0000000000054c94                netif_set_link_up
                0x0000000000054d24                netif_init
                0x0000000000054dc4                netif_set_link_down
                0x0000000000054e14                netif_loop_output
                0x0000000000054fa8                netif_poll
                0x000000000005514c                netif_poll_all
                0x000000000005515c                netif_ip6_addr_set_parts
                0x0000000000055364                netif_ip6_addr_set
                0x0000000000055400                netif_ip6_addr_set_state
                0x0000000000055554                netif_get_ip6_addr_match
                0x0000000000055644                netif_create_ip6_linklocal_address
                0x00000000000557a4                netif_add_ip6_address
                0x0000000000055924                netif_index_to_name
                0x0000000000055990                netif_get_by_index
                0x00000000000559bc                netif_find
                0x0000000000055a34                netif_name_to_index
 .text          0x0000000000055a68     0x1688 obj/default/lwip/core/pbuf.o
                0x0000000000055c0c                pbuf_free_ooseq
                0x0000000000055c34                pbuf_alloc_reference
                0x0000000000055cdc                pbuf_alloced_custom
                0x0000000000055d48                pbuf_add_header
                0x0000000000055d50                pbuf_add_header_force
                0x0000000000055d58                pbuf_remove_header
                0x0000000000055e28                pbuf_header
                0x0000000000055e48                pbuf_header_force
                0x0000000000055e68                pbuf_free
                0x0000000000055fe8                pbuf_alloc
                0x0000000000056254                pbuf_realloc
                0x000000000005639c                pbuf_free_header
                0x0000000000056434                pbuf_clen
                0x0000000000056450                pbuf_ref
                0x0000000000056478                pbuf_cat
                0x0000000000056540                pbuf_chain
                0x0000000000056580                pbuf_dechain
                0x0000000000056668                pbuf_copy
                0x000000000005688c                pbuf_copy_partial
                0x00000000000569c4                pbuf_get_contiguous
                0x0000000000056ad4                pbuf_skip
                0x0000000000056b1c                pbuf_take
                0x0000000000056ca0                pbuf_take_at
                0x0000000000056db4                pbuf_clone
                0x0000000000056e44                pbuf_coalesce
                0x0000000000056ea0                pbuf_get_at
                0x0000000000056ef4                pbuf_try_get_at
                0x0000000000056f44                pbuf_put_at
                0x0000000000056f90                pbuf_memcmp
                0x0000000000056fb0                pbuf_memfind
                0x0000000000057068                pbuf_strstr
 .text.unlikely
                0x00000000000570f0       0x34 obj/default/lwip/core/pbuf.o
 .text          0x0000000000057124      0xb64 obj/default/lwip/core/raw.o
                0x0000000000057124                raw_input
                0x00000000000573d0                raw_bind
                0x0000000000057438                raw_bind_netif
                0x0000000000057454                raw_connect
                0x00000000000574c4                raw_disconnect
                0x0000000000057580                raw_recv
                0x000000000005758c                raw_sendto_if_src
                0x00000000000578cc                raw_sendto
                0x0000000000057a48                raw_send
                0x0000000000057a50                raw_remove
                0x0000000000057aa4                raw_new
                0x0000000000057b0c                raw_new_ip_type
                0x0000000000057b40                raw_netif_ip_addr_changed
 .text          0x0000000000057c88        0x0 obj/default/lwip/core/stats.o
 .text          0x0000000000057c88        0x0 obj/default/lwip/core/sys.o
 .text          0x0000000000057c88     0x2b04 obj/default/lwip/core/tcp.o
                0x0000000000057d0c                tcp_init
                0x0000000000057d30                tcp_free
                0x0000000000057d7c                tcp_backlog_delayed
                0x0000000000057e24                tcp_backlog_accepted
                0x0000000000057fd0                tcp_bind
                0x000000000005827c                tcp_bind_netif
                0x0000000000058298                tcp_listen_with_backlog_and_err
                0x00000000000584b0                tcp_listen_with_backlog
                0x00000000000584bc                tcp_update_rcv_ann_wnd
                0x00000000000585ac                tcp_recved
                0x000000000005869c                tcp_txnow
                0x00000000000586e8                tcp_seg_free
                0x0000000000058724                tcp_segs_free
                0x0000000000058754                tcp_setprio
                0x0000000000058794                tcp_seg_copy
                0x0000000000058818                tcp_arg
                0x0000000000058824                tcp_recv
                0x0000000000058870                tcp_sent
                0x00000000000588bc                tcp_err
                0x0000000000058908                tcp_accept
                0x0000000000058920                tcp_poll
                0x00000000000589a4                tcp_pcb_purge
                0x0000000000058a84                tcp_slowtmr
                0x00000000000591f4                tcp_pcb_remove
                0x000000000005963c                tcp_close
                0x0000000000059694                tcp_recv_null
                0x0000000000059720                tcp_process_refused_data
                0x0000000000059840                tcp_fasttmr
                0x0000000000059920                tcp_tmr
                0x0000000000059958                tcp_shutdown
                0x0000000000059a2c                tcp_abandon
                0x0000000000059ca8                tcp_abort
                0x0000000000059e8c                tcp_alloc
                0x000000000005a0a8                tcp_new
                0x000000000005a0b0                tcp_new_ip_type
                0x000000000005a0e4                tcp_next_iss
                0x000000000005a108                tcp_eff_send_mss_netif
                0x000000000005a1e0                tcp_connect
                0x000000000005a51c                tcp_netif_ip_addr_changed
                0x000000000005a694                tcp_debug_state_str
                0x000000000005a6b0                tcp_tcp_get_tcp_addrinfo
                0x000000000005a748                tcp_free_ooseq
 .text.unlikely
                0x000000000005a78c       0x34 obj/default/lwip/core/tcp.o
 .text          0x000000000005a7c0     0x2c6c obj/default/lwip/core/tcp_in.o
                0x000000000005be90                tcp_input
                0x000000000005d41c                tcp_trigger_input_pcb_close
 .text          0x000000000005d42c     0x2928 obj/default/lwip/core/tcp_out.o
                0x000000000005dbdc                tcp_write
                0x000000000005e5d4                tcp_split_unsent_seg
                0x000000000005e8e0                tcp_enqueue_flags
                0x000000000005eb24                tcp_send_fin
                0x000000000005ec1c                tcp_rexmit_rto_prepare
                0x000000000005ed44                tcp_rexmit
                0x000000000005ee98                tcp_rexmit_fast
                0x000000000005ef80                tcp_rst
                0x000000000005f0bc                tcp_send_empty_ack
                0x000000000005f194                tcp_output
                0x000000000005f9bc                tcp_rexmit_rto_commit
                0x000000000005fa10                tcp_rexmit_rto
                0x000000000005fa88                tcp_keepalive
                0x000000000005fb34                tcp_zero_window_probe
 .text          0x000000000005fd54      0x418 obj/default/lwip/core/timeouts.o
                0x000000000005fed4                tcp_timer_needed
                0x000000000005ff28                sys_timeout
                0x000000000005ff98                sys_timeouts_init
                0x000000000005ffec                sys_untimeout
                0x0000000000060040                sys_check_timeouts
                0x00000000000600dc                sys_restart_timeouts
                0x0000000000060124                sys_timeouts_sleeptime
 .text          0x000000000006016c     0x15e4 obj/default/lwip/core/udp.o
                0x000000000006016c                udp_init
                0x0000000000060190                udp_input
                0x000000000006071c                udp_bind
                0x0000000000060988                udp_sendto_if_src
                0x0000000000060e08                udp_sendto_if
                0x0000000000061004                udp_sendto
                0x00000000000611d0                udp_send
                0x0000000000061268                udp_bind_netif
                0x0000000000061284                udp_connect
                0x00000000000613d4                udp_disconnect
                0x00000000000614bc                udp_recv
                0x0000000000061500                udp_remove
                0x000000000006158c                udp_new
                0x00000000000615d8                udp_new_ip_type
                0x0000000000061608                udp_netif_ip_addr_changed
 .text          0x0000000000061750      0x2cc obj/default/lwip/netif/ethernet.o
                0x0000000000061750                ethernet_input
                0x00000000000618d0                ethernet_output
 .text          0x0000000000061a1c        0xc obj/default/lwip_port/compat.o
                0x0000000000061a1c                sys_now
                0x0000000000061a20                fflush
 .text          0x0000000000061a28       0xf0 obj/default/main.o
                0x0000000000061a28                enter_pressed
                0x0000000000061a64                r_pressed
                0x0000000000061aa0                esc_pressed
                0x0000000000061adc                p_pressed
 .text.startup  0x0000000000061b18      0x308 obj/default/main.o
                0x0000000000061b18                main
 .text          0x0000000000061e20      0x294 obj/default/main_menu.o
                0x0000000000061e20                main_menu_init
                0x0000000000061f4c                main_menu_select_option
                0x0000000000061fa0                main_menu_loop
 .text          0x00000000000620b4      0x17c obj/default/memcpy_dma.o
                0x00000000000620b4                memcpy_dma
                0x0000000000062154                memset_dma
                0x00000000000621f0                memset32_dma
                0x00000000000621f8                memset16_dma
                0x000000000006220c                memset8_dma
 .text          0x0000000000062230        0x0 obj/default/resources/chinese.o
 .text          0x0000000000062230        0x0 obj/default/resources/music.o
 .text          0x0000000000062230        0x0 obj/default/resources/resource.o
 .text          0x0000000000062230        0x0 obj/default/resources/sound_explosion.o
 .text          0x0000000000062230        0x0 obj/default/resources/vga_fonts.o
 .text          0x0000000000062230       0x38 obj/default/rng.o
                0x0000000000062230                rng_generate
 .text          0x0000000000062268      0x200 obj/default/scoreboard.o
                0x0000000000062268                scoreboard_sendrequest
                0x00000000000622b0                scoreboard_init
                0x000000000006233c                scoreboard_loop
 .text          0x0000000000062468      0xf84 obj/default/sprites.o
                0x00000000000626ac                sprites_init
                0x0000000000062798                sprites_allocate
                0x00000000000628d0                sprites_get
                0x0000000000062928                sprites_deallocate
                0x0000000000062940                sprites_visible
                0x0000000000062958                sprites_load_data
                0x0000000000062970                sprites_limit_speed
                0x0000000000062b6c                sprites_tick
                0x0000000000062e78                sprites_collision_detect
 .text          0x00000000000633ec      0xa84 obj/default/vga.o
                0x00000000000633ec                vga_erase
                0x0000000000063470                vga_fill
                0x0000000000063504                vga_set
                0x00000000000635a0                vga_scroll_init
                0x00000000000635ac                vga_scroll
                0x000000000006369c                utf8_to_code
                0x0000000000063710                utf8_len
                0x0000000000063758                vga_english
                0x0000000000063818                vga_english_transparent
                0x00000000000638c4                vga_chinese
                0x00000000000639bc                vga_chinese_transparent
                0x0000000000063aa0                vga_string
                0x0000000000063c00                vga_string_transparent
                0x0000000000063d60                vga_statusbar_english
                0x0000000000063d70                vga_statusbar_chinese
                0x0000000000063d80                vga_statusbar_string
 .text          0x0000000000063e70      0x1b4 d:/softwares/intelfpga_lite/18.1/nios2eds/bin/gnu/h-x86_64-mingw32/bin/../lib/gcc/nios2-elf/5.3.0/mno-hw-mul\libgcc.a(lib2-divmod.o)
                0x0000000000063e70                __divsi3
                0x0000000000063ef4                __modsi3
                0x0000000000063f68                __udivsi3
                0x0000000000063fcc                __umodsi3
 .text          0x0000000000064024       0x28 d:/softwares/intelfpga_lite/18.1/nios2eds/bin/gnu/h-x86_64-mingw32/bin/../lib/gcc/nios2-elf/5.3.0/mno-hw-mul\libgcc.a(lib2-mul.o)
                0x0000000000064024                __mulsi3
 .text          0x000000000006404c        0x0 d:/softwares/intelfpga_lite/18.1/nios2eds/bin/gnu/h-x86_64-mingw32/bin/../lib/gcc/nios2-elf/5.3.0/../../../../../H-x86_64-mingw32/nios2-elf/lib/mno-hw-mul\libsmallc.a(lib_a-abort.o)
 .text.abort    0x000000000006404c       0x18 d:/softwares/intelfpga_lite/18.1/nios2eds/bin/gnu/h-x86_64-mingw32/bin/../lib/gcc/nios2-elf/5.3.0/../../../../../H-x86_64-mingw32/nios2-elf/lib/mno-hw-mul\libsmallc.a(lib_a-abort.o)
                0x000000000006404c                abort
 .text          0x0000000000064064        0x0 d:/softwares/intelfpga_lite/18.1/nios2eds/bin/gnu/h-x86_64-mingw32/bin/../lib/gcc/nios2-elf/5.3.0/../../../../../H-x86_64-mingw32/nios2-elf/lib/mno-hw-mul\libsmallc.a(lib_a-atoi.o)
 .text.atoi     0x0000000000064064        0xc d:/softwares/intelfpga_lite/18.1/nios2eds/bin/gnu/h-x86_64-mingw32/bin/../lib/gcc/nios2-elf/5.3.0/../../../../../H-x86_64-mingw32/nios2-elf/lib/mno-hw-mul\libsmallc.a(lib_a-atoi.o)
                0x0000000000064064                atoi
 .text._atoi_r  0x0000000000064070        0xc d:/softwares/intelfpga_lite/18.1/nios2eds/bin/gnu/h-x86_64-mingw32/bin/../lib/gcc/nios2-elf/5.3.0/../../../../../H-x86_64-mingw32/nios2-elf/lib/mno-hw-mul\libsmallc.a(lib_a-atoi.o)
                0x0000000000064070                _atoi_r
 .text          0x000000000006407c        0x0 d:/softwares/intelfpga_lite/18.1/nios2eds/bin/gnu/h-x86_64-mingw32/bin/../lib/gcc/nios2-elf/5.3.0/../../../../../H-x86_64-mingw32/nios2-elf/lib/mno-hw-mul\libsmallc.a(lib_a-clock.o)
 .text.clock    0x000000000006407c       0x4c d:/softwares/intelfpga_lite/18.1/nios2eds/bin/gnu/h-x86_64-mingw32/bin/../lib/gcc/nios2-elf/5.3.0/../../../../../H-x86_64-mingw32/nios2-elf/lib/mno-hw-mul\libsmallc.a(lib_a-clock.o)
                0x000000000006407c                clock
 .text          0x00000000000640c8        0x0 d:/softwares/intelfpga_lite/18.1/nios2eds/bin/gnu/h-x86_64-mingw32/bin/../lib/gcc/nios2-elf/5.3.0/../../../../../H-x86_64-mingw32/nios2-elf/lib/mno-hw-mul\libsmallc.a(lib_a-ctype_.o)
 .text          0x00000000000640c8        0x0 d:/softwares/intelfpga_lite/18.1/nios2eds/bin/gnu/h-x86_64-mingw32/bin/../lib/gcc/nios2-elf/5.3.0/../../../../../H-x86_64-mingw32/nios2-elf/lib/mno-hw-mul\libsmallc.a(lib_a-impure.o)
 .text          0x00000000000640c8        0x0 d:/softwares/intelfpga_lite/18.1/nios2eds/bin/gnu/h-x86_64-mingw32/bin/../lib/gcc/nios2-elf/5.3.0/../../../../../H-x86_64-mingw32/nios2-elf/lib/mno-hw-mul\libsmallc.a(lib_a-memcmp.o)
 .text.memcmp   0x00000000000640c8       0x30 d:/softwares/intelfpga_lite/18.1/nios2eds/bin/gnu/h-x86_64-mingw32/bin/../lib/gcc/nios2-elf/5.3.0/../../../../../H-x86_64-mingw32/nios2-elf/lib/mno-hw-mul\libsmallc.a(lib_a-memcmp.o)
                0x00000000000640c8                memcmp
 .text          0x00000000000640f8        0x0 d:/softwares/intelfpga_lite/18.1/nios2eds/bin/gnu/h-x86_64-mingw32/bin/../lib/gcc/nios2-elf/5.3.0/../../../../../H-x86_64-mingw32/nios2-elf/lib/mno-hw-mul\libsmallc.a(lib_a-memcpy.o)
 .text.memcpy   0x00000000000640f8       0x28 d:/softwares/intelfpga_lite/18.1/nios2eds/bin/gnu/h-x86_64-mingw32/bin/../lib/gcc/nios2-elf/5.3.0/../../../../../H-x86_64-mingw32/nios2-elf/lib/mno-hw-mul\libsmallc.a(lib_a-memcpy.o)
                0x00000000000640f8                memcpy
 .text          0x0000000000064120        0x0 d:/softwares/intelfpga_lite/18.1/nios2eds/bin/gnu/h-x86_64-mingw32/bin/../lib/gcc/nios2-elf/5.3.0/../../../../../H-x86_64-mingw32/nios2-elf/lib/mno-hw-mul\libsmallc.a(lib_a-memmove.o)
 .text.memmove  0x0000000000064120       0x60 d:/softwares/intelfpga_lite/18.1/nios2eds/bin/gnu/h-x86_64-mingw32/bin/../lib/gcc/nios2-elf/5.3.0/../../../../../H-x86_64-mingw32/nios2-elf/lib/mno-hw-mul\libsmallc.a(lib_a-memmove.o)
                0x0000000000064120                memmove
 .text          0x0000000000064180        0x0 d:/softwares/intelfpga_lite/18.1/nios2eds/bin/gnu/h-x86_64-mingw32/bin/../lib/gcc/nios2-elf/5.3.0/../../../../../H-x86_64-mingw32/nios2-elf/lib/mno-hw-mul\libsmallc.a(lib_a-memset.o)
 .text.memset   0x0000000000064180       0x20 d:/softwares/intelfpga_lite/18.1/nios2eds/bin/gnu/h-x86_64-mingw32/bin/../lib/gcc/nios2-elf/5.3.0/../../../../../H-x86_64-mingw32/nios2-elf/lib/mno-hw-mul\libsmallc.a(lib_a-memset.o)
                0x0000000000064180                memset
 .text          0x00000000000641a0        0x0 d:/softwares/intelfpga_lite/18.1/nios2eds/bin/gnu/h-x86_64-mingw32/bin/../lib/gcc/nios2-elf/5.3.0/../../../../../H-x86_64-mingw32/nios2-elf/lib/mno-hw-mul\libsmallc.a(lib_a-printf.o)
 .text._printf_r
                0x00000000000641a0       0x3c d:/softwares/intelfpga_lite/18.1/nios2eds/bin/gnu/h-x86_64-mingw32/bin/../lib/gcc/nios2-elf/5.3.0/../../../../../H-x86_64-mingw32/nios2-elf/lib/mno-hw-mul\libsmallc.a(lib_a-printf.o)
                0x00000000000641a0                _printf_r
 .text.printf   0x00000000000641dc       0x4c d:/softwares/intelfpga_lite/18.1/nios2eds/bin/gnu/h-x86_64-mingw32/bin/../lib/gcc/nios2-elf/5.3.0/../../../../../H-x86_64-mingw32/nios2-elf/lib/mno-hw-mul\libsmallc.a(lib_a-printf.o)
                0x00000000000641dc                printf
 .text          0x0000000000064228        0x0 d:/softwares/intelfpga_lite/18.1/nios2eds/bin/gnu/h-x86_64-mingw32/bin/../lib/gcc/nios2-elf/5.3.0/../../../../../H-x86_64-mingw32/nios2-elf/lib/mno-hw-mul\libsmallc.a(lib_a-putc.o)
 .text.putc     0x0000000000064228       0x54 d:/softwares/intelfpga_lite/18.1/nios2eds/bin/gnu/h-x86_64-mingw32/bin/../lib/gcc/nios2-elf/5.3.0/../../../../../H-x86_64-mingw32/nios2-elf/lib/mno-hw-mul\libsmallc.a(lib_a-putc.o)
                0x0000000000064228                putc
 .text._putc_r  0x000000000006427c       0x58 d:/softwares/intelfpga_lite/18.1/nios2eds/bin/gnu/h-x86_64-mingw32/bin/../lib/gcc/nios2-elf/5.3.0/../../../../../H-x86_64-mingw32/nios2-elf/lib/mno-hw-mul\libsmallc.a(lib_a-putc.o)
                0x000000000006427c                _putc_r
 .text          0x00000000000642d4        0x0 d:/softwares/intelfpga_lite/18.1/nios2eds/bin/gnu/h-x86_64-mingw32/bin/../lib/gcc/nios2-elf/5.3.0/../../../../../H-x86_64-mingw32/nios2-elf/lib/mno-hw-mul\libsmallc.a(lib_a-puts.o)
 .text._puts_r  0x00000000000642d4       0x80 d:/softwares/intelfpga_lite/18.1/nios2eds/bin/gnu/h-x86_64-mingw32/bin/../lib/gcc/nios2-elf/5.3.0/../../../../../H-x86_64-mingw32/nios2-elf/lib/mno-hw-mul\libsmallc.a(lib_a-puts.o)
                0x00000000000642d4                _puts_r
 .text.puts     0x0000000000064354       0x14 d:/softwares/intelfpga_lite/18.1/nios2eds/bin/gnu/h-x86_64-mingw32/bin/../lib/gcc/nios2-elf/5.3.0/../../../../../H-x86_64-mingw32/nios2-elf/lib/mno-hw-mul\libsmallc.a(lib_a-puts.o)
                0x0000000000064354                puts
 .text          0x0000000000064368        0x0 d:/softwares/intelfpga_lite/18.1/nios2eds/bin/gnu/h-x86_64-mingw32/bin/../lib/gcc/nios2-elf/5.3.0/../../../../../H-x86_64-mingw32/nios2-elf/lib/mno-hw-mul\libsmallc.a(lib_a-signal.o)
 .text._init_signal_r
                0x0000000000064368       0x68 d:/softwares/intelfpga_lite/18.1/nios2eds/bin/gnu/h-x86_64-mingw32/bin/../lib/gcc/nios2-elf/5.3.0/../../../../../H-x86_64-mingw32/nios2-elf/lib/mno-hw-mul\libsmallc.a(lib_a-signal.o)
                0x0000000000064368                _init_signal_r
 .text._signal_r
                0x00000000000643d0       0x7c d:/softwares/intelfpga_lite/18.1/nios2eds/bin/gnu/h-x86_64-mingw32/bin/../lib/gcc/nios2-elf/5.3.0/../../../../../H-x86_64-mingw32/nios2-elf/lib/mno-hw-mul\libsmallc.a(lib_a-signal.o)
                0x00000000000643d0                _signal_r
 .text._raise_r
                0x000000000006444c       0xb4 d:/softwares/intelfpga_lite/18.1/nios2eds/bin/gnu/h-x86_64-mingw32/bin/../lib/gcc/nios2-elf/5.3.0/../../../../../H-x86_64-mingw32/nios2-elf/lib/mno-hw-mul\libsmallc.a(lib_a-signal.o)
                0x000000000006444c                _raise_r
 .text.__sigtramp_r
                0x0000000000064500       0xa8 d:/softwares/intelfpga_lite/18.1/nios2eds/bin/gnu/h-x86_64-mingw32/bin/../lib/gcc/nios2-elf/5.3.0/../../../../../H-x86_64-mingw32/nios2-elf/lib/mno-hw-mul\libsmallc.a(lib_a-signal.o)
                0x0000000000064500                __sigtramp_r
 .text.raise    0x00000000000645a8       0x14 d:/softwares/intelfpga_lite/18.1/nios2eds/bin/gnu/h-x86_64-mingw32/bin/../lib/gcc/nios2-elf/5.3.0/../../../../../H-x86_64-mingw32/nios2-elf/lib/mno-hw-mul\libsmallc.a(lib_a-signal.o)
                0x00000000000645a8                raise
 .text.signal   0x00000000000645bc       0x18 d:/softwares/intelfpga_lite/18.1/nios2eds/bin/gnu/h-x86_64-mingw32/bin/../lib/gcc/nios2-elf/5.3.0/../../../../../H-x86_64-mingw32/nios2-elf/lib/mno-hw-mul\libsmallc.a(lib_a-signal.o)
                0x00000000000645bc                signal
 .text._init_signal
                0x00000000000645d4       0x10 d:/softwares/intelfpga_lite/18.1/nios2eds/bin/gnu/h-x86_64-mingw32/bin/../lib/gcc/nios2-elf/5.3.0/../../../../../H-x86_64-mingw32/nios2-elf/lib/mno-hw-mul\libsmallc.a(lib_a-signal.o)
                0x00000000000645d4                _init_signal
 .text.__sigtramp
                0x00000000000645e4       0x14 d:/softwares/intelfpga_lite/18.1/nios2eds/bin/gnu/h-x86_64-mingw32/bin/../lib/gcc/nios2-elf/5.3.0/../../../../../H-x86_64-mingw32/nios2-elf/lib/mno-hw-mul\libsmallc.a(lib_a-signal.o)
                0x00000000000645e4                __sigtramp
 .text          0x00000000000645f8        0x0 d:/softwares/intelfpga_lite/18.1/nios2eds/bin/gnu/h-x86_64-mingw32/bin/../lib/gcc/nios2-elf/5.3.0/../../../../../H-x86_64-mingw32/nios2-elf/lib/mno-hw-mul\libsmallc.a(lib_a-signalr.o)
 .text._kill_r  0x00000000000645f8       0x54 d:/softwares/intelfpga_lite/18.1/nios2eds/bin/gnu/h-x86_64-mingw32/bin/../lib/gcc/nios2-elf/5.3.0/../../../../../H-x86_64-mingw32/nios2-elf/lib/mno-hw-mul\libsmallc.a(lib_a-signalr.o)
                0x00000000000645f8                _kill_r
 .text._getpid_r
                0x000000000006464c        0x4 d:/softwares/intelfpga_lite/18.1/nios2eds/bin/gnu/h-x86_64-mingw32/bin/../lib/gcc/nios2-elf/5.3.0/../../../../../H-x86_64-mingw32/nios2-elf/lib/mno-hw-mul\libsmallc.a(lib_a-signalr.o)
                0x000000000006464c                _getpid_r
 .text          0x0000000000064650        0x0 d:/softwares/intelfpga_lite/18.1/nios2eds/bin/gnu/h-x86_64-mingw32/bin/../lib/gcc/nios2-elf/5.3.0/../../../../../H-x86_64-mingw32/nios2-elf/lib/mno-hw-mul\libsmallc.a(lib_a-snprintf.o)
 .text._snprintf_r
                0x0000000000064650       0xb0 d:/softwares/intelfpga_lite/18.1/nios2eds/bin/gnu/h-x86_64-mingw32/bin/../lib/gcc/nios2-elf/5.3.0/../../../../../H-x86_64-mingw32/nios2-elf/lib/mno-hw-mul\libsmallc.a(lib_a-snprintf.o)
                0x0000000000064650                _snprintf_r
 .text.snprintf
                0x0000000000064700       0xb8 d:/softwares/intelfpga_lite/18.1/nios2eds/bin/gnu/h-x86_64-mingw32/bin/../lib/gcc/nios2-elf/5.3.0/../../../../../H-x86_64-mingw32/nios2-elf/lib/mno-hw-mul\libsmallc.a(lib_a-snprintf.o)
                0x0000000000064700                snprintf
 .text          0x00000000000647b8        0x0 d:/softwares/intelfpga_lite/18.1/nios2eds/bin/gnu/h-x86_64-mingw32/bin/../lib/gcc/nios2-elf/5.3.0/../../../../../H-x86_64-mingw32/nios2-elf/lib/mno-hw-mul\libsmallc.a(lib_a-strcmp.o)
 .text.strcmp   0x00000000000647b8       0x38 d:/softwares/intelfpga_lite/18.1/nios2eds/bin/gnu/h-x86_64-mingw32/bin/../lib/gcc/nios2-elf/5.3.0/../../../../../H-x86_64-mingw32/nios2-elf/lib/mno-hw-mul\libsmallc.a(lib_a-strcmp.o)
                0x00000000000647b8                strcmp
 .text          0x00000000000647f0        0x0 d:/softwares/intelfpga_lite/18.1/nios2eds/bin/gnu/h-x86_64-mingw32/bin/../lib/gcc/nios2-elf/5.3.0/../../../../../H-x86_64-mingw32/nios2-elf/lib/mno-hw-mul\libsmallc.a(lib_a-strlen.o)
 .text.strlen   0x00000000000647f0       0x1c d:/softwares/intelfpga_lite/18.1/nios2eds/bin/gnu/h-x86_64-mingw32/bin/../lib/gcc/nios2-elf/5.3.0/../../../../../H-x86_64-mingw32/nios2-elf/lib/mno-hw-mul\libsmallc.a(lib_a-strlen.o)
                0x00000000000647f0                strlen
 .text          0x000000000006480c        0x0 d:/softwares/intelfpga_lite/18.1/nios2eds/bin/gnu/h-x86_64-mingw32/bin/../lib/gcc/nios2-elf/5.3.0/../../../../../H-x86_64-mingw32/nios2-elf/lib/mno-hw-mul\libsmallc.a(lib_a-strncmp.o)
 .text.strncmp  0x000000000006480c       0x60 d:/softwares/intelfpga_lite/18.1/nios2eds/bin/gnu/h-x86_64-mingw32/bin/../lib/gcc/nios2-elf/5.3.0/../../../../../H-x86_64-mingw32/nios2-elf/lib/mno-hw-mul\libsmallc.a(lib_a-strncmp.o)
                0x000000000006480c                strncmp
 .text          0x000000000006486c        0x0 d:/softwares/intelfpga_lite/18.1/nios2eds/bin/gnu/h-x86_64-mingw32/bin/../lib/gcc/nios2-elf/5.3.0/../../../../../H-x86_64-mingw32/nios2-elf/lib/mno-hw-mul\libsmallc.a(lib_a-strtol.o)
 .text._strtol_r
                0x000000000006486c      0x234 d:/softwares/intelfpga_lite/18.1/nios2eds/bin/gnu/h-x86_64-mingw32/bin/../lib/gcc/nios2-elf/5.3.0/../../../../../H-x86_64-mingw32/nios2-elf/lib/mno-hw-mul\libsmallc.a(lib_a-strtol.o)
                0x000000000006486c                _strtol_r
 .text.strtol   0x0000000000064aa0       0x1c d:/softwares/intelfpga_lite/18.1/nios2eds/bin/gnu/h-x86_64-mingw32/bin/../lib/gcc/nios2-elf/5.3.0/../../../../../H-x86_64-mingw32/nios2-elf/lib/mno-hw-mul\libsmallc.a(lib_a-strtol.o)
                0x0000000000064aa0                strtol
 .text          0x0000000000064abc        0x0 d:/softwares/intelfpga_lite/18.1/nios2eds/bin/gnu/h-x86_64-mingw32/bin/../lib/gcc/nios2-elf/5.3.0/../../../../../H-x86_64-mingw32/nios2-elf/lib/mno-hw-mul\libsmallc.a(lib_a-svfprintf.o)
 .text.print_repeat
                0x0000000000064abc       0x6c d:/softwares/intelfpga_lite/18.1/nios2eds/bin/gnu/h-x86_64-mingw32/bin/../lib/gcc/nios2-elf/5.3.0/../../../../../H-x86_64-mingw32/nios2-elf/lib/mno-hw-mul\libsmallc.a(lib_a-svfprintf.o)
 .text.___svfprintf_internal_r
                0x0000000000064b28      0x52c d:/softwares/intelfpga_lite/18.1/nios2eds/bin/gnu/h-x86_64-mingw32/bin/../lib/gcc/nios2-elf/5.3.0/../../../../../H-x86_64-mingw32/nios2-elf/lib/mno-hw-mul\libsmallc.a(lib_a-svfprintf.o)
                0x0000000000064b28                ___svfprintf_internal_r
 .text.__vfprintf_internal_unused
                0x0000000000065054       0x1c d:/softwares/intelfpga_lite/18.1/nios2eds/bin/gnu/h-x86_64-mingw32/bin/../lib/gcc/nios2-elf/5.3.0/../../../../../H-x86_64-mingw32/nios2-elf/lib/mno-hw-mul\libsmallc.a(lib_a-svfprintf.o)
                0x0000000000065054                __vfprintf_internal_unused
 .text          0x0000000000065070        0x0 d:/softwares/intelfpga_lite/18.1/nios2eds/bin/gnu/h-x86_64-mingw32/bin/../lib/gcc/nios2-elf/5.3.0/../../../../../H-x86_64-mingw32/nios2-elf/lib/mno-hw-mul\libsmallc.a(lib_a-timesr.o)
 .text._times_r
                0x0000000000065070        0x8 d:/softwares/intelfpga_lite/18.1/nios2eds/bin/gnu/h-x86_64-mingw32/bin/../lib/gcc/nios2-elf/5.3.0/../../../../../H-x86_64-mingw32/nios2-elf/lib/mno-hw-mul\libsmallc.a(lib_a-timesr.o)
                0x0000000000065070                _times_r
 .text          0x0000000000065078        0x0 d:/softwares/intelfpga_lite/18.1/nios2eds/bin/gnu/h-x86_64-mingw32/bin/../lib/gcc/nios2-elf/5.3.0/../../../../../H-x86_64-mingw32/nios2-elf/lib/mno-hw-mul\libsmallc.a(lib_a-vfprintf.o)
 .text.print_repeat
                0x0000000000065078       0x6c d:/softwares/intelfpga_lite/18.1/nios2eds/bin/gnu/h-x86_64-mingw32/bin/../lib/gcc/nios2-elf/5.3.0/../../../../../H-x86_64-mingw32/nios2-elf/lib/mno-hw-mul\libsmallc.a(lib_a-vfprintf.o)
 .text.___vfprintf_internal_r
                0x00000000000650e4      0x52c d:/softwares/intelfpga_lite/18.1/nios2eds/bin/gnu/h-x86_64-mingw32/bin/../lib/gcc/nios2-elf/5.3.0/../../../../../H-x86_64-mingw32/nios2-elf/lib/mno-hw-mul\libsmallc.a(lib_a-vfprintf.o)
                0x00000000000650e4                ___vfprintf_internal_r
 .text.__vfprintf_internal
                0x0000000000065610       0x1c d:/softwares/intelfpga_lite/18.1/nios2eds/bin/gnu/h-x86_64-mingw32/bin/../lib/gcc/nios2-elf/5.3.0/../../../../../H-x86_64-mingw32/nios2-elf/lib/mno-hw-mul\libsmallc.a(lib_a-vfprintf.o)
                0x0000000000065610                __vfprintf_internal
 .text          0x000000000006562c        0x0 d:/softwares/intelfpga_lite/18.1/nios2eds/bin/gnu/h-x86_64-mingw32/bin/../lib/gcc/nios2-elf/5.3.0/../../../../../H-x86_64-mingw32/nios2-elf/lib/mno-hw-mul\libsmallc.a(lib_a-fvwrite_small_dev.o)
 .text.__sfvwrite_small_dev
                0x000000000006562c       0xb8 d:/softwares/intelfpga_lite/18.1/nios2eds/bin/gnu/h-x86_64-mingw32/bin/../lib/gcc/nios2-elf/5.3.0/../../../../../H-x86_64-mingw32/nios2-elf/lib/mno-hw-mul\libsmallc.a(lib_a-fvwrite_small_dev.o)
                0x000000000006562c                __sfvwrite_small_dev
 .text          0x00000000000656e4        0x0 d:/softwares/intelfpga_lite/18.1/nios2eds/bin/gnu/h-x86_64-mingw32/bin/../lib/gcc/nios2-elf/5.3.0/../../../../../H-x86_64-mingw32/nios2-elf/lib/mno-hw-mul\libsmallc.a(lib_a-fvwrite_small_str.o)
 .text.__sfvwrite_small_str
                0x00000000000656e4       0xa8 d:/softwares/intelfpga_lite/18.1/nios2eds/bin/gnu/h-x86_64-mingw32/bin/../lib/gcc/nios2-elf/5.3.0/../../../../../H-x86_64-mingw32/nios2-elf/lib/mno-hw-mul\libsmallc.a(lib_a-fvwrite_small_str.o)
                0x00000000000656e4                __sfvwrite_small_str
 .text          0x000000000006578c        0x0 d:/softwares/intelfpga_lite/18.1/nios2eds/bin/gnu/h-x86_64-mingw32/bin/../lib/gcc/nios2-elf/5.3.0/../../../../../H-x86_64-mingw32/nios2-elf/lib/mno-hw-mul\libsmallc.a(lib_a-int_errno.o)
 .text          0x000000000006578c        0x0 d:/softwares/intelfpga_lite/18.1/nios2eds/bin/gnu/h-x86_64-mingw32/bin/../lib/gcc/nios2-elf/5.3.0/../../../../../H-x86_64-mingw32/nios2-elf/lib/mno-hw-mul\libsmallc.a(lib_a-nano-mallocr.o)
 .text._malloc_r
                0x000000000006578c      0x158 d:/softwares/intelfpga_lite/18.1/nios2eds/bin/gnu/h-x86_64-mingw32/bin/../lib/gcc/nios2-elf/5.3.0/../../../../../H-x86_64-mingw32/nios2-elf/lib/mno-hw-mul\libsmallc.a(lib_a-nano-mallocr.o)
                0x000000000006578c                _malloc_r
 .text          0x00000000000658e4        0x0 d:/softwares/intelfpga_lite/18.1/nios2eds/bin/gnu/h-x86_64-mingw32/bin/../lib/gcc/nios2-elf/5.3.0/../../../../../H-x86_64-mingw32/nios2-elf/lib/mno-hw-mul\libsmallc.a(lib_a-sbrkr.o)
 .text._sbrk_r  0x00000000000658e4       0x50 d:/softwares/intelfpga_lite/18.1/nios2eds/bin/gnu/h-x86_64-mingw32/bin/../lib/gcc/nios2-elf/5.3.0/../../../../../H-x86_64-mingw32/nios2-elf/lib/mno-hw-mul\libsmallc.a(lib_a-sbrkr.o)
                0x00000000000658e4                _sbrk_r
 .text          0x0000000000065934        0x0 d:/softwares/intelfpga_lite/18.1/nios2eds/bin/gnu/h-x86_64-mingw32/bin/../lib/gcc/nios2-elf/5.3.0/../../../../../H-x86_64-mingw32/nios2-elf/lib/mno-hw-mul\libsmallc.a(lib_a-writer.o)
 .text._write_r
                0x0000000000065934       0x58 d:/softwares/intelfpga_lite/18.1/nios2eds/bin/gnu/h-x86_64-mingw32/bin/../lib/gcc/nios2-elf/5.3.0/../../../../../H-x86_64-mingw32/nios2-elf/lib/mno-hw-mul\libsmallc.a(lib_a-writer.o)
                0x0000000000065934                _write_r
 .text          0x000000000006598c       0x14 ../ECE385_bsp/\libhal_bsp.a(alt_exit.o)
                0x000000000006598c                _exit
 .text          0x00000000000659a0        0x8 ../ECE385_bsp/\libhal_bsp.a(alt_getpid.o)
                0x00000000000659a0                getpid
 .text          0x00000000000659a8       0x8c ../ECE385_bsp/\libhal_bsp.a(alt_iic.o)
                0x00000000000659a8                alt_ic_isr_register
                0x00000000000659ac                alt_ic_irq_enable
                0x00000000000659e4                alt_ic_irq_disable
                0x0000000000065a1c                alt_ic_irq_enabled
 .text          0x0000000000065a34       0x68 ../ECE385_bsp/\libhal_bsp.a(alt_iic_isr_register.o)
                0x0000000000065a34                alt_iic_isr_register
 .text          0x0000000000065a9c        0x0 ../ECE385_bsp/\libhal_bsp.a(alt_irq_entry.o)
 .text          0x0000000000065a9c        0x0 ../ECE385_bsp/\libhal_bsp.a(alt_irq_handler.o)
 .text          0x0000000000065a9c        0x0 ../ECE385_bsp/\libhal_bsp.a(alt_irq_vars.o)
 .text          0x0000000000065a9c       0xfc ../ECE385_bsp/\libhal_bsp.a(alt_kill.o)
                0x0000000000065a9c                kill
 .text          0x0000000000065b98       0xe0 ../ECE385_bsp/\libhal_bsp.a(alt_load.o)
                0x0000000000065b98                alt_load
 .text          0x0000000000065c78       0x50 ../ECE385_bsp/\libhal_bsp.a(alt_main.o)
                0x0000000000065c78                alt_main
 .text          0x0000000000065cc8       0x4c ../ECE385_bsp/\libhal_bsp.a(alt_sbrk.o)
                0x0000000000065cc8                sbrk
 .text          0x0000000000065d14       0x60 ../ECE385_bsp/\libhal_bsp.a(alt_times.o)
                0x0000000000065d14                times
 .text          0x0000000000065d74      0x110 ../ECE385_bsp/\libhal_bsp.a(alt_write.o)
                0x0000000000065d74                write
 .text          0x0000000000065e84       0xb8 ../ECE385_bsp/\libhal_bsp.a(alt_sys_init.o)
                0x0000000000065e84                alt_irq_init
                0x0000000000065ea4                alt_sys_init
 .text          0x0000000000065f3c       0x20 ../ECE385_bsp/\libhal_bsp.a(altera_avalon_jtag_uart_fd.o)
                0x0000000000065f3c                altera_avalon_jtag_uart_read_fd
                0x0000000000065f4c                altera_avalon_jtag_uart_write_fd
 .text          0x0000000000065f5c       0x74 ../ECE385_bsp/\libhal_bsp.a(altera_avalon_jtag_uart_read.o)
                0x0000000000065f5c                altera_avalon_jtag_uart_read
 .text          0x0000000000065fd0       0x34 ../ECE385_bsp/\libhal_bsp.a(altera_avalon_jtag_uart_write.o)
                0x0000000000065fd0                altera_avalon_jtag_uart_write
 .text          0x0000000000066004      0x79c ../ECE385_bsp/\libhal_bsp.a(altera_avalon_sgdma.o)
                0x0000000000066060                alt_avalon_sgdma_do_async_transfer
                0x00000000000660e8                alt_avalon_sgdma_do_sync_transfer
                0x000000000006616c                alt_avalon_sgdma_construct_mem_to_mem_desc_burst
                0x0000000000066294                alt_avalon_sgdma_construct_mem_to_mem_desc
                0x00000000000662cc                alt_avalon_sgdma_construct_stream_to_mem_desc_burst
                0x00000000000663a0                alt_avalon_sgdma_construct_stream_to_mem_desc
                0x00000000000663c8                alt_avalon_sgdma_register_callback
                0x00000000000663d8                alt_avalon_sgdma_start
                0x00000000000663f0                alt_avalon_sgdma_stop
                0x000000000006640c                alt_avalon_sgdma_check_descriptor_status
                0x0000000000066438                alt_avalon_sgdma_open
                0x0000000000066488                alt_avalon_sgdma_enable_desc_poll
                0x00000000000664b8                alt_avalon_sgdma_disable_desc_poll
                0x00000000000664d8                alt_avalon_sgdma_construct_descriptor_burst
                0x0000000000066638                alt_avalon_sgdma_construct_mem_to_stream_desc_burst
                0x0000000000066688                alt_avalon_sgdma_construct_mem_to_stream_desc
                0x00000000000666d4                alt_avalon_sgdma_construct_descriptor
                0x000000000006671c                alt_avalon_sgdma_init
 .text          0x00000000000667a0       0x84 ../ECE385_bsp/\libhal_bsp.a(altera_avalon_timer_sc.o)
                0x00000000000667dc                alt_avalon_timer_sc_init
 .text          0x0000000000066824       0xc0 ../ECE385_bsp/\libhal_bsp.a(alt_close.o)
                0x0000000000066824                close
 .text          0x00000000000668e4        0x4 ../ECE385_bsp/\libhal_bsp.a(alt_dcache_flush.o)
                0x00000000000668e4                alt_dcache_flush
 .text          0x00000000000668e8        0x4 ../ECE385_bsp/\libhal_bsp.a(alt_dcache_flush_all.o)
                0x00000000000668e8                alt_dcache_flush_all
 .text          0x00000000000668ec        0x8 ../ECE385_bsp/\libhal_bsp.a(alt_dev.o)
 .text          0x00000000000668f4       0x6c ../ECE385_bsp/\libhal_bsp.a(alt_dev_llist_insert.o)
                0x00000000000668f4                alt_dev_llist_insert
 .text          0x0000000000066960        0x0 ../ECE385_bsp/\libhal_bsp.a(alt_errno.o)
 .text          0x0000000000066960        0x0 ../ECE385_bsp/\libhal_bsp.a(alt_exception_entry.o)
 .text          0x0000000000066960       0x78 ../ECE385_bsp/\libhal_bsp.a(alt_find_dev.o)
                0x0000000000066960                alt_find_dev
 .text          0x00000000000669d8        0x4 ../ECE385_bsp/\libhal_bsp.a(alt_icache_flush_all.o)
                0x00000000000669d8                alt_icache_flush_all
 .text          0x00000000000669dc       0x74 ../ECE385_bsp/\libhal_bsp.a(alt_instruction_exception_entry.o)
                0x00000000000669dc                alt_exception_cause_generated_bad_addr
 .text          0x0000000000066a50      0x100 ../ECE385_bsp/\libhal_bsp.a(alt_io_redirect.o)
                0x0000000000066adc                alt_io_redirect
 .text          0x0000000000066b50      0x188 ../ECE385_bsp/\libhal_bsp.a(alt_open.o)
                0x0000000000066b50                open
 .text          0x0000000000066cd8       0x5c ../ECE385_bsp/\libhal_bsp.a(alt_release_fd.o)
                0x0000000000066cd8                alt_release_fd
 .text          0x0000000000066d34      0x128 ../ECE385_bsp/\libhal_bsp.a(alt_tick.o)
                0x0000000000066d34                alt_alarm_stop
                0x0000000000066d68                alt_tick
 .text          0x0000000000066e5c        0x8 ../ECE385_bsp/\libhal_bsp.a(altera_nios2_gen2_irq.o)
                0x0000000000066e5c                altera_nios2_gen2_irq_init
 .text          0x0000000000066e64       0xac ../ECE385_bsp/\libhal_bsp.a(alt_find_file.o)
                0x0000000000066e64                alt_find_file
 .text          0x0000000000066f10       0x88 ../ECE385_bsp/\libhal_bsp.a(alt_get_fd.o)
                0x0000000000066f10                alt_get_fd
 .text          0x0000000000066f98        0x0 d:/softwares/intelfpga_lite/18.1/nios2eds/bin/gnu/h-x86_64-mingw32/bin/../lib/gcc/nios2-elf/5.3.0/../../../../../H-x86_64-mingw32/nios2-elf/lib/mno-hw-mul\libsmallc.a(lib_a-exit.o)
 .text.exit     0x0000000000066f98       0x20 d:/softwares/intelfpga_lite/18.1/nios2eds/bin/gnu/h-x86_64-mingw32/bin/../lib/gcc/nios2-elf/5.3.0/../../../../../H-x86_64-mingw32/nios2-elf/lib/mno-hw-mul\libsmallc.a(lib_a-exit.o)
                0x0000000000066f98                exit
 .text          0x0000000000066fb8        0x0 d:/softwares/intelfpga_lite/18.1/nios2eds/bin/gnu/h-x86_64-mingw32/bin/../lib/gcc/nios2-elf/5.3.0/../../../../../H-x86_64-mingw32/nios2-elf/lib/mno-hw-mul\libsmallc.a(lib_a-__call_atexit.o)
 .text.__call_exitprocs
                0x0000000000066fb8      0x190 d:/softwares/intelfpga_lite/18.1/nios2eds/bin/gnu/h-x86_64-mingw32/bin/../lib/gcc/nios2-elf/5.3.0/../../../../../H-x86_64-mingw32/nios2-elf/lib/mno-hw-mul\libsmallc.a(lib_a-__call_atexit.o)
                0x0000000000066fb8                __call_exitprocs
 *(.gnu.warning.*)
 *(.fini)
                [!provide]                        PROVIDE (__etext, ABSOLUTE (.))
                [!provide]                        PROVIDE (_etext, ABSOLUTE (.))
                [!provide]                        PROVIDE (etext, ABSOLUTE (.))
 *(.eh_frame_hdr)
                0x0000000000067148                . = ALIGN (0x4)
                [!provide]                        PROVIDE (__preinit_array_start, ABSOLUTE (.))
 *(.preinit_array)
                [!provide]                        PROVIDE (__preinit_array_end, ABSOLUTE (.))
                [!provide]                        PROVIDE (__init_array_start, ABSOLUTE (.))
 *(.init_array)
                [!provide]                        PROVIDE (__init_array_end, ABSOLUTE (.))
                [!provide]                        PROVIDE (__fini_array_start, ABSOLUTE (.))
 *(.fini_array)
                [!provide]                        PROVIDE (__fini_array_end, ABSOLUTE (.))
 *(.eh_frame)
 *(.gcc_except_table .gcc_except_table.*)
 *(.dynamic)
                [!provide]                        PROVIDE (__CTOR_LIST__, ABSOLUTE (.))
 *(.ctors)
 *(SORT(.ctors.*))
                [!provide]                        PROVIDE (__CTOR_END__, ABSOLUTE (.))
                [!provide]                        PROVIDE (__DTOR_LIST__, ABSOLUTE (.))
 *(.dtors)
 *(SORT(.dtors.*))
                [!provide]                        PROVIDE (__DTOR_END__, ABSOLUTE (.))
 *(.jcr)
                0x0000000000067148                . = ALIGN (0x4)

.rodata         0x0000000000067148     0x388c
                0x0000000000067148                PROVIDE (__ram_rodata_start, ABSOLUTE (.))
                0x0000000000067148                . = ALIGN (0x4)
 *(.rodata .rodata.* .gnu.linkonce.r.*)
 .rodata.str1.4
                0x0000000000067148       0x4e obj/default/ethernet.o
 *fill*         0x0000000000067196        0x2 
 .rodata.str1.4
                0x0000000000067198       0x89 obj/default/gamelogic.o
 *fill*         0x0000000000067221        0x3 
 .rodata.str1.4
                0x0000000000067224      0x1eb obj/default/lwip/apps/http/http_client.o
                                        0x1ef (size before relaxing)
 *fill*         0x000000000006740f        0x1 
 .rodata.str1.4
                0x0000000000067410       0x82 obj/default/lwip/core/dns.o
                                         0xaa (size before relaxing)
 *fill*         0x0000000000067492        0x2 
 .rodata        0x0000000000067494       0x28 obj/default/lwip/core/dns.o
                0x0000000000067494                dns_mquery_v6group
                0x00000000000674a8                dns_mquery_v4group
 .rodata.str1.4
                0x00000000000674bc       0x22 obj/default/lwip/core/inet_chksum.o
                                         0x4c (size before relaxing)
 *fill*         0x00000000000674de        0x2 
 .rodata        0x00000000000674e0       0x14 obj/default/lwip/core/ip.o
                0x00000000000674e0                ip_addr_any_type
 .rodata.str1.4
                0x00000000000674f4       0x81 obj/default/lwip/core/ipv4/autoip.o
                                         0xa9 (size before relaxing)
 *fill*         0x0000000000067575        0x3 
 .rodata.str1.4
                0x0000000000067578      0x350 obj/default/lwip/core/ipv4/dhcp.o
                                        0x3a9 (size before relaxing)
 .rodata.str1.4
                0x00000000000678c8      0x1b2 obj/default/lwip/core/ipv4/etharp.o
                                        0x1ea (size before relaxing)
 *fill*         0x0000000000067a7a        0x2 
 .rodata.str1.4
                0x0000000000067a7c       0xae obj/default/lwip/core/ipv4/icmp.o
                                         0xd6 (size before relaxing)
 *fill*         0x0000000000067b2a        0x2 
 .rodata.str1.4
                0x0000000000067b2c      0x30d obj/default/lwip/core/ipv4/igmp.o
                                        0x335 (size before relaxing)
 *fill*         0x0000000000067e39        0x3 
 .rodata.str1.4
                0x0000000000067e3c       0x51 obj/default/lwip/core/ipv4/ip4.o
                                         0x79 (size before relaxing)
 *fill*         0x0000000000067e8d        0x3 
 .rodata.str1.4
                0x0000000000067e90       0x26 obj/default/lwip/core/ipv4/ip4_addr.o
                                         0x50 (size before relaxing)
 *fill*         0x0000000000067eb6        0x2 
 .rodata        0x0000000000067eb8       0x28 obj/default/lwip/core/ipv4/ip4_addr.o
                0x0000000000067eb8                ip_addr_broadcast
                0x0000000000067ecc                ip_addr_any
 .rodata.str1.4
                0x0000000000067ee0      0x197 obj/default/lwip/core/ipv4/ip4_frag.o
                                        0x1cb (size before relaxing)
 *fill*         0x0000000000068077        0x1 
 .rodata.str1.4
                0x0000000000068078       0x95 obj/default/lwip/core/ipv6/icmp6.o
                                         0xbd (size before relaxing)
 *fill*         0x000000000006810d        0x3 
 .rodata.str1.4
                0x0000000000068110       0x46 obj/default/lwip/core/ipv6/ip6.o
                                         0x7a (size before relaxing)
 *fill*         0x0000000000068156        0x2 
 .rodata        0x0000000000068158       0x14 obj/default/lwip/core/ipv6/ip6_addr.o
                0x0000000000068158                ip6_addr_any
 .rodata.str1.4
                0x000000000006816c      0x117 obj/default/lwip/core/ipv6/ip6_frag.o
                                        0x228 (size before relaxing)
 *fill*         0x0000000000068283        0x1 
 .rodata.str1.4
                0x0000000000068284       0x83 obj/default/lwip/core/ipv6/nd6.o
                                         0xc7 (size before relaxing)
 *fill*         0x0000000000068307        0x1 
 .rodata.str1.4
                0x0000000000068308      0x173 obj/default/lwip/core/mem.o
                                        0x19b (size before relaxing)
 *fill*         0x000000000006847b        0x1 
 .rodata.str1.4
                0x000000000006847c       0xa7 obj/default/lwip/core/memp.o
                                         0xcf (size before relaxing)
 *fill*         0x0000000000068523        0x1 
 .rodata        0x0000000000068524       0xf0 obj/default/lwip/core/memp.o
                0x0000000000068524                memp_pools
                0x0000000000068560                memp_PBUF_POOL
                0x000000000006856c                memp_PBUF
                0x0000000000068578                memp_MLD6_GROUP
                0x0000000000068584                memp_IP6_REASSDATA
                0x0000000000068590                memp_ND6_QUEUE
                0x000000000006859c                memp_SYS_TIMEOUT
                0x00000000000685a8                memp_IGMP_GROUP
                0x00000000000685b4                memp_ARP_QUEUE
                0x00000000000685c0                memp_FRAG_PBUF
                0x00000000000685cc                memp_REASSDATA
                0x00000000000685d8                memp_TCP_SEG
                0x00000000000685e4                memp_TCP_PCB_LISTEN
                0x00000000000685f0                memp_TCP_PCB
                0x00000000000685fc                memp_UDP_PCB
                0x0000000000068608                memp_RAW_PCB
 .rodata.str1.4
                0x0000000000068614      0x41b obj/default/lwip/core/netif.o
                                        0x453 (size before relaxing)
 *fill*         0x0000000000068a2f        0x1 
 .rodata.str1.4
                0x0000000000068a30      0x3b1 obj/default/lwip/core/pbuf.o
                                        0x3e5 (size before relaxing)
 *fill*         0x0000000000068de1        0x3 
 .rodata.str1.4
                0x0000000000068de4       0xa6 obj/default/lwip/core/raw.o
                                         0xce (size before relaxing)
 *fill*         0x0000000000068e8a        0x2 
 .rodata.str1.4
                0x0000000000068e8c      0x78e obj/default/lwip/core/tcp.o
                                        0x7c6 (size before relaxing)
 *fill*         0x000000000006961a        0x2 
 .rodata        0x000000000006961c       0x4c obj/default/lwip/core/tcp.o
                0x000000000006961c                tcp_pcb_lists
 .rodata.str1.4
                0x0000000000069668      0x3ca obj/default/lwip/core/tcp_in.o
                                        0x3f2 (size before relaxing)
 *fill*         0x0000000000069a32        0x2 
 .rodata.str1.4
                0x0000000000069a34      0x743 obj/default/lwip/core/tcp_out.o
                                        0x76b (size before relaxing)
 *fill*         0x000000000006a177        0x1 
 .rodata.str1.4
                0x000000000006a178       0x8e obj/default/lwip/core/timeouts.o
                                         0xb6 (size before relaxing)
 *fill*         0x000000000006a206        0x2 
 .rodata        0x000000000006a208       0x58 obj/default/lwip/core/timeouts.o
                0x000000000006a208                lwip_cyclic_timers
 .rodata.str1.4
                0x000000000006a260      0x2d0 obj/default/lwip/core/udp.o
                                        0x2f8 (size before relaxing)
 .rodata.str1.4
                0x000000000006a530       0x49 obj/default/lwip/netif/ethernet.o
                                         0x74 (size before relaxing)
 *fill*         0x000000000006a579        0x3 
 .rodata.str1.4
                0x000000000006a57c       0xae obj/default/main.o
 *fill*         0x000000000006a62a        0x2 
 .rodata.str1.4
                0x000000000006a62c       0x2a obj/default/main_menu.o
                                         0x52 (size before relaxing)
 *fill*         0x000000000006a656        0x2 
 .rodata.str1.4
                0x000000000006a658        0xf obj/default/memcpy_dma.o
 *fill*         0x000000000006a667        0x1 
 .rodata        0x000000000006a668       0x20 obj/default/resources/resource.o
                0x000000000006a668                planes
 .rodata.str1.4
                0x000000000006a688       0x7d obj/default/scoreboard.o
                                         0xad (size before relaxing)
 .rodata._ctype_
                0x000000000006a705      0x101 d:/softwares/intelfpga_lite/18.1/nios2eds/bin/gnu/h-x86_64-mingw32/bin/../lib/gcc/nios2-elf/5.3.0/../../../../../H-x86_64-mingw32/nios2-elf/lib/mno-hw-mul\libsmallc.a(lib_a-ctype_.o)
                0x000000000006a705                _ctype_
 .rodata._ctype_b
                0x000000000006a806      0x180 d:/softwares/intelfpga_lite/18.1/nios2eds/bin/gnu/h-x86_64-mingw32/bin/../lib/gcc/nios2-elf/5.3.0/../../../../../H-x86_64-mingw32/nios2-elf/lib/mno-hw-mul\libsmallc.a(lib_a-ctype_.o)
 .rodata.str1.4
                0x000000000006a986       0x7d d:/softwares/intelfpga_lite/18.1/nios2eds/bin/gnu/h-x86_64-mingw32/bin/../lib/gcc/nios2-elf/5.3.0/../../../../../H-x86_64-mingw32/nios2-elf/lib/mno-hw-mul\libsmallc.a(lib_a-puts.o)
                                          0x2 (size before relaxing)
 *fill*         0x000000000006a986        0x2 
 .rodata.str1.4
                0x000000000006a988       0x15 ../ECE385_bsp/\libhal_bsp.a(alt_main.o)
 *fill*         0x000000000006a99d        0x3 
 .rodata.str1.4
                0x000000000006a9a0       0x25 ../ECE385_bsp/\libhal_bsp.a(alt_sys_init.o)
                                         0x75 (size before relaxing)
 *fill*         0x000000000006a9c5        0x3 
 .rodata.str1.4
                0x000000000006a9c8        0xc ../ECE385_bsp/\libhal_bsp.a(alt_dev.o)
                                          0xa (size before relaxing)
 *(.rodata1)
                0x000000000006a9d4                . = ALIGN (0x4)
                0x000000000006a9d4                PROVIDE (__ram_rodata_end, ABSOLUTE (.))
                0x0000000000067148                PROVIDE (__flash_rodata_start, LOADADDR (.rodata))

.rwdata         0x000000000006a9d4      0x4fc load address 0x000000000006aed0
                0x000000000006a9d4                PROVIDE (__ram_rwdata_start, ABSOLUTE (.))
                0x000000000006a9d4                . = ALIGN (0x4)
 *(.got.plt)
 *(.got)
 *(.data1)
 *(.data .data.* .gnu.linkonce.d.*)
 .data          0x000000000006a9d4        0x0 ../ECE385_bsp//obj/HAL/src/crt0.o
 .data          0x000000000006a9d4        0x0 obj/default/audio.o
 .data          0x000000000006a9d4        0x0 obj/default/comm.o
 .data          0x000000000006a9d4        0x0 obj/default/ethernet.o
 .data          0x000000000006a9d4        0x0 obj/default/gamelogic.o
 .data          0x000000000006a9d4       0x20 obj/default/httpc.o
                0x000000000006a9d4                httpc_connection_settings
 .data          0x000000000006a9f4        0x0 obj/default/lwip/apps/http/http_client.o
 .data          0x000000000006a9f4        0x0 obj/default/lwip/core/altcp.o
 .data          0x000000000006a9f4        0x0 obj/default/lwip/core/altcp_alloc.o
 .data          0x000000000006a9f4        0x0 obj/default/lwip/core/altcp_tcp.o
 .data          0x000000000006a9f4        0x0 obj/default/lwip/core/def.o
 .data          0x000000000006a9f4        0x0 obj/default/lwip/core/dns.o
 .data          0x000000000006a9f4        0x0 obj/default/lwip/core/inet_chksum.o
 .data          0x000000000006a9f4        0x0 obj/default/lwip/core/init.o
 .data          0x000000000006a9f4        0x0 obj/default/lwip/core/ip.o
 .data          0x000000000006a9f4        0x0 obj/default/lwip/core/ipv4/autoip.o
 .data          0x000000000006a9f4        0x0 obj/default/lwip/core/ipv4/dhcp.o
 .data          0x000000000006a9f4        0x0 obj/default/lwip/core/ipv4/etharp.o
 .data          0x000000000006a9f4        0x0 obj/default/lwip/core/ipv4/icmp.o
 .data          0x000000000006a9f4        0x0 obj/default/lwip/core/ipv4/igmp.o
 .data          0x000000000006a9f4        0x0 obj/default/lwip/core/ipv4/ip4.o
 .data          0x000000000006a9f4        0x0 obj/default/lwip/core/ipv4/ip4_addr.o
 .data          0x000000000006a9f4        0x0 obj/default/lwip/core/ipv4/ip4_frag.o
 .data          0x000000000006a9f4        0x0 obj/default/lwip/core/ipv6/dhcp6.o
 .data          0x000000000006a9f4        0x0 obj/default/lwip/core/ipv6/ethip6.o
 .data          0x000000000006a9f4        0x0 obj/default/lwip/core/ipv6/icmp6.o
 .data          0x000000000006a9f4        0x0 obj/default/lwip/core/ipv6/inet6.o
 .data          0x000000000006a9f4        0x0 obj/default/lwip/core/ipv6/ip6.o
 .data          0x000000000006a9f4        0x0 obj/default/lwip/core/ipv6/ip6_addr.o
 .data          0x000000000006a9f4        0x0 obj/default/lwip/core/ipv6/ip6_frag.o
 .data          0x000000000006a9f4        0x0 obj/default/lwip/core/ipv6/mld6.o
 .data          0x000000000006a9f4        0x0 obj/default/lwip/core/ipv6/nd6.o
 .data          0x000000000006a9f4        0x0 obj/default/lwip/core/mem.o
 .data          0x000000000006a9f4        0x0 obj/default/lwip/core/memp.o
 .data          0x000000000006a9f4        0x0 obj/default/lwip/core/netif.o
 .data          0x000000000006a9f4        0x0 obj/default/lwip/core/pbuf.o
 .data          0x000000000006a9f4        0x0 obj/default/lwip/core/raw.o
 .data          0x000000000006a9f4        0x0 obj/default/lwip/core/stats.o
 .data          0x000000000006a9f4        0x0 obj/default/lwip/core/sys.o
 .data          0x000000000006a9f4        0x0 obj/default/lwip/core/tcp.o
 .data          0x000000000006a9f4        0x0 obj/default/lwip/core/tcp_in.o
 .data          0x000000000006a9f4        0x0 obj/default/lwip/core/tcp_out.o
 .data          0x000000000006a9f4        0x0 obj/default/lwip/core/timeouts.o
 .data          0x000000000006a9f4        0x0 obj/default/lwip/core/udp.o
 .data          0x000000000006a9f4        0x0 obj/default/lwip/netif/ethernet.o
 .data          0x000000000006a9f4        0x0 obj/default/lwip_port/compat.o
 .data          0x000000000006a9f4        0x0 obj/default/main.o
 .data          0x000000000006a9f4        0x0 obj/default/main_menu.o
 .data          0x000000000006a9f4        0x0 obj/default/memcpy_dma.o
 .data          0x000000000006a9f4        0x0 obj/default/resources/chinese.o
 .data          0x000000000006a9f4        0x0 obj/default/resources/music.o
 .data          0x000000000006a9f4       0x5c obj/default/resources/resource.o
                0x000000000006a9f4                explosion_sequence
 .data          0x000000000006aa50        0x0 obj/default/resources/sound_explosion.o
 .data          0x000000000006aa50        0x0 obj/default/resources/vga_fonts.o
 .data          0x000000000006aa50        0x0 obj/default/rng.o
 .data          0x000000000006aa50        0x0 obj/default/scoreboard.o
 .data          0x000000000006aa50       0x40 obj/default/sprites.o
                0x000000000006aa50                vga_bullets
                0x000000000006aa60                vga_planes
                0x000000000006aa70                vga_planes_sprite_data
 .data          0x000000000006aa90        0x0 obj/default/vga.o
 .data          0x000000000006aa90        0x0 d:/softwares/intelfpga_lite/18.1/nios2eds/bin/gnu/h-x86_64-mingw32/bin/../lib/gcc/nios2-elf/5.3.0/mno-hw-mul\libgcc.a(lib2-divmod.o)
 .data          0x000000000006aa90        0x0 d:/softwares/intelfpga_lite/18.1/nios2eds/bin/gnu/h-x86_64-mingw32/bin/../lib/gcc/nios2-elf/5.3.0/mno-hw-mul\libgcc.a(lib2-mul.o)
 .data          0x000000000006aa90        0x0 d:/softwares/intelfpga_lite/18.1/nios2eds/bin/gnu/h-x86_64-mingw32/bin/../lib/gcc/nios2-elf/5.3.0/../../../../../H-x86_64-mingw32/nios2-elf/lib/mno-hw-mul\libsmallc.a(lib_a-abort.o)
 .data          0x000000000006aa90        0x0 d:/softwares/intelfpga_lite/18.1/nios2eds/bin/gnu/h-x86_64-mingw32/bin/../lib/gcc/nios2-elf/5.3.0/../../../../../H-x86_64-mingw32/nios2-elf/lib/mno-hw-mul\libsmallc.a(lib_a-atoi.o)
 .data          0x000000000006aa90        0x0 d:/softwares/intelfpga_lite/18.1/nios2eds/bin/gnu/h-x86_64-mingw32/bin/../lib/gcc/nios2-elf/5.3.0/../../../../../H-x86_64-mingw32/nios2-elf/lib/mno-hw-mul\libsmallc.a(lib_a-clock.o)
 .data          0x000000000006aa90        0x0 d:/softwares/intelfpga_lite/18.1/nios2eds/bin/gnu/h-x86_64-mingw32/bin/../lib/gcc/nios2-elf/5.3.0/../../../../../H-x86_64-mingw32/nios2-elf/lib/mno-hw-mul\libsmallc.a(lib_a-ctype_.o)
 .data          0x000000000006aa90        0x0 d:/softwares/intelfpga_lite/18.1/nios2eds/bin/gnu/h-x86_64-mingw32/bin/../lib/gcc/nios2-elf/5.3.0/../../../../../H-x86_64-mingw32/nios2-elf/lib/mno-hw-mul\libsmallc.a(lib_a-impure.o)
 .data.impure_data
                0x000000000006aa90       0xe0 d:/softwares/intelfpga_lite/18.1/nios2eds/bin/gnu/h-x86_64-mingw32/bin/../lib/gcc/nios2-elf/5.3.0/../../../../../H-x86_64-mingw32/nios2-elf/lib/mno-hw-mul\libsmallc.a(lib_a-impure.o)
 .data          0x000000000006ab70        0x0 d:/softwares/intelfpga_lite/18.1/nios2eds/bin/gnu/h-x86_64-mingw32/bin/../lib/gcc/nios2-elf/5.3.0/../../../../../H-x86_64-mingw32/nios2-elf/lib/mno-hw-mul\libsmallc.a(lib_a-memcmp.o)
 .data          0x000000000006ab70        0x0 d:/softwares/intelfpga_lite/18.1/nios2eds/bin/gnu/h-x86_64-mingw32/bin/../lib/gcc/nios2-elf/5.3.0/../../../../../H-x86_64-mingw32/nios2-elf/lib/mno-hw-mul\libsmallc.a(lib_a-memcpy.o)
 .data          0x000000000006ab70        0x0 d:/softwares/intelfpga_lite/18.1/nios2eds/bin/gnu/h-x86_64-mingw32/bin/../lib/gcc/nios2-elf/5.3.0/../../../../../H-x86_64-mingw32/nios2-elf/lib/mno-hw-mul\libsmallc.a(lib_a-memmove.o)
 .data          0x000000000006ab70        0x0 d:/softwares/intelfpga_lite/18.1/nios2eds/bin/gnu/h-x86_64-mingw32/bin/../lib/gcc/nios2-elf/5.3.0/../../../../../H-x86_64-mingw32/nios2-elf/lib/mno-hw-mul\libsmallc.a(lib_a-memset.o)
 .data          0x000000000006ab70        0x0 d:/softwares/intelfpga_lite/18.1/nios2eds/bin/gnu/h-x86_64-mingw32/bin/../lib/gcc/nios2-elf/5.3.0/../../../../../H-x86_64-mingw32/nios2-elf/lib/mno-hw-mul\libsmallc.a(lib_a-printf.o)
 .data          0x000000000006ab70        0x0 d:/softwares/intelfpga_lite/18.1/nios2eds/bin/gnu/h-x86_64-mingw32/bin/../lib/gcc/nios2-elf/5.3.0/../../../../../H-x86_64-mingw32/nios2-elf/lib/mno-hw-mul\libsmallc.a(lib_a-putc.o)
 .data          0x000000000006ab70        0x0 d:/softwares/intelfpga_lite/18.1/nios2eds/bin/gnu/h-x86_64-mingw32/bin/../lib/gcc/nios2-elf/5.3.0/../../../../../H-x86_64-mingw32/nios2-elf/lib/mno-hw-mul\libsmallc.a(lib_a-puts.o)
 .data          0x000000000006ab70        0x0 d:/softwares/intelfpga_lite/18.1/nios2eds/bin/gnu/h-x86_64-mingw32/bin/../lib/gcc/nios2-elf/5.3.0/../../../../../H-x86_64-mingw32/nios2-elf/lib/mno-hw-mul\libsmallc.a(lib_a-signal.o)
 .data          0x000000000006ab70        0x0 d:/softwares/intelfpga_lite/18.1/nios2eds/bin/gnu/h-x86_64-mingw32/bin/../lib/gcc/nios2-elf/5.3.0/../../../../../H-x86_64-mingw32/nios2-elf/lib/mno-hw-mul\libsmallc.a(lib_a-signalr.o)
 .data          0x000000000006ab70        0x0 d:/softwares/intelfpga_lite/18.1/nios2eds/bin/gnu/h-x86_64-mingw32/bin/../lib/gcc/nios2-elf/5.3.0/../../../../../H-x86_64-mingw32/nios2-elf/lib/mno-hw-mul\libsmallc.a(lib_a-snprintf.o)
 .data          0x000000000006ab70        0x0 d:/softwares/intelfpga_lite/18.1/nios2eds/bin/gnu/h-x86_64-mingw32/bin/../lib/gcc/nios2-elf/5.3.0/../../../../../H-x86_64-mingw32/nios2-elf/lib/mno-hw-mul\libsmallc.a(lib_a-strcmp.o)
 .data          0x000000000006ab70        0x0 d:/softwares/intelfpga_lite/18.1/nios2eds/bin/gnu/h-x86_64-mingw32/bin/../lib/gcc/nios2-elf/5.3.0/../../../../../H-x86_64-mingw32/nios2-elf/lib/mno-hw-mul\libsmallc.a(lib_a-strlen.o)
 .data          0x000000000006ab70        0x0 d:/softwares/intelfpga_lite/18.1/nios2eds/bin/gnu/h-x86_64-mingw32/bin/../lib/gcc/nios2-elf/5.3.0/../../../../../H-x86_64-mingw32/nios2-elf/lib/mno-hw-mul\libsmallc.a(lib_a-strncmp.o)
 .data          0x000000000006ab70        0x0 d:/softwares/intelfpga_lite/18.1/nios2eds/bin/gnu/h-x86_64-mingw32/bin/../lib/gcc/nios2-elf/5.3.0/../../../../../H-x86_64-mingw32/nios2-elf/lib/mno-hw-mul\libsmallc.a(lib_a-strtol.o)
 .data          0x000000000006ab70        0x0 d:/softwares/intelfpga_lite/18.1/nios2eds/bin/gnu/h-x86_64-mingw32/bin/../lib/gcc/nios2-elf/5.3.0/../../../../../H-x86_64-mingw32/nios2-elf/lib/mno-hw-mul\libsmallc.a(lib_a-svfprintf.o)
 .data          0x000000000006ab70        0x0 d:/softwares/intelfpga_lite/18.1/nios2eds/bin/gnu/h-x86_64-mingw32/bin/../lib/gcc/nios2-elf/5.3.0/../../../../../H-x86_64-mingw32/nios2-elf/lib/mno-hw-mul\libsmallc.a(lib_a-timesr.o)
 .data          0x000000000006ab70        0x0 d:/softwares/intelfpga_lite/18.1/nios2eds/bin/gnu/h-x86_64-mingw32/bin/../lib/gcc/nios2-elf/5.3.0/../../../../../H-x86_64-mingw32/nios2-elf/lib/mno-hw-mul\libsmallc.a(lib_a-vfprintf.o)
 .data          0x000000000006ab70        0x0 d:/softwares/intelfpga_lite/18.1/nios2eds/bin/gnu/h-x86_64-mingw32/bin/../lib/gcc/nios2-elf/5.3.0/../../../../../H-x86_64-mingw32/nios2-elf/lib/mno-hw-mul\libsmallc.a(lib_a-fvwrite_small_dev.o)
 .data          0x000000000006ab70        0x0 d:/softwares/intelfpga_lite/18.1/nios2eds/bin/gnu/h-x86_64-mingw32/bin/../lib/gcc/nios2-elf/5.3.0/../../../../../H-x86_64-mingw32/nios2-elf/lib/mno-hw-mul\libsmallc.a(lib_a-fvwrite_small_str.o)
 .data          0x000000000006ab70        0x0 d:/softwares/intelfpga_lite/18.1/nios2eds/bin/gnu/h-x86_64-mingw32/bin/../lib/gcc/nios2-elf/5.3.0/../../../../../H-x86_64-mingw32/nios2-elf/lib/mno-hw-mul\libsmallc.a(lib_a-int_errno.o)
 .data          0x000000000006ab70        0x0 d:/softwares/intelfpga_lite/18.1/nios2eds/bin/gnu/h-x86_64-mingw32/bin/../lib/gcc/nios2-elf/5.3.0/../../../../../H-x86_64-mingw32/nios2-elf/lib/mno-hw-mul\libsmallc.a(lib_a-nano-mallocr.o)
 .data          0x000000000006ab70        0x0 d:/softwares/intelfpga_lite/18.1/nios2eds/bin/gnu/h-x86_64-mingw32/bin/../lib/gcc/nios2-elf/5.3.0/../../../../../H-x86_64-mingw32/nios2-elf/lib/mno-hw-mul\libsmallc.a(lib_a-sbrkr.o)
 .data          0x000000000006ab70        0x0 d:/softwares/intelfpga_lite/18.1/nios2eds/bin/gnu/h-x86_64-mingw32/bin/../lib/gcc/nios2-elf/5.3.0/../../../../../H-x86_64-mingw32/nios2-elf/lib/mno-hw-mul\libsmallc.a(lib_a-writer.o)
 .data          0x000000000006ab70        0x0 ../ECE385_bsp/\libhal_bsp.a(alt_exit.o)
 .data          0x000000000006ab70        0x0 ../ECE385_bsp/\libhal_bsp.a(alt_getpid.o)
 .data          0x000000000006ab70        0x0 ../ECE385_bsp/\libhal_bsp.a(alt_iic.o)
 .data          0x000000000006ab70        0x0 ../ECE385_bsp/\libhal_bsp.a(alt_iic_isr_register.o)
 .data          0x000000000006ab70        0x0 ../ECE385_bsp/\libhal_bsp.a(alt_irq_entry.o)
 .data          0x000000000006ab70        0x0 ../ECE385_bsp/\libhal_bsp.a(alt_irq_handler.o)
 .data          0x000000000006ab70        0x0 ../ECE385_bsp/\libhal_bsp.a(alt_irq_vars.o)
 .data          0x000000000006ab70        0x0 ../ECE385_bsp/\libhal_bsp.a(alt_kill.o)